before (every collective starts from these buffers):
  rank 0: 0 1 2 3
  rank 1: 10 11 12 13
  rank 2: 20 21 22 23
  rank 3: 30 31 32 33
broadcast from root 0:
  rank 0: 0 1 2 3
  rank 1: 0 1 2 3
  rank 2: 0 1 2 3
  rank 3: 0 1 2 3
reduce (sum) to root 0:
  rank 0: 60 64 68 72
  rank 1: 10 11 12 13
  rank 2: 20 21 22 23
  rank 3: 30 31 32 33
all-reduce (sum):
  rank 0: 60 64 68 72
  rank 1: 60 64 68 72
  rank 2: 60 64 68 72
  rank 3: 60 64 68 72
reduce-scatter (sum), one block of 1 element per rank:
  rank 0: 60
  rank 1: 64
  rank 2: 68
  rank 3: 72
all-gather (every rank contributes its 4 elements):
  rank 0: 0 1 2 3 10 11 12 13 20 21 22 23 30 31 32 33
  rank 1: 0 1 2 3 10 11 12 13 20 21 22 23 30 31 32 33
  rank 2: 0 1 2 3 10 11 12 13 20 21 22 23 30 31 32 33
  rank 3: 0 1 2 3 10 11 12 13 20 21 22 23 30 31 32 33
all-to-all (block j of rank i goes to rank j):
  rank 0: 0 10 20 30
  rank 1: 1 11 21 31
  rank 2: 2 12 22 32
  rank 3: 3 13 23 33
all-gather(reduce-scatter(x)) == all-reduce(x): yes
