MPI_Bcast from root 0:
  rank 0: 0 1 2 3
  rank 1: 0 1 2 3
  rank 2: 0 1 2 3
  rank 3: 0 1 2 3
MPI_Reduce (MPI_SUM) to root 0 (other ranks show their unchanged input):
  rank 0: 60 64 68 72
  rank 1: 10 11 12 13
  rank 2: 20 21 22 23
  rank 3: 30 31 32 33
MPI_Allreduce (MPI_SUM):
  rank 0: 60 64 68 72
  rank 1: 60 64 68 72
  rank 2: 60 64 68 72
  rank 3: 60 64 68 72
MPI_Reduce_scatter_block (MPI_SUM), 1 element per rank:
  rank 0: 60
  rank 1: 64
  rank 2: 68
  rank 3: 72
MPI_Allgather (every rank's 4 elements, in rank order):
  rank 0: 0 1 2 3 10 11 12 13 20 21 22 23 30 31 32 33
  rank 1: 0 1 2 3 10 11 12 13 20 21 22 23 30 31 32 33
  rank 2: 0 1 2 3 10 11 12 13 20 21 22 23 30 31 32 33
  rank 3: 0 1 2 3 10 11 12 13 20 21 22 23 30 31 32 33
MPI_Alltoall (block j of rank i goes to rank j):
  rank 0: 0 10 20 30
  rank 1: 1 11 21 31
  rank 2: 2 12 22 32
  rank 3: 3 13 23 33
ranks: 4; results that differ from the definitions: 0
