BdsDxe: loading Boot0001 "UEFI QEMU HARDDISK QM00001 " from PciRoot(0x0)/Pci(0x1F,0x2)/Sata(0x0,0xFFFF,0x0)
BdsDxe: starting Boot0001 "UEFI QEMU HARDDISK QM00001 " from PciRoot(0x0)/Pci(0x1F,0x2)/Sata(0x0,0xFFFF,0x0)
F3-12 tables: time-stamp counter at entry 5236259790
UEFI revision 2.7, firmware revision 0x00010000, 11 configuration-table entries
  0xee4e5898-...  at 0x000000000f4ebe98
  0x05ad34ba-...  at 0x000000000fea0080
  0x7739f24c-...  at 0x000000000f4e7018
  0x4c19049f-...  at 0x000000000fe9f9e0
  0x49152e77-...  at 0x000000000fea1d60
  0x060cc026-...  at 0x000000000f589018
  0xeb9d2d31-...  at 0x000000000f588000  SMBIOS (32-bit) entry point
  0xf2fd1544-...  at 0x000000000f586000  SMBIOS 3 entry point
  0xeb9d2d30-...  at 0x000000000f77e000  ACPI 1.0 RSDP
  0x8868e871-...  at 0x000000000f77e014  ACPI 2.0+ RSDP
  0xdcfa911d-...  at 0x000000000e763018
RSDP at 0x000000000f77e014: signature 'RSD PTR ', revision 2, OEM 'BOCHS ', checksum (first 20 bytes) ok, extended checksum (36 bytes) ok
XSDT at 0x000000000f77d0e8: XSDT  length 84  revision 1  OEM 'BOCHS '  checksum ok
  0x0f779000  FACP  length 244  revision 3  OEM 'BOCHS '  checksum ok
    DSDT at 0x0f77a000: DSDT  length 8456  revision 1  OEM 'BOCHS '  checksum ok
  0x0f778000  APIC  length 128  revision 3  OEM 'BOCHS '  checksum ok
    local APIC address 0xfee00000
    type 0 processor local APIC: processor UID 0, APIC ID 0, flags 0x00000001
    type 0 processor local APIC: processor UID 1, APIC ID 1, flags 0x00000001
    type 1 I/O APIC: ID 0, address 0xfec00000, first GSI 0
    type 2 interrupt source override: ISA IRQ 0 -> GSI 2, flags 0x0000
    type 2 interrupt source override: ISA IRQ 5 -> GSI 5, flags 0x000d
    type 2 interrupt source override: ISA IRQ 9 -> GSI 9, flags 0x000d
    type 2 interrupt source override: ISA IRQ 10 -> GSI 10, flags 0x000d
    type 2 interrupt source override: ISA IRQ 11 -> GSI 11, flags 0x000d
    type 4 (length 6)
    processors listed: 2
  0x0f777000  HPET  length 56  revision 1  OEM 'BOCHS '  checksum ok
    HPET registers at 0xfed00000
  0x0f776000  MCFG  length 60  revision 1  OEM 'BOCHS '  checksum ok
    PCI Express configuration space (ECAM) at 0xe0000000, segment 0, buses 0-255
  0x0f775000  WAET  length 40  revision 1  OEM 'BOCHS '  checksum ok
  0x0f774000  BGRT  length 56  revision 1  OEM 'INTEL '  checksum ok
FPDT (firmware performance data table): not in the XSDT
SMBIOS 3 entry point at 0x000000000f586000: anchor '_SM3_', version 3.0, checksum ok, structures at 0x0f585000, at most 389 bytes
  type 1 handle 0x0100  system manufacturer 'OS301-Lab' product 'Tables-Demo'
  type 3 handle 0x0300
  type 4 handle 0x0400  processor socket 'CPU 0'
  type 16 handle 0x1000
  type 17 handle 0x1100  memory device 'DIMM 0' size field 0x0100
  type 19 handle 0x1300
  type 32 handle 0x2000
  type 0 handle 0x0000  firmware vendor 'Ubuntu distribution of EDK II' version '2024.02-2ubuntu0.10'
  type 127 handle 0xfeff
F3-12 tables: done
