== scenario A_single_threaded: 1 thread(s), group default exclusive
  t= 100  thread 0  start  control   (released t=100, waited 0 ms)
  t= 102  thread 0  end    control
  t= 102  thread 0  start  scan      (released t=100, waited 2 ms)
  t= 105  thread 0  end    scan
  t= 105  thread 0  start  logger    (released t=100, waited 5 ms)
  t= 140  thread 0  end    logger
  t= 140  thread 0  start  control   (released t=110, waited 30 ms)
  t= 142  thread 0  end    control
  t= 142  thread 0  start  scan      (released t=120, waited 22 ms)
  callback  group  period   runs  mean wait   max wait  missed
  control   default     10     72      3.8 ms      30 ms      27
  scan      default     20     49      6.2 ms      22 ms       0
  logger    default    100      9      5.0 ms       5 ms       0
  thread 0 busy 606 of 1000 ms
== scenario B_two_threads_one_group: 2 thread(s), group default exclusive
  callback  group  period   runs  mean wait   max wait  missed
  control   default     10     72      3.8 ms      30 ms      27
  scan      default     20     49      6.2 ms      22 ms       0
  logger    default    100      9      5.0 ms       5 ms       0
  thread 0 busy 606 of 1000 ms
  thread 1 busy 0 of 1000 ms
== scenario C_two_threads_two_groups: 2 thread(s), group ctrl exclusive, group other exclusive
  t= 100  thread 0  start  control   (released t=100, waited 0 ms)
  t= 100  thread 1  start  scan      (released t=100, waited 0 ms)
  t= 102  thread 0  end    control
  t= 103  thread 1  end    scan
  t= 103  thread 0  start  logger    (released t=100, waited 3 ms)
  t= 110  thread 1  start  control   (released t=110, waited 0 ms)
  t= 112  thread 1  end    control
  t= 120  thread 1  start  control   (released t=120, waited 0 ms)
  t= 122  thread 1  end    control
  t= 130  thread 1  start  control   (released t=130, waited 0 ms)
  t= 132  thread 1  end    control
  t= 138  thread 0  end    logger
  t= 138  thread 0  start  scan      (released t=120, waited 18 ms)
  t= 140  thread 1  start  control   (released t=140, waited 0 ms)
  t= 141  thread 0  end    scan
  t= 141  thread 0  start  scan      (released t=140, waited 1 ms)
  t= 142  thread 1  end    control
  t= 144  thread 0  end    scan
  callback  group  period   runs  mean wait   max wait  missed
  control   ctrl       10     99      0.0 ms       0 ms       0
  scan      other      20     49      3.5 ms      18 ms       0
  logger    other     100      9      3.0 ms       3 ms       0
  thread 0 busy 495 of 1000 ms
  thread 1 busy 165 of 1000 ms
== scenario D_two_threads_reentrant: 2 thread(s), group all reentrant
  callback  group  period   runs  mean wait   max wait  missed
  control   all        10     99      0.0 ms       0 ms       0
  scan      all        20     49      0.4 ms       2 ms       0
  logger    all       100      9      2.0 ms       2 ms       0
  thread 0 busy 459 of 1000 ms
  thread 1 busy 201 of 1000 ms
