== scenario after_refactor: 2 thread(s), group ctrl exclusive, group other exclusive
  t= 250  thread 0  start  control   (released t=250, waited 0 ms)
  t= 252  thread 0  end    control
  t= 252  thread 0  start  map_saver (released t=250, waited 2 ms)
  t= 260  thread 1  start  scan      (released t=260, waited 0 ms)
  t= 263  thread 1  end    scan
  t= 280  thread 1  start  scan      (released t=280, waited 0 ms)
  t= 283  thread 1  end    scan
  t= 292  thread 0  end    map_saver
  t= 292  thread 0  start  control   (released t=260, waited 32 ms)
  t= 294  thread 0  end    control
  t= 300  thread 0  start  control   (released t=300, waited 0 ms)
  t= 300  thread 1  start  scan      (released t=300, waited 0 ms)
  callback  group  period   runs  mean wait   max wait  missed
  control   ctrl       10     90      1.1 ms      32 ms       9
  scan      other      20     49      3.5 ms      18 ms       0
  logger    other     100      9      3.0 ms       3 ms       0
  map_saver ctrl      250      3      2.0 ms       2 ms       0
  thread 0 busy 564 of 1000 ms
  thread 1 busy 198 of 1000 ms
