== rate-monotonic priorities (app.cc) ==
utilisation U = 0.733333, Liu-Layland bound n(2^(1/n)-1) = 0.779763
  sensor (priority 3, T = 4, C = 0.8):
    R = 8 = 8
    -> worst response 0.8 ticks, deadline 4 (met)
  control (priority 2, T = 6, C = 1.8):
    R = 18 + 1x8 = 26
    R = 18 + 1x8 = 26
    -> worst response 2.6 ticks, deadline 6 (met)
  filter (priority 1, T = 12, C = 2.8):
    R = 28 + 1x8 + 1x18 = 54
    R = 28 + 2x8 + 1x18 = 62
    R = 28 + 2x8 + 2x18 = 80
    R = 28 + 2x8 + 2x18 = 80
    -> worst response 8 ticks, deadline 12 (met)
ideal timeline, one character per quarter tick:
ticks  0-11 |AAAB|BBBB|BBCC|CCCC|AAAC|CCCC|BBBB|BBBC|AAA.|....|....|....|
ticks 12-23 |AAAB|BBBB|BBCC|CCCC|AAAC|CCCC|BBBB|BBBC|AAA.|....|....|....|
== filter first (app_v2.cc) ==
utilisation U = 0.733333, Liu-Layland bound n(2^(1/n)-1) = 0.779763
  sensor (priority 1, T = 4, C = 0.8):
    R = 8 + 1x18 + 1x28 = 54
    -> worst response 5.4 ticks, deadline 4 (MISSED)
  control (priority 2, T = 6, C = 1.8):
    R = 18 + 1x28 = 46
    R = 18 + 1x28 = 46
    -> worst response 4.6 ticks, deadline 6 (met)
  filter (priority 3, T = 12, C = 2.8):
    R = 28 = 28
    -> worst response 2.8 ticks, deadline 12 (met)
ideal timeline, one character per quarter tick:
ticks  0-11 |CCCC|CCCC|CCCB|BBBB|BBAA|AAAA|BBBB|BBBA|AAA.|....|....|....|
ticks 12-23 |CCCC|CCCC|CCCB|BBBB|BBAA|AAAA|BBBB|BBBA|AAA.|....|....|....|
