--- sumBytes32 (from the first special-register read to the first global load)
mov.u32 	%r13, %ctaid.x;
mov.u32 	%r2, %tid.x;
mad.lo.s32 	%r14, %r12, %r13, %r2;
cvt.s64.s32 	%rd2, %r14;
setp.ge.u64 	%p1, %rd2, %rd4;
mov.u32 	%r26, 0;
@%p1 bra 	$L__BB0_2;

add.s64 	%rd7, %rd1, %rd2;
ld.global.u8 	%r26, [%rd7];
--- sumBytes64 (from the first special-register read to the first global load)
mov.u32 	%r12, %ctaid.x;
mov.u32 	%r1, %ntid.x;
shl.b32 	%r13, %r1, 1;
mul.wide.u32 	%rd7, %r13, %r12;
mov.u32 	%r2, %tid.x;
cvt.u64.u32 	%rd8, %r2;
add.s64 	%rd2, %rd7, %rd8;
setp.ge.u64 	%p1, %rd2, %rd4;
mov.u32 	%r23, 0;
@%p1 bra 	$L__BB1_2;

add.s64 	%rd9, %rd1, %rd2;
ld.global.u8 	%r23, [%rd9];
