v1  stride   active  warps  mixed  passes
    1        128     8      8      1
    2        64      8      8      1
    4        32      8      8      1
    8        16      8      8      1
    16       8       8      8      1
    32       4       4      4      1
    64       2       2      2      1
    128      1       1      1      1
    warp-steps issued in the shared-memory phase: 47

v2  stride   active  warps  mixed  passes
    1        128     4      0      2
    2        64      2      0      4
    4        32      1      0      8
    8        16      1      1      8
    16       8       1      1      8
    32       4       1      1      4
    64       2       1      1      2
    128      1       1      1      1
    warp-steps issued in the shared-memory phase: 12

v3  stride   active  warps  mixed  passes
    128      128     4      0      1
    64       64      2      0      1
    32       32      1      0      1
    16       16      1      1      1
    8        8       1      1      1
    4        4       1      1      1
    2        2       1      1      1
    1        1       1      1      1
    warp-steps issued in the shared-memory phase: 12

