== E0 baseline, 900 requests/s, no fault
   window  attempts/s  amplification  success %  r0 load  r1 load  r2 load  (% of capacity)
     60 s        900           1.00     100.00      43%      43%      43%
     70 s        900           1.00     100.00      43%      43%      43%
     80 s        900           1.00     100.00      43%      43%      43%
     90 s        900           1.00     100.00      43%      43%      43%
    180 s        900           1.00     100.00      43%      43%      43%
   steady-state hypothesis: HELD

== E1 900/s: r2 killed; one retry, to another replica
   window  attempts/s  amplification  success %  r0 load  r1 load  r2 load  (% of capacity)
     60 s        900           1.00     100.00      43%      43%      43%
     70 s        990           1.10     100.00      64%      64%       0%
     80 s        900           1.00     100.00      64%      64%       0%
     90 s        900           1.00     100.00      64%      64%       0%
    180 s        900           1.00     100.00      64%      64%       0%
   steady-state hypothesis: HELD

== E2 900/s: r2 300 ms slow; up to 3 attempts, retries to any replica
   window  attempts/s  amplification  success %  r0 load  r1 load  r2 load  (% of capacity)
     60 s        900           1.00     100.00      43%      43%      43%
     70 s       1295           1.44      96.37      62%      62%      62%
     80 s       1300           1.44      96.30      62%      62%      62%
     90 s       1300           1.44      96.30      62%      62%      62%
    180 s       1300           1.44      96.30      62%      62%      62%
   steady-state hypothesis: REJECTED

== E3 900/s: r2 300 ms slow; up to 3 attempts, retries to another replica
   window  attempts/s  amplification  success %  r0 load  r1 load  r2 load  (% of capacity)
     60 s        900           1.00     100.00      43%      43%      43%
     70 s       1197           1.33     100.00      64%      64%      43%
     80 s       1200           1.33     100.00      64%      64%      43%
     90 s       1200           1.33     100.00      64%      64%      43%
    180 s       1200           1.33     100.00      64%      64%      43%
   steady-state hypothesis: HELD

== E4 1500/s: as E2 at peak traffic
   window  attempts/s  amplification  success %  r0 load  r1 load  r2 load  (% of capacity)
     60 s       1500           1.00     100.00      71%      71%      71%
     70 s       4412           2.94       3.56     210%     210%     210%
   ABORT at t = 70 s: success 3.56 % < 95 % in the last 10 s; fault removed
   steady-state hypothesis: REJECTED

== E5 1500/s: as E4 with a retry budget of 10 % of new requests
   window  attempts/s  amplification  success %  r0 load  r1 load  r2 load  (% of capacity)
     60 s       1500           1.00     100.00      71%      71%      71%
     70 s       1648           1.10      73.37      79%      79%      79%
   ABORT at t = 70 s: success 73.37 % < 95 % in the last 10 s; fault removed
   steady-state hypothesis: REJECTED

