--- the unit tests that came with the code
ok      V=12.0;I=1.5;T=30
ok      V=10.0;I=-2;T=70
ok      V=12.5
--- characterization: legacy and cleanup, same calls in the same order
input "V=11.86;I=2.25;T=41.9"
    legacy:  11.8V 2.2A 41C @7
    cleanup: 11.9V 2.2A 41C @7
input "I=0.5;T=35"
    legacy:  11.8V 0.5A 35C @7
    cleanup: 0.0V 0.5A 35C LOW @7
input "V=10.49;I=-3.0;T=25"
    legacy:  10.4V CHG 3.0A 25C LOW @7
    cleanup: 10.5V CHG 3.0A 25C LOW @7
input "V=12.6;I=0;T=60"
    legacy:  12.6V 0.0A 60C @7
    cleanup: 12.6V 0.0A 60C HOT @7
input "V=;I=1"
    legacy:  12.6V 1.0A @7
    cleanup: 0.0V 1.0A LOW @7
input "X=1;V=9.99"
    legacy:  9.9V 0.0A LOW @7
    cleanup: 10.0V 0.0A LOW @7
input ""
    legacy:  12.6V 0.0A @7
    cleanup: 0.0V 0.0A LOW @7
5 of 12 lines identical
