[  0.0 s] COMP started, sending heartbeats
[  0.9 s] COMP vehicle heartbeat: mode HOLD, disarmed
[  0.9 s] COMP mission -> COUNT 2
[  0.9 s] COMP mission -> ITEM 0
[  0.9 s] COMP mission -> ITEM 1
   897 ms  GCS  upload COMPLETE (ack result 0)
[  0.9 s] COMP GOTO 10 m north while still on the ground: DENIED
[  0.9 s] COMP SET_MODE GUIDED: accepted
[  0.9 s] COMP ARM: accepted
[  0.9 s] COMP TAKEOFF 5 m: accepted
[  1.9 s] COMP vehicle heartbeat: mode GUIDED, armed
[  2.9 s] COMP altitude 5.0 m reached
[  2.9 s] COMP SET_MODE AUTO: accepted
[  3.9 s] COMP vehicle heartbeat: mode AUTO, armed
[  4.9 s] COMP vehicle says: Reached WP1
[  4.9 s] COMP simulating a crash of my heartbeat thread
[  5.5 s] COMP vehicle says: Failsafe: companion link lost, LAND
[  5.9 s] COMP vehicle heartbeat: mode LAND, armed
[  7.5 s] COMP vehicle says: Landed, disarmed
[  7.9 s] COMP vehicle is disarmed in mode LAND, altitude 0.0 m
