# LOG A: ground-station laptop, vehicle heartbeats received (time s#seq)
# LOG B: vehicle onboard log, ground heartbeats received, by sender sys/comp
# vehicle settings: ground-station failsafe ENABLED, timeout 5.0 s, action RTL
# vehicle mode log: AUTO from 2.0 s to 50.0 s; no failsafe event recorded
sec | A: from 1/1        | B: from 255/190    | B: from 255/1
  0 | 0.30#0             | 0.10#0             | -
  1 | 1.30#6             | 1.10#1             | -
  2 | 2.30#12            | 2.10#2             | -
  3 | 3.30#18            | 3.10#3             | -
  4 | 4.30#24            | 4.10#4             | -
  5 | 5.30#30            | 5.10#5             | -
  6 | 6.30#36            | 6.10#6             | -
  7 | 7.30#42            | 7.10#7             | -
  8 | 8.30#48            | 8.10#8             | -
  9 | 9.30#54            | 9.10#9             | -
 10 | 10.30#60           | 10.10#10           | -
 11 | 11.30#66           | 11.10#11           | -
 12 | 12.30#72           | 12.10#12           | -
 13 | -                  | -                  | -
 14 | -                  | -                  | -
 15 | -                  | -                  | -
 16 | 16.30#96           | 16.10#16           | -
 17 | 17.30#102          | 17.10#17           | -
 18 | 18.30#108          | 18.10#18           | -
 19 | 19.30#114          | 19.10#19           | -
 20 | 20.30#120          | 20.10#20           | 20.75#0
 21 | 21.30#126          | 21.10#21           | 21.75#1
 22 | 22.30#132          | 22.10#22           | 22.75#2
 23 | 23.30#138          | 23.10#23           | 23.75#3
 24 | 24.30#144          | 24.10#24           | 24.75#4
 25 | 25.30#150          | 25.10#25           | 25.75#5
 26 | 26.30#156          | 26.10#26           | 26.75#6
 27 | 27.30#162          | 27.10#27           | 27.75#7
 28 | -                  | -                  | 28.75#8
 29 | -                  | -                  | 29.75#9
 30 | -                  | -                  | 30.75#10
 31 | -                  | -                  | 31.75#11
 32 | -                  | -                  | 32.75#12
 33 | -                  | -                  | 33.75#13
 34 | -                  | -                  | 34.75#14
 35 | -                  | -                  | 35.75#15
 36 | -                  | -                  | 36.75#16
 37 | 37.30#222          | 37.10#28           | 37.75#17
 38 | 38.30#228          | 38.10#29           | 38.75#18
 39 | 39.30#234          | 39.10#30           | 39.75#19
 40 | 40.30#240          | 40.10#31           | 40.75#20
 41 | 41.30#246          | 41.10#32           | 41.75#21
 42 | 42.30#252          | 42.10#33           | 42.75#22
 43 | 43.30#2            | 43.10#34           | 43.75#23
 44 | 44.30#8            | 44.10#35           | 44.75#24
 45 | 45.30#14           | 45.10#36           | 45.75#25
 46 | 46.30#20           | 46.10#37           | 46.75#26
 47 | 47.30#26           | 47.10#38           | 47.75#27
 48 | 48.30#32           | 48.10#39           | 48.75#28
 49 | 49.30#38           | 49.10#40           | 49.75#29
