F4-10 kernel: magic=0x2badb002
acpi: RSDP at 0xf52c0 revision 0, using RSDT at 0x3fe231e
vtd: DMAR length 112, host address width 39 bits, flags 0x1
vtd: DRHD flags 0x0 (INCLUDE_PCI_ALL=0) segment 0 register base 0xfed90000
vtd:   scope IOAPIC, enumeration id 0, bus 255, path 00.0
vtd:   scope PCI endpoint, enumeration id 0, bus 0, path 00.0
vtd:   scope PCI endpoint, enumeration id 0, bus 0, path 01.0
vtd:   scope PCI endpoint, enumeration id 0, bus 0, path 1f.0
vtd:   scope PCI endpoint, enumeration id 0, bus 0, path 1f.2
vtd:   scope PCI endpoint, enumeration id 0, bus 0, path 1f.3
vtd: version 1.0 CAP 0xd2008c22260206 ECAP 0xf00f4a
vtd: SAGAW 0x2 (39-bit 3-level supported), MGAW 39, domains 2^16, caching mode 0, fault records 1 at +0x220, IOTLB regs at +0xf0
vtd: 00:01.0 -> domain 1, context entry 0x0000000000000101_000000000011c001
e1000: 00:01.0 MAC 52:54:00:12:34:56, link up, 32 rx / 32 tx descriptors
vtd: root table at 0x14d000, translation enabled (GSTS 0xc0000000)
dhcp: offer 10.0.2.15 from server 10.0.2.2
dhcp: bound to 10.0.2.15, mask 255.255.255.0, router 10.0.2.2, DNS 10.0.2.3, lease 86400 s
icmp: echo reply from 10.0.2.2 seq 1: 1 ms
icmp: echo reply from 10.0.2.2 seq 2: 0 ms
icmp: echo reply from 10.0.2.2 seq 3: 0 ms
echo: listening on port 7
echo: connection closed after 65536 bytes echoed
echo: tcp: state CLOSED, snd_una 65538 snd_nxt 65538 snd_max 65538 (relative), queued 65536, rcv_nxt 193539, cwnd 53857, ssthresh 65535, peer window 65535, RTO 200 ms (NOT armed), SRTT 0 ms
echo: tcp: segments out 97 in 84, bytes out 65536 in 65536, RTO retransmits 0, fast retransmits 0, duplicate ACKs 0, segments dropped: after a gap 0, already received 0, trimmed (buffer full) 0
http: GET /index.html -> "HTTP/1.0 200 OK", 65 header bytes, 158 body bytes, body fnv1a 0xcab45e74
http: body begins: <!DOCTYPE html>
<html><head><title>DR302 test page</title></head>
<body><p>Hello, kernel. You fetched this page over your own TCP/IP stack.</p></body></html>
http: tcp: state CLOSED, snd_una 73 snd_nxt 73 snd_max 73 (relative), queued 71, rcv_nxt 192226, cwnd 2992, ssthresh 65535, peer window 65535, RTO 200 ms (NOT armed), SRTT 0 ms
http: tcp: segments out 6 in 5, bytes out 71 in 223, RTO retransmits 0, fast retransmits 0, duplicate ACKs 0, segments dropped: after a gap 0, already received 0, trimmed (buffer full) 0
http: GET /big.bin -> "HTTP/1.0 200 OK", 83 header bytes, 262144 body bytes, body fnv1a 0x4d806630
http: tcp: state CLOSED, snd_una 70 snd_nxt 70 snd_max 70 (relative), queued 68, rcv_nxt 518230, cwnd 2989, ssthresh 65535, peer window 65535, RTO 200 ms (NOT armed), SRTT 0 ms
http: tcp: segments out 193 in 184, bytes out 68 in 262227, RTO retransmits 0, fast retransmits 0, duplicate ACKs 0, segments dropped: after a gap 0, already received 0, trimmed (buffer full) 0
loss: 5 % of TCP segments dropped on transmit and on receive from now on
http: GET /big.bin -> "HTTP/1.0 200 OK", 83 header bytes, 262144 body bytes, body fnv1a 0x4d806630
http: tcp: state CLOSED, snd_una 70 snd_nxt 70 snd_max 70 (relative), queued 68, rcv_nxt 582230, cwnd 2989, ssthresh 65535, peer window 65535, RTO 200 ms (NOT armed), SRTT 0 ms
http: tcp: segments out 234 in 229, bytes out 68 in 262227, RTO retransmits 0, fast retransmits 0, duplicate ACKs 0, segments dropped: after a gap 40, already received 0, trimmed (buffer full) 0
loss: big.bin under loss matches the loss-free copy
upload: 262144 bytes queued (fnv1a 0x8c69edc5), closing
upload: sink replied: received 262144 bytes, fnv1a 0x8c69edc5
upload: tcp: state TIME-WAIT, snd_una 262146 snd_nxt 262146 snd_max 262146 (relative), queued 262144, rcv_nxt 1536043, cwnd 2920, ssthresh 9523, peer window 65535, RTO 400 ms (NOT armed), SRTT 0 ms
upload: tcp: segments out 236 in 223, bytes out 263278 in 40, RTO retransmits 2, fast retransmits 6, duplicate ACKs 107, segments dropped: after a gap 0, already received 0, trimmed (buffer full) 0
net: frames rx 755 tx 773, induced drops tx 8 rx 23, bad checksums 0, DMA through VT-d
e1000: missed packets (MPC) 0, receive-no-buffers events (RNBC) 0
F4-10 done
== host-side servers (httpd_stdio.py, sink.py) ==
host httpd: GET /index.html HTTP/1.0 -> HTTP/1.0 200 OK, 158 body bytes, fnv1a 0xcab45e74
host httpd: GET /big.bin HTTP/1.0 -> HTTP/1.0 200 OK, 262144 body bytes, fnv1a 0x4d806630
host httpd: GET /big.bin HTTP/1.0 -> HTTP/1.0 200 OK, 262144 body bytes, fnv1a 0x4d806630
host sink: received 262144 bytes, fnv1a 0x8c69edc5
== host echo client ==
host echo client: sent 65536 bytes, received 65536 bytes back in 0.0 s (wall clock), identical: True, sha256 dc1aee8867abb21f
