Ethernet type                  ours    12  glibc    12  ok
ETHERTYPE_IP                   ours  2048  glibc  2048  ok
ETHERTYPE_ARP                  ours  2054  glibc  2054  ok
ARP sender MAC                 ours     8  glibc     8  ok
ARP sender IP                  ours    14  glibc    14  ok
ARP target MAC                 ours    18  glibc    18  ok
ARP target IP                  ours    24  glibc    24  ok
IPv4 total length              ours     2  glibc     2  ok
IPv4 identification            ours     4  glibc     4  ok
IPv4 fragment field            ours     6  glibc     6  ok
IPv4 TTL                       ours     8  glibc     8  ok
IPv4 protocol                  ours     9  glibc     9  ok
IPv4 checksum                  ours    10  glibc    10  ok
IPv4 source                    ours    12  glibc    12  ok
IPv4 destination               ours    16  glibc    16  ok
IPPROTO_ICMP                   ours     1  glibc     1  ok
IPPROTO_TCP                    ours     6  glibc     6  ok
IPPROTO_UDP                    ours    17  glibc    17  ok
ICMP echo request type         ours     8  glibc     8  ok
ICMP echo reply type           ours     0  glibc     0  ok
UDP length                     ours     4  glibc     4  ok
UDP checksum                   ours     6  glibc     6  ok
TCP sequence number            ours     4  glibc     4  ok
TCP acknowledgment number      ours     8  glibc     8  ok
TCP flags byte                 ours    13  glibc    13  ok
TCP window                     ours    14  glibc    14  ok
TCP checksum                   ours    16  glibc    16  ok
TH_FIN                         ours     1  glibc     1  ok
TH_SYN                         ours     2  glibc     2  ok
TH_RST                         ours     4  glibc     4  ok
TH_PUSH                        ours     8  glibc     8  ok
TH_ACK                         ours    16  glibc    16  ok
TCPOPT_MAXSEG                  ours     2  glibc     2  ok
sizeof IPv4 header             ours    20  glibc    20  ok
sizeof TCP header              ours    20  glibc    20  ok
checksum of the sample IPv4 header: 0x2298; re-check over the filled header: 0x0000 ok
PASS: 0 mismatches
