$ g++ -std=c++20 -O1 -U_FORTIFY_SOURCE -Wall -Wextra -Werror main.o counter.o -o shop
$ ./shop
orders 101 and 102, counter now 102, calls 2
$ file shop
shop: ELF 64-bit LSB pie executable, x86-64, version 1 (SYSV), dynamically linked, interpreter /lib64/ld-linux-x86-64.so.2, BuildID[sha1]=dee7a0ca57ee50e59ef3605638eae07f35f20652, for GNU/Linux 3.2.0, not stripped
$ nm shop | grep -E ' (main|g_orders|_Z13next_order_idv|_Z12calls_so_farv|_ZL7s_calls)$'
00000000000011ab T _Z12calls_so_farv
0000000000001190 T _Z13next_order_idv
0000000000004018 b _ZL7s_calls
0000000000004010 D g_orders
0000000000001149 T main
$ objdump -d --disassemble=main shop | sed -n '/<main>:/,$p'
0000000000001149 <main>:
    1149:	f3 0f 1e fa          	endbr64
    114d:	55                   	push   %rbp
    114e:	53                   	push   %rbx
    114f:	48 83 ec 08          	sub    $0x8,%rsp
    1153:	e8 38 00 00 00       	call   1190 <_Z13next_order_idv>
    1158:	89 c3                	mov    %eax,%ebx
    115a:	e8 31 00 00 00       	call   1190 <_Z13next_order_idv>
    115f:	89 c5                	mov    %eax,%ebp
    1161:	e8 45 00 00 00       	call   11ab <_Z12calls_so_farv>
    1166:	41 89 c0             	mov    %eax,%r8d
    1169:	8b 0d a1 2e 00 00    	mov    0x2ea1(%rip),%ecx        # 4010 <g_orders>
    116f:	89 ea                	mov    %ebp,%edx
    1171:	89 de                	mov    %ebx,%esi
    1173:	48 8d 3d 8e 0e 00 00 	lea    0xe8e(%rip),%rdi        # 2008 <_IO_stdin_used+0x8>
    117a:	b8 00 00 00 00       	mov    $0x0,%eax
    117f:	e8 cc fe ff ff       	call   1050 <printf@plt>
    1184:	b8 00 00 00 00       	mov    $0x0,%eax
    1189:	48 83 c4 08          	add    $0x8,%rsp
    118d:	5b                   	pop    %rbx
    118e:	5d                   	pop    %rbp
    118f:	c3                   	ret

Disassembly of section .fini:
$ ./.reloc_check R_X86_64_PLT32 0000000000001190 -4 1154 "38 00 00 00"   # _Z13next_order_idv at main+0x000000000000000b
R_X86_64_PLT32: S = 0x1190, A = -4, P = 0x1154
  S + A - P = 56 (0x38 as a 32-bit field: 0x00000038)
  linker wrote 56 (bytes 38 00 00 00)
  fits in a signed 32-bit field: yes; match: YES
$ ./.reloc_check R_X86_64_PLT32 0000000000001190 -4 115b "31 00 00 00"   # _Z13next_order_idv at main+0x0000000000000012
R_X86_64_PLT32: S = 0x1190, A = -4, P = 0x115b
  S + A - P = 49 (0x31 as a 32-bit field: 0x00000031)
  linker wrote 49 (bytes 31 00 00 00)
  fits in a signed 32-bit field: yes; match: YES
$ ./.reloc_check R_X86_64_PLT32 00000000000011ab -4 1162 "45 00 00 00"   # _Z12calls_so_farv at main+0x0000000000000019
R_X86_64_PLT32: S = 0x11ab, A = -4, P = 0x1162
  S + A - P = 69 (0x45 as a 32-bit field: 0x00000045)
  linker wrote 69 (bytes 45 00 00 00)
  fits in a signed 32-bit field: yes; match: YES
$ ./.reloc_check R_X86_64_PC32 0000000000004010 -4 116b "a1 2e 00 00"   # g_orders at main+0x0000000000000022
R_X86_64_PC32: S = 0x4010, A = -4, P = 0x116b
  S + A - P = 11937 (0x2ea1 as a 32-bit field: 0x00002ea1)
  linker wrote 11937 (bytes a1 2e 00 00)
  fits in a signed 32-bit field: yes; match: YES
$ readelf -rW shop | grep -E 'printf|Relocation section'
Relocation section '.rela.dyn' at offset 0x550 contains 8 entries:
Relocation section '.rela.plt' at offset 0x610 contains 1 entry:
0000000000003fd0  0000000300000007 R_X86_64_JUMP_SLOT     0000000000000000 printf@GLIBC_2.2.5 + 0
