cycle reset start door | W R D F | state
    0   1     0    0   | 0 0 0 0 |   0
    1   1     0    0   | 0 0 0 0 |   0
    2   0     0    0   | 0 0 0 0 |   0
    3   0     1    0   | 1 0 0 0 |   1
    4   0     0    0   | 1 0 0 0 |   1
    5   0     0    0   | 1 0 0 0 |   1
    6   0     0    0   | 1 0 0 0 |   1
    7   0     0    0   | 1 0 0 0 |   1
    8   0     0    0   | 1 0 0 0 |   1
    9   0     0    0   | 0 1 0 0 |   2
   10   0     0    0   | 0 1 0 0 |   2
   11   0     0    0   | 0 1 0 0 |   2
   12   0     0    0   | 0 1 0 0 |   2
   13   0     0    0   | 0 0 1 0 |   3
   14   0     0    0   | 0 0 1 0 |   3
   15   0     0    0   | 0 0 1 0 |   3
   16   0     0    0   | 0 0 0 1 |   4
   17   0     0    0   | 0 0 0 1 |   4
   18   0     1    0   | 0 0 0 1 |   4
   19   0     0    0   | 0 0 0 1 |   4
   20   0     0    0   | 0 0 0 1 |   4
   21   0     0    0   | 0 0 0 1 |   4
   22   0     0    0   | 0 0 0 1 |   4
   23   0     0    1   | 0 0 0 0 |   0
   24   0     1    1   | 0 0 0 0 |   0
   25   0     0    0   | 0 0 0 0 |   0
   26   0     0    0   | 0 0 0 0 |   0
   27   0     1    0   | 1 0 0 0 |   1
   28   0     0    0   | 1 0 0 0 |   1
   29   0     0    1   | 0 0 0 0 |   5
   30   0     0    1   | 0 0 0 0 |   5
   31   0     0    0   | 1 0 0 0 |   1
   32   0     0    0   | 1 0 0 0 |   1
   33   0     0    0   | 1 0 0 0 |   1
   34   0     0    0   | 1 0 0 0 |   1
   35   0     0    1   | 0 0 0 0 |   5
   36   0     0    0   | 0 1 0 0 |   2
   37   0     0    0   | 0 1 0 0 |   2
   38   0     0    0   | 0 1 0 0 |   2
   39   0     0    0   | 0 1 0 0 |   2
   40   0     0    0   | 0 0 1 0 |   3
   41   0     0    0   | 0 0 1 0 |   3
   42   0     0    1   | 0 0 0 0 |   5
   43   0     0    0   | 0 0 1 0 |   3
   44   0     0    0   | 0 0 0 1 |   4
   45   0     0    0   | 0 0 0 1 |   4
   46   0     0    0   | 0 0 0 1 |   4
   47   0     0    1   | 0 0 0 0 |   0
   48   0     0    0   | 0 0 0 0 |   0
   49   0     0    0   | 0 0 0 0 |   0
   50   0     0    0   | 0 0 0 0 |   0
   51   0     0    0   | 0 0 0 0 |   0
   52   0     1    0   | 1 0 0 0 |   1
   53   0     0    0   | 1 0 0 0 |   1
   54   0     0    0   | 1 0 0 0 |   1
   55   0     0    0   | 1 0 0 0 |   1
   56   1     0    0   | 0 0 0 0 |   0
   57   0     0    0   | 0 0 0 0 |   0
   58   0     0    0   | 0 0 0 0 |   0
   59   0     0    0   | 0 0 0 0 |   0
   60   0     1    0   | 1 0 0 0 |   1
   61   0     0    0   | 1 0 0 0 |   1
   62   0     0    0   | 1 0 0 0 |   1
   63   0     0    0   | 1 0 0 0 |   1
   64   0     0    0   | 1 0 0 0 |   1
   65   0     0    0   | 1 0 0 0 |   1
   66   0     0    0   | 0 1 0 0 |   2
   67   0     0    0   | 0 1 0 0 |   2
   68   0     0    0   | 0 1 0 0 |   2
   69   0     0    0   | 0 1 0 0 |   2
   70   0     0    0   | 0 0 1 0 |   3
   71   0     0    0   | 0 0 1 0 |   3
   72   0     0    0   | 0 0 1 0 |   3
   73   0     0    0   | 0 0 0 1 |   4
   74   0     0    0   | 0 0 0 1 |   4
   75   0     0    0   | 0 0 0 1 |   4
   76   0     0    0   | 0 0 0 1 |   4
RESULT: PASS (77 cycles, 4 programmes, no rule broken)
