cycle reset start door | W R D F | state
    0   1     0    0   | 0 0 0 0 |   0
    1   1     0    0   | 0 0 0 0 |   0
    2   0     0    0   | 0 0 0 0 |   0
    3   0     1    0   | 0 0 0 0 |   0   <-- start accepted but wash lamp off
    4   0     0    0   | 0 0 0 0 |   0   <-- no lamp on while running with the door closed
    5   0     0    0   | 0 0 0 0 |   0   <-- no lamp on while running with the door closed
    6   0     0    0   | 0 0 0 0 |   0   <-- no lamp on while running with the door closed
    7   0     0    0   | 0 0 0 0 |   0   <-- no lamp on while running with the door closed
    8   0     0    0   | 0 0 0 0 |   0   <-- no lamp on while running with the door closed
    9   0     0    0   | 0 0 0 0 |   0   <-- no lamp on while running with the door closed
   10   0     0    0   | 0 0 0 0 |   0   <-- no lamp on while running with the door closed
   11   0     0    0   | 0 0 0 0 |   0   <-- no lamp on while running with the door closed
   12   0     0    0   | 0 0 0 0 |   0   <-- no lamp on while running with the door closed
   13   0     0    0   | 0 0 0 0 |   0   <-- no lamp on while running with the door closed
   14   0     0    0   | 0 0 0 0 |   0   <-- no lamp on while running with the door closed
   15   0     0    0   | 0 0 0 0 |   0   <-- no lamp on while running with the door closed
   16   0     0    0   | 0 0 0 0 |   0   <-- no lamp on while running with the door closed
   17   0     0    0   | 0 0 0 0 |   0   <-- no lamp on while running with the door closed
   18   0     1    0   | 0 0 0 0 |   0   <-- no lamp on while running with the door closed
   19   0     0    0   | 0 0 0 0 |   0   <-- no lamp on while running with the door closed
   20   0     0    0   | 0 0 0 0 |   0   <-- no lamp on while running with the door closed
   21   0     0    0   | 0 0 0 0 |   0   <-- no lamp on while running with the door closed
   22   0     0    0   | 0 0 0 0 |   0   <-- no lamp on while running with the door closed
   23   0     0    1   | 0 0 0 0 |   0
   24   0     1    1   | 0 0 0 0 |   0
   25   0     0    0   | 0 0 0 0 |   0   <-- no lamp on while running with the door closed
   26   0     0    0   | 0 0 0 0 |   0   <-- no lamp on while running with the door closed
   27   0     1    0   | 0 0 0 0 |   0   <-- no lamp on while running with the door closed
   28   0     0    0   | 0 0 0 0 |   0   <-- no lamp on while running with the door closed
   29   0     0    1   | 0 0 0 0 |   0
   30   0     0    1   | 0 0 0 0 |   0
   31   0     0    0   | 0 0 0 0 |   0   <-- no lamp on while running with the door closed
   32   0     0    0   | 0 0 0 0 |   0   <-- no lamp on while running with the door closed
   33   0     0    0   | 0 0 0 0 |   0   <-- no lamp on while running with the door closed
   34   0     0    0   | 0 0 0 0 |   0   <-- no lamp on while running with the door closed
   35   0     0    1   | 0 0 0 0 |   0
   36   0     0    0   | 0 0 0 0 |   0   <-- no lamp on while running with the door closed
   37   0     0    0   | 0 0 0 0 |   0   <-- no lamp on while running with the door closed
   38   0     0    0   | 0 0 0 0 |   0   <-- no lamp on while running with the door closed
   39   0     0    0   | 0 0 0 0 |   0   <-- no lamp on while running with the door closed
   40   0     0    0   | 0 0 0 0 |   0   <-- no lamp on while running with the door closed
   41   0     0    0   | 0 0 0 0 |   0   <-- no lamp on while running with the door closed
   42   0     0    1   | 0 0 0 0 |   0
   43   0     0    0   | 0 0 0 0 |   0   <-- no lamp on while running with the door closed
   44   0     0    0   | 0 0 0 0 |   0   <-- no lamp on while running with the door closed
   45   0     0    0   | 0 0 0 0 |   0   <-- no lamp on while running with the door closed
   46   0     0    0   | 0 0 0 0 |   0   <-- no lamp on while running with the door closed
   47   0     0    1   | 0 0 0 0 |   0
   48   0     0    0   | 0 0 0 0 |   0   <-- no lamp on while running with the door closed
   49   0     0    0   | 0 0 0 0 |   0   <-- no lamp on while running with the door closed
   50   0     0    0   | 0 0 0 0 |   0   <-- no lamp on while running with the door closed
   51   0     0    0   | 0 0 0 0 |   0   <-- no lamp on while running with the door closed
   52   0     1    0   | 0 0 0 0 |   0   <-- no lamp on while running with the door closed
   53   0     0    0   | 0 0 0 0 |   0   <-- no lamp on while running with the door closed
   54   0     0    0   | 0 0 0 0 |   0   <-- no lamp on while running with the door closed
   55   0     0    0   | 0 0 0 0 |   0   <-- no lamp on while running with the door closed
   56   1     0    0   | 0 0 0 0 |   0
   57   0     0    0   | 0 0 0 0 |   0
   58   0     0    0   | 0 0 0 0 |   0
   59   0     0    0   | 0 0 0 0 |   0
   60   0     1    0   | 0 0 0 0 |   0   <-- start accepted but wash lamp off
   61   0     0    0   | 0 0 0 0 |   0   <-- no lamp on while running with the door closed
   62   0     0    0   | 0 0 0 0 |   0   <-- no lamp on while running with the door closed
   63   0     0    0   | 0 0 0 0 |   0   <-- no lamp on while running with the door closed
   64   0     0    0   | 0 0 0 0 |   0   <-- no lamp on while running with the door closed
   65   0     0    0   | 0 0 0 0 |   0   <-- no lamp on while running with the door closed
   66   0     0    0   | 0 0 0 0 |   0   <-- no lamp on while running with the door closed
   67   0     0    0   | 0 0 0 0 |   0   <-- no lamp on while running with the door closed
   68   0     0    0   | 0 0 0 0 |   0   <-- no lamp on while running with the door closed
   69   0     0    0   | 0 0 0 0 |   0   <-- no lamp on while running with the door closed
   70   0     0    0   | 0 0 0 0 |   0   <-- no lamp on while running with the door closed
   71   0     0    0   | 0 0 0 0 |   0   <-- no lamp on while running with the door closed
   72   0     0    0   | 0 0 0 0 |   0   <-- no lamp on while running with the door closed
   73   0     0    0   | 0 0 0 0 |   0   <-- no lamp on while running with the door closed
   74   0     0    0   | 0 0 0 0 |   0   <-- no lamp on while running with the door closed
   75   0     0    0   | 0 0 0 0 |   0   <-- no lamp on while running with the door closed
   76   0     0    0   | 0 0 0 0 |   0   <-- no lamp on while running with the door closed
programmes started: 2 (expected 4)
RESULT: FAIL (64 rule violations)
