
3. Printing statistics.

=== dishwasher ===

   Number of wires:                 69
   Number of wire bits:             77
   Number of public wires:          12
   Number of public wire bits:      20
   Number of memories:               0
   Number of memory bits:            0
   Number of processes:              0
   Number of cells:                 73
     $_ANDNOT_                      23
     $_AND_                          4
     $_MUX_                          5
     $_NAND_                         2
     $_NOT_                          7
     $_ORNOT_                        8
     $_OR_                          10
     $_SDFFE_PP0P_                   8
     $_SDFFE_PP1P_                   1
     $_XNOR_                         1
     $_XOR_                          4

