HW201 exam key checks (all values are exercise values)
F2: NOR SR latch, 1 unit per gate; start Q=0 Qn=1; S=1 at t=10, S=0 at t=14, R=1 at t=20, R=0 at t=24
  t= 9  S=0 R=0 | Q=0 Qn=1
  t=10  S=1 R=0 | Q=0 Qn=1
  t=11  S=1 R=0 | Q=0 Qn=0
  t=12  S=1 R=0 | Q=1 Qn=0
  t=13  S=1 R=0 | Q=1 Qn=0
  t=14  S=0 R=0 | Q=1 Qn=0
  t=15  S=0 R=0 | Q=1 Qn=0
  t=16  S=0 R=0 | Q=1 Qn=0
  t=17  S=0 R=0 | Q=1 Qn=0
  t=18  S=0 R=0 | Q=1 Qn=0
  t=19  S=0 R=0 | Q=1 Qn=0
  t=20  S=0 R=1 | Q=1 Qn=0
  t=21  S=0 R=1 | Q=0 Qn=0
  t=22  S=0 R=1 | Q=0 Qn=1
  t=23  S=0 R=1 | Q=0 Qn=1
  t=24  S=0 R=0 | Q=0 Qn=1
  t=25  S=0 R=0 | Q=0 Qn=1
  t=26  S=0 R=0 | Q=0 Qn=1
  t=27  S=0 R=0 | Q=0 Qn=1
F4a: shift register from 0000, bits 1,0,0,1,1: 0001 0010 0100 1001 0011
F4b: 5-bit counter from 30, enabled, 3 edges: 31 0 1
F7a: 125 MHz -> period 8.000 ns; 2.5 ns -> 400.0 MHz
F7b: path needs 7.3 ns -> fmax 137.0 MHz
F7c: at 125 MHz, T = 8.000 ns, slack = +0.700 ns (works)
F7c: at 150 MHz, T = 6.667 ns, slack = -0.633 ns (fails)
F7d: 125 MHz clock, a pulse every 2 us: 250 cycles -> count 0 to 249
F9: 101 detector on 1,0,1,1,0,1,0,1; found after bits: 3 6 8
F11: 11 states -> binary 4 flip-flops (16 codes, 5 illegal), one-hot 11
F11: 6 states -> binary 3 flip-flops (8 codes, 2 illegal), one-hot 6
F11: 7 states -> binary 3 flip-flops (8 codes, 1 illegal), one-hot 7
F12a: keep 0.92: 0.92^8 = 0.513, 0.92^9 = 0.472 -> longest safe gap 8 ticks
F12b: round-robin over 8 rows (gap 8): safe; over 16 rows (gap 16): rows lost
F12c: a 1 after 20 ticks without refresh holds 0.189 (reads as 0)
F13c: 12 address bits, 8-bit words: 4096 words, 32768 bits
F16a: XOR of a and b (c, d unused): config = 0x6666
F16b: NOR of all four inputs: config = 0x0001
F16c: bit 2 of count + 1 (count = d c b a): config = 0x7878
F16d: a 5-input LUT needs 32 configuration bits; a 6-input LUT 64
F15a: a <= b; b <= a; from a=3 b=9 gives a=9 b=3
F15a: a = b; b = a; from a=3 b=9 gives a=9 b=9
F15b: program_counter (WIDTH 8): reset; load 250 with inc; inc x5; hold; reset+load+inc -> 0 250 251 252 253 254 255 255 0
F17: DIV = 4 -> ticks counts 0..3 -> 2 bits (instead of 32)
F17: DIV = 50000000 -> ticks counts 0..49999999 -> 26 bits (instead of 32)
P: start sampled at edge 3 -> wash cycles 3..8, rinse 9..12, dry 13..15, done from 16
P: timer counts 0..5 -> 3 bits; 6 states -> 3 bits; resume register 3 bits -> 9 flip-flops
