
3. Printing statistics.

=== pc_branch ===

   Number of wires:                 67
   Number of wire bits:             88
   Number of public wires:           8
   Number of public wire bits:      29
   Number of memories:               0
   Number of memory bits:            0
   Number of processes:              0
   Number of cells:                 67
     $_ANDNOT_                      12
     $_AND_                          5
     $_MUX_                          8
     $_NAND_                         7
     $_NOR_                          5
     $_NOT_                          1
     $_OR_                           6
     $_SDFFE_PP0P_                   8
     $_XNOR_                         8
     $_XOR_                          7

