cycle in last3 found
    0  0   110    0
    1  1   101    0
    2  0   010    1   <- 010
    3  1   101    0
    4  0   010    0   <-- expected 1
    5  0   100    0
    6  1   001    0
    7  0   010    1   <- 010
    8  1   101    0
    9  0   010    0   <-- expected 1
   10  0   100    0
   11  1   001    0
   12  0   010    1   <- 010
   13  1   101    0
   14  0   010    0   <-- expected 1
   15  1   101    0
   16  1   011    0
   17  0   110    0
   18  1   101    0
   19  0   010    1   <- 010
   20  0   100    0
   21  1   001    0
   22  0   010    0   <-- expected 1
   23  0   100    0
RESULT: FAIL (4 mismatches)
