BdsDxe: loading Boot0001 "UEFI QEMU HARDDISK QM00001 " from PciRoot(0x0)/Pci(0x1F,0x2)/Sata(0x0,0xFFFF,0x0)
BdsDxe: starting Boot0001 "UEFI QEMU HARDDISK QM00001 " from PciRoot(0x0)/Pci(0x1F,0x2)/Sata(0x0,0xFFFF,0x0)
F5-29 kcs: start
SMBIOS type 38: interface type 1 (KCS), IPMI version 2.0, BMC address 0x20, base 0x00000ca3 (I/O space)
KCS data port 0x0ca2, status port 0x0ca3, status now 0x00
Get Device ID (netfn App 0x06, cmd 0x01)
  request : 0x18 0x01
  response: 0x1c 0x01 0x00 0x20 0x00 0x03 0x14 0x02 0x07 0x34 0x12 0x00 0x78 0x56
  netfn 0x07 cmd 0x01 completion code 0x00 (ok)
  device ID 0x20, firmware 3.0x14, IPMI 2.0, manufacturer 0x001234, product 0x5678
Get Self Test Results (netfn App 0x06, cmd 0x04)
  request : 0x18 0x04
  response: 0x1c 0x04 0xc1
  netfn 0x07 cmd 0x04 completion code 0xc1 (error)
Get Chassis Status (netfn Chassis 0x00, cmd 0x01)
  request : 0x00 0x01
  response: 0x04 0x01 0x00 0x61 0x00 0x00 0x00
  netfn 0x01 cmd 0x01 completion code 0x00 (ok)
  system power: on
Get SEL Info (netfn Storage 0x0a, cmd 0x40)
  request : 0x28 0x40
  response: 0x2c 0x40 0x00 0x51 0x00 0x00 0x00 0x08 0xff 0xff 0xff 0xff 0xff 0xff 0xff 0xff 0x02
  netfn 0x0b cmd 0x40 completion code 0x00 (ok)
  SEL entries 0, free bytes 2048
Add SEL Entry (netfn Storage 0x0a, cmd 0x44)
  request : 0x28 0x44 0x00 0x00 0x02 0x00 0x00 0x00 0x00 0x41 0x00 0x04 0x01 0x30 0x01 0x09 0xff 0xff
  response: 0x2c 0x44 0x00 0x00 0x00
  netfn 0x0b cmd 0x44 completion code 0x00 (ok)
  stored as record ID 0x0000
Get SEL Entry (netfn Storage 0x0a, cmd 0x43)
  request : 0x28 0x43 0x00 0x00 0x00 0x00 0x00 0xff
  response: 0x2c 0x43 0x00 0xff 0xff 0x00 0x00 0x02 0xae 0x71 0xc9 0x6a 0x41 0x00 0x04 0x01 0x30 0x01 0x09 0xff 0xff
  netfn 0x0b cmd 0x43 completion code 0x00 (ok)
  record 0x0000 type 0x02 time stamp 1791586734 sensor type 0x01 sensor 0x30
Get SEL Info again
  request : 0x28 0x40
  response: 0x2c 0x40 0x00 0x51 0x01 0x00 0xf0 0x07 0xae 0x71 0xc9 0x6a 0xff 0xff 0xff 0xff 0x02
  netfn 0x0b cmd 0x40 completion code 0x00 (ok)
F5-29 kcs: asking the BMC to power the system down
Chassis Control (netfn Chassis 0x00, cmd 0x02, data 0x00 = power down)
  request : 0x00 0x02 0x00
