GET /redfish/v1
  { "@odata.id": "/redfish/v1",
    "RedfishVersion": "(model)",
    "Links": [{"@odata.id": "/redfish/v1/Systems"}, {"@odata.id": "/redfish/v1/Chassis"}] }
GET /redfish/v1/Systems
  { "@odata.id": "/redfish/v1/Systems",
    "Name": "Computer System Collection",
    "Members": [{"@odata.id": "/redfish/v1/Systems/1"}] }
GET /redfish/v1/Chassis
  { "@odata.id": "/redfish/v1/Chassis",
    "Name": "Chassis Collection",
    "Members": [{"@odata.id": "/redfish/v1/Chassis/1"}] }
GET /redfish/v1/Systems/1
  { "@odata.id": "/redfish/v1/Systems/1",
    "Manufacturer": "DS304-Lab",
    "PowerState": "On",
    "SerialNumber": "R07-0001",
    "Actions": [{"@odata.id": "/redfish/v1/Systems/1/Actions/ComputerSystem.Reset"}] }
GET /redfish/v1/Chassis/1
  { "@odata.id": "/redfish/v1/Chassis/1",
    "ChassisType": "RackMount",
    "Links": [{"@odata.id": "/redfish/v1/Chassis/1/Thermal"}] }
GET /redfish/v1/Chassis/1/Thermal
  { "@odata.id": "/redfish/v1/Chassis/1/Thermal",
    "CPU1 Temp": {"ReadingCelsius": 48},
    "Fan1": {"Reading": 5200} }
discovered 6 resources from one known address

POST /redfish/v1/Systems/1/Actions/ComputerSystem.Reset  {"ResetType": "ForceOff"}
  204 accepted
GET /redfish/v1/Systems/1
  { "@odata.id": "/redfish/v1/Systems/1",
    "Manufacturer": "DS304-Lab",
    "PowerState": "Off",
    "SerialNumber": "R07-0001",
    "Actions": [{"@odata.id": "/redfish/v1/Systems/1/Actions/ComputerSystem.Reset"}] }
POST /redfish/v1/Systems/1/Actions/ComputerSystem.Reset  {"ResetType": "PowerCycleTwice"}
  400 bad request: unknown ResetType
POST /redfish/v1/Systems/1/Actions/ComputerSystem.Reset  {"ResetType": "On"}
  204 accepted

service log:
  reset ForceOff -> PowerState "Off"
  reset On -> PowerState "On"
