--------------------------------------------------------------------------
The user requested CUDA support with the --mca mpi_cuda_support 1 flag
but the library was not compiled with any support.
--------------------------------------------------------------------------
[vm:14471] *** Process received signal ***
[vm:14471] Signal: Segmentation fault (11)
[vm:14471] Signal code: Address not mapped (1)
[vm:14471] Failing at address: (nil)
[vm:14471] [ 0] /lib/x86_64-linux-gnu/libc.so.6(+0x45330)[0x7f1047045330]
[vm:14471] *** End of error message ***
--------------------------------------------------------------------------
Primary job  terminated normally, but 1 process returned
a non-zero exit code. Per user-direction, the job has been aborted.
--------------------------------------------------------------------------
--------------------------------------------------------------------------
The user requested CUDA support with the --mca mpi_cuda_support 1 flag
but the library was not compiled with any support.
--------------------------------------------------------------------------
[vm:14472] *** Process received signal ***
[vm:14472] Signal: Segmentation fault (11)
[vm:14472] Signal code: Address not mapped (1)
[vm:14472] Failing at address: (nil)
[vm:14472] [ 0] /lib/x86_64-linux-gnu/libc.so.6(+0x45330)[0x7f03a2445330]
[vm:14472] *** End of error message ***
--------------------------------------------------------------------------
mpirun noticed that process rank 0 with PID 0 on node vm exited on signal 11 (Segmentation fault).
--------------------------------------------------------------------------
