## ompi_info --parsable --all | grep cuda_support:value
mca:opal:base:param:opal_built_with_cuda_support:value:false
mca:opal:base:param:opal_cuda_support:value:false
mca:mpi:base:param:mpi_cuda_support:value:false
mca:mpi:base:param:mpi_built_with_cuda_support:value:false
## ompi_info --parsable --all | grep 'opal_built_with_cuda_support:help'
mca:opal:base:param:opal_built_with_cuda_support:help:Whether CUDA GPU buffer support is built into library or not
## configure options of this build that start with --with or --enable
--enable-ipv6
--enable-mpi-cxx
--enable-mpi-java
--enable-opal-btl-usnic-unit-tests
--with-devel-headers
--with-hwloc
--with-jdk-dir
--with-libevent
--with-libfabric
--with-package-string
--with-pmix
--with-psm
--with-psm2
--with-sge
--with-slurm
--with-ucx
--with-verbs
--without-tm
## UCX transport modules installed (ls /usr/lib/x86_64-linux-gnu/ucx/, *.so.0 only)
libuct_cma.so.0
libuct_ib.so.0
libuct_rdmacm.so.0
libucx_perftest_rocm.so.0
