test: hover test, club field, start 2026-09-27T16:00, firmware v1.4, config c7d2
id   cat    item                                                           state      age
D1   doc    authority rules read; answers recorded                         ok     37800 m
D2   doc    land-owner permission letter on file                           ok     37800 m
D3   doc    safety case checked, 0 findings                                ok     10440 m
Y1   day    failsafe matrix passed on firmware v1.4                        ok      1140 m
Y2   day    bench: props off, RC off -> RTL shown                          ok      1130 m
Y3   day    battery charged per maker's instructions; cell check logged    ok       420 m
P1   field  exclusion zone marked; spectators briefed                      ok        20 m
P2   field  props tight; frame and wiring inspected                        ok        15 m
P3   field  pre-arm checks clear (compass, GNSS, RC, battery)              ok      4200 m
P4   field  geofence and home set; RTL height above obstacles              ok        10 m
P5   field  kill switch tested; abort call agreed                          ok         5 m
     limit wind_gust          measured   5.0, max   6.0 m/s  (source: course vehicle sheet: operating limits)

NO-GO
  - Y1: checked 1140 min before start; limit for 'day' items is 720 min
  - Y2: checked 1130 min before start; limit for 'day' items is 720 min
  - P3: checked 4200 min before start; limit for 'field' items is 60 min
  - P5: nobody signed this item
  - vehicle reports firmware v1.5 config 91be, the record was prepared for v1.4 c7d2
  - pilot and observer are the same person
