  t_rx[s]  stamp[s]  range[mm]  cmd[mm/s]  wheel[mm/s]
    0.00      0.00       3002       1000            0
    0.10      0.00       3002       1000          200
    0.20      0.00       3002       1000          400
    0.30      0.00       3002       1000          600
    0.40      0.00       3002       1000          800
    0.50      0.05       2999       1000         1000
    0.60      0.15       2978       1000         1000
    0.70      0.25       2935       1000         1000
    0.80      0.35       2871       1000         1000
    0.90      0.45       2794       1000         1000
    1.00      0.55       2696       1000         1000
    1.10      0.65       2594       1000         1000
    1.20      0.75       2496       1000         1000
    1.30      0.85       2395       1000         1000
    1.40      0.95       2298       1000         1000
    1.50      1.05       2193       1000         1000
    1.60      1.15       2094       1000         1000
    1.70      1.25       1994       1000         1000
    1.80      1.35       1895       1000         1000
    1.90      1.45       1797       1000         1000
    2.00      1.55       1697       1000         1000
    2.10      1.65       1595       1000         1000
    2.20      1.75       1497       1000         1000
    2.30      1.85       1394       1000         1000
    2.40      1.95       1296       1000         1000
    2.50      2.05       1194       1000         1000
    2.60      2.15       1094       1000         1000
    2.70      2.25        996        991         1000
    2.80      2.35        898        795          891
    2.90      2.45        792        585          695
    3.00      2.55        698        396          495
    3.10      2.65        596        191          296
    3.20      2.75        494          0           96
    3.25      2.80        447          0            0
after the stop, tape measure from sensor to shelf: 253 mm
