latency  noise  start   min distance  result
    0 ms    0 mm  2.0 m      0.500 m    pass
    0 ms    0 mm  4.0 m      0.500 m    pass
    0 ms   20 mm  2.0 m      0.482 m    pass
    0 ms   20 mm  4.0 m      0.482 m    pass
  100 ms    0 mm  2.0 m      0.500 m    pass
  100 ms    0 mm  4.0 m      0.500 m    pass
  100 ms   20 mm  2.0 m      0.482 m    pass
  100 ms   20 mm  4.0 m      0.482 m    pass
  200 ms    0 mm  2.0 m      0.486 m    pass
  200 ms    0 mm  4.0 m      0.486 m    pass
  200 ms   20 mm  2.0 m      0.478 m    pass
  200 ms   20 mm  4.0 m      0.477 m    pass
  300 ms    0 mm  2.0 m      0.403 m    pass
  300 ms    0 mm  4.0 m      0.403 m    pass
  300 ms   20 mm  2.0 m      0.392 m    pass
  300 ms   20 mm  4.0 m      0.389 m    pass
  400 ms    0 mm  2.0 m      0.305 m    FAIL
  400 ms    0 mm  4.0 m      0.305 m    FAIL
  400 ms   20 mm  2.0 m      0.294 m    FAIL
  400 ms   20 mm  4.0 m      0.289 m    FAIL
  500 ms    0 mm  2.0 m      0.205 m    FAIL
  500 ms    0 mm  4.0 m      0.205 m    FAIL
  500 ms   20 mm  2.0 m      0.194 m    FAIL
  500 ms   20 mm  4.0 m      0.189 m    FAIL
8 of 24 scenarios fail
