TUNING REPORT  gains Kp 6.0, Ki 1.5, Kd 4.5
  S1 overshoot         2.6 %   limit 5 %     PASS
  S2 settling time    2.40 s   limit 3.0 s   PASS
  S3 final error       1.3 mm  limit 2 mm    PASS
  S4 peak asked       6.01 N   limit 10 N    PASS

RAW LOG (position every 0.1 s, from t = 1.5 s)
  t (s)   x (m)
    1.5  0.7700
    1.6  0.8090
    1.7  0.8437
    1.8  0.8745
    1.9  0.9015
    2.0  0.9250
    2.1  0.9452
    2.2  0.9624
    2.3  0.9769
    2.4  0.9890
    2.5  0.9988
    2.6  1.0068
    2.7  1.0130
    2.8  1.0178
    2.9  1.0214
    3.0  1.0238
    3.1  1.0254
    3.2  1.0262
    3.3  1.0265
    3.4  1.0262
    3.5  1.0256
    3.6  1.0246
    3.7  1.0235
    3.8  1.0222
    3.9  1.0208
    4.0  1.0193
    4.1  1.0179
    4.2  1.0164
    4.3  1.0150
    4.4  1.0137
    4.5  1.0124
