  t (s)   exp 2 (PD)   exp 3 (PID, Ki=4)   exp 7 (PID, Ki=1.75)
    0.0        0.000               0.000                  0.000
    0.2        0.055               0.057                  0.055
    0.4        0.179               0.196                  0.180
    0.6        0.328               0.374                  0.331
    0.8        0.471               0.561                  0.482
    1.0        0.595               0.736                  0.618
    1.2        0.691               0.888                  0.732
    1.4        0.761               1.009                  0.823
    1.6        0.807               1.100                  0.891
    1.8        0.833               1.160                  0.940
    2.0        0.846               1.195                  0.974
    2.2        0.849               1.209                  0.996
    2.4        0.846               1.206                  1.009
    2.6        0.840               1.192                  1.016
    2.8        0.834               1.171                  1.019
    3.0        0.827               1.147                  1.019
    3.2        0.822               1.121                  1.018
    3.4        0.818               1.096                  1.016
    3.6        0.815               1.074                  1.013
    3.8        0.813               1.054                  1.011
    4.0        0.812               1.038                  1.009
    4.2        0.811               1.025                  1.007
    4.4        0.811               1.016                  1.006
    4.6        0.811               1.009                  1.005
    4.8        0.811               1.004                  1.004
    5.0        0.812               1.001                  1.004
    5.2        0.812               0.999                  1.003
    5.4        0.812               0.998                  1.003
    5.6        0.812               0.998                  1.003
    5.8        0.812               0.999                  1.003
