0000  MOV R1, c[0x0][0x28]
0010  MOV R0, c[0x0][0x168]
0020  ULDC.64 UR4, c[0x0][0x118]
0030  MOV R2, c[0x0][0x160]
0040  ISETP.GE.AND P0, PT, R0, 0x1, PT
0050  MOV R3, c[0x0][0x164]
0060  LDG.E R5, [R2.64]
0070  @!P0 BRA 0x450
0080  IADD3 R4, R0.reuse, -0x1, RZ
0090  LOP3.LUT R0, R0, 0x3, RZ, 0xc0, !PT
00a0  ISETP.GE.U32.AND P0, PT, R4, 0x3, PT
00b0  @!P0 BRA 0x3e0
00c0  IADD3 R6, -R0, c[0x0][0x168], RZ
00d0  ISETP.GT.AND P0, PT, R6, RZ, PT
00e0  @!P0 BRA 0x360
00f0  ISETP.GT.AND P1, PT, R6, 0xc, PT
0100  PLOP3.LUT P0, PT, PT, PT, PT, 0x80, 0x0
0110  @!P1 BRA 0x270
0120  HFMA2.MMA R4, -RZ, RZ, 1.8740234375, -1.6162109375
0130  PLOP3.LUT P0, PT, PT, PT, PT, 0x8, 0x0
0140  FFMA R5, R5, R4, 0.0010000000474974513054
0150  IADD3 R6, R6, -0x10, RZ
0160  FFMA R5, R5, R4, 0.0010000000474974513054
0170  ISETP.GT.AND P1, PT, R6, 0xc, PT
0180  FFMA R5, R5, R4, 0.0010000000474974513054
0190  FFMA R5, R5, R4, 0.0010000000474974513054
01a0  FFMA R5, R5, R4, 0.0010000000474974513054
01b0  FFMA R5, R5, R4, 0.0010000000474974513054
01c0  FFMA R5, R5, R4, 0.0010000000474974513054
01d0  FFMA R5, R5, R4, 0.0010000000474974513054
01e0  FFMA R5, R5, R4, 0.0010000000474974513054
01f0  FFMA R5, R5, R4, 0.0010000000474974513054
0200  FFMA R5, R5, R4, 0.0010000000474974513054
0210  FFMA R5, R5, R4, 0.0010000000474974513054
0220  FFMA R5, R5, R4, 0.0010000000474974513054
0230  FFMA R5, R5, R4, 0.0010000000474974513054
0240  FFMA R5, R5, R4, 0.0010000000474974513054
0250  FFMA R5, R5, R4, 0.0010000000474974513054
0260  @P1 BRA 0x140
0270  ISETP.GT.AND P1, PT, R6, 0x4, PT
0280  @!P1 BRA 0x340
0290  MOV R4, 0x3f7fbe77
02a0  PLOP3.LUT P0, PT, PT, PT, PT, 0x8, 0x0
02b0  IADD3 R6, R6, -0x8, RZ
02c0  FFMA R5, R5, R4, 0.0010000000474974513054
02d0  FFMA R5, R5, R4, 0.0010000000474974513054
02e0  FFMA R5, R5, R4, 0.0010000000474974513054
02f0  FFMA R5, R5, R4, 0.0010000000474974513054
0300  FFMA R5, R5, R4, 0.0010000000474974513054
0310  FFMA R5, R5, R4, 0.0010000000474974513054
0320  FFMA R5, R5, R4, 0.0010000000474974513054
0330  FFMA R5, R5, R4, 0.0010000000474974513054
0340  ISETP.NE.OR P0, PT, R6, RZ, P0
0350  @!P0 BRA 0x3e0
0360  HFMA2.MMA R4, -RZ, RZ, 1.8740234375, -1.6162109375
0370  IADD3 R6, R6, -0x4, RZ
0380  FFMA R5, R5, R4, 0.0010000000474974513054
0390  ISETP.NE.AND P0, PT, R6, RZ, PT
03a0  FFMA R5, R5, R4, 0.0010000000474974513054
03b0  FFMA R5, R5, R4, 0.0010000000474974513054
03c0  FFMA R5, R5, R4, 0.0010000000474974513054
03d0  @P0 BRA 0x370
03e0  ISETP.NE.AND P0, PT, R0, RZ, PT
03f0  @!P0 BRA 0x450
0400  MOV R4, 0x3f7fbe77
0410  IADD3 R0, R0, -0x1, RZ
0420  FFMA R5, R5, R4, 0.0010000000474974513054
0430  ISETP.NE.AND P0, PT, R0, RZ, PT
0440  @P0 BRA 0x410
0450  STG.E [R2.64], R5
0460  EXIT
0470  BRA 0x470
