
OpenSBI v1.3

Platform Name             : riscv-virtio,qemu
Platform Features         : medeleg
Platform HART Count       : 1
Platform IPI Device       : aclint-mswi
Platform Timer Device     : aclint-mtimer @ 10000000Hz
Platform Console Device   : uart8250
Platform HSM Device       : ---
Platform PMU Device       : ---
Platform Reboot Device    : sifive_test
Platform Shutdown Device  : sifive_test
Platform Suspend Device   : ---
Platform CPPC Device      : ---
Firmware Base             : 0x80000000
Firmware Size             : 322 KB
Firmware RW Offset        : 0x40000
Firmware RW Size          : 66 KB
Firmware Heap Offset      : 0x48000
Firmware Heap Size        : 34 KB (total), 2 KB (reserved), 9 KB (used), 22 KB (free)
Firmware Scratch Size     : 4096 B (total), 760 B (used), 3336 B (free)
Runtime SBI Version       : 1.0

Domain0 Name              : root
Domain0 Boot HART         : 0
Domain0 HARTs             : 0*
Domain0 Region00          : 0x0000000002000000-0x000000000200ffff M: (I,R,W) S/U: ()
Domain0 Region01          : 0x0000000080040000-0x000000008005ffff M: (R,W) S/U: ()
Domain0 Region02          : 0x0000000080000000-0x000000008003ffff M: (R,X) S/U: ()
Domain0 Region03          : 0x0000000000000000-0xffffffffffffffff M: (R,W,X) S/U: (R,W,X)
Domain0 Next Address      : 0x0000000080200000
Domain0 Next Arg1         : 0x000000008fe00000
Domain0 Next Mode         : S-mode
Domain0 SysReset          : yes
Domain0 SysSuspend        : yes

Boot HART ID              : 0
Boot HART Domain          : root
Boot HART Priv Version    : v1.12
Boot HART Base ISA        : rv64imafdch
Boot HART ISA Extensions  : time,sstc
Boot HART PMP Count       : 16
Boot HART PMP Granularity : 4
Boot HART PMP Address Bits: 54
Boot HART MHPM Count      : 16
Boot HART MIDELEG         : 0x0000000000001666
Boot HART MEDELEG         : 0x0000000000f0b509
BR-06 entry probe on riscv64 (QEMU virt)
  privilege at entry: S-mode  (reading the machine CSR misa trapped)
  a0 (hart ID)            = 0x0000000000000000
  a1 (devicetree address) = 0x000000008fe00000
  scause of that trap     = 0x0000000000000002
  hardware description: devicetree
  DTB magic, explicit big-endian read: 0xd00dfeed
  DTB magic, native-order read:        0xedfe0dd0
  core code reads the local APIC version register at 0xfee00030 ...
  EXCEPTION: load access fault (cause 5)
    cause 0x0000000000000005  address 0x00000000fee00030  pc 0x00000000802003cc
probe stopped by an exception
