Platform checklist (curriculum 9.1), filled from this lab's runs
row 1 CPU: privilege at entry
    x86-64 q35    entered at ring 0
    aarch64 virt  entered at EL1
    riscv64 virt  entered at S-mode
row 2 firmware handoff
    x86-64 q35    eax=0x2badb002, ebx=0x9500; no DTB
    aarch64 virt  x0=0x48000000; DTB
    riscv64 virt  a0=0x0, a1=0x8fe00000; DTB
row 3 memory map (RAM)
    x86-64 q35    0x0-0x9ffff, 0x100000-0xfffffff
    aarch64 virt  0x40000000-0x4fffffff
    riscv64 virt  0x80000000-0x8fffffff
row 4 interrupt controller
    x86-64 q35    ioapic 0xfec00000, apic-msi 0xfee00000
    aarch64 virt  gicv3_dist 0x8000000, gicv3_redist_region[0] 0x80a0000
    riscv64 virt  riscv.aclint.swi 0x2000000, riscv.sifive.plic 0xc000000
row 5 timer devices in the map
    x86-64 q35    hpet 0xfed00000, pit 0x40
    aarch64 virt  none in the map
    riscv64 virt  riscv.aclint.mtimer 0x2004000
row 6 console
    x86-64 q35    port I/O serial 0x3f8
    aarch64 virt  pl011 0x9000000
    riscv64 virt  serial 0x10000000
row 7 storage
    x86-64 q35    PCI: SATA controller
    aarch64 virt  32 virtio-mmio slots from 0xa000000; PCIe config space at 0x4010000000
    riscv64 virt  8 virtio-mmio slots from 0x10001000; PCIe config space at 0x30000000
row 8 SMP
    x86-64 q35    4 CPUs present; start-up method: not in the map (documents)
    aarch64 virt  4 CPUs present; start-up method: not in the map (documents)
    riscv64 virt  4 CPUs present; start-up method: not in the map (documents)
row 9 other devices in the map
    x86-64 q35    -
    aarch64 virt  pl031, pl061
    riscv64 virt  goldfish_rtc, riscv.sifive.test
