===== x86-64 (g++ -O2)
0000000000000000 <publish_relaxed(int)>:
   0:	endbr64
   4:	mov    %edi,0x0(%rip)
   a:	movl   $0x1,0x0(%rip)
  14:	ret
0000000000000020 <publish_release(int)>:
  20:	endbr64
  24:	mov    %edi,0x0(%rip)
  2a:	movl   $0x1,0x0(%rip)
  34:	ret
0000000000000040 <consume_acquire()>:
  40:	endbr64
  48:	mov    0x0(%rip),%eax
  4e:	test   %eax,%eax
  50:	je     48 <consume_acquire()+0x8>
  52:	mov    0x0(%rip),%eax
  58:	ret
0000000000000060 <store_then_load_seq_cst()>:
  60:	endbr64
  64:	mov    $0x1,%eax
  69:	xchg   %eax,0x0(%rip)
  6f:	mov    0x0(%rip),%eax
  75:	ret
0000000000000080 <store_with_runtime_order(int, std::memory_order)>:
  80:	endbr64
  84:	xchg   %edi,0x0(%rip)
  8a:	ret
===== aarch64 (aarch64-linux-gnu-g++ -O2)
0000000000000000 <publish_relaxed(int)>:
   0:	adrp	x1, 0 <publish_relaxed(int)>
   4:	add	x1, x1, #0x0
   8:	str	w0, [x1]
   c:	add	x1, x1, #0x8
  10:	mov	w0, #0x1
  14:	str	w0, [x1]
  18:	ret
0000000000000020 <publish_release(int)>:
  20:	adrp	x1, 0 <publish_relaxed(int)>
  24:	add	x1, x1, #0x0
  28:	str	w0, [x1]
  2c:	add	x1, x1, #0x8
  30:	mov	w0, #0x1
  34:	stlr	w0, [x1]
  38:	ret
0000000000000040 <consume_acquire()>:
  40:	adrp	x2, 0 <publish_relaxed(int)>
  44:	add	x2, x2, #0x0
  48:	add	x1, x2, #0x8
  50:	ldar	w0, [x1]
  54:	cbz	w0, 50 <consume_acquire()+0x10>
  58:	ldr	w0, [x2]
  5c:	ret
0000000000000060 <store_then_load_seq_cst()>:
  60:	adrp	x0, 0 <publish_relaxed(int)>
  64:	add	x0, x0, #0x0
  68:	mov	w1, #0x1
  6c:	stlr	w1, [x0]
  70:	add	x0, x0, #0x8
  74:	ldar	w0, [x0]
  78:	ret
0000000000000080 <store_with_runtime_order(int, std::memory_order)>:
  80:	adrp	x1, 0 <publish_relaxed(int)>
  84:	add	x1, x1, #0x0
  88:	stlr	w0, [x1]
  8c:	ret
===== riscv64 (riscv64-linux-gnu-g++ -O2)
0000000000000000 <publish_relaxed(int)>:
   0:	auipc	a5,0x0
   4:	mv	a5,a5
   8:	sw	a0,0(a5)
   a:	li	a4,1
   c:	addi	a5,a5,8
   e:	sw	a4,0(a5)
  10:	ret
0000000000000012 <publish_release(int)>:
  12:	auipc	a5,0x0
  16:	mv	a5,a5
  1a:	sw	a0,0(a5)
  1c:	li	a4,1
  1e:	addi	a5,a5,8
  20:	fence	rw,w
  24:	sw	a4,0(a5)
  26:	ret
0000000000000028 <consume_acquire()>:
  28:	auipc	a4,0x0
  2c:	mv	a4,a4
0000000000000030 <.L5>:
  30:	addi	a5,a4,8
  34:	lw	a5,0(a5)
  36:	fence	r,rw
  3a:	sext.w	a5,a5
  3c:	beqz	a5,30 <.L5>
  3e:	lw	a0,0(a4)
  40:	sext.w	a0,a0
  42:	ret
0000000000000044 <store_then_load_seq_cst()>:
  44:	auipc	a5,0x0
  48:	mv	a5,a5
  4c:	li	a4,1
  4e:	fence	rw,w
  52:	sw	a4,0(a5)
  54:	fence	rw,rw
  58:	addi	a5,a5,8
  5a:	fence	rw,rw
  5e:	lw	a0,0(a5)
  60:	fence	r,rw
  64:	sext.w	a0,a0
  66:	ret
0000000000000068 <store_with_runtime_order(int, std::memory_order)>:
  68:	auipc	a5,0x0
  6c:	mv	a5,a5
  70:	fence	rw,w
  74:	sw	a0,0(a5)
  76:	fence	rw,rw
  7a:	ret
