== the volume: mke2fs -q -t ext2 -b 4096 -N 512 vol.img (8 MiB); dumpe2fs -h vol.img, four lines
Filesystem magic number:  0xEF53
Inode count:              512
Block count:              2048
Block size:               4096
== od -A d -t x1 -N 64 superblock.bin (bytes 1024..1087 of vol.img)
0000000 00 02 00 00 00 08 00 00 66 00 00 00 d6 07 00 00
0000016 f5 01 00 00 00 00 00 00 02 00 00 00 02 00 00 00
0000032 00 80 00 00 00 80 00 00 00 02 00 00 00 00 00 00
0000048 2e ad c9 6a 00 00 ff ff 53 ef 01 00 01 00 00 00
0000064
== diskcheck, built from the same source for four CPUs, given the same 1024 bytes
diskcheck on x86_64
  superblock: magic 0xef53  blocks 2048  inodes 512  s_log_block_size 2
  -> ext2, block size 4096, ok to mount
  (exit code 0)
diskcheck on aarch64
  superblock: magic 0xef53  blocks 2048  inodes 512  s_log_block_size 2
  -> ext2, block size 4096, ok to mount
  (exit code 0)
diskcheck on riscv64
  superblock: magic 0xef53  blocks 2048  inodes 512  s_log_block_size 2
  -> ext2, block size 4096, ok to mount
  (exit code 0)
diskcheck on s390x
  superblock: magic 0x53ef  blocks 524288  inodes 131072  s_log_block_size 33554432
  -> not an ext2 volume, refusing to mount
  (exit code 1)
