logged every 0.1 s (logger samples at 100 Hz; 1 row in 10 shown)
   t s  motor cmd      motor A   sensor V
   0.0        0.0         0.00     1.0029
   0.1        0.0         0.00     0.9972
   0.2        0.0         0.00     0.9989
   0.3        0.0         0.00     1.0001
   0.4        0.0         0.00     1.0034
   0.5        0.0         0.00     0.9968
   0.6        0.0         0.00     1.0018
   0.7        0.0         0.00     0.9971
   0.8        0.0         0.00     1.0012
   0.9        0.0         0.00     0.9976
   1.0        0.5         1.38     1.0685
   1.1        0.5         1.53     1.0767
   1.2        0.5         1.54     1.0759
   1.3        0.5         1.22     1.0582
   1.4        0.5         1.56     1.0807
   1.5        0.5         1.29     1.0623
   1.6        0.5         1.80     1.0920
   1.7        0.5         1.45     1.0727
   1.8        0.5         1.49     1.0712
   1.9        0.5         1.50     1.0753
   2.0        1.0         3.12     1.1538
   2.1        1.0         2.92     1.1490
   2.2        1.0         2.95     1.1470
   2.3        1.0         3.17     1.1591
   2.4        1.0         2.93     1.1443
   2.5        1.0         3.06     1.1542
   2.6        1.0         3.06     1.1535
   2.7        1.0         2.98     1.1470
   2.8        1.0         2.77     1.1394
   2.9        1.0         2.99     1.1483
   3.0        0.0         0.00     1.0003
   3.1        0.0         0.00     0.9995
   3.2        0.0         0.00     0.9977
   3.3        0.0         0.00     1.0038
   3.4        0.0         0.00     0.9993
   3.5        0.0         0.00     0.9989
   3.6        0.0         0.00     1.0009
   3.7        0.0         0.00     1.0033
   3.8        0.0         0.00     0.9992
   3.9        0.0         0.00     1.0000
note: the robot stood still against a wall 0.40 m away for the whole log
