scan excerpt, beams -40..+40 deg (angle, reported range m):
   -40   1.556
   -35   1.743
   -30   2.000
   -25   2.366
   -20   2.924
   -15   3.864
   -10   5.759
    -5   0.000
    +0   0.000
    +5   0.000
   +10   5.759
   +15   3.864
   +20   2.924
   +25   2.366
   +30   2.000
   +35   1.743
   +40   1.556

safety check: points closer than 0.5 m within +-30 deg ahead
  beam  -7 deg: point at (0.00, -0.00) m, 0.00 m away
  beam  -6 deg: point at (0.00, -0.00) m, 0.00 m away
  beam  -5 deg: point at (0.00, -0.00) m, 0.00 m away
  beam  -4 deg: point at (0.00, -0.00) m, 0.00 m away
  15 beams flagged -> decision: STOP
