every 30th beam (angle deg, range m, x m, y m):
    0   4.005   6.005   1.500
   30   4.614   5.996   3.807
   60   2.894   3.447   4.006
   90   2.499   2.000   3.999
  120   2.884   0.558   3.998
  150   2.302   0.007   2.651
  180   1.994   0.006   1.500
  210   2.316  -0.006   0.342
  240   1.724   1.138   0.007
  270   1.490   2.000   0.010
  300   1.732   2.866   0.000
  330   3.007   4.604  -0.003

text map of the 360 points (0.2 m per character, y up):
  ###############################
  #.............................#
  #..............................
  #..............................
  #..............................
  #..............................
  #..............................
  #...................#..........
  #...................#..........
  #...................#.........#
  #...................####......#
  #.............................#
  #.........S...................#
  #.............................#
  #.............................#
  #.............................#
  #.............................#
  #.............................#
  #.............................#
  #.............................#
  ###############################
