10^0 = 1
10^1 = 10
10^2 = 100
10^3 = 1000
10^4 = 10000
10^5 = 100000
10^6 = 1000000
2^3 = 8; 2^4 = 16; 2^5 = 32; 2 x 5 = 10
2^8 = 256; 2^10 = 1024; 2^10 - 10^3 = 24
2^16 = 65536; 2^20 = 1048576; 2^30 = 1073741824
10^6 = 1000000; 2^20 - 10^6 = 48576
5 folds: 32 layers; 7 folds: 128 layers
halvings from 1024 to 1: 10
2^3 x 2^2 = 32 = 2^5 = 32
10^2 x 10^3 = 100000 = 10^5
4,000,000 = 4 x 10^6 = 4000000
1000 jobs, teams of 256 = 2^8: 4 teams, 1024 helpers
1024 jobs, teams of 256: 4 teams
2^7 = 128; 2^9 = 512; 2^12 = 4096
3 switches: 8 patterns; 4 switches: 16 patterns
2^0 = 1; 10^0 = 1
256 / 2 / 2 / 2 = 32
halving 1024: 1024 512 256 128 64 32 16 8 4 2 1
24 / 1000 as percent = 2.4 %; 1000 helpers of 1024 idle = 24
10 x 10 x 10 = 1000; 2 x 2 x 2 x 2 x 2 = 32
6 switches: 64 patterns; 2^4 x 2^3 = 128 = 2^7
halvings from 256 to 1: 8; 100 x 1000 = 100000; 16 x 8 = 128
1024 jobs, teams of 256: helpers 1024, idle 0
