small: N 64, d 16, tiles 16x16, pad 0, causal 0, guard 1
  max |naive - tiled| = 4.1e-08 over non-NaN outputs; NaN outputs: 0
  tiled: rows with non-finite l: 0; rows of all zeros: 0
  floats moved: naive 11264 read + 9216 written; tiled 9216 read + 1024 written
odd_sizes: N 100, d 24, tiles 32x16, pad 0, causal 0, guard 1
  max |naive - tiled| = 1.79e-07 over non-NaN outputs; NaN outputs: 0
  tiled: rows with non-finite l: 0; rows of all zeros: 0
  floats moved: naive 27200 read + 22400 written; tiled 21600 read + 2400 written
causal: N 128, d 32, tiles 32x32, pad 0, causal 1, guard 1
  max |naive - tiled| = 5.96e-08 over non-NaN outputs; NaN outputs: 0
  tiled: rows with non-finite l: 0; rows of all zeros: 0
  floats moved: naive 45056 read + 36864 written; tiled 36864 read + 4096 written
padded: N 128, d 32, tiles 32x32, pad 10, causal 0, guard 1
  max |naive - tiled| = 2.98e-08 over non-NaN outputs; NaN outputs: 0
  tiled: rows with non-finite l: 0; rows of all zeros: 0
  floats moved: naive 45056 read + 36864 written; tiled 36864 read + 4096 written
long: N 512, d 64, tiles 64x64, pad 0, causal 0, guard 1
  max |naive - tiled| = 1.04e-07 over non-NaN outputs; NaN outputs: 0
  tiled: rows with non-finite l: 0; rows of all zeros: 0
  floats moved: naive 622592 read + 557056 written; tiled 557056 read + 32768 written
