=================================================================
==21575==ERROR: AddressSanitizer: stack-use-after-return on address 0x7f93f2b00080 at pc 0x55622fd5791c bp 0x7f93f19fea30 sp 0x7f93f19fea20
READ of size 8 at 0x7f93f2b00080 thread T1
first table: main finished
    #0 0x55622fd5791b in __gnu_cxx::__normal_iterator<int const*, std::vector<int, std::allocator<int> > >::__normal_iterator(int const* const&) /usr/include/c++/13/bits/stl_iterator.h:1077
    #1 0x55622fd567c1 in std::vector<int, std::allocator<int> >::begin() const /usr/include/c++/13/bits/stl_vector.h:884
    #2 0x55622fd556c1 in std::vector<int, std::allocator<int> >::front() const /usr/include/c++/13/bits/stl_vector.h:1224
    #3 0x55622fd528a0 in printLater(std::vector<int, std::allocator<int> > const&) dangling.cpp:11
    #4 0x55622fd59e5d in void std::__invoke_impl<void, void (*)(std::vector<int, std::allocator<int> > const&), std::reference_wrapper<std::vector<int, std::allocator<int> > const> >(std::__invoke_other, void (*&&)(std::vector<int, std::allocator<int> > const&), std::reference_wrapper<std::vector<int, std::allocator<int> > const>&&) /usr/include/c++/13/bits/invoke.h:61
    #5 0x55622fd59cdc in std::__invoke_result<void (*)(std::vector<int, std::allocator<int> > const&), std::reference_wrapper<std::vector<int, std::allocator<int> > const> >::type std::__invoke<void (*)(std::vector<int, std::allocator<int> > const&), std::reference_wrapper<std::vector<int, std::allocator<int> > const> >(void (*&&)(std::vector<int, std::allocator<int> > const&), std::reference_wrapper<std::vector<int, std::allocator<int> > const>&&) /usr/include/c++/13/bits/invoke.h:96
    #6 0x55622fd59a73 in void std::thread::_Invoker<std::tuple<void (*)(std::vector<int, std::allocator<int> > const&), std::reference_wrapper<std::vector<int, std::allocator<int> > const> > >::_M_invoke<0ul, 1ul>(std::_Index_tuple<0ul, 1ul>) /usr/include/c++/13/bits/std_thread.h:292
    #7 0x55622fd598ef in std::thread::_Invoker<std::tuple<void (*)(std::vector<int, std::allocator<int> > const&), std::reference_wrapper<std::vector<int, std::allocator<int> > const> > >::operator()() /usr/include/c++/13/bits/std_thread.h:299
    #8 0x55622fd598a3 in std::thread::_State_impl<std::thread::_Invoker<std::tuple<void (*)(std::vector<int, std::allocator<int> > const&), std::reference_wrapper<std::vector<int, std::allocator<int> > const> > > >::_M_run() /usr/include/c++/13/bits/std_thread.h:244
    #9 0x7f93f56ecdb3  (/lib/x86_64-linux-gnu/libstdc++.so.6+0xecdb3) (BuildId: 753c6c8608b61d4e67be8f0c890e03e0aa046b8b)
    #10 0x7f93f5a5ea41 in asan_thread_start ../../../../src/libsanitizer/asan/asan_interceptors.cpp:234
    #11 0x7f93f4a9cb83 in start_thread nptl/pthread_create.c:447
    #12 0x7f93f4b29ecb in clone3 ../sysdeps/unix/sysv/linux/x86_64/clone3.S:78

Address 0x7f93f2b00080 is located in stack of thread T0 at offset 128 in frame
    #0 0x55622fd52a9a in startPrinter() dangling.cpp:15

  This frame has 5 object(s):
    [48, 49) '<unknown>'
    [64, 72) 'printer' (line 17)
    [96, 104) '<unknown>'
    [128, 152) 'tables' (line 16) <== Memory access at offset 128 is inside this variable
    [192, 204) '<unknown>'
HINT: this may be a false positive if your program uses some custom stack unwind mechanism, swapcontext or vfork
      (longjmp and C++ exceptions *are* supported)
SUMMARY: AddressSanitizer: stack-use-after-return /usr/include/c++/13/bits/stl_iterator.h:1077 in __gnu_cxx::__normal_iterator<int const*, std::vector<int, std::allocator<int> > >::__normal_iterator(int const* const&)
Shadow bytes around the buggy address:
  0x7f93f2affe00: 00 00 00 00 00 00 00 00 00 00 00 00 00 00 00 00
  0x7f93f2affe80: 00 00 00 00 00 00 00 00 00 00 00 00 00 00 00 00
  0x7f93f2afff00: 00 00 00 00 00 00 00 00 00 00 00 00 00 00 00 00
  0x7f93f2afff80: 00 00 00 00 00 00 00 00 00 00 00 00 00 00 00 00
  0x7f93f2b00000: f5 f5 f5 f5 f5 f5 f5 f5 f5 f5 f5 f5 f5 f5 f5 f5
=>0x7f93f2b00080:[f5]f5 f5 f5 f5 f5 f5 f5 f5 f5 f5 f5 00 00 00 00
  0x7f93f2b00100: f5 f5 f5 f5 f5 f5 f5 f5 f5 f5 f5 f5 f5 f5 f5 f5
  0x7f93f2b00180: f5 f5 f5 f5 f5 f5 f5 f5 00 00 00 00 00 00 00 00
  0x7f93f2b00200: f5 f5 f5 f5 f5 f5 f5 f5 f5 f5 f5 f5 f5 f5 f5 f5
  0x7f93f2b00280: f5 f5 f5 f5 00 00 00 00 00 00 00 00 00 00 00 00
  0x7f93f2b00300: 00 00 00 00 00 00 00 00 00 00 00 00 00 00 00 00
Shadow byte legend (one shadow byte represents 8 application bytes):
  Addressable:           00
  Partially addressable: 01 02 03 04 05 06 07 
  Heap left redzone:       fa
  Freed heap region:       fd
  Stack left redzone:      f1
  Stack mid redzone:       f2
  Stack right redzone:     f3
  Stack after return:      f5
  Stack use after scope:   f8
  Global redzone:          f9
  Global init order:       f6
  Poisoned by user:        f7
  Container overflow:      fc
  Array cookie:            ac
  Intra object redzone:    bb
  ASan internal:           fe
  Left alloca redzone:     ca
  Right alloca redzone:    cb
Thread T1 created by T0 here:
    #0 0x7f93f5af51f9 in pthread_create ../../../../src/libsanitizer/asan/asan_interceptors.cpp:245
    #1 0x7f93f56eceb0 in std::thread::_M_start_thread(std::unique_ptr<std::thread::_State, std::default_delete<std::thread::_State> >, void (*)()) (/lib/x86_64-linux-gnu/libstdc++.so.6+0xeceb0) (BuildId: 753c6c8608b61d4e67be8f0c890e03e0aa046b8b)
    #2 0x55622fd55f37 in std::thread::thread<void (&)(std::vector<int, std::allocator<int> > const&), std::reference_wrapper<std::vector<int, std::allocator<int> > const>, void>(void (&)(std::vector<int, std::allocator<int> > const&), std::reference_wrapper<std::vector<int, std::allocator<int> > const>&&) /usr/include/c++/13/bits/std_thread.h:164
    #3 0x55622fd52d23 in startPrinter() dangling.cpp:17
    #4 0x55622fd52ee3 in main dangling.cpp:23
    #5 0x7f93f4a2a1c9 in __libc_start_call_main ../sysdeps/nptl/libc_start_call_main.h:58
    #6 0x7f93f4a2a28a in __libc_start_main_impl ../csu/libc-start.c:360
    #7 0x55622fd52504 in _start (.bin_dangling+0xe504) (BuildId: a4664668f60037b2f9614be58f0623e7a137400f)

==21575==ABORTING
