--- gfx90a
_Z8waveInfoPi:
	s_load_dwordx2 s[0:1], s[4:5], 0x0
	v_mul_u32_u24_e32 v1, 3, v0
	v_lshlrev_b32_e32 v3, 2, v1
	v_lshrrev_b32_e32 v1, 6, v0
	v_mbcnt_lo_u32_b32 v0, -1, 0
	v_mbcnt_hi_u32_b32 v2, -1, v0
	v_mov_b32_e32 v0, 64
	s_waitcnt lgkmcnt(0)
	global_store_dwordx3 v3, v[0:2], s[0:1]
	s_endpgm
--- gfx1100
_Z8waveInfoPi:
	s_load_b64 s[0:1], s[0:1], 0x0
	v_mul_u32_u24_e32 v1, 3, v0
	v_mbcnt_lo_u32_b32 v2, -1, 0
	s_delay_alu instid0(VALU_DEP_2)
	v_lshlrev_b32_e32 v3, 2, v1
	v_lshrrev_b32_e32 v1, 5, v0
	v_mov_b32_e32 v0, 32
	s_waitcnt lgkmcnt(0)
	global_store_b96 v3, v[0:2], s[0:1]
	s_nop 0
	s_sendmsg sendmsg(MSG_DEALLOC_VGPRS)
	s_endpgm
