-- part 1: one workgroup, cut into warps (32) or wavefronts (64)
workgroup   64, width 32:  2 groups,  0 idle lanes, 100.0 % of lanes used
workgroup   64, width 64:  1 groups,  0 idle lanes, 100.0 % of lanes used
workgroup   96, width 32:  3 groups,  0 idle lanes, 100.0 % of lanes used
workgroup   96, width 64:  2 groups, 32 idle lanes,  75.0 % of lanes used
workgroup  128, width 32:  4 groups,  0 idle lanes, 100.0 % of lanes used
workgroup  128, width 64:  2 groups,  0 idle lanes, 100.0 % of lanes used
workgroup  192, width 32:  6 groups,  0 idle lanes, 100.0 % of lanes used
workgroup  192, width 64:  3 groups,  0 idle lanes, 100.0 % of lanes used
workgroup  256, width 32:  8 groups,  0 idle lanes, 100.0 % of lanes used
workgroup  256, width 64:  4 groups,  0 idle lanes, 100.0 % of lanes used
workgroup 1000, width 32: 32 groups, 24 idle lanes,  97.7 % of lanes used
workgroup 1000, width 64: 16 groups, 24 idle lanes,  97.7 % of lanes used
-- part 2: thread -> (group, lane) for a few work-items of a 256-item workgroup
threadIdx.x   0: warp 0 lane  0 | wavefront 0 lane  0
threadIdx.x  31: warp 0 lane 31 | wavefront 0 lane 31
threadIdx.x  32: warp 1 lane  0 | wavefront 0 lane 32
threadIdx.x  63: warp 1 lane 31 | wavefront 0 lane 63
threadIdx.x  64: warp 2 lane  0 | wavefront 1 lane  0
threadIdx.x 100: warp 3 lane  4 | wavefront 1 lane 36
threadIdx.x 255: warp 7 lane 31 | wavefront 3 lane 63
-- part 3: sum of 1..W inside one group; the answer is read from lane 0
width 32: expected  528 | hard-coded 16: lane 0 holds  528 | warpSize/2: lane 0 holds  528 -> both correct
width 64: expected 2080 | hard-coded 16: lane 0 holds  528 | warpSize/2: lane 0 holds 2080 -> hard-coded version WRONG
          the hard-coded version left the other half in lane 32: 1552 (528 + 1552 = 2080)
