F4-02 kernel: magic=0x2badb002
acpi: RSDP at 0xf52b0 revision 0, using RSDT at 0x3fe1c29
pci: no MCFG table, using configuration ports 0xCF8/0xCFC
PCI 00:00.0 8086:1237 class 06.00.00 hdr 0
PCI 00:01.0 8086:7000 class 06.01.00 hdr 0
PCI 00:01.1 8086:7010 class 01.01.80 hdr 0
  BAR4 io    0xc020 size 0x10
PCI 00:01.3 8086:7113 class 06.80.00 hdr 0 pin A line 9
PCI 00:02.0 1af4:1005 class 00.ff.00 hdr 0 pin A line 10
  raw BAR0 original 0x0000c001 after-ones 0xffffffe1
  raw BAR1 original 0xfebff000 after-ones 0xfffff000
  raw BAR4 original 0xfebf800c after-ones 0xffffc00c
  raw BAR5 original 0x00000000 after-ones 0xffffffff (upper half)
  BAR0 io    0xc000 size 0x20
  BAR1 mem32 0xfebff000 size 0x1000
  BAR4 mem64 0xfebf8000 size 0x4000 prefetchable
  caps: 11(MSI-X)@0x98 09(vendor)@0x84 09(vendor)@0x70 09(vendor)@0x60 09(vendor)@0x50 09(vendor)@0x40
== driver binding ==
00:00.0 8086:1237 -> (no driver)
00:01.0 8086:7000 -> (no driver)
00:01.1 8086:7010 -> (no driver)
00:01.3 8086:7113 -> (no driver)
00:02.0 1af4:1005 -> virtio-pci
F4-02 done
