F4-02 kernel: magic=0x2badb002
acpi: RSDP at 0xf5290 revision 0, using RSDT at 0x3fe23f1
pci: ECAM at 0xb0000000 for buses 0..255 (from MCFG)
PCI 00:00.0 8086:29c0 class 06.00.00 hdr 0
PCI 00:01.0 1af4:1001 class 01.00.00 hdr 0 pin A line 10
  BAR0 io    0xc000 size 0x80
  BAR1 mem32 0xfe6ac000 size 0x1000
  BAR4 mem64 0xfea00000 size 0x4000 prefetchable
  caps: 11(MSI-X)@0x98 09(vendor)@0x84 09(vendor)@0x70 09(vendor)@0x60 09(vendor)@0x50 09(vendor)@0x40
PCI 00:02.0 8086:100e class 02.00.00 hdr 0 pin A line 11
  raw BAR0 original 0xfe680000 after-ones 0xfffe0000
  raw BAR1 original 0x0000c081 after-ones 0xffffffc1
  BAR0 mem32 0xfe680000 size 0x20000
  BAR1 io    0xc080 size 0x40
PCI 00:03.0 1b36:0010 class 01.08.02 hdr 0 pin A line 11
  raw BAR0 original 0xfe6a0004 after-ones 0xffffc004
  raw BAR1 original 0x00000000 after-ones 0xffffffff (upper half)
  BAR0 mem64 0xfe6a0000 size 0x4000
  caps: 11(MSI-X)@0x40 10(PCIe)@0x80 01(PM)@0x60
PCI 00:04.0 1b36:000d class 0c.03.30 hdr 0 pin A line 10
  BAR0 mem64 0xfe6a4000 size 0x4000
  caps: 11(MSI-X)@0x90 10(PCIe)@0xa0
PCI 00:05.0 8086:2668 class 04.03.00 hdr 0 pin A line 10
  BAR0 mem32 0xfe6a8000 size 0x4000
  caps: 05(MSI)@0x60
PCI 00:06.0 1b36:000c class 06.04.00 hdr 1 bridge to bus 1..1 pin A line 11
  BAR0 mem32 0xfe6ad000 size 0x1000
  caps: 10(PCIe)@0x54 11(MSI-X)@0x48 0d(other)@0x40
  ext caps: 0001(v2)@0x100 000d(v1)@0x148
PCI 01:00.0 1af4:1044 class 00.ff.00 hdr 0 pin A line 11
  BAR1 mem32 0xfe400000 size 0x1000
  BAR4 mem64 0xfe800000 size 0x4000 prefetchable
  caps: 11(MSI-X)@0xdc 09(vendor)@0xc8 09(vendor)@0xb4 09(vendor)@0xa4 09(vendor)@0x94 09(vendor)@0x84 01(PM)@0x7c 10(PCIe)@0x40
PCI 00:1f.0 8086:2918 class 06.01.00 hdr 0
PCI 00:1f.2 8086:2922 class 01.06.01 hdr 0 pin A line 10
  BAR4 io    0xc100 size 0x20
  BAR5 mem32 0xfe6ae000 size 0x1000
  caps: 05(MSI)@0x80 12(other)@0xa8
PCI 00:1f.3 8086:2930 class 0c.05.00 hdr 0 pin A line 10
  BAR4 io    0x700 size 0x40
== driver binding ==
00:00.0 8086:29c0 -> (no driver)
00:01.0 1af4:1001 -> virtio-pci
00:02.0 8086:100e -> e1000
00:03.0 1b36:0010 -> nvme
00:04.0 1b36:000d -> xhci
00:05.0 8086:2668 -> hda
00:06.0 1b36:000c -> (no driver)
01:00.0 1af4:1044 -> virtio-pci
00:1f.0 8086:2918 -> (no driver)
00:1f.2 8086:2922 -> ahci
00:1f.3 8086:2930 -> (no driver)
F4-02 done
