== kernel log (excerpt: functions with BARs) ==
PCI 00:00.0 8086:29c0 class 06.00.00 hdr 0
PCI 00:01.0 1af4:1001 class 01.00.00 hdr 0 pin A line 10
  BAR0 io    0xc000 size 0x80
  BAR1 mem32 0xfe6ac000 size 0x1000
  BAR4 mem32 0xfea00000 size 0x4000 prefetchable
  BAR5 mem32 0x0 size 0x10
PCI 00:02.0 8086:100e class 02.00.00 hdr 0 pin A line 11
  raw BAR0 original 0xfe680000 after-ones 0xfffe0000
  raw BAR1 original 0x0000c081 after-ones 0xffffffc1
  BAR0 mem32 0xfe680000 size 0x20000
  BAR1 io    0xc080 size 0x40
PCI 00:03.0 1b36:0010 class 01.08.02 hdr 0 pin A line 11
  raw BAR0 original 0xfe6a0004 after-ones 0xffffc004
  raw BAR1 original 0x00000000 after-ones 0xffffffff
  BAR0 mem32 0xfe6a0000 size 0x4000
  BAR1 mem32 0x0 size 0x10
PCI 00:04.0 1b36:000d class 0c.03.30 hdr 0 pin A line 10
  BAR0 mem32 0xfe6a4000 size 0x4000
  BAR1 mem32 0x0 size 0x10
PCI 00:05.0 8086:2668 class 04.03.00 hdr 0 pin A line 10
  BAR0 mem32 0xfe6a8000 size 0x4000
PCI 00:06.0 1b36:000c class 06.04.00 hdr 1 bridge to bus 1..1 pin A line 11
  BAR0 mem32 0xfe6ad000 size 0x1000
PCI 01:00.0 1af4:1044 class 00.ff.00 hdr 0 pin A line 11
  BAR1 mem32 0xfe400000 size 0x1000
  BAR4 mem32 0xfe800000 size 0x4000 prefetchable
  BAR5 mem32 0x0 size 0x10
PCI 00:1f.0 8086:2918 class 06.01.00 hdr 0
PCI 00:1f.2 8086:2922 class 01.06.01 hdr 0 pin A line 10
  BAR4 io    0xc100 size 0x20
  BAR5 mem32 0xfe6ae000 size 0x1000
PCI 00:1f.3 8086:2930 class 0c.05.00 hdr 0 pin A line 10
  BAR4 io    0x700 size 0x40
== compare.py against QEMU's query-pci ==
00:00.0 8086:29c0 class 0600, 0 BAR(s): same
00:01.0 DIFFERENT in bars
    kernel: {0: ('io', 49152, 128), 1: ('memory', 4268408832, 4096), 4: ('memory', 4271898624, 16384), 5: ('memory', 0, 16)}
    qemu:   {0: ('io', 49152, 128), 1: ('memory', 4268408832, 4096), 4: ('memory', 4271898624, 16384)}
00:02.0 8086:100e class 0200, 2 BAR(s): same
00:03.0 DIFFERENT in bars
    kernel: {0: ('memory', 4268359680, 16384), 1: ('memory', 0, 16)}
    qemu:   {0: ('memory', 4268359680, 16384)}
00:04.0 DIFFERENT in bars
    kernel: {0: ('memory', 4268376064, 16384), 1: ('memory', 0, 16)}
    qemu:   {0: ('memory', 4268376064, 16384)}
00:05.0 8086:2668 class 0403, 1 BAR(s): same
00:06.0 1b36:000c class 0604, 1 BAR(s): same
00:1f.0 8086:2918 class 0601, 0 BAR(s): same
00:1f.2 8086:2922 class 0106, 2 BAR(s): same
00:1f.3 8086:2930 class 0c05, 1 BAR(s): same
01:00.0 DIFFERENT in bars
    kernel: {1: ('memory', 4265607168, 4096), 4: ('memory', 4269801472, 16384), 5: ('memory', 0, 16)}
    qemu:   {1: ('memory', 4265607168, 4096), 4: ('memory', 4269801472, 16384)}
functions: kernel 11, QEMU 11; 4 DIFFERENCE(S)
