VENDOR_ID          ours 0x000  linux 0x000  same
DEVICE_ID          ours 0x002  linux 0x002  same
COMMAND            ours 0x004  linux 0x004  same
STATUS             ours 0x006  linux 0x006  same
CLASS_REVISION     ours 0x008  linux 0x008  same
HEADER_TYPE        ours 0x00e  linux 0x00e  same
BAR0               ours 0x010  linux 0x010  same
PRIMARY_BUS        ours 0x018  linux 0x018  same
SECONDARY_BUS      ours 0x019  linux 0x019  same
SUBORDINATE_BUS    ours 0x01a  linux 0x01a  same
CAP_PTR            ours 0x034  linux 0x034  same
INTERRUPT_LINE     ours 0x03c  linux 0x03c  same
INTERRUPT_PIN      ours 0x03d  linux 0x03d  same
CMD_IO             ours 0x001  linux 0x001  same
CMD_MEMORY         ours 0x002  linux 0x002  same
CMD_MASTER         ours 0x004  linux 0x004  same
CMD_INTX_DISABLE   ours 0x400  linux 0x400  same
STATUS_CAP_LIST    ours 0x010  linux 0x010  same
HDR_BRIDGE         ours 0x001  linux 0x001  same
BAR_IO             ours 0x001  linux 0x001  same
BAR_TYPE_64        ours 0x004  linux 0x004  same
BAR_PREFETCH       ours 0x008  linux 0x008  same
CAP_PM             ours 0x001  linux 0x001  same
CAP_MSI            ours 0x005  linux 0x005  same
CAP_VENDOR         ours 0x009  linux 0x009  same
CAP_EXP            ours 0x010  linux 0x010  same
CAP_MSIX           ours 0x011  linux 0x011  same
EXT_CAP_START      ours 0x100  linux 0x100  same
0 difference(s)
