  Bus  0, device   0, function 0:
    Host bridge: PCI device 8086:29c0
      PCI subsystem 1af4:1100
      id ""
  Bus  0, device   1, function 0:
    SCSI controller: PCI device 1af4:1001
      PCI subsystem 1af4:0002
      IRQ 10, pin A
      BAR0: I/O at 0xc000 [0xc07f].
      BAR1: 32 bit memory at 0xfe6ac000 [0xfe6acfff].
      BAR4: 64 bit prefetchable memory at 0xfea00000 [0xfea03fff].
      id ""
  Bus  0, device   2, function 0:
    Ethernet controller: PCI device 8086:100e
      PCI subsystem 1af4:1100
      IRQ 11, pin A
      BAR0: 32 bit memory at 0xfe680000 [0xfe69ffff].
      BAR1: I/O at 0xc080 [0xc0bf].
      BAR6: 32 bit memory at 0xffffffffffffffff [0x0007fffe].
      id ""
  Bus  0, device   3, function 0:
    Class 0264: PCI device 1b36:0010
      PCI subsystem 1af4:1100
      IRQ 11, pin A
      BAR0: 64 bit memory at 0xfe6a0000 [0xfe6a3fff].
      id ""
  Bus  0, device   4, function 0:
    USB controller: PCI device 1b36:000d
      PCI subsystem 1af4:1100
      IRQ 10, pin A
      BAR0: 64 bit memory at 0xfe6a4000 [0xfe6a7fff].
      id ""
  Bus  0, device   5, function 0:
    Audio controller: PCI device 8086:2668
      PCI subsystem 1af4:1100
      IRQ 10, pin A
      BAR0: 32 bit memory at 0xfe6a8000 [0xfe6abfff].
      id ""
  Bus  0, device   6, function 0:
    PCI bridge: PCI device 1b36:000c
      IRQ 11, pin A
      BUS 0.
      secondary bus 1.
      subordinate bus 1.
      IO range [0xc000, 0xbfff]
      memory range [0xfe400000, 0xfe5fffff]
      prefetchable memory range [0xfe800000, 0xfe9fffff]
      BAR0: 32 bit memory at 0xfe6ad000 [0xfe6adfff].
      id "rp1"
  Bus  1, device   0, function 0:
    Class 0255: PCI device 1af4:1044
      PCI subsystem 1af4:1100
      IRQ 11, pin A
      BAR1: 32 bit memory at 0xfe400000 [0xfe400fff].
      BAR4: 64 bit prefetchable memory at 0xfe800000 [0xfe803fff].
      id ""
  Bus  0, device  31, function 0:
    ISA bridge: PCI device 8086:2918
      PCI subsystem 1af4:1100
      id ""
  Bus  0, device  31, function 2:
    SATA controller: PCI device 8086:2922
      PCI subsystem 1af4:1100
      IRQ 10, pin A
      BAR4: I/O at 0xc100 [0xc11f].
      BAR5: 32 bit memory at 0xfe6ae000 [0xfe6aefff].
      id ""
  Bus  0, device  31, function 3:
    SMBus: PCI device 8086:2930
      PCI subsystem 1af4:1100
      IRQ 10, pin A
      BAR4: I/O at 0x0700 [0x073f].
      id ""
