4 processes; one-way latency (us, 8 B messages), row = sender, column = receiver
  0:        -     0.72     0.60     0.61
  1:     0.56        -     0.54     0.54
  2:     0.63     0.37        -     0.55
  3:     0.50     0.48     0.46        -
bandwidth (GB/s, 4 MiB messages, 1 GB = 10^9 bytes)
  0:        -    3.950    4.049    4.125
  1:    4.317        -    8.214    9.843
  2:    4.078    8.895        -    9.805
  3:    7.247    4.300    4.339        -
size sweep, pair 0 -> 1
     bytes   one-way us       GB/s
         8         0.55      0.014
        32         0.57      0.056
       128         0.82      0.157
       512         1.14      0.450
      2048         1.49      1.377
      8192         4.45      1.842
     32768         9.79      3.348
    131072        31.26      4.193
    524288       120.99      4.333
   2097152       480.06      4.368
   8388608      2240.46      3.744
fit from the smallest and the largest size: alpha = 0.55 us, beta = 3.745 GB/s, half-bandwidth size alpha*beta = 2077 bytes
fit: 0.5545 3.74508
