4 processes; one-way latency (us, 8 B messages), row = sender, column = receiver
  0:        -     0.62     0.54     0.42
  1:     0.44        -     0.41     0.41
  2:     0.72     0.53        -     0.93
  3:     0.38     0.37     0.49        -
bandwidth (GB/s, 4 MiB messages, 1 GB = 10^9 bytes)
  0:        -   10.365    4.150   10.220
  1:    4.665        -    9.463    9.023
  2:    3.778    3.982        -    4.198
  3:    9.983   10.221    4.338        -
size sweep, pair 0 -> 1
     bytes   one-way us       GB/s
         8         0.41      0.020
        32         0.42      0.076
       128         0.45      0.284
       512         0.56      0.907
      2048         0.84      2.429
      8192         2.76      2.970
     32768         5.66      5.793
    131072        14.91      8.790
    524288        56.08      9.349
   2097152       224.90      9.325
   8388608       978.95      8.569
fit from the smallest and the largest size: alpha = 0.41 us, beta = 8.573 GB/s, half-bandwidth size alpha*beta = 3487 bytes
fit: 0.4067 8.57258
