4 processes; one-way latency (us, 8 B messages), row = sender, column = receiver
  0:        -    11.10     8.82     9.49
  1:    12.46        -     7.77     8.66
  2:     8.83     5.49        -    11.51
  3:     7.82     6.92     6.40        -
bandwidth (GB/s, 4 MiB messages, 1 GB = 10^9 bytes)
  0:        -    2.869    3.243    3.297
  1:    2.858        -    3.117    2.902
  2:    3.402    2.538        -    2.591
  3:    3.440    3.231    0.847        -
size sweep, pair 0 -> 1
     bytes   one-way us       GB/s
         8        74.67      0.000
        32        25.35      0.001
       128        15.69      0.008
       512        15.52      0.033
      2048        14.88      0.138
      8192        16.44      0.498
     32768        22.66      1.446
    131072        75.10      1.745
    524288       130.89      4.006
   2097152       669.41      3.133
   8388608      3745.04      2.240
fit from the smallest and the largest size: alpha = 74.67 us, beta = 2.285 GB/s, half-bandwidth size alpha*beta = 170651 bytes
fit: 74.6672 2.28549
