PREDICTION (shared-memory-fit): alpha = 0.41 us, beta = 8.573 GB/s, 4 ranks, ring = 2(N-1) steps
     bytes  alpha part us   beta part us   predicted us
        16           2.44           0.00           2.44
        64           2.44           0.01           2.45
       256           2.44           0.04           2.48
      1024           2.44           0.18           2.62
      4096           2.44           0.72           3.16
     16384           2.44           2.87           5.31
     65536           2.44          11.47          13.91
    262144           2.44          45.87          48.31
   1048576           2.44         183.48         185.92
   4194304           2.44         733.90         736.34
  16777216           2.44        2935.62        2938.06
MEASURED (own ring, median of 20, slowest rank)
     bytes  measured us predicted us algbw GB/s busbw GB/s meas/pred
        16         9.41         2.44      0.002      0.003      3.85
        64         8.85         2.45      0.007      0.011      3.61
       256         9.59         2.48      0.027      0.040      3.86
      1024        11.31         2.62      0.091      0.136      4.32
      4096        21.83         3.16      0.188      0.281      6.92
     16384        49.88         5.31      0.328      0.493      9.40
     65536        84.50        13.91      0.776      1.163      6.08
    262144       210.94        48.31      1.243      1.864      4.37
   1048576       906.30       185.92      1.157      1.735      4.87
   4194304      4255.67       736.34      0.986      1.478      5.78
  16777216     22484.92      2938.06      0.746      1.119      7.65
elements that differ from MPI_Allreduce, all sizes, all ranks: 0
