PREDICTION (TCP-loopback-fit): alpha = 74.67 us, beta = 2.285 GB/s, 4 ranks, ring = 2(N-1) steps
     bytes  alpha part us   beta part us   predicted us
        16         448.00           0.01         448.01
        64         448.00           0.04         448.05
       256         448.00           0.17         448.17
      1024         448.00           0.67         448.68
      4096         448.00           2.69         450.69
     16384         448.00          10.75         458.76
     65536         448.00          43.01         491.02
    262144         448.00         172.05         620.05
   1048576         448.00         688.20        1136.20
   4194304         448.00        2752.78        3200.79
  16777216         448.00       11011.13       11459.13
MEASURED (own ring, median of 20, slowest rank)
     bytes  measured us predicted us algbw GB/s busbw GB/s meas/pred
        16        92.01       448.01      0.000      0.000      0.21
        64        96.04       448.05      0.001      0.001      0.21
       256        95.38       448.17      0.003      0.004      0.21
      1024        88.63       448.68      0.012      0.017      0.20
      4096        91.86       450.69      0.045      0.067      0.20
     16384       100.83       458.76      0.162      0.244      0.22
     65536       144.58       491.02      0.453      0.680      0.29
    262144       442.44       620.05      0.593      0.889      0.71
   1048576       892.35      1136.20      1.175      1.763      0.79
   4194304      3256.06      3200.79      1.288      1.932      1.02
  16777216     33616.95     11459.13      0.499      0.749      2.93
elements that differ from MPI_Allreduce, all sizes, all ranks: 0
