// DTB version 17, totalsize 1048576 bytes, structure block 6992 bytes, strings 454 bytes
/ {
    interrupt-parent = <0x8002>;
    model = "linux,dummy-virt";
    #size-cells = <0x2>;
    #address-cells = <0x2>;
    compatible = "linux,dummy-virt";
    psci {
        migrate = <0xc4000005>;
        cpu_on = <0xc4000003>;
        cpu_off = <0x84000002>;
        cpu_suspend = <0xc4000001>;
        method = "hvc";
        compatible = "arm,psci-1.0", "arm,psci-0.2", "arm,psci";
    };
    memory@40000000 {
        reg = <0x0 0x40000000 0x0 0x10000000>;
        device_type = "memory";
    };
    platform-bus@c000000 {
        interrupt-parent = <0x8002>;
        ranges = <0x0 0x0 0xc000000 0x2000000>;
        #address-cells = <0x1>;
        #size-cells = <0x1>;
        compatible = "qemu,platform", "simple-bus";
    };
    fw-cfg@9020000 {
        dma-coherent;
        reg = <0x0 0x9020000 0x0 0x18>;
        compatible = "qemu,fw-cfg-mmio";
    };
    [...]
    pl011@9000000 {
        clock-names = "uartclk", "apb_pclk";
        clocks = <0x8000 0x8000>;
        interrupts = <0x0 0x1 0x4>;
        reg = <0x0 0x9000000 0x0 0x1000>;
        compatible = "arm,pl011", "arm,primecell";
    };
    [...]
    apb-pclk {
        phandle = <0x8000>;
        clock-output-names = "clk24mhz";
        clock-frequency = <0x16e3600>;
        #clock-cells = <0x0>;
        compatible = "fixed-clock";
    };
    [...]
    chosen {
        stdout-path = "/pl011@9000000";
        rng-seed = <0x26590261 0x11d8a589 0x322b2229 0x804cb17 0x195e64a0 0xdbf8ca10 0x37592abf 0x30b152f9>;
        kaslr-seed = <0xbf3564af 0x4219f9d9>;
    };
    [...]
(332 lines in all; only the first 31 lines and three whole nodes are shown)
