Bus  0, device   0, function 0:
Host bridge: PCI device 8086:29c0
Bus  0, device   1, function 0:
Class 0255: PCI device 1af4:1005
BAR0: I/O at 0xffffffffffffffff [0x001e].
BAR1: 32 bit memory at 0xffffffffffffffff [0x00000ffe].
BAR4: 64 bit prefetchable memory at 0xffffffffffffffff [0x00003ffe].
Bus  0, device   2, function 0:
Ethernet controller: PCI device 8086:100e
BAR0: 32 bit memory at 0xffffffffffffffff [0x0001fffe].
BAR1: I/O at 0xffffffffffffffff [0x003e].
BAR6: 32 bit memory at 0xffffffffffffffff [0x0007fffe].
Bus  0, device  31, function 0:
ISA bridge: PCI device 8086:2918
Bus  0, device  31, function 2:
SATA controller: PCI device 8086:2922
BAR4: I/O at 0xffffffffffffffff [0x001e].
BAR5: 32 bit memory at 0xffffffffffffffff [0x00000ffe].
Bus  0, device  31, function 3:
SMBus: PCI device 8086:2930
BAR4: I/O at 0xffffffffffffffff [0x003e].
