Frame 1: 64 bytes on wire (512 bits), 64 bytes captured (512 bits)
Ethernet II, Src: 52:54:00:12:34:56 (52:54:00:12:34:56), Dst: Broadcast (ff:ff:ff:ff:ff:ff)
    Destination: Broadcast (ff:ff:ff:ff:ff:ff)
        Address: Broadcast (ff:ff:ff:ff:ff:ff)
        .... ..1. .... .... .... .... = LG bit: Locally administered address (this is NOT the factory default)
        .... ...1 .... .... .... .... = IG bit: Group address (multicast/broadcast)
    Source: 52:54:00:12:34:56 (52:54:00:12:34:56)
        Address: 52:54:00:12:34:56 (52:54:00:12:34:56)
        .... ..1. .... .... .... .... = LG bit: Locally administered address (this is NOT the factory default)
        .... ...0 .... .... .... .... = IG bit: Individual address (unicast)
    Type: ARP (0x0806)
    Padding: 000000000000000000000000000000000000
    Frame check sequence: 0x8b1fe63c [correct]
    [FCS Status: Good]
Address Resolution Protocol (request)
    Hardware type: Ethernet (1)
    Protocol type: IPv4 (0x0800)
    Hardware size: 6
    Protocol size: 4
    Opcode: request (1)
    Sender MAC address: 52:54:00:12:34:56 (52:54:00:12:34:56)
    Sender IP address: 10.0.2.15
    Target MAC address: 00:00:00_00:00:00 (00:00:00:00:00:00)
    Target IP address: 10.0.2.2

Frame 2: 64 bytes on wire (512 bits), 64 bytes captured (512 bits)
Ethernet II, Src: 52:54:00:12:34:56 (52:54:00:12:34:56), Dst: Broadcast (ff:ff:ff:ff:ff:ff)
    Destination: Broadcast (ff:ff:ff:ff:ff:ff)
        Address: Broadcast (ff:ff:ff:ff:ff:ff)
        .... ..1. .... .... .... .... = LG bit: Locally administered address (this is NOT the factory default)
        .... ...1 .... .... .... .... = IG bit: Group address (multicast/broadcast)
    Source: 52:54:00:12:34:56 (52:54:00:12:34:56)
        Address: 52:54:00:12:34:56 (52:54:00:12:34:56)
        .... ..1. .... .... .... .... = LG bit: Locally administered address (this is NOT the factory default)
        .... ...0 .... .... .... .... = IG bit: Individual address (unicast)
    Type: ARP (0x0806)
    Padding: 000000000000000000000000000000000000
    Frame check sequence: 0x8b1fe63c incorrect, should be 0x83fc8600
        [Expert Info (Error/Checksum): Bad checksum [should be 0x83fc8600]]
            [Bad checksum [should be 0x83fc8600]]
            [Severity level: Error]
            [Group: Checksum]
    [FCS Status: Bad]
Address Resolution Protocol (request)
    Hardware type: Ethernet (1)
    Protocol type: IPv4 (0x0800)
    Hardware size: 6
    Protocol size: 4
    Opcode: request (1)
    Sender MAC address: 52:54:00:12:34:56 (52:54:00:12:34:56)
    Sender IP address: 10.0.3.15
    Target MAC address: 00:00:00_00:00:00 (00:00:00:00:00:00)
    Target IP address: 10.0.2.2

