==================
WARNING: ThreadSanitizer: data race (pid=20441)
  Read of size 4 at 0x55d5653d001c by thread T2:
    #0 countEvents() race.cc:10 (race_tsan+0x1363)
    #1 void std::__invoke_impl<void, void (*)()>(std::__invoke_other, void (*&&)()) /usr/include/c++/13/bits/invoke.h:61 (race_tsan+0x1503)
    #2 std::__invoke_result<void (*)()>::type std::__invoke<void (*)()>(void (*&&)()) /usr/include/c++/13/bits/invoke.h:96 (race_tsan+0x1503)
    #3 void std::thread::_Invoker<std::tuple<void (*)()> >::_M_invoke<0ul>(std::_Index_tuple<0ul>) /usr/include/c++/13/bits/std_thread.h:292 (race_tsan+0x1503)
    #4 std::thread::_Invoker<std::tuple<void (*)()> >::operator()() /usr/include/c++/13/bits/std_thread.h:299 (race_tsan+0x1503)
    #5 std::thread::_State_impl<std::thread::_Invoker<std::tuple<void (*)()> > >::_M_run() /usr/include/c++/13/bits/std_thread.h:244 (race_tsan+0x1503)
    #6 <null> <null> (libstdc++.so.6+0xecdb3)

  Previous write of size 4 at 0x55d5653d001c by thread T1:
    #0 countEvents() race.cc:10 (race_tsan+0x1387)
    #1 void std::__invoke_impl<void, void (*)()>(std::__invoke_other, void (*&&)()) /usr/include/c++/13/bits/invoke.h:61 (race_tsan+0x1503)
    #2 std::__invoke_result<void (*)()>::type std::__invoke<void (*)()>(void (*&&)()) /usr/include/c++/13/bits/invoke.h:96 (race_tsan+0x1503)
    #3 void std::thread::_Invoker<std::tuple<void (*)()> >::_M_invoke<0ul>(std::_Index_tuple<0ul>) /usr/include/c++/13/bits/std_thread.h:292 (race_tsan+0x1503)
    #4 std::thread::_Invoker<std::tuple<void (*)()> >::operator()() /usr/include/c++/13/bits/std_thread.h:299 (race_tsan+0x1503)
    #5 std::thread::_State_impl<std::thread::_Invoker<std::tuple<void (*)()> > >::_M_run() /usr/include/c++/13/bits/std_thread.h:244 (race_tsan+0x1503)
    #6 <null> <null> (libstdc++.so.6+0xecdb3)

  Location is global 'hits' of size 4 at 0x55d5653d001c (race_tsan+0x401c)

  Thread T2 (tid=20444, running) created by main thread at:
    #0 pthread_create ../../../../src/libsanitizer/tsan/tsan_interceptors_posix.cpp:1022 (libtsan.so.2+0x5ac1a)
    #1 std::thread::_M_start_thread(std::unique_ptr<std::thread::_State, std::default_delete<std::thread::_State> >, void (*)()) <null> (libstdc++.so.6+0xeceb0)
    #2 main race.cc:18 (race_tsan+0x13d9)

  Thread T1 (tid=20443, finished) created by main thread at:
    #0 pthread_create ../../../../src/libsanitizer/tsan/tsan_interceptors_posix.cpp:1022 (libtsan.so.2+0x5ac1a)
    #1 std::thread::_M_start_thread(std::unique_ptr<std::thread::_State, std::default_delete<std::thread::_State> >, void (*)()) <null> (libstdc++.so.6+0xeceb0)
    #2 main race.cc:17 (race_tsan+0x13c8)

SUMMARY: ThreadSanitizer: data race race.cc:10 in countEvents()
==================
hits = 200000 (expected 200000)
ThreadSanitizer: reported 1 warnings
