  t (s)   brake (mN m)   open speed   closed speed   closed volts
   0.00            0.0          0.0            0.0         12.000
   0.10            0.0        119.9          285.4          2.912
   0.20            0.0        191.8          285.4          2.912
   0.30            0.0        235.1          285.4          2.912
   0.40            0.0        261.0          285.4          2.912
   0.50            0.0        276.6          285.4          2.912
   0.60            0.0        285.9          285.4          2.912
   0.70            0.0        291.6          285.4          2.912
   0.80            0.0        294.9          285.4          2.912
   0.90            0.0        297.0          285.4          2.912
   1.00            2.0        298.2          285.4          2.912
   1.10            2.0        283.2          283.5          3.292
   1.20            2.0        274.3          283.5          3.292
   1.30            2.0        268.9          283.5          3.292
   1.40            2.0        265.6          283.5          3.292
   1.50            2.0        263.7          283.5          3.292
   1.60            2.0        262.5          283.5          3.292
   1.70            2.0        261.8          283.5          3.292
   1.80            2.0        261.4          283.5          3.292
   1.90            2.0        261.2          283.5          3.292
   2.00            2.0        261.0          283.5          3.292
