traffic_tb.v:17: warning: Port 6 (state) of traffic_bug expects 2 bits, got 3.
traffic_tb.v:17:        : Padding 1 high bits of the expression.
cycle car_ew state  NS EW
    0    0     1    Y  R
    1    0     1    Y  R
    2    0     1    Y  R
    3    0     2    R  R
    4    1     3    R  G
    5    1     3    R  G
    6    1     3    R  G
    7    1     3    R  G
    8    1     0    G  R   <-- green went straight to red   <-- green without an all-red cycle first
    9    1     0    G  R
   10    1     0    G  R
   11    1     0    G  R
   12    1     0    G  R
   13    1     0    G  R
   14    0     0    G  R
   15    0     0    G  R
   16    0     0    G  R
   17    0     0    G  R
   18    0     0    G  R
   19    0     0    G  R
   20    0     0    G  R
   21    0     0    G  R
   22    0     0    G  R
   23    0     0    G  R
   24    0     0    G  R
   25    0     0    G  R
   26    0     0    G  R
   27    1     0    G  R
   28    1     0    G  R
   29    1     0    G  R
   30    1     1    Y  R
   31    1     1    Y  R
   32    0     2    R  R
   33    0     3    R  G
   34    0     3    R  G
   35    0     3    R  G
   36    0     3    R  G
   37    0     0    G  R   <-- green went straight to red   <-- green without an all-red cycle first
   38    0     0    G  R
   39    0     0    G  R
RESULT: FAIL (4 safety rule violations)
