cycle car_ew state  NS EW
    0    0     5    R  R
    1    0     5    R  R
    2    0     0    G  R
    3    0     0    G  R
    4    1     0    G  R
    5    1     0    G  R
    6    1     0    G  R
    7    1     0    G  R
    8    1     1    Y  R
    9    1     1    Y  R
   10    1     2    R  R
   11    1     3    R  G
   12    1     3    R  G
   13    1     3    R  G
   14    0     3    R  G
   15    0     4    R  Y
   16    0     4    R  Y
   17    0     5    R  R
   18    0     0    G  R
   19    0     0    G  R
   20    0     0    G  R
   21    0     0    G  R
   22    0     0    G  R
   23    0     0    G  R
   24    0     0    G  R
   25    0     0    G  R
   26    0     0    G  R
   27    1     1    Y  R
   28    1     1    Y  R
   29    1     2    R  R
   30    1     3    R  G
   31    1     3    R  G
   32    0     3    R  G
   33    0     3    R  G
   34    0     4    R  Y
   35    0     4    R  Y
   36    0     5    R  R
   37    0     0    G  R
   38    0     0    G  R
   39    0     0    G  R
RESULT: PASS (40 cycles, no safety rule broken)
