
6. Printing statistics.

=== full_adder ===

   Number of wires:                 15
   Number of wire bits:             15
   Number of public wires:           5
   Number of public wire bits:       5
   Number of memories:               0
   Number of memory bits:            0
   Number of processes:              0
   Number of cells:                 12
     $_NAND_                         7
     $_NOT_                          5

=== rca4 ===

   Number of wires:                  8
   Number of wire bits:             17
   Number of public wires:           8
   Number of public wire bits:      17
   Number of memories:               0
   Number of memory bits:            0
   Number of processes:              0
   Number of cells:                  4
     full_adder                      4

=== design hierarchy ===

   rca4                              1
     full_adder                      4

   Number of wires:                 68
   Number of wire bits:             77
   Number of public wires:          28
   Number of public wire bits:      37
   Number of memories:               0
   Number of memory bits:            0
   Number of processes:              0
   Number of cells:                 48
     $_NAND_                        28
     $_NOT_                         20

