== the stack, bottom layer first
hardware_io  : motor_mcu_fw(cpu9,high)
drivers      : imu_driver(cpu1,high) motor_bridge(cpu1,high) camera_driver(cpu2) lidar_driver(cpu2)
middleware   : dds_middleware(cpu2)
estimation   : state_estimator(cpu1,high)
control      : controller(cpu1,high)
perception   : detector(cpu3)
planning     : planner(cpu3)
operations   : logger(cpu2) health_monitor(cpu1,high)
== CPU budgets
cpu1: 5 components, U = 0.440, RM bound 0.743 -> schedulable by rate-monotonic priorities (sufficient test passed)
  imu_driver       T   1000  C    50  R     50
  motor_bridge     T   1000  C    80  R    130
  controller       T   1000  C   150  R    280
  state_estimator  T   2000  C   300  R    580
  health_monitor   T  10000  C   100  R    680
cpu2: 4 components, U = 0.380, RM bound 0.757 -> schedulable by rate-monotonic priorities (sufficient test passed)
  dds_middleware   T  10000  C  1500  R   1500
  logger           T  10000  C  1000  R   2500
  camera_driver    T  33333  C  3000  R   5500
  lidar_driver     T 100000  C  4000  R   9500
cpu3: 2 components, U = 0.900, RM bound 0.828 -> above the bound: needs exact response-time analysis or measurement
  detector         T  33333  C 20000  R  20000
  planner          T 100000  C 30000  R  90000
cpu9: 1 components, U = 0.200, RM bound 1.000 -> schedulable by rate-monotonic priorities (sufficient test passed)
  motor_mcu_fw     T   1000  C   200  R    200
== sensor-to-actuator chains (estimate: sum of period + response time)
control_path: imu_driver state_estimator controller motor_bridge motor_mcu_fw -> worst-case data age about 7240 us
see_and_avoid: camera_driver detector planner controller motor_bridge -> worst-case data age about 284576 us
problems: 0
