test_decide: 0 failures
LED loop: 6 V, 400 ohms -> 10 mA when lit (pretend maximum 20 mA)
minute 0  light 80  LED dark
minute 1  light 70  LED dark
minute 2  light 55  LED dark
minute 3  light 40  LED dark
minute 4  light 33  LED dark
minute 5  light 29  LED dark
minute 6  light 31  LED dark
minute 7  light 27  LED dark
minute 8  light 30  LED dark
minute 9  light 24  LED LIT
minute 10  light 28  LED LIT
minute 11  light 33  LED LIT
minute 12  light 20  LED LIT
minute 13  light 12  LED LIT
minute 14  light 8  LED LIT
minute 15  light 15  LED LIT
minute 16  light 30  LED LIT
minute 17  light 36  LED dark
minute 18  light 32  LED dark
minute 19  light 45  LED dark
minute 20  light 60  LED dark
lamp changed 2 times; LED lit for 8 minutes
