# university scan log v1 (text; not a ROS bag). 0 = no return.
mount x 0.100 y 0.000 yaw_deg 0.0
scan t 12.400 angle_min_deg -180.0 angle_inc_deg 1.0 range_min 0.150 range_max 6.000 count 360
1.603 1.599 1.603 1.602 1.601 1.609 1.614 1.616 1.616 1.620
1.621 1.626 1.634 1.637 1.651 1.654 1.660 1.676 1.679 1.695
1.699 1.715 1.725 1.737 1.753 1.767 1.777 1.796 1.814 1.826
1.847 1.871 1.892 1.911 1.930 1.952 1.977 1.995 1.950 1.903
1.865 1.829 1.791 1.760 1.732 1.698 1.666 1.642 1.616 1.586
1.562 1.546 1.527 1.504 1.480 1.465 1.447 1.429 1.416 1.395
1.386 1.375 1.363 1.342 1.332 1.322 1.314 1.303 1.290 1.281
1.277 1.270 1.259 1.252 1.253 1.239 1.238 1.233 1.232 1.227
1.220 1.213 1.211 1.209 1.205 1.208 1.207 1.204 1.197 1.199
1.203 1.196 1.201 1.197 1.205 1.201 1.208 1.213 1.208 1.211
1.216 1.226 1.226 1.232 1.241 1.247 1.251 1.252 1.259 1.271
1.281 1.286 1.299 1.303 1.311 1.319 1.336 1.345 1.363 1.369
1.384 1.405 1.416 1.435 1.448 1.469 1.485 1.500 1.525 1.547
1.566 1.591 1.611 1.639 1.673 1.694 1.725 1.763 1.797 1.833
1.864 1.908 1.950 1.993 2.038 2.089 2.148 1.070 1.059 1.046
1.041 1.026 1.024 1.012 1.006 0.990 0.989 0.978 0.972 0.966
0.962 0.951 0.945 0.945 0.932 0.928 0.927 0.922 0.962 1.044
1.148 1.281 2.427 2.414 2.414 2.408 2.411 2.403 2.397 2.404
2.401 2.404 2.406 2.402 2.402 2.405 2.416 2.419 2.419 2.431
2.433 2.443 2.454 2.466 2.475 2.485 2.499 2.507 2.526 2.539
2.553 2.571 2.587 2.610 2.629 2.646 2.674 2.698 2.713 2.740
2.773 2.797 2.827 2.864 2.899 2.928 2.962 2.995 2.919 2.861
2.796 2.739 2.695 2.638 2.595 2.542 2.498 2.457 2.423 2.383
2.347 2.317 2.284 2.258 2.225 2.197 2.170 2.142 2.118 2.104
2.077 2.055 2.039 2.024 0.000 0.000 0.000 0.000 0.000 0.000
0.000 0.000 0.000 0.000 0.000 0.000 0.000 0.000 0.000 0.000
0.000 0.000 0.000 0.000 0.000 0.000 0.000 1.799 1.803 1.797
1.804 1.796 1.801 1.802 1.808 1.809 1.808 1.812 1.818 1.818
1.827 1.833 1.845 1.848 1.860 1.865 1.869 1.881 1.896 1.906
1.914 1.924 1.943 1.958 1.974 1.987 2.004 2.021 2.040 2.056
2.079 2.098 2.127 2.146 2.175 2.202 2.222 2.250 2.289 2.318
2.347 2.381 2.389 2.348 2.299 2.260 2.223 2.184 2.153 2.120
2.091 2.056 2.034 2.007 1.974 1.951 1.934 1.907 1.883 1.862
1.846 1.833 1.808 1.800 1.781 1.767 1.756 1.739 1.727 1.717
1.699 1.691 1.683 1.675 1.660 1.657 1.649 1.638 1.638 1.625
1.626 1.618 1.619 1.615 1.612 1.606 1.600 1.599 1.600 1.601
end
