BdsDxe: loading Boot0001 "UEFI QEMU HARDDISK QM00001 " from PciRoot(0x0)/Pci(0x1F,0x2)/Sata(0x0,0xFFFF,0x0)
BdsDxe: starting Boot0001 "UEFI QEMU HARDDISK QM00001 " from PciRoot(0x0)/Pci(0x1F,0x2)/Sata(0x0,0xFFFF,0x0)
loader: OS301 loader started
loader: read \kernel.elf, 13168 bytes
loader: kernel.elf rejected: bad ELF magic
loader: not jumping to a bad kernel (status 0x8000000000000001), returning to the firmware
BdsDxe: failed to start Boot0001 "UEFI QEMU HARDDISK QM00001 " from PciRoot(0x0)/Pci(0x1F,0x2)/Sata(0x0,0xFFFF,0x0): Load Error
BdsDxe: loading Boot0002 "EFI Internal Shell" from Fv(7CB8BDC9-F8EB-4F34-AAEA-3EE4AF6516A1)/FvFile(7C04A583-9E3E-4F1C-AD65-E05268D0B4D1)
BdsDxe: starting Boot0002 "EFI Internal Shell" from Fv(7CB8BDC9-F8EB-4F34-AAEA-3EE4AF6516A1)/FvFile(7C04A583-9E3E-4F1C-AD65-E05268D0B4D1)
UEFI Interactive Shell v2.2
EDK II
UEFI v2.70 (Ubuntu distribution of EDK II, 0x00010000)
Mapping table
      FS0: Alias(s):HD0a65535a1:;BLK1:
          PciRoot(0x0)/Pci(0x1F,0x2)/Sata(0x0,0xFFFF,0x0)/HD(1,GPT,0A5301AA-0000-4000-8000-0000000000E5,0x800,0x20000)
     BLK0: Alias(s):
          PciRoot(0x0)/Pci(0x1F,0x2)/Sata(0x0,0xFFFF,0x0)
     BLK3: Alias(s):
          PciRoot(0x0)/Pci(0x1F,0x2)/Sata(0x2,0xFFFF,0x0)
     BLK2: Alias(s):
          PciRoot(0x0)/Pci(0x1F,0x2)/Sata(0x0,0xFFFF,0x0)/HD(2,GPT,0A5301AA-0000-4000-8000-0000000000D2,0x20800,0x1F7DF)
[...] (UEFI Shell countdown before startup.nsh: lines removed)
