   2.326 BdsDxe: loading Boot0001 "UEFI QEMU HARDDISK QM00001 " from PciRoot(0x0)/Pci(0x1F,0x2)/Sata(0x0,0xFFFF,0x0)
   2.328 BdsDxe: starting Boot0001 "UEFI QEMU HARDDISK QM00001 " from PciRoot(0x0)/Pci(0x1F,0x2)/Sata(0x0,0xFFFF,0x0)
   2.330 loader: OS301 loader started
   2.331 loader: read \kernel.elf, 13168 bytes
   2.336 loader: kernel at physical 0x000000000e753000, entry 0xffffffff80000130, page tables at 0x000000000e765000, direct map of 4 GiB
   2.336 loader: exiting boot services
   2.337 loader: ExitBootServices succeeded on the first attempt
   2.337 loader: jumping to the kernel
   2.338 kernel entered
   2.338 boot info version 1, size 296 bytes, kernel built for version 1
   2.338 .bss word is 0 (must be 0), .data pattern is 0x0000000000336699
   2.339 RSDP at physical 0x000000000f77e014: signature 'RSD PTR ', revision 2
   2.339 memory map: 129 entries, usable 255776 KiB
   2.339 framebuffer: 1280 x 800, pitch 5120 bytes, format 1, at physical 0x0000000080000000, size 4096000 bytes
   2.339 kernel: physical 0x000000000e753000, virtual 0xffffffff80000000, 12288 bytes
   2.339 command line: 'console=serial boot-info-test'
   2.339 boot timeline (time-stamp counter ticks since the loader started):
   2.339   kernel file read         +2339022
   2.339   before ExitBootServices  +13679838
   2.339   after ExitBootServices   +16284532  (1 attempt(s))
   2.339   kernel entered           +16853970
   2.339 framebuffer: top 64 rows painted with 0x0000000000336699
   2.339 kernel: halting (cli; hlt)
