   2.227 BdsDxe: loading Boot0001 "UEFI QEMU HARDDISK QM00001 " from PciRoot(0x0)/Pci(0x1F,0x2)/Sata(0x0,0xFFFF,0x0)
   2.229 BdsDxe: starting Boot0001 "UEFI QEMU HARDDISK QM00001 " from PciRoot(0x0)/Pci(0x1F,0x2)/Sata(0x0,0xFFFF,0x0)
   2.230 loader: OS301 loader started
   2.231 loader: read \kernel.elf, 13168 bytes
   2.237 loader: kernel at physical 0x000000000e753000, entry 0xffffffff80000130, page tables at 0x000000000e765000, direct map of 4 GiB
   2.237 loader: exiting boot services
   2.237 loader: ExitBootServices succeeded on the first attempt
   2.237 loader: jumping to the kernel
   2.237 kernel entered
   2.237 boot info version 1, size 296 bytes, kernel built for version 1
   2.237 .bss word is 0 (must be 0), .data pattern is 0x0000000000336699
   2.237 RSDP at physical 0x000000000f77e014: signature 'RSD PTR ', revision 2
   2.237 memory map: 129 entries, usable 255776 KiB
   2.237 framebuffer: 1280 x 800, pitch 5120 bytes, format 1, at physical 0x0000000080000000, size 4096000 bytes
   2.237 kernel: physical 0x000000000e753000, virtual 0xffffffff80000000, 12288 bytes
   2.237 command line: 'console=serial boot-info-test'
   2.237 boot timeline (time-stamp counter ticks since the loader started):
   2.237   kernel file read         +2362764
   2.238   before ExitBootServices  +13447222
   2.238   after ExitBootServices   +15165892  (1 attempt(s))
   2.238   kernel entered           +15562440
   2.239 framebuffer: top 64 rows painted with 0x0000000000336699
   2.239 kernel: halting (cli; hlt)
