graph: topics
  /cmd_vel [Twist] publishers=2 subscribers=1  sub:/base  pub:/teleop  pub:/driver
  /odom [Odom] publishers=1 subscribers=1  pub:/base  sub:/driver
graph: services
  /reset_odom server:/base
phase 1: teleop sends v=0.5 m/s, w=0.0 for 1.0 s
  base received 11 commands; pose x=0.50 y=0.00 th=0.00
phase 2: service call reset_odom (from teleop's namespace)
  client: request sent, queue holds 1 callback(s)
  client: response success=true; pose x=0.00
phase 3: action drive_distance 0.30 m
  action drive_distance: goal 0.30 m accepted
  action drive_distance: feedback 0.00 m
  action drive_distance: feedback 0.05 m
  action drive_distance: feedback 0.10 m
  action drive_distance: feedback 0.15 m
  action drive_distance: feedback 0.20 m
  action drive_distance: feedback 0.25 m
  action drive_distance: result SUCCEEDED, travelled 0.30 m
  final pose x=0.30 (commands received in total 18)
