q - &shelf[0] = 4
*q = past_end.cpp:10:35: runtime error: load of address 0x7fe9ac900030 with insufficient space for an object of type 'int'
0x7fe9ac900030: note: pointer points here
 28 00 00 00  00 00 00 00 00 00 00 00  00 80 8f ac e9 7f 00 00  00 00 00 00 00 00 00 00  00 00 00 00
              ^ 
=================================================================
==20368==ERROR: AddressSanitizer: stack-buffer-overflow on address 0x7fe9ac900030 at pc 0x55ee12a0e958 bp 0x7fff7aa9ae80 sp 0x7fff7aa9ae70
READ of size 4 at 0x7fe9ac900030 thread T0
    #0 0x55ee12a0e957 in main past_end.cpp:10
    #1 0x7fe9aea2a1c9 in __libc_start_call_main ../sysdeps/nptl/libc_start_call_main.h:58
    #2 0x7fe9aea2a28a in __libc_start_main_impl ../csu/libc-start.c:360
    #3 0x55ee12a0e284 in _start (.bin_past_end+0x2284) (BuildId: e66d9f895c21dc3d628ec6990572a1ca7a07ef69)

Address 0x7fe9ac900030 is located in stack of thread T0 at offset 48 in frame
    #0 0x55ee12a0e358 in main past_end.cpp:5

  This frame has 1 object(s):
    [32, 48) 'shelf' (line 7) <== Memory access at offset 48 overflows this variable
HINT: this may be a false positive if your program uses some custom stack unwind mechanism, swapcontext or vfork
      (longjmp and C++ exceptions *are* supported)
SUMMARY: AddressSanitizer: stack-buffer-overflow past_end.cpp:10 in main
Shadow bytes around the buggy address:
  0x7fe9ac8ffd80: 00 00 00 00 00 00 00 00 00 00 00 00 00 00 00 00
  0x7fe9ac8ffe00: 00 00 00 00 00 00 00 00 00 00 00 00 00 00 00 00
  0x7fe9ac8ffe80: 00 00 00 00 00 00 00 00 00 00 00 00 00 00 00 00
  0x7fe9ac8fff00: 00 00 00 00 00 00 00 00 00 00 00 00 00 00 00 00
  0x7fe9ac8fff80: 00 00 00 00 00 00 00 00 00 00 00 00 00 00 00 00
=>0x7fe9ac900000: f1 f1 f1 f1 00 00[f3]f3 00 00 00 00 00 00 00 00
  0x7fe9ac900080: 00 00 00 00 00 00 00 00 00 00 00 00 00 00 00 00
  0x7fe9ac900100: 00 00 00 00 00 00 00 00 00 00 00 00 00 00 00 00
  0x7fe9ac900180: 00 00 00 00 00 00 00 00 00 00 00 00 00 00 00 00
  0x7fe9ac900200: 00 00 00 00 00 00 00 00 00 00 00 00 00 00 00 00
  0x7fe9ac900280: 00 00 00 00 00 00 00 00 00 00 00 00 00 00 00 00
Shadow byte legend (one shadow byte represents 8 application bytes):
  Addressable:           00
  Partially addressable: 01 02 03 04 05 06 07 
  Heap left redzone:       fa
  Freed heap region:       fd
  Stack left redzone:      f1
  Stack mid redzone:       f2
  Stack right redzone:     f3
  Stack after return:      f5
  Stack use after scope:   f8
  Global redzone:          f9
  Global init order:       f6
  Poisoned by user:        f7
  Container overflow:      fc
  Array cookie:            ac
  Intra object redzone:    bb
  ASan internal:           fe
  Left alloca redzone:     ca
  Right alloca redzone:    cb
==20368==ABORTING
