menu of 10 dishes: 10 counted
menu of 1000 dishes: 1000 counted
menu of 100000 dishes: AddressSanitizer:DEADLYSIGNAL
=================================================================
==20556==ERROR: AddressSanitizer: stack-overflow on address 0x7ffd38e35c6c (pc 0x5619e77df441 bp 0x7ffd38e36160 sp 0x7ffd38e35c60 T0)
    #0 0x5619e77df441 in countDishes(int) deep.cpp:6
    #1 0x5619e77df69c in countDishes(int) deep.cpp:12
    #2 0x5619e77df69c in countDishes(int) deep.cpp:12
    #3 0x5619e77df69c in countDishes(int) deep.cpp:12
    #4 0x5619e77df69c in countDishes(int) deep.cpp:12
    #5 0x5619e77df69c in countDishes(int) deep.cpp:12
    #6 0x5619e77df69c in countDishes(int) deep.cpp:12
    #7 0x5619e77df69c in countDishes(int) deep.cpp:12
    #8 0x5619e77df69c in countDishes(int) deep.cpp:12
    #9 0x5619e77df69c in countDishes(int) deep.cpp:12
    #10 0x5619e77df69c in countDishes(int) deep.cpp:12
    #11 0x5619e77df69c in countDishes(int) deep.cpp:12
    #12 0x5619e77df69c in countDishes(int) deep.cpp:12
    #13 0x5619e77df69c in countDishes(int) deep.cpp:12
    #14 0x5619e77df69c in countDishes(int) deep.cpp:12
    #15 0x5619e77df69c in countDishes(int) deep.cpp:12
    #16 0x5619e77df69c in countDishes(int) deep.cpp:12
    #17 0x5619e77df69c in countDishes(int) deep.cpp:12
    #18 0x5619e77df69c in countDishes(int) deep.cpp:12
    #19 0x5619e77df69c in countDishes(int) deep.cpp:12
    #20 0x5619e77df69c in countDishes(int) deep.cpp:12
    #21 0x5619e77df69c in countDishes(int) deep.cpp:12
    #22 0x5619e77df69c in countDishes(int) deep.cpp:12
    #23 0x5619e77df69c in countDishes(int) deep.cpp:12
    #24 0x5619e77df69c in countDishes(int) deep.cpp:12
    #25 0x5619e77df69c in countDishes(int) deep.cpp:12
    #26 0x5619e77df69c in countDishes(int) deep.cpp:12
    #27 0x5619e77df69c in countDishes(int) deep.cpp:12
    #28 0x5619e77df69c in countDishes(int) deep.cpp:12
    #29 0x5619e77df69c in countDishes(int) deep.cpp:12
    #30 0x5619e77df69c in countDishes(int) deep.cpp:12
    #31 0x5619e77df69c in countDishes(int) deep.cpp:12
    #32 0x5619e77df69c in countDishes(int) deep.cpp:12
    #33 0x5619e77df69c in countDishes(int) deep.cpp:12
    #34 0x5619e77df69c in countDishes(int) deep.cpp:12
    #35 0x5619e77df69c in countDishes(int) deep.cpp:12
    #36 0x5619e77df69c in countDishes(int) deep.cpp:12
    #37 0x5619e77df69c in countDishes(int) deep.cpp:12
    #38 0x5619e77df69c in countDishes(int) deep.cpp:12
    #39 0x5619e77df69c in countDishes(int) deep.cpp:12
    #40 0x5619e77df69c in countDishes(int) deep.cpp:12
    #41 0x5619e77df69c in countDishes(int) deep.cpp:12
    #42 0x5619e77df69c in countDishes(int) deep.cpp:12
    #43 0x5619e77df69c in countDishes(int) deep.cpp:12
    #44 0x5619e77df69c in countDishes(int) deep.cpp:12
    #45 0x5619e77df69c in countDishes(int) deep.cpp:12
    #46 0x5619e77df69c in countDishes(int) deep.cpp:12
    #47 0x5619e77df69c in countDishes(int) deep.cpp:12
    #48 0x5619e77df69c in countDishes(int) deep.cpp:12
    #49 0x5619e77df69c in countDishes(int) deep.cpp:12
    #50 0x5619e77df69c in countDishes(int) deep.cpp:12
    #51 0x5619e77df69c in countDishes(int) deep.cpp:12
    #52 0x5619e77df69c in countDishes(int) deep.cpp:12
    #53 0x5619e77df69c in countDishes(int) deep.cpp:12
    #54 0x5619e77df69c in countDishes(int) deep.cpp:12
    #55 0x5619e77df69c in countDishes(int) deep.cpp:12
    #56 0x5619e77df69c in countDishes(int) deep.cpp:12
    #57 0x5619e77df69c in countDishes(int) deep.cpp:12
    #58 0x5619e77df69c in countDishes(int) deep.cpp:12
    #59 0x5619e77df69c in countDishes(int) deep.cpp:12
    #60 0x5619e77df69c in countDishes(int) deep.cpp:12
    #61 0x5619e77df69c in countDishes(int) deep.cpp:12
    #62 0x5619e77df69c in countDishes(int) deep.cpp:12
    #63 0x5619e77df69c in countDishes(int) deep.cpp:12
    #64 0x5619e77df69c in countDishes(int) deep.cpp:12
    #65 0x5619e77df69c in countDishes(int) deep.cpp:12
    #66 0x5619e77df69c in countDishes(int) deep.cpp:12
    #67 0x5619e77df69c in countDishes(int) deep.cpp:12
    #68 0x5619e77df69c in countDishes(int) deep.cpp:12
    #69 0x5619e77df69c in countDishes(int) deep.cpp:12
    #70 0x5619e77df69c in countDishes(int) deep.cpp:12
    #71 0x5619e77df69c in countDishes(int) deep.cpp:12
    #72 0x5619e77df69c in countDishes(int) deep.cpp:12
    #73 0x5619e77df69c in countDishes(int) deep.cpp:12
    #74 0x5619e77df69c in countDishes(int) deep.cpp:12
    #75 0x5619e77df69c in countDishes(int) deep.cpp:12
    #76 0x5619e77df69c in countDishes(int) deep.cpp:12
    #77 0x5619e77df69c in countDishes(int) deep.cpp:12
    #78 0x5619e77df69c in countDishes(int) deep.cpp:12
    #79 0x5619e77df69c in countDishes(int) deep.cpp:12
    #80 0x5619e77df69c in countDishes(int) deep.cpp:12
    #81 0x5619e77df69c in countDishes(int) deep.cpp:12
    #82 0x5619e77df69c in countDishes(int) deep.cpp:12
    #83 0x5619e77df69c in countDishes(int) deep.cpp:12
    #84 0x5619e77df69c in countDishes(int) deep.cpp:12
    #85 0x5619e77df69c in countDishes(int) deep.cpp:12
    #86 0x5619e77df69c in countDishes(int) deep.cpp:12
    #87 0x5619e77df69c in countDishes(int) deep.cpp:12
    #88 0x5619e77df69c in countDishes(int) deep.cpp:12
    #89 0x5619e77df69c in countDishes(int) deep.cpp:12
    #90 0x5619e77df69c in countDishes(int) deep.cpp:12
    #91 0x5619e77df69c in countDishes(int) deep.cpp:12
    #92 0x5619e77df69c in countDishes(int) deep.cpp:12
    #93 0x5619e77df69c in countDishes(int) deep.cpp:12
    #94 0x5619e77df69c in countDishes(int) deep.cpp:12
    #95 0x5619e77df69c in countDishes(int) deep.cpp:12
    #96 0x5619e77df69c in countDishes(int) deep.cpp:12
    #97 0x5619e77df69c in countDishes(int) deep.cpp:12
    #98 0x5619e77df69c in countDishes(int) deep.cpp:12
    #99 0x5619e77df69c in countDishes(int) deep.cpp:12
    #100 0x5619e77df69c in countDishes(int) deep.cpp:12
    #101 0x5619e77df69c in countDishes(int) deep.cpp:12
    #102 0x5619e77df69c in countDishes(int) deep.cpp:12
    #103 0x5619e77df69c in countDishes(int) deep.cpp:12
    #104 0x5619e77df69c in countDishes(int) deep.cpp:12
    #105 0x5619e77df69c in countDishes(int) deep.cpp:12
    #106 0x5619e77df69c in countDishes(int) deep.cpp:12
    #107 0x5619e77df69c in countDishes(int) deep.cpp:12
    #108 0x5619e77df69c in countDishes(int) deep.cpp:12
    #109 0x5619e77df69c in countDishes(int) deep.cpp:12
    #110 0x5619e77df69c in countDishes(int) deep.cpp:12
    #111 0x5619e77df69c in countDishes(int) deep.cpp:12
    #112 0x5619e77df69c in countDishes(int) deep.cpp:12
    #113 0x5619e77df69c in countDishes(int) deep.cpp:12
    #114 0x5619e77df69c in countDishes(int) deep.cpp:12
    #115 0x5619e77df69c in countDishes(int) deep.cpp:12
    #116 0x5619e77df69c in countDishes(int) deep.cpp:12
    #117 0x5619e77df69c in countDishes(int) deep.cpp:12
    #118 0x5619e77df69c in countDishes(int) deep.cpp:12
    #119 0x5619e77df69c in countDishes(int) deep.cpp:12
    #120 0x5619e77df69c in countDishes(int) deep.cpp:12
    #121 0x5619e77df69c in countDishes(int) deep.cpp:12
    #122 0x5619e77df69c in countDishes(int) deep.cpp:12
    #123 0x5619e77df69c in countDishes(int) deep.cpp:12
    #124 0x5619e77df69c in countDishes(int) deep.cpp:12
    #125 0x5619e77df69c in countDishes(int) deep.cpp:12
    #126 0x5619e77df69c in countDishes(int) deep.cpp:12
    #127 0x5619e77df69c in countDishes(int) deep.cpp:12
    #128 0x5619e77df69c in countDishes(int) deep.cpp:12
    #129 0x5619e77df69c in countDishes(int) deep.cpp:12
    #130 0x5619e77df69c in countDishes(int) deep.cpp:12
    #131 0x5619e77df69c in countDishes(int) deep.cpp:12
    #132 0x5619e77df69c in countDishes(int) deep.cpp:12
    #133 0x5619e77df69c in countDishes(int) deep.cpp:12
    #134 0x5619e77df69c in countDishes(int) deep.cpp:12
    #135 0x5619e77df69c in countDishes(int) deep.cpp:12
    #136 0x5619e77df69c in countDishes(int) deep.cpp:12
    #137 0x5619e77df69c in countDishes(int) deep.cpp:12
    #138 0x5619e77df69c in countDishes(int) deep.cpp:12
    #139 0x5619e77df69c in countDishes(int) deep.cpp:12
    #140 0x5619e77df69c in countDishes(int) deep.cpp:12
    #141 0x5619e77df69c in countDishes(int) deep.cpp:12
    #142 0x5619e77df69c in countDishes(int) deep.cpp:12
    #143 0x5619e77df69c in countDishes(int) deep.cpp:12
    #144 0x5619e77df69c in countDishes(int) deep.cpp:12
    #145 0x5619e77df69c in countDishes(int) deep.cpp:12
    #146 0x5619e77df69c in countDishes(int) deep.cpp:12
    #147 0x5619e77df69c in countDishes(int) deep.cpp:12
    #148 0x5619e77df69c in countDishes(int) deep.cpp:12
    #149 0x5619e77df69c in countDishes(int) deep.cpp:12
    #150 0x5619e77df69c in countDishes(int) deep.cpp:12
    #151 0x5619e77df69c in countDishes(int) deep.cpp:12
    #152 0x5619e77df69c in countDishes(int) deep.cpp:12
    #153 0x5619e77df69c in countDishes(int) deep.cpp:12
    #154 0x5619e77df69c in countDishes(int) deep.cpp:12
    #155 0x5619e77df69c in countDishes(int) deep.cpp:12
    #156 0x5619e77df69c in countDishes(int) deep.cpp:12
    #157 0x5619e77df69c in countDishes(int) deep.cpp:12
    #158 0x5619e77df69c in countDishes(int) deep.cpp:12
    #159 0x5619e77df69c in countDishes(int) deep.cpp:12
    #160 0x5619e77df69c in countDishes(int) deep.cpp:12
    #161 0x5619e77df69c in countDishes(int) deep.cpp:12
    #162 0x5619e77df69c in countDishes(int) deep.cpp:12
    #163 0x5619e77df69c in countDishes(int) deep.cpp:12
    #164 0x5619e77df69c in countDishes(int) deep.cpp:12
    #165 0x5619e77df69c in countDishes(int) deep.cpp:12
    #166 0x5619e77df69c in countDishes(int) deep.cpp:12
    #167 0x5619e77df69c in countDishes(int) deep.cpp:12
    #168 0x5619e77df69c in countDishes(int) deep.cpp:12
    #169 0x5619e77df69c in countDishes(int) deep.cpp:12
    #170 0x5619e77df69c in countDishes(int) deep.cpp:12
    #171 0x5619e77df69c in countDishes(int) deep.cpp:12
    #172 0x5619e77df69c in countDishes(int) deep.cpp:12
    #173 0x5619e77df69c in countDishes(int) deep.cpp:12
    #174 0x5619e77df69c in countDishes(int) deep.cpp:12
    #175 0x5619e77df69c in countDishes(int) deep.cpp:12
    #176 0x5619e77df69c in countDishes(int) deep.cpp:12
    #177 0x5619e77df69c in countDishes(int) deep.cpp:12
    #178 0x5619e77df69c in countDishes(int) deep.cpp:12
    #179 0x5619e77df69c in countDishes(int) deep.cpp:12
    #180 0x5619e77df69c in countDishes(int) deep.cpp:12
    #181 0x5619e77df69c in countDishes(int) deep.cpp:12
    #182 0x5619e77df69c in countDishes(int) deep.cpp:12
    #183 0x5619e77df69c in countDishes(int) deep.cpp:12
    #184 0x5619e77df69c in countDishes(int) deep.cpp:12
    #185 0x5619e77df69c in countDishes(int) deep.cpp:12
    #186 0x5619e77df69c in countDishes(int) deep.cpp:12
    #187 0x5619e77df69c in countDishes(int) deep.cpp:12
    #188 0x5619e77df69c in countDishes(int) deep.cpp:12
    #189 0x5619e77df69c in countDishes(int) deep.cpp:12
    #190 0x5619e77df69c in countDishes(int) deep.cpp:12
    #191 0x5619e77df69c in countDishes(int) deep.cpp:12
    #192 0x5619e77df69c in countDishes(int) deep.cpp:12
    #193 0x5619e77df69c in countDishes(int) deep.cpp:12
    #194 0x5619e77df69c in countDishes(int) deep.cpp:12
    #195 0x5619e77df69c in countDishes(int) deep.cpp:12
    #196 0x5619e77df69c in countDishes(int) deep.cpp:12
    #197 0x5619e77df69c in countDishes(int) deep.cpp:12
    #198 0x5619e77df69c in countDishes(int) deep.cpp:12
    #199 0x5619e77df69c in countDishes(int) deep.cpp:12
    #200 0x5619e77df69c in countDishes(int) deep.cpp:12
    #201 0x5619e77df69c in countDishes(int) deep.cpp:12
    #202 0x5619e77df69c in countDishes(int) deep.cpp:12
    #203 0x5619e77df69c in countDishes(int) deep.cpp:12
    #204 0x5619e77df69c in countDishes(int) deep.cpp:12
    #205 0x5619e77df69c in countDishes(int) deep.cpp:12
    #206 0x5619e77df69c in countDishes(int) deep.cpp:12
    #207 0x5619e77df69c in countDishes(int) deep.cpp:12
    #208 0x5619e77df69c in countDishes(int) deep.cpp:12
    #209 0x5619e77df69c in countDishes(int) deep.cpp:12
    #210 0x5619e77df69c in countDishes(int) deep.cpp:12
    #211 0x5619e77df69c in countDishes(int) deep.cpp:12
    #212 0x5619e77df69c in countDishes(int) deep.cpp:12
    #213 0x5619e77df69c in countDishes(int) deep.cpp:12
    #214 0x5619e77df69c in countDishes(int) deep.cpp:12
    #215 0x5619e77df69c in countDishes(int) deep.cpp:12
    #216 0x5619e77df69c in countDishes(int) deep.cpp:12
    #217 0x5619e77df69c in countDishes(int) deep.cpp:12
    #218 0x5619e77df69c in countDishes(int) deep.cpp:12
    #219 0x5619e77df69c in countDishes(int) deep.cpp:12
    #220 0x5619e77df69c in countDishes(int) deep.cpp:12
    #221 0x5619e77df69c in countDishes(int) deep.cpp:12
    #222 0x5619e77df69c in countDishes(int) deep.cpp:12
    #223 0x5619e77df69c in countDishes(int) deep.cpp:12
    #224 0x5619e77df69c in countDishes(int) deep.cpp:12
    #225 0x5619e77df69c in countDishes(int) deep.cpp:12
    #226 0x5619e77df69c in countDishes(int) deep.cpp:12
    #227 0x5619e77df69c in countDishes(int) deep.cpp:12
    #228 0x5619e77df69c in countDishes(int) deep.cpp:12
    #229 0x5619e77df69c in countDishes(int) deep.cpp:12
    #230 0x5619e77df69c in countDishes(int) deep.cpp:12
    #231 0x5619e77df69c in countDishes(int) deep.cpp:12
    #232 0x5619e77df69c in countDishes(int) deep.cpp:12
    #233 0x5619e77df69c in countDishes(int) deep.cpp:12
    #234 0x5619e77df69c in countDishes(int) deep.cpp:12
    #235 0x5619e77df69c in countDishes(int) deep.cpp:12
    #236 0x5619e77df69c in countDishes(int) deep.cpp:12
    #237 0x5619e77df69c in countDishes(int) deep.cpp:12
    #238 0x5619e77df69c in countDishes(int) deep.cpp:12
    #239 0x5619e77df69c in countDishes(int) deep.cpp:12
    #240 0x5619e77df69c in countDishes(int) deep.cpp:12
    #241 0x5619e77df69c in countDishes(int) deep.cpp:12
    #242 0x5619e77df69c in countDishes(int) deep.cpp:12
    #243 0x5619e77df69c in countDishes(int) deep.cpp:12
    #244 0x5619e77df69c in countDishes(int) deep.cpp:12
    #245 0x5619e77df69c in countDishes(int) deep.cpp:12
    #246 0x5619e77df69c in countDishes(int) deep.cpp:12

SUMMARY: AddressSanitizer: stack-overflow deep.cpp:6 in countDishes(int)
==20556==ABORTING
