$ g++ -std=c++20 -O2 -fcf-protection=none -c abi/abi_demo.cpp -o sysv.o
$ objdump --no-show-raw-insn -d sysv.o | sed -n '/<_Z4sum8llllllll>:/,/^$/p'
0000000000000000 <_Z4sum8llllllll>:
   0:	add    %rsi,%rdi
   3:	add    %rdx,%rdi
   6:	add    %rcx,%rdi
   9:	add    %r8,%rdi
   c:	lea    (%rdi,%r9,1),%rax
  10:	add    0x8(%rsp),%rax
  15:	add    0x10(%rsp),%rax
  1a:	ret
  1b:	nopl   0x0(%rax,%rax,1)

$ objdump --no-show-raw-insn -d sysv.o | sed -n '/<_Z7pairSum4Pair>:/,/^$/p'
0000000000000020 <_Z7pairSum4Pair>:
  20:	lea    (%rdi,%rsi,1),%rax
  24:	ret
  25:	data16 cs nopw 0x0(%rax,%rax,1)

$ objdump --no-show-raw-insn -d sysv.o | sed -n '/<_Z7makeBigl>:/,/^$/p'
0000000000000030 <_Z7makeBigl>:
  30:	lea    0x1(%rsi),%rdx
  34:	mov    %rsi,(%rdi)
  37:	mov    %rdi,%rax
  3a:	mov    %rdx,0x8(%rdi)
  3e:	lea    0x2(%rsi),%rdx
  42:	add    $0x3,%rsi
  46:	mov    %rdx,0x10(%rdi)
  4a:	mov    %rsi,0x18(%rdi)
  4e:	ret
  4f:	nop

$ objdump --no-show-raw-insn -d sysv.o | sed -n '/<_Z3mixidid>:/,/^$/p'
0000000000000050 <_Z3mixidid>:
  50:	movapd %xmm0,%xmm2
  54:	pxor   %xmm0,%xmm0
  58:	cvtsi2sd %edi,%xmm0
  5c:	mulsd  %xmm2,%xmm0
  60:	pxor   %xmm2,%xmm2
  64:	cvtsi2sd %esi,%xmm2
  68:	mulsd  %xmm1,%xmm2
  6c:	addsd  %xmm2,%xmm0
  70:	ret
  71:	data16 cs nopw 0x0(%rax,%rax,1)
  7c:	nopl   0x0(%rax)

$ objdump --no-show-raw-insn -d sysv.o | sed -n '/<_Z8callsOutl>:/,/^$/p'
0000000000000080 <_Z8callsOutl>:
  80:	sub    $0x8,%rsp
  84:	call   89 <_Z8callsOutl+0x9>
  89:	add    $0x8,%rsp
  8d:	add    $0x1,%rax
  91:	ret
