$ g++ -std=c++20 -O2 -c abi/vtable.cpp -o vtable.o
$ nm vtable.o | grep -E ' (V|W|T|U) '
0000000000000000 T _Z15makeThermometerv
0000000000000000 W _ZN11ThermometerD0Ev
0000000000000000 W _ZN11ThermometerD1Ev
0000000000000000 W _ZN11ThermometerD2Ev
0000000000000000 W _ZNK11Thermometer4readEv
0000000000000000 W _ZNK11Thermometer4unitEv
0000000000000000 V _ZTI11Thermometer
0000000000000000 V _ZTI6Sensor
0000000000000000 V _ZTS11Thermometer
0000000000000000 V _ZTS6Sensor
0000000000000000 V _ZTV11Thermometer
                 U _ZTVN10__cxxabiv117__class_type_infoE
                 U _ZTVN10__cxxabiv120__si_class_type_infoE
                 U _ZdlPvm
                 U _Znwm
$ nm -C vtable.o | grep -E 'vtable|typeinfo|Thermometer::|makeThermometer'
0000000000000000 T makeThermometer()
0000000000000000 W Thermometer::~Thermometer()
0000000000000000 W Thermometer::~Thermometer()
0000000000000000 W Thermometer::~Thermometer()
0000000000000000 n Thermometer::~Thermometer()
0000000000000000 W Thermometer::read() const
0000000000000000 W Thermometer::unit() const
0000000000000000 V typeinfo for Thermometer
0000000000000000 V typeinfo for Sensor
0000000000000000 V typeinfo name for Thermometer
0000000000000000 V typeinfo name for Sensor
0000000000000000 V vtable for Thermometer
                 U vtable for __cxxabiv1::__class_type_info
                 U vtable for __cxxabiv1::__si_class_type_info
$ readelf -SW vtable.o | grep -E 'ZTV11Thermometer'
  [26] .data.rel.ro.local._ZTV11Thermometer PROGBITS        0000000000000000 000150 000030 00 WAG  0   0  8
  [27] .rela.data.rel.ro.local._ZTV11Thermometer RELA            0000000000000000 0006c0 000078 18  IG 33  26  8
$ readelf -rW vtable.o | sed -n '/_ZTV11Thermometer/,/^$/p'
0000000000000015  0000001100000002 R_X86_64_PC32          0000000000000000 _ZTV11Thermometer + c

Relocation section '.rela.data.rel.ro.local._ZTV11Thermometer' at offset 0x6c0 contains 5 entries:
    Offset             Info             Type               Symbol's Value  Symbol's Name + Addend
0000000000000008  0000001600000001 R_X86_64_64            0000000000000000 _ZTI11Thermometer + 0
0000000000000010  0000000c00000001 R_X86_64_64            0000000000000000 _ZN11ThermometerD1Ev + 0
0000000000000018  0000000d00000001 R_X86_64_64            0000000000000000 _ZN11ThermometerD0Ev + 0
0000000000000020  0000000900000001 R_X86_64_64            0000000000000000 _ZNK11Thermometer4readEv + 0
0000000000000028  0000000a00000001 R_X86_64_64            0000000000000000 _ZNK11Thermometer4unitEv + 0

$ clang++ --target=x86_64-pc-windows-msvc -std=c++20 -O2 -c abi/vtable.cpp -o vtable.obj && llvm-nm vtable.obj | grep -E 'makeThermometer|read@Thermometer'
00000000 T ?makeThermometer@@YAPEAUSensor@@XZ
00000000 T ?read@Thermometer@@UEBAHXZ
