$ clang++ --target=x86_64-pc-windows-msvc -std=c++20 -O2 -c abi/abi_demo.cpp -o win64.obj
$ llvm-nm win64.obj
00000070 T ?callsOut@@YAJJ@Z
         U ?external@@YAJJ@Z
00000030 T ?makeBig@@YA?AUBig@@J@Z
00000050 T ?mix@@YANHNHN@Z
00000020 T ?pairSum@@YAJUPair@@@Z
00000000 T ?sum8@@YAJJJJJJJJJ@Z
00000000 a @feat.00
         U _fltused
$ llvm-objdump --no-show-raw-insn -d win64.obj | sed -n '/<?sum8@@YAJJJJJJJJJ@Z>:/,/^$/p'
0000000000000000 <?sum8@@YAJJJJJJJJJ@Z>:
       0:      	addl	%edx, %ecx
       2:      	leal	(%r8,%r9), %eax
       6:      	addl	%ecx, %eax
       8:      	addl	0x28(%rsp), %eax
       c:      	addl	0x30(%rsp), %eax
      10:      	addl	0x38(%rsp), %eax
      14:      	addl	0x40(%rsp), %eax
      18:      	retq
      19:      	nopl	(%rax)

$ llvm-objdump --no-show-raw-insn -d win64.obj | sed -n '/<?pairSum@@YAJUPair@@@Z>:/,/^$/p'
0000000000000020 <?pairSum@@YAJUPair@@@Z>:
      20:      	movq	%rcx, %rax
      23:      	shrq	$0x20, %rax
      27:      	addl	%ecx, %eax
      29:      	retq
      2a:      	nopw	(%rax,%rax)

$ llvm-objdump --no-show-raw-insn -d win64.obj | sed -n '/<?makeBig@@YA?AUBig@@J@Z>:/,/^$/p'
0000000000000030 <?makeBig@@YA?AUBig@@J@Z>:
      30:      	movq	%rcx, %rax
      33:      	movl	%edx, (%rcx)
      35:      	leal	0x1(%rdx), %ecx
      38:      	movl	%ecx, 0x4(%rax)
      3b:      	leal	0x2(%rdx), %ecx
      3e:      	movl	%ecx, 0x8(%rax)
      41:      	addl	$0x3, %edx
      44:      	movl	%edx, 0xc(%rax)
      47:      	retq
      48:      	nopl	(%rax,%rax)

$ llvm-objdump --no-show-raw-insn -d win64.obj | sed -n '/<?callsOut@@YAJJ@Z>:/,/^$/p'
0000000000000070 <?callsOut@@YAJJ@Z>:
      70:      	subq	$0x28, %rsp
      74:      	callq	0x79 <?callsOut@@YAJJ@Z+0x9>
      79:      	incl	%eax
      7b:      	addq	$0x28, %rsp
      7f:      	retq
