strace: Process N attached
[pid N]      0.000000 getsockopt(4, SOL_TCP, TCP_NODELAY, [0], [4]) = 0
[pid N]      0.000241 sendto(4, "REQ\0\0\0\08", 8, MSG_NOSIGNAL, NULL, 0) = 8
[pid N]      0.000217 sendto(4, "\0\0\0\0\0\0\0\0\0\0\0\0\0\0\0\0\0\0\0\0\0\0\0\0\0\0\0\0\0\0\0\0"..., 56, MSG_NOSIGNAL, NULL, 0) = 56
[pid N]      0.000069 recvfrom(5,  <unfinished ...>
[pid N]      0.000034 recvfrom(4,  <unfinished ...>
[pid N]      0.000017 <... recvfrom resumed>"REQ\0\0\0\08\0\0\0\0\0\0\0\0\0\0\0\0\0\0\0\0\0\0\0\0\0\0\0\0"..., 64, 0, NULL, NULL) = 64
[pid N]      0.000084 sendto(5, "OK\0\0\0\0\0\0", 8, MSG_NOSIGNAL, NULL, 0 <unfinished ...>
[pid N]      0.000113 <... recvfrom resumed>"OK\0\0\0\0\0\0", 8, 0, NULL, NULL) = 8
[pid N]      0.000024 <... sendto resumed>) = 8
[pid N]      0.000051 recvfrom(5,  <unfinished ...>
[pid N]      0.000094 sendto(4, "REQ\0\0\0\08", 8, MSG_NOSIGNAL, NULL, 0) = 8
[pid N]      0.000088 <... recvfrom resumed>"REQ\0\0\0\08", 64, 0, NULL, NULL) = 8
[pid N]      0.000036 sendto(4, "\0\0\0\0\0\0\0\0\0\0\0\0\0\0\0\0\0\0\0\0\0\0\0\0\0\0\0\0\0\0\0\0"..., 56, MSG_NOSIGNAL, NULL, 0 <unfinished ...>
[pid N]      0.000039 recvfrom(5,  <unfinished ...>
[pid N]      0.000038 <... sendto resumed>) = 56
[pid N]      0.000429 recvfrom(4,  <unfinished ...>
[pid N]      0.041713 <... recvfrom resumed>"\0\0\0\0\0\0\0\0\0\0\0\0\0\0\0\0\0\0\0\0\0\0\0\0\0\0\0\0\0\0\0\0"..., 56, 0, NULL, NULL) = 56
[pid N]      0.000162 sendto(5, "OK\0\0\0\0\0\0", 8, MSG_NOSIGNAL, NULL, 0) = 8
[pid N]      0.000207 <... recvfrom resumed>"OK\0\0\0\0\0\0", 8, 0, NULL, NULL) = 8
[pid N]      0.000098 sendto(4, "REQ\0\0\0\08", 8, MSG_NOSIGNAL, NULL, 0 <unfinished ...>
[pid N]      0.000042 recvfrom(5,  <unfinished ...>
[pid N]      0.000050 <... sendto resumed>) = 8
[pid N]      0.000025 <... recvfrom resumed>"REQ\0\0\0\08", 64, 0, NULL, NULL) = 8
[pid N]      0.000045 recvfrom(5,  <unfinished ...>
[pid N]      0.000045 sendto(4, "\0\0\0\0\0\0\0\0\0\0\0\0\0\0\0\0\0\0\0\0\0\0\0\0\0\0\0\0\0\0\0\0"..., 56, MSG_NOSIGNAL, NULL, 0) = 56
[pid N]      0.000106 recvfrom(4,  <unfinished ...>
[pid N]      0.043288 <... recvfrom resumed>"\0\0\0\0\0\0\0\0\0\0\0\0\0\0\0\0\0\0\0\0\0\0\0\0\0\0\0\0\0\0\0\0"..., 56, 0, NULL, NULL) = 56
[pid N]      0.000178 sendto(5, "OK\0\0\0\0\0\0", 8, MSG_NOSIGNAL, NULL, 0) = 8
[pid N]      0.000242 <... recvfrom resumed>"OK\0\0\0\0\0\0", 8, 0, NULL, NULL) = 8
[pid N]      0.000045 recvfrom(5, "", 64, 0, NULL, NULL) = 0
[pid N]      0.000923 +++ exited with 0 +++
client config: mode=trace TCP_NODELAY=0 request=8+56 bytes (two send calls) reply=8 bytes
first 8 requests (ms): 0.700 42.794 44.119
3 requests: min 0.700 ms, median 42.794 ms, max 44.119 ms
     0.000676 +++ exited with 0 +++
