% time     seconds  usecs/call     calls    errors syscall
------ ----------- ----------- --------- --------- ----------------
 52.39    0.548798          42     12831           recvfrom
 47.47    0.497285          38     12800           sendto
  0.04    0.000428         142         3           futex
  0.03    0.000283          25        11           close
  0.02    0.000162          23         7           brk
  0.01    0.000098          49         2           clone3
  0.01    0.000085          42         2           accept
  0.01    0.000075          37         2           connect
  0.01    0.000069           7         9           rt_sigprocmask
  0.01    0.000054          13         4           socket
  0.00    0.000039           9         4           setsockopt
  0.00    0.000034          17         2           madvise
  0.00    0.000029           9         3           set_robust_list
  0.00    0.000023           7         3           rseq
  0.00    0.000020          10         2           bind
  0.00    0.000014          14         1           write
  0.00    0.000012           6         2           listen
  0.00    0.000011           5         2           getsockname
  0.00    0.000000           0         4           read
  0.00    0.000000           0         6           fstat
  0.00    0.000000           0        24           mmap
  0.00    0.000000           0         8           mprotect
  0.00    0.000000           0         3           munmap
  0.00    0.000000           0         1           rt_sigaction
  0.00    0.000000           0         1         1 ioctl
  0.00    0.000000           0         2           pread64
  0.00    0.000000           0         1         1 access
  0.00    0.000000           0         1           execve
  0.00    0.000000           0         1           arch_prctl
  0.00    0.000000           0         1           set_tid_address
  0.00    0.000000           0         5           openat
  0.00    0.000000           0         1           prlimit64
  0.00    0.000000           0         1           getrandom
------ ----------- ----------- --------- --------- ----------------
100.00    1.047519          40     25750         2 total
