% time     seconds  usecs/call     calls    errors syscall
------ ----------- ----------- --------- --------- ----------------
 17.75    0.000255          10        24           mmap
 17.26    0.000248          27         9           rt_sigprocmask
 13.43    0.000193          64         3           futex
  9.95    0.000143          71         2           clone3
  9.19    0.000132          16         8           mprotect
  5.92    0.000085          28         3           rseq
  5.57    0.000080           8         9           brk
  2.78    0.000040           8         5           openat
  2.64    0.000038          12         3           munmap
  2.51    0.000036           6         6           fstat
  2.30    0.000033           6         5           close
  2.30    0.000033          11         3           set_robust_list
  1.67    0.000024           6         4           read
  1.46    0.000021          10         2           pread64
  0.84    0.000012          12         1         1 ioctl
  0.84    0.000012          12         1           set_tid_address
  0.84    0.000012          12         1           prlimit64
  0.84    0.000012          12         1           getrandom
  0.77    0.000011          11         1           rt_sigaction
  0.70    0.000010          10         1           arch_prctl
  0.42    0.000006           3         2           madvise
  0.07    0.000001           1         1           write
  0.00    0.000000           0         1         1 access
  0.00    0.000000           0         1           execve
------ ----------- ----------- --------- --------- ----------------
100.00    0.001437          14        97         2 total
