BEFORE (Monday build)
  bus busy 14.4 % of the time (2 s at 500000 bit/s, worst-case frames of 135 bits)
  message            id  rate_Hz  queued   sent   worst_lat_us  timeouts
  estop_beat     0x080       50     100    100            130         0
  status_L       0x180      100     200    200            400         0
  status_R       0x181      100     200    200            670         0
  odom_L         0x190      100     200    200            940         0
  odom_R         0x191      100     200    200           1210         0
  wheel_cmd      0x300      100     200    200           1480         0
  battery        0x700       10      20     20           1750         0

AFTER (IMU board added, Wednesday build)
  bus busy 100.0 % of the time (2 s at 500000 bit/s, worst-case frames of 135 bits)
  message            id  rate_Hz  queued   sent   worst_lat_us  timeouts
  estop_beat     0x080       50     100    100            390         0
  status_L       0x180      100     200      0              0         0
  status_R       0x181      100     200      0              0         0
  odom_L         0x190      100     200      0              0         0
  odom_R         0x191      100     200      0              0         0
  wheel_cmd      0x300      100     200      0              0        66
  battery        0x700       10      20      0              0         0
  imu_accel      0x100     1000    2000   2000            660         0
  imu_gyro       0x101     1000    2000   2000            930         0
  imu_mag_temp   0x102     1000    2000   2000           1200         0
  imu_status     0x103     1000    2000   1360           3090         0

