owners of Ana: 2, of Bo: 2
end of the shift (nobody went home?)

=================================================================
==20991==ERROR: LeakSanitizer: detected memory leaks

Indirect leak of 64 byte(s) in 1 object(s) allocated from:
    #0 0x7fb7fb2fe548 in operator new(unsigned long) ../../../../src/libsanitizer/asan/asan_new_delete.cpp:95
    #1 0x5655347d03cc in std::__new_allocator<std::_Sp_counted_ptr_inplace<Cook, std::allocator<void>, (__gnu_cxx::_Lock_policy)2> >::allocate(unsigned long, void const*) /usr/include/c++/13/bits/new_allocator.h:151
    #2 0x5655347ce735 in std::allocator<std::_Sp_counted_ptr_inplace<Cook, std::allocator<void>, (__gnu_cxx::_Lock_policy)2> >::allocate(unsigned long) /usr/include/c++/13/bits/allocator.h:198
    #3 0x5655347ce735 in std::allocator_traits<std::allocator<std::_Sp_counted_ptr_inplace<Cook, std::allocator<void>, (__gnu_cxx::_Lock_policy)2> > >::allocate(std::allocator<std::_Sp_counted_ptr_inplace<Cook, std::allocator<void>, (__gnu_cxx::_Lock_policy)2> >&, unsigned long) /usr/include/c++/13/bits/alloc_traits.h:482
    #4 0x5655347ce735 in std::__allocated_ptr<std::allocator<std::_Sp_counted_ptr_inplace<Cook, std::allocator<void>, (__gnu_cxx::_Lock_policy)2> > > std::__allocate_guarded<std::allocator<std::_Sp_counted_ptr_inplace<Cook, std::allocator<void>, (__gnu_cxx::_Lock_policy)2> > >(std::allocator<std::_Sp_counted_ptr_inplace<Cook, std::allocator<void>, (__gnu_cxx::_Lock_policy)2> >&) /usr/include/c++/13/bits/allocated_ptr.h:98
    #5 0x5655347ce110 in std::__shared_count<(__gnu_cxx::_Lock_policy)2>::__shared_count<Cook, std::allocator<void>, char const (&) [3]>(Cook*&, std::_Sp_alloc_shared_tag<std::allocator<void> >, char const (&) [3]) /usr/include/c++/13/bits/shared_ptr_base.h:969
    #6 0x5655347cd5fd in std::__shared_ptr<Cook, (__gnu_cxx::_Lock_policy)2>::__shared_ptr<std::allocator<void>, char const (&) [3]>(std::_Sp_alloc_shared_tag<std::allocator<void> >, char const (&) [3]) /usr/include/c++/13/bits/shared_ptr_base.h:1712
    #7 0x5655347cc59d in std::shared_ptr<Cook>::shared_ptr<std::allocator<void>, char const (&) [3]>(std::_Sp_alloc_shared_tag<std::allocator<void> >, char const (&) [3]) /usr/include/c++/13/bits/shared_ptr.h:464
    #8 0x5655347ca4c3 in std::shared_ptr<Cook> std::make_shared<Cook, char const (&) [3]>(char const (&) [3]) /usr/include/c++/13/bits/shared_ptr.h:1010
    #9 0x5655347c67ec in main cycle.cpp:18
    #10 0x7fb7fa22a1c9 in __libc_start_call_main ../sysdeps/nptl/libc_start_call_main.h:58
    #11 0x7fb7fa22a28a in __libc_start_main_impl ../csu/libc-start.c:360
    #12 0x5655347c6524 in _start (.bin_cycle+0x13524) (BuildId: b0e83d88805da5c5605136e36bef2c557d218ac6)

Indirect leak of 64 byte(s) in 1 object(s) allocated from:
    #0 0x7fb7fb2fe548 in operator new(unsigned long) ../../../../src/libsanitizer/asan/asan_new_delete.cpp:95
    #1 0x5655347d03cc in std::__new_allocator<std::_Sp_counted_ptr_inplace<Cook, std::allocator<void>, (__gnu_cxx::_Lock_policy)2> >::allocate(unsigned long, void const*) /usr/include/c++/13/bits/new_allocator.h:151
    #2 0x5655347ce735 in std::allocator<std::_Sp_counted_ptr_inplace<Cook, std::allocator<void>, (__gnu_cxx::_Lock_policy)2> >::allocate(unsigned long) /usr/include/c++/13/bits/allocator.h:198
    #3 0x5655347ce735 in std::allocator_traits<std::allocator<std::_Sp_counted_ptr_inplace<Cook, std::allocator<void>, (__gnu_cxx::_Lock_policy)2> > >::allocate(std::allocator<std::_Sp_counted_ptr_inplace<Cook, std::allocator<void>, (__gnu_cxx::_Lock_policy)2> >&, unsigned long) /usr/include/c++/13/bits/alloc_traits.h:482
    #4 0x5655347ce735 in std::__allocated_ptr<std::allocator<std::_Sp_counted_ptr_inplace<Cook, std::allocator<void>, (__gnu_cxx::_Lock_policy)2> > > std::__allocate_guarded<std::allocator<std::_Sp_counted_ptr_inplace<Cook, std::allocator<void>, (__gnu_cxx::_Lock_policy)2> > >(std::allocator<std::_Sp_counted_ptr_inplace<Cook, std::allocator<void>, (__gnu_cxx::_Lock_policy)2> >&) /usr/include/c++/13/bits/allocated_ptr.h:98
    #5 0x5655347cdc7c in std::__shared_count<(__gnu_cxx::_Lock_policy)2>::__shared_count<Cook, std::allocator<void>, char const (&) [4]>(Cook*&, std::_Sp_alloc_shared_tag<std::allocator<void> >, char const (&) [4]) /usr/include/c++/13/bits/shared_ptr_base.h:969
    #6 0x5655347cd2c1 in std::__shared_ptr<Cook, (__gnu_cxx::_Lock_policy)2>::__shared_ptr<std::allocator<void>, char const (&) [4]>(std::_Sp_alloc_shared_tag<std::allocator<void> >, char const (&) [4]) /usr/include/c++/13/bits/shared_ptr_base.h:1712
    #7 0x5655347cc3c9 in std::shared_ptr<Cook>::shared_ptr<std::allocator<void>, char const (&) [4]>(std::_Sp_alloc_shared_tag<std::allocator<void> >, char const (&) [4]) /usr/include/c++/13/bits/shared_ptr.h:464
    #8 0x5655347ca38a in std::shared_ptr<Cook> std::make_shared<Cook, char const (&) [4]>(char const (&) [4]) /usr/include/c++/13/bits/shared_ptr.h:1010
    #9 0x5655347c67b4 in main cycle.cpp:17
    #10 0x7fb7fa22a1c9 in __libc_start_call_main ../sysdeps/nptl/libc_start_call_main.h:58
    #11 0x7fb7fa22a28a in __libc_start_main_impl ../csu/libc-start.c:360
    #12 0x5655347c6524 in _start (.bin_cycle+0x13524) (BuildId: b0e83d88805da5c5605136e36bef2c557d218ac6)

SUMMARY: AddressSanitizer: 128 byte(s) leaked in 2 allocation(s).
