built a list of 1000 nodes, now leaving the block
built a list of 1000000 nodes, now leaving the block
AddressSanitizer:DEADLYSIGNAL
=================================================================
==21053==ERROR: AddressSanitizer: stack-overflow on address 0x7ffe2c70fff8 (pc 0x562cb2d0bbcc bp 0x7ffe2c710000 sp 0x7ffe2c710000 T0)
    #0 0x562cb2d0bbcc in std::_Head_base<1ul, std::default_delete<Node>, true>::_M_head(std::_Head_base<1ul, std::default_delete<Node>, true>&) /usr/include/c++/13/tuple:125
    #1 0x562cb2d0babf in std::_Tuple_impl<1ul, std::default_delete<Node> >::_M_head(std::_Tuple_impl<1ul, std::default_delete<Node> >&) /usr/include/c++/13/tuple:497
    #2 0x562cb2d0b9f8 in std::default_delete<Node>& std::__get_helper<1ul, std::default_delete<Node>>(std::_Tuple_impl<1ul, std::default_delete<Node>>&) /usr/include/c++/13/tuple:1788
    #3 0x562cb2d0b8d2 in std::tuple_element<1ul, std::tuple<Node*, std::default_delete<Node> > >::type& std::get<1ul, Node*, std::default_delete<Node> >(std::tuple<Node*, std::default_delete<Node> >&) /usr/include/c++/13/tuple:1804
    #4 0x562cb2d0b5e9 in std::__uniq_ptr_impl<Node, std::default_delete<Node> >::_M_deleter() /usr/include/c++/13/bits/unique_ptr.h:201
    #5 0x562cb2d0aef7 in std::unique_ptr<Node, std::default_delete<Node> >::get_deleter() /usr/include/c++/13/bits/unique_ptr.h:476
    #6 0x562cb2d0a93c in std::unique_ptr<Node, std::default_delete<Node> >::~unique_ptr() /usr/include/c++/13/bits/unique_ptr.h:404
    #7 0x562cb2d0afed in Node::~Node() deep_list.cpp:5
    #8 0x562cb2d0b040 in std::default_delete<Node>::operator()(Node*) const /usr/include/c++/13/bits/unique_ptr.h:99
    #9 0x562cb2d0a9ba in std::unique_ptr<Node, std::default_delete<Node> >::~unique_ptr() /usr/include/c++/13/bits/unique_ptr.h:404
    #10 0x562cb2d0afed in Node::~Node() deep_list.cpp:5
    #11 0x562cb2d0b040 in std::default_delete<Node>::operator()(Node*) const /usr/include/c++/13/bits/unique_ptr.h:99
    #12 0x562cb2d0a9ba in std::unique_ptr<Node, std::default_delete<Node> >::~unique_ptr() /usr/include/c++/13/bits/unique_ptr.h:404
    #13 0x562cb2d0afed in Node::~Node() deep_list.cpp:5
    #14 0x562cb2d0b040 in std::default_delete<Node>::operator()(Node*) const /usr/include/c++/13/bits/unique_ptr.h:99
    #15 0x562cb2d0a9ba in std::unique_ptr<Node, std::default_delete<Node> >::~unique_ptr() /usr/include/c++/13/bits/unique_ptr.h:404
    #16 0x562cb2d0afed in Node::~Node() deep_list.cpp:5
    #17 0x562cb2d0b040 in std::default_delete<Node>::operator()(Node*) const /usr/include/c++/13/bits/unique_ptr.h:99
    #18 0x562cb2d0a9ba in std::unique_ptr<Node, std::default_delete<Node> >::~unique_ptr() /usr/include/c++/13/bits/unique_ptr.h:404
    #19 0x562cb2d0afed in Node::~Node() deep_list.cpp:5
    #20 0x562cb2d0b040 in std::default_delete<Node>::operator()(Node*) const /usr/include/c++/13/bits/unique_ptr.h:99
    #21 0x562cb2d0a9ba in std::unique_ptr<Node, std::default_delete<Node> >::~unique_ptr() /usr/include/c++/13/bits/unique_ptr.h:404
    #22 0x562cb2d0afed in Node::~Node() deep_list.cpp:5
    #23 0x562cb2d0b040 in std::default_delete<Node>::operator()(Node*) const /usr/include/c++/13/bits/unique_ptr.h:99
    #24 0x562cb2d0a9ba in std::unique_ptr<Node, std::default_delete<Node> >::~unique_ptr() /usr/include/c++/13/bits/unique_ptr.h:404
    #25 0x562cb2d0afed in Node::~Node() deep_list.cpp:5
    #26 0x562cb2d0b040 in std::default_delete<Node>::operator()(Node*) const /usr/include/c++/13/bits/unique_ptr.h:99
    #27 0x562cb2d0a9ba in std::unique_ptr<Node, std::default_delete<Node> >::~unique_ptr() /usr/include/c++/13/bits/unique_ptr.h:404
    #28 0x562cb2d0afed in Node::~Node() deep_list.cpp:5
    #29 0x562cb2d0b040 in std::default_delete<Node>::operator()(Node*) const /usr/include/c++/13/bits/unique_ptr.h:99
    #30 0x562cb2d0a9ba in std::unique_ptr<Node, std::default_delete<Node> >::~unique_ptr() /usr/include/c++/13/bits/unique_ptr.h:404
    #31 0x562cb2d0afed in Node::~Node() deep_list.cpp:5
    #32 0x562cb2d0b040 in std::default_delete<Node>::operator()(Node*) const /usr/include/c++/13/bits/unique_ptr.h:99
    #33 0x562cb2d0a9ba in std::unique_ptr<Node, std::default_delete<Node> >::~unique_ptr() /usr/include/c++/13/bits/unique_ptr.h:404
    #34 0x562cb2d0afed in Node::~Node() deep_list.cpp:5
    #35 0x562cb2d0b040 in std::default_delete<Node>::operator()(Node*) const /usr/include/c++/13/bits/unique_ptr.h:99
    #36 0x562cb2d0a9ba in std::unique_ptr<Node, std::default_delete<Node> >::~unique_ptr() /usr/include/c++/13/bits/unique_ptr.h:404
    #37 0x562cb2d0afed in Node::~Node() deep_list.cpp:5
    #38 0x562cb2d0b040 in std::default_delete<Node>::operator()(Node*) const /usr/include/c++/13/bits/unique_ptr.h:99
    #39 0x562cb2d0a9ba in std::unique_ptr<Node, std::default_delete<Node> >::~unique_ptr() /usr/include/c++/13/bits/unique_ptr.h:404
    #40 0x562cb2d0afed in Node::~Node() deep_list.cpp:5
    #41 0x562cb2d0b040 in std::default_delete<Node>::operator()(Node*) const /usr/include/c++/13/bits/unique_ptr.h:99
    #42 0x562cb2d0a9ba in std::unique_ptr<Node, std::default_delete<Node> >::~unique_ptr() /usr/include/c++/13/bits/unique_ptr.h:404
    #43 0x562cb2d0afed in Node::~Node() deep_list.cpp:5
    #44 0x562cb2d0b040 in std::default_delete<Node>::operator()(Node*) const /usr/include/c++/13/bits/unique_ptr.h:99
    #45 0x562cb2d0a9ba in std::unique_ptr<Node, std::default_delete<Node> >::~unique_ptr() /usr/include/c++/13/bits/unique_ptr.h:404
    #46 0x562cb2d0afed in Node::~Node() deep_list.cpp:5
    #47 0x562cb2d0b040 in std::default_delete<Node>::operator()(Node*) const /usr/include/c++/13/bits/unique_ptr.h:99
    #48 0x562cb2d0a9ba in std::unique_ptr<Node, std::default_delete<Node> >::~unique_ptr() /usr/include/c++/13/bits/unique_ptr.h:404
    #49 0x562cb2d0afed in Node::~Node() deep_list.cpp:5
    #50 0x562cb2d0b040 in std::default_delete<Node>::operator()(Node*) const /usr/include/c++/13/bits/unique_ptr.h:99
    #51 0x562cb2d0a9ba in std::unique_ptr<Node, std::default_delete<Node> >::~unique_ptr() /usr/include/c++/13/bits/unique_ptr.h:404
    #52 0x562cb2d0afed in Node::~Node() deep_list.cpp:5
    #53 0x562cb2d0b040 in std::default_delete<Node>::operator()(Node*) const /usr/include/c++/13/bits/unique_ptr.h:99
    #54 0x562cb2d0a9ba in std::unique_ptr<Node, std::default_delete<Node> >::~unique_ptr() /usr/include/c++/13/bits/unique_ptr.h:404
    #55 0x562cb2d0afed in Node::~Node() deep_list.cpp:5
    #56 0x562cb2d0b040 in std::default_delete<Node>::operator()(Node*) const /usr/include/c++/13/bits/unique_ptr.h:99
    #57 0x562cb2d0a9ba in std::unique_ptr<Node, std::default_delete<Node> >::~unique_ptr() /usr/include/c++/13/bits/unique_ptr.h:404
    #58 0x562cb2d0afed in Node::~Node() deep_list.cpp:5
    #59 0x562cb2d0b040 in std::default_delete<Node>::operator()(Node*) const /usr/include/c++/13/bits/unique_ptr.h:99
    #60 0x562cb2d0a9ba in std::unique_ptr<Node, std::default_delete<Node> >::~unique_ptr() /usr/include/c++/13/bits/unique_ptr.h:404
    #61 0x562cb2d0afed in Node::~Node() deep_list.cpp:5
    #62 0x562cb2d0b040 in std::default_delete<Node>::operator()(Node*) const /usr/include/c++/13/bits/unique_ptr.h:99
    #63 0x562cb2d0a9ba in std::unique_ptr<Node, std::default_delete<Node> >::~unique_ptr() /usr/include/c++/13/bits/unique_ptr.h:404
    #64 0x562cb2d0afed in Node::~Node() deep_list.cpp:5
    #65 0x562cb2d0b040 in std::default_delete<Node>::operator()(Node*) const /usr/include/c++/13/bits/unique_ptr.h:99
    #66 0x562cb2d0a9ba in std::unique_ptr<Node, std::default_delete<Node> >::~unique_ptr() /usr/include/c++/13/bits/unique_ptr.h:404
    #67 0x562cb2d0afed in Node::~Node() deep_list.cpp:5
    #68 0x562cb2d0b040 in std::default_delete<Node>::operator()(Node*) const /usr/include/c++/13/bits/unique_ptr.h:99
    #69 0x562cb2d0a9ba in std::unique_ptr<Node, std::default_delete<Node> >::~unique_ptr() /usr/include/c++/13/bits/unique_ptr.h:404
    #70 0x562cb2d0afed in Node::~Node() deep_list.cpp:5
    #71 0x562cb2d0b040 in std::default_delete<Node>::operator()(Node*) const /usr/include/c++/13/bits/unique_ptr.h:99
    #72 0x562cb2d0a9ba in std::unique_ptr<Node, std::default_delete<Node> >::~unique_ptr() /usr/include/c++/13/bits/unique_ptr.h:404
    #73 0x562cb2d0afed in Node::~Node() deep_list.cpp:5
    #74 0x562cb2d0b040 in std::default_delete<Node>::operator()(Node*) const /usr/include/c++/13/bits/unique_ptr.h:99
    #75 0x562cb2d0a9ba in std::unique_ptr<Node, std::default_delete<Node> >::~unique_ptr() /usr/include/c++/13/bits/unique_ptr.h:404
    #76 0x562cb2d0afed in Node::~Node() deep_list.cpp:5
    #77 0x562cb2d0b040 in std::default_delete<Node>::operator()(Node*) const /usr/include/c++/13/bits/unique_ptr.h:99
    #78 0x562cb2d0a9ba in std::unique_ptr<Node, std::default_delete<Node> >::~unique_ptr() /usr/include/c++/13/bits/unique_ptr.h:404
    #79 0x562cb2d0afed in Node::~Node() deep_list.cpp:5
    #80 0x562cb2d0b040 in std::default_delete<Node>::operator()(Node*) const /usr/include/c++/13/bits/unique_ptr.h:99
    #81 0x562cb2d0a9ba in std::unique_ptr<Node, std::default_delete<Node> >::~unique_ptr() /usr/include/c++/13/bits/unique_ptr.h:404
    #82 0x562cb2d0afed in Node::~Node() deep_list.cpp:5
    #83 0x562cb2d0b040 in std::default_delete<Node>::operator()(Node*) const /usr/include/c++/13/bits/unique_ptr.h:99
    #84 0x562cb2d0a9ba in std::unique_ptr<Node, std::default_delete<Node> >::~unique_ptr() /usr/include/c++/13/bits/unique_ptr.h:404
    #85 0x562cb2d0afed in Node::~Node() deep_list.cpp:5
    #86 0x562cb2d0b040 in std::default_delete<Node>::operator()(Node*) const /usr/include/c++/13/bits/unique_ptr.h:99
    #87 0x562cb2d0a9ba in std::unique_ptr<Node, std::default_delete<Node> >::~unique_ptr() /usr/include/c++/13/bits/unique_ptr.h:404
    #88 0x562cb2d0afed in Node::~Node() deep_list.cpp:5
    #89 0x562cb2d0b040 in std::default_delete<Node>::operator()(Node*) const /usr/include/c++/13/bits/unique_ptr.h:99
    #90 0x562cb2d0a9ba in std::unique_ptr<Node, std::default_delete<Node> >::~unique_ptr() /usr/include/c++/13/bits/unique_ptr.h:404
    #91 0x562cb2d0afed in Node::~Node() deep_list.cpp:5
    #92 0x562cb2d0b040 in std::default_delete<Node>::operator()(Node*) const /usr/include/c++/13/bits/unique_ptr.h:99
    #93 0x562cb2d0a9ba in std::unique_ptr<Node, std::default_delete<Node> >::~unique_ptr() /usr/include/c++/13/bits/unique_ptr.h:404
    #94 0x562cb2d0afed in Node::~Node() deep_list.cpp:5
    #95 0x562cb2d0b040 in std::default_delete<Node>::operator()(Node*) const /usr/include/c++/13/bits/unique_ptr.h:99
    #96 0x562cb2d0a9ba in std::unique_ptr<Node, std::default_delete<Node> >::~unique_ptr() /usr/include/c++/13/bits/unique_ptr.h:404
    #97 0x562cb2d0afed in Node::~Node() deep_list.cpp:5
    #98 0x562cb2d0b040 in std::default_delete<Node>::operator()(Node*) const /usr/include/c++/13/bits/unique_ptr.h:99
    #99 0x562cb2d0a9ba in std::unique_ptr<Node, std::default_delete<Node> >::~unique_ptr() /usr/include/c++/13/bits/unique_ptr.h:404
    #100 0x562cb2d0afed in Node::~Node() deep_list.cpp:5
    #101 0x562cb2d0b040 in std::default_delete<Node>::operator()(Node*) const /usr/include/c++/13/bits/unique_ptr.h:99
    #102 0x562cb2d0a9ba in std::unique_ptr<Node, std::default_delete<Node> >::~unique_ptr() /usr/include/c++/13/bits/unique_ptr.h:404
    #103 0x562cb2d0afed in Node::~Node() deep_list.cpp:5
    #104 0x562cb2d0b040 in std::default_delete<Node>::operator()(Node*) const /usr/include/c++/13/bits/unique_ptr.h:99
    #105 0x562cb2d0a9ba in std::unique_ptr<Node, std::default_delete<Node> >::~unique_ptr() /usr/include/c++/13/bits/unique_ptr.h:404
    #106 0x562cb2d0afed in Node::~Node() deep_list.cpp:5
    #107 0x562cb2d0b040 in std::default_delete<Node>::operator()(Node*) const /usr/include/c++/13/bits/unique_ptr.h:99
    #108 0x562cb2d0a9ba in std::unique_ptr<Node, std::default_delete<Node> >::~unique_ptr() /usr/include/c++/13/bits/unique_ptr.h:404
    #109 0x562cb2d0afed in Node::~Node() deep_list.cpp:5
    #110 0x562cb2d0b040 in std::default_delete<Node>::operator()(Node*) const /usr/include/c++/13/bits/unique_ptr.h:99
    #111 0x562cb2d0a9ba in std::unique_ptr<Node, std::default_delete<Node> >::~unique_ptr() /usr/include/c++/13/bits/unique_ptr.h:404
    #112 0x562cb2d0afed in Node::~Node() deep_list.cpp:5
    #113 0x562cb2d0b040 in std::default_delete<Node>::operator()(Node*) const /usr/include/c++/13/bits/unique_ptr.h:99
    #114 0x562cb2d0a9ba in std::unique_ptr<Node, std::default_delete<Node> >::~unique_ptr() /usr/include/c++/13/bits/unique_ptr.h:404
    #115 0x562cb2d0afed in Node::~Node() deep_list.cpp:5
    #116 0x562cb2d0b040 in std::default_delete<Node>::operator()(Node*) const /usr/include/c++/13/bits/unique_ptr.h:99
    #117 0x562cb2d0a9ba in std::unique_ptr<Node, std::default_delete<Node> >::~unique_ptr() /usr/include/c++/13/bits/unique_ptr.h:404
    #118 0x562cb2d0afed in Node::~Node() deep_list.cpp:5
    #119 0x562cb2d0b040 in std::default_delete<Node>::operator()(Node*) const /usr/include/c++/13/bits/unique_ptr.h:99
    #120 0x562cb2d0a9ba in std::unique_ptr<Node, std::default_delete<Node> >::~unique_ptr() /usr/include/c++/13/bits/unique_ptr.h:404
    #121 0x562cb2d0afed in Node::~Node() deep_list.cpp:5
    #122 0x562cb2d0b040 in std::default_delete<Node>::operator()(Node*) const /usr/include/c++/13/bits/unique_ptr.h:99
    #123 0x562cb2d0a9ba in std::unique_ptr<Node, std::default_delete<Node> >::~unique_ptr() /usr/include/c++/13/bits/unique_ptr.h:404
    #124 0x562cb2d0afed in Node::~Node() deep_list.cpp:5
    #125 0x562cb2d0b040 in std::default_delete<Node>::operator()(Node*) const /usr/include/c++/13/bits/unique_ptr.h:99
    #126 0x562cb2d0a9ba in std::unique_ptr<Node, std::default_delete<Node> >::~unique_ptr() /usr/include/c++/13/bits/unique_ptr.h:404
    #127 0x562cb2d0afed in Node::~Node() deep_list.cpp:5
    #128 0x562cb2d0b040 in std::default_delete<Node>::operator()(Node*) const /usr/include/c++/13/bits/unique_ptr.h:99
    #129 0x562cb2d0a9ba in std::unique_ptr<Node, std::default_delete<Node> >::~unique_ptr() /usr/include/c++/13/bits/unique_ptr.h:404
    #130 0x562cb2d0afed in Node::~Node() deep_list.cpp:5
    #131 0x562cb2d0b040 in std::default_delete<Node>::operator()(Node*) const /usr/include/c++/13/bits/unique_ptr.h:99
    #132 0x562cb2d0a9ba in std::unique_ptr<Node, std::default_delete<Node> >::~unique_ptr() /usr/include/c++/13/bits/unique_ptr.h:404
    #133 0x562cb2d0afed in Node::~Node() deep_list.cpp:5
    #134 0x562cb2d0b040 in std::default_delete<Node>::operator()(Node*) const /usr/include/c++/13/bits/unique_ptr.h:99
    #135 0x562cb2d0a9ba in std::unique_ptr<Node, std::default_delete<Node> >::~unique_ptr() /usr/include/c++/13/bits/unique_ptr.h:404
    #136 0x562cb2d0afed in Node::~Node() deep_list.cpp:5
    #137 0x562cb2d0b040 in std::default_delete<Node>::operator()(Node*) const /usr/include/c++/13/bits/unique_ptr.h:99
    #138 0x562cb2d0a9ba in std::unique_ptr<Node, std::default_delete<Node> >::~unique_ptr() /usr/include/c++/13/bits/unique_ptr.h:404
    #139 0x562cb2d0afed in Node::~Node() deep_list.cpp:5
    #140 0x562cb2d0b040 in std::default_delete<Node>::operator()(Node*) const /usr/include/c++/13/bits/unique_ptr.h:99
    #141 0x562cb2d0a9ba in std::unique_ptr<Node, std::default_delete<Node> >::~unique_ptr() /usr/include/c++/13/bits/unique_ptr.h:404
    #142 0x562cb2d0afed in Node::~Node() deep_list.cpp:5
    #143 0x562cb2d0b040 in std::default_delete<Node>::operator()(Node*) const /usr/include/c++/13/bits/unique_ptr.h:99
    #144 0x562cb2d0a9ba in std::unique_ptr<Node, std::default_delete<Node> >::~unique_ptr() /usr/include/c++/13/bits/unique_ptr.h:404
    #145 0x562cb2d0afed in Node::~Node() deep_list.cpp:5
    #146 0x562cb2d0b040 in std::default_delete<Node>::operator()(Node*) const /usr/include/c++/13/bits/unique_ptr.h:99
    #147 0x562cb2d0a9ba in std::unique_ptr<Node, std::default_delete<Node> >::~unique_ptr() /usr/include/c++/13/bits/unique_ptr.h:404
    #148 0x562cb2d0afed in Node::~Node() deep_list.cpp:5
    #149 0x562cb2d0b040 in std::default_delete<Node>::operator()(Node*) const /usr/include/c++/13/bits/unique_ptr.h:99
    #150 0x562cb2d0a9ba in std::unique_ptr<Node, std::default_delete<Node> >::~unique_ptr() /usr/include/c++/13/bits/unique_ptr.h:404
    #151 0x562cb2d0afed in Node::~Node() deep_list.cpp:5
    #152 0x562cb2d0b040 in std::default_delete<Node>::operator()(Node*) const /usr/include/c++/13/bits/unique_ptr.h:99
    #153 0x562cb2d0a9ba in std::unique_ptr<Node, std::default_delete<Node> >::~unique_ptr() /usr/include/c++/13/bits/unique_ptr.h:404
    #154 0x562cb2d0afed in Node::~Node() deep_list.cpp:5
    #155 0x562cb2d0b040 in std::default_delete<Node>::operator()(Node*) const /usr/include/c++/13/bits/unique_ptr.h:99
    #156 0x562cb2d0a9ba in std::unique_ptr<Node, std::default_delete<Node> >::~unique_ptr() /usr/include/c++/13/bits/unique_ptr.h:404
    #157 0x562cb2d0afed in Node::~Node() deep_list.cpp:5
    #158 0x562cb2d0b040 in std::default_delete<Node>::operator()(Node*) const /usr/include/c++/13/bits/unique_ptr.h:99
    #159 0x562cb2d0a9ba in std::unique_ptr<Node, std::default_delete<Node> >::~unique_ptr() /usr/include/c++/13/bits/unique_ptr.h:404
    #160 0x562cb2d0afed in Node::~Node() deep_list.cpp:5
    #161 0x562cb2d0b040 in std::default_delete<Node>::operator()(Node*) const /usr/include/c++/13/bits/unique_ptr.h:99
    #162 0x562cb2d0a9ba in std::unique_ptr<Node, std::default_delete<Node> >::~unique_ptr() /usr/include/c++/13/bits/unique_ptr.h:404
    #163 0x562cb2d0afed in Node::~Node() deep_list.cpp:5
    #164 0x562cb2d0b040 in std::default_delete<Node>::operator()(Node*) const /usr/include/c++/13/bits/unique_ptr.h:99
    #165 0x562cb2d0a9ba in std::unique_ptr<Node, std::default_delete<Node> >::~unique_ptr() /usr/include/c++/13/bits/unique_ptr.h:404
    #166 0x562cb2d0afed in Node::~Node() deep_list.cpp:5
    #167 0x562cb2d0b040 in std::default_delete<Node>::operator()(Node*) const /usr/include/c++/13/bits/unique_ptr.h:99
    #168 0x562cb2d0a9ba in std::unique_ptr<Node, std::default_delete<Node> >::~unique_ptr() /usr/include/c++/13/bits/unique_ptr.h:404
    #169 0x562cb2d0afed in Node::~Node() deep_list.cpp:5
    #170 0x562cb2d0b040 in std::default_delete<Node>::operator()(Node*) const /usr/include/c++/13/bits/unique_ptr.h:99
    #171 0x562cb2d0a9ba in std::unique_ptr<Node, std::default_delete<Node> >::~unique_ptr() /usr/include/c++/13/bits/unique_ptr.h:404
    #172 0x562cb2d0afed in Node::~Node() deep_list.cpp:5
    #173 0x562cb2d0b040 in std::default_delete<Node>::operator()(Node*) const /usr/include/c++/13/bits/unique_ptr.h:99
    #174 0x562cb2d0a9ba in std::unique_ptr<Node, std::default_delete<Node> >::~unique_ptr() /usr/include/c++/13/bits/unique_ptr.h:404
    #175 0x562cb2d0afed in Node::~Node() deep_list.cpp:5
    #176 0x562cb2d0b040 in std::default_delete<Node>::operator()(Node*) const /usr/include/c++/13/bits/unique_ptr.h:99
    #177 0x562cb2d0a9ba in std::unique_ptr<Node, std::default_delete<Node> >::~unique_ptr() /usr/include/c++/13/bits/unique_ptr.h:404
    #178 0x562cb2d0afed in Node::~Node() deep_list.cpp:5
    #179 0x562cb2d0b040 in std::default_delete<Node>::operator()(Node*) const /usr/include/c++/13/bits/unique_ptr.h:99
    #180 0x562cb2d0a9ba in std::unique_ptr<Node, std::default_delete<Node> >::~unique_ptr() /usr/include/c++/13/bits/unique_ptr.h:404
    #181 0x562cb2d0afed in Node::~Node() deep_list.cpp:5
    #182 0x562cb2d0b040 in std::default_delete<Node>::operator()(Node*) const /usr/include/c++/13/bits/unique_ptr.h:99
    #183 0x562cb2d0a9ba in std::unique_ptr<Node, std::default_delete<Node> >::~unique_ptr() /usr/include/c++/13/bits/unique_ptr.h:404
    #184 0x562cb2d0afed in Node::~Node() deep_list.cpp:5
    #185 0x562cb2d0b040 in std::default_delete<Node>::operator()(Node*) const /usr/include/c++/13/bits/unique_ptr.h:99
    #186 0x562cb2d0a9ba in std::unique_ptr<Node, std::default_delete<Node> >::~unique_ptr() /usr/include/c++/13/bits/unique_ptr.h:404
    #187 0x562cb2d0afed in Node::~Node() deep_list.cpp:5
    #188 0x562cb2d0b040 in std::default_delete<Node>::operator()(Node*) const /usr/include/c++/13/bits/unique_ptr.h:99
    #189 0x562cb2d0a9ba in std::unique_ptr<Node, std::default_delete<Node> >::~unique_ptr() /usr/include/c++/13/bits/unique_ptr.h:404
    #190 0x562cb2d0afed in Node::~Node() deep_list.cpp:5
    #191 0x562cb2d0b040 in std::default_delete<Node>::operator()(Node*) const /usr/include/c++/13/bits/unique_ptr.h:99
    #192 0x562cb2d0a9ba in std::unique_ptr<Node, std::default_delete<Node> >::~unique_ptr() /usr/include/c++/13/bits/unique_ptr.h:404
    #193 0x562cb2d0afed in Node::~Node() deep_list.cpp:5
    #194 0x562cb2d0b040 in std::default_delete<Node>::operator()(Node*) const /usr/include/c++/13/bits/unique_ptr.h:99
    #195 0x562cb2d0a9ba in std::unique_ptr<Node, std::default_delete<Node> >::~unique_ptr() /usr/include/c++/13/bits/unique_ptr.h:404
    #196 0x562cb2d0afed in Node::~Node() deep_list.cpp:5
    #197 0x562cb2d0b040 in std::default_delete<Node>::operator()(Node*) const /usr/include/c++/13/bits/unique_ptr.h:99
    #198 0x562cb2d0a9ba in std::unique_ptr<Node, std::default_delete<Node> >::~unique_ptr() /usr/include/c++/13/bits/unique_ptr.h:404
    #199 0x562cb2d0afed in Node::~Node() deep_list.cpp:5
    #200 0x562cb2d0b040 in std::default_delete<Node>::operator()(Node*) const /usr/include/c++/13/bits/unique_ptr.h:99
    #201 0x562cb2d0a9ba in std::unique_ptr<Node, std::default_delete<Node> >::~unique_ptr() /usr/include/c++/13/bits/unique_ptr.h:404
    #202 0x562cb2d0afed in Node::~Node() deep_list.cpp:5
    #203 0x562cb2d0b040 in std::default_delete<Node>::operator()(Node*) const /usr/include/c++/13/bits/unique_ptr.h:99
    #204 0x562cb2d0a9ba in std::unique_ptr<Node, std::default_delete<Node> >::~unique_ptr() /usr/include/c++/13/bits/unique_ptr.h:404
    #205 0x562cb2d0afed in Node::~Node() deep_list.cpp:5
    #206 0x562cb2d0b040 in std::default_delete<Node>::operator()(Node*) const /usr/include/c++/13/bits/unique_ptr.h:99
    #207 0x562cb2d0a9ba in std::unique_ptr<Node, std::default_delete<Node> >::~unique_ptr() /usr/include/c++/13/bits/unique_ptr.h:404
    #208 0x562cb2d0afed in Node::~Node() deep_list.cpp:5
    #209 0x562cb2d0b040 in std::default_delete<Node>::operator()(Node*) const /usr/include/c++/13/bits/unique_ptr.h:99
    #210 0x562cb2d0a9ba in std::unique_ptr<Node, std::default_delete<Node> >::~unique_ptr() /usr/include/c++/13/bits/unique_ptr.h:404
    #211 0x562cb2d0afed in Node::~Node() deep_list.cpp:5
    #212 0x562cb2d0b040 in std::default_delete<Node>::operator()(Node*) const /usr/include/c++/13/bits/unique_ptr.h:99
    #213 0x562cb2d0a9ba in std::unique_ptr<Node, std::default_delete<Node> >::~unique_ptr() /usr/include/c++/13/bits/unique_ptr.h:404
    #214 0x562cb2d0afed in Node::~Node() deep_list.cpp:5
    #215 0x562cb2d0b040 in std::default_delete<Node>::operator()(Node*) const /usr/include/c++/13/bits/unique_ptr.h:99
    #216 0x562cb2d0a9ba in std::unique_ptr<Node, std::default_delete<Node> >::~unique_ptr() /usr/include/c++/13/bits/unique_ptr.h:404
    #217 0x562cb2d0afed in Node::~Node() deep_list.cpp:5
    #218 0x562cb2d0b040 in std::default_delete<Node>::operator()(Node*) const /usr/include/c++/13/bits/unique_ptr.h:99
    #219 0x562cb2d0a9ba in std::unique_ptr<Node, std::default_delete<Node> >::~unique_ptr() /usr/include/c++/13/bits/unique_ptr.h:404
    #220 0x562cb2d0afed in Node::~Node() deep_list.cpp:5
    #221 0x562cb2d0b040 in std::default_delete<Node>::operator()(Node*) const /usr/include/c++/13/bits/unique_ptr.h:99
    #222 0x562cb2d0a9ba in std::unique_ptr<Node, std::default_delete<Node> >::~unique_ptr() /usr/include/c++/13/bits/unique_ptr.h:404
    #223 0x562cb2d0afed in Node::~Node() deep_list.cpp:5
    #224 0x562cb2d0b040 in std::default_delete<Node>::operator()(Node*) const /usr/include/c++/13/bits/unique_ptr.h:99
    #225 0x562cb2d0a9ba in std::unique_ptr<Node, std::default_delete<Node> >::~unique_ptr() /usr/include/c++/13/bits/unique_ptr.h:404
    #226 0x562cb2d0afed in Node::~Node() deep_list.cpp:5
    #227 0x562cb2d0b040 in std::default_delete<Node>::operator()(Node*) const /usr/include/c++/13/bits/unique_ptr.h:99
    #228 0x562cb2d0a9ba in std::unique_ptr<Node, std::default_delete<Node> >::~unique_ptr() /usr/include/c++/13/bits/unique_ptr.h:404
    #229 0x562cb2d0afed in Node::~Node() deep_list.cpp:5
    #230 0x562cb2d0b040 in std::default_delete<Node>::operator()(Node*) const /usr/include/c++/13/bits/unique_ptr.h:99
    #231 0x562cb2d0a9ba in std::unique_ptr<Node, std::default_delete<Node> >::~unique_ptr() /usr/include/c++/13/bits/unique_ptr.h:404
    #232 0x562cb2d0afed in Node::~Node() deep_list.cpp:5
    #233 0x562cb2d0b040 in std::default_delete<Node>::operator()(Node*) const /usr/include/c++/13/bits/unique_ptr.h:99
    #234 0x562cb2d0a9ba in std::unique_ptr<Node, std::default_delete<Node> >::~unique_ptr() /usr/include/c++/13/bits/unique_ptr.h:404
    #235 0x562cb2d0afed in Node::~Node() deep_list.cpp:5
    #236 0x562cb2d0b040 in std::default_delete<Node>::operator()(Node*) const /usr/include/c++/13/bits/unique_ptr.h:99
    #237 0x562cb2d0a9ba in std::unique_ptr<Node, std::default_delete<Node> >::~unique_ptr() /usr/include/c++/13/bits/unique_ptr.h:404
    #238 0x562cb2d0afed in Node::~Node() deep_list.cpp:5
    #239 0x562cb2d0b040 in std::default_delete<Node>::operator()(Node*) const /usr/include/c++/13/bits/unique_ptr.h:99
    #240 0x562cb2d0a9ba in std::unique_ptr<Node, std::default_delete<Node> >::~unique_ptr() /usr/include/c++/13/bits/unique_ptr.h:404
    #241 0x562cb2d0afed in Node::~Node() deep_list.cpp:5
    #242 0x562cb2d0b040 in std::default_delete<Node>::operator()(Node*) const /usr/include/c++/13/bits/unique_ptr.h:99
    #243 0x562cb2d0a9ba in std::unique_ptr<Node, std::default_delete<Node> >::~unique_ptr() /usr/include/c++/13/bits/unique_ptr.h:404
    #244 0x562cb2d0afed in Node::~Node() deep_list.cpp:5
    #245 0x562cb2d0b040 in std::default_delete<Node>::operator()(Node*) const /usr/include/c++/13/bits/unique_ptr.h:99
    #246 0x562cb2d0a9ba in std::unique_ptr<Node, std::default_delete<Node> >::~unique_ptr() /usr/include/c++/13/bits/unique_ptr.h:404

SUMMARY: AddressSanitizer: stack-overflow /usr/include/c++/13/tuple:125 in std::_Head_base<1ul, std::default_delete<Node>, true>::_M_head(std::_Head_base<1ul, std::default_delete<Node>, true>&)
==21053==ABORTING
