bench log: link 11520 bytes/s; columns are per 2 s window
  t[s]  offered B/s   queue[B]  sensor age[ms] hold err [m]
   2.0         5800          0              10         0.00
   4.0         5800          0              10         0.00
   6.0         5800          0              10         0.00
   8.0         5800          0              10         0.38
  10.0         5800          0              10         0.26
  12.0         5800          0              10         0.44
  14.0         5800          0              10         0.45
  16.0         5800          0              10         0.41
  18.0         5800          0              10         0.19
-- 20.00 s debug stream enabled
  20.0         5800          0              10         0.44
  22.0        11800        560              60         0.47
  24.0        11800       1120             100         0.43
  26.0        11800       1680             150         0.22
  28.0        11800       2240             200         0.39
  30.0        11800       2800             250         0.42
  32.0        11800       3360             290         0.37
  34.0        11800       3920             340         0.34
  36.0        11800       4480             390         0.44
  38.0        11800       5040             440         0.43
  40.0        11800       5600             480         0.31
  42.0        11800       6160             530         0.36
  44.0        11800       6720             580         0.46
  46.0        11800       7280             630         0.44
  48.0        11800       7840             670         0.31
  50.0        11800       8400             720         0.41
  52.0        11800       8960             770         0.45
  54.0        11800       9520             820         0.48
  56.0        11800      10080             860         0.40
  58.0        11800      10640             910         0.61
  60.0        11800      11200             960         1.14
  62.0        11800      11760            1010         1.54
  64.0        11800      12320            1050         2.52
  66.0        11800      12880            1100         5.53
  68.0        11800      13440            1150         5.58
  70.0        11800      14000            1200         4.47
  72.0        11800      14560            1240         4.51
  74.0        11800      15120            1290         4.51
  76.0        11800      15680            1340         7.77
  78.0        11800      16240            1390         8.79
  80.0        11800      16800            1430         8.11
  82.0        11800      17360            1480         8.60
  84.0        11800      17920            1530         9.55
  86.0        11800      18480            1580         7.77
  88.0        11800      19040            1620        10.96
  90.0        11800      19600            1670        11.01
