autopilot: t_s   setpoint_m  alt_est_m  vz_est_mps  thrust  [dt_s]
autopilot:  0.00        0.00     -0.002       0.000   0.491  [0.004000]
autopilot:  0.50        0.00      0.006    -130.843   1.000  [0.000004]
autopilot:  1.00        2.00      0.004      43.409   0.000  [0.000004]
autopilot:  1.50        2.00      0.017      31.880   0.000  [0.000004]
autopilot:  2.00        2.00      0.025     129.137   0.000  [0.000004]
autopilot:  2.50        2.00      0.019     -97.436   1.000  [0.000004]
autopilot:  3.00        2.00      0.021     -83.670   1.000  [0.000004]
autopilot:  3.50        2.00      0.027     166.525   0.000  [0.000004]
autopilot:  4.00        2.00      0.022     -14.919   1.000  [0.000004]
autopilot:  4.50        2.00      0.030     -39.645   1.000  [0.000004]
autopilot:  5.00        2.00      0.032     -63.693   1.000  [0.000004]
autopilot:  5.50        2.00      0.042    -211.086   1.000  [0.000004]
autopilot:  6.00        2.00      0.058    -251.114   1.000  [0.000004]
autopilot:  6.50        2.00      0.052      14.888   0.000  [0.000004]
autopilot:  7.00        2.00      0.058    -202.939   1.000  [0.000004]
autopilot:  7.50        2.00      0.075       9.071   0.000  [0.000004]
autopilot:  8.00        2.00      0.079      -2.950   1.000  [0.000004]
autopilot:  8.50        2.00      0.068     -80.153   1.000  [0.000004]
autopilot:  9.00        2.00      0.068     -12.369   1.000  [0.000004]
autopilot:  9.50        2.00      0.077     -70.870   1.000  [0.000004]
simulator: 2500 steps sent, 2500 actuator replies received (lockstep)
