autopilot: t_s   setpoint_m  alt_est_m  vz_est_mps  thrust  [dt_s]
autopilot:  0.00        0.00     -0.002       0.000   0.491  [0.004000]
autopilot:  0.50        0.00      0.002      -0.114   0.518  [0.004000]
autopilot:  1.00        2.00      0.001       0.042   0.730  [0.004000]
autopilot:  1.50        2.00      0.338       0.962   0.509  [0.004000]
autopilot:  2.00        2.00      0.849       1.130   0.466  [0.004000]
autopilot:  2.50        2.00      1.360       0.890   0.466  [0.004000]
autopilot:  3.00        2.00      1.716       0.414   0.474  [0.004000]
autopilot:  3.50        2.00      1.883       0.416   0.420  [0.004000]
autopilot:  4.00        2.00      1.945       0.096   0.481  [0.004000]
autopilot:  4.50        2.00      1.973      -0.032   0.504  [0.004000]
autopilot:  5.00        2.00      1.981      -0.067   0.510  [0.004000]
autopilot:  5.50        2.00      1.988      -0.079   0.512  [0.004000]
autopilot:  6.00        2.00      1.993      -0.232   0.548  [0.004000]
autopilot:  6.50        2.00      1.992       0.042   0.480  [0.004000]
autopilot:  7.00        2.00      1.991      -0.200   0.542  [0.004000]
autopilot:  7.50        2.00      1.994      -0.041   0.501  [0.004000]
autopilot:  8.00        2.00      1.994      -0.035   0.500  [0.004000]
autopilot:  8.50        2.00      1.994      -0.168   0.533  [0.004000]
autopilot:  9.00        2.00      1.995       0.037   0.482  [0.004000]
autopilot:  9.50        2.00      1.995      -0.171   0.534  [0.004000]
simulator: 2500 steps sent, 2500 actuator replies received (lockstep)
