N = 3 replicas
  W   R    R+W>N read sees latest write   combinations
  1   1       no                  33.3%              9
  1   2       no                  66.7%              9
  1   3      yes                 100.0%              3
  2   1       no                  66.7%              9
  2   2      yes                 100.0%              9
  2   3      yes                 100.0%              3
  3   1      yes                 100.0%              3
  3   2      yes                 100.0%              3
  3   3      yes                 100.0%              1

N = 5 replicas
  W   R    R+W>N read sees latest write   combinations
  1   1       no                  20.0%             25
  1   2       no                  40.0%             50
  1   3       no                  60.0%             50
  1   4       no                  80.0%             25
  1   5      yes                 100.0%              5
  2   1       no                  40.0%             50
  2   2       no                  70.0%            100
  2   3       no                  90.0%            100
  2   4      yes                 100.0%             50
  2   5      yes                 100.0%             10
  3   1       no                  60.0%             50
  3   2       no                  90.0%            100
  3   3      yes                 100.0%            100
  3   4      yes                 100.0%             50
  3   5      yes                 100.0%             10
  4   1       no                  80.0%             25
  4   2      yes                 100.0%             50
  4   3      yes                 100.0%             50
  4   4      yes                 100.0%             25
  4   5      yes                 100.0%              5
  5   1      yes                 100.0%              5
  5   2      yes                 100.0%             10
  5   3      yes                 100.0%             10
  5   4      yes                 100.0%              5
  5   5      yes                 100.0%              1

