=== web.log (load balancer: any replica; store settings: replicas=3, write_acks=1, read_from=1) ===
10:15:01.000 ana  POST /thread/t42/comment  -> r1  stored version 17  200 OK
10:15:01.350 ana  GET  /thread/t42           -> r1  version 17  comments 4
10:15:01.800 ben  GET  /thread/t42           -> r1  version 17  comments 4
10:15:02.300 ana  GET  /thread/t42           -> r3  version 16  comments 3
10:15:02.900 ana  GET  /thread/t42           -> r3  version 16  comments 3
10:15:03.600 ben  GET  /thread/t42           -> r2  version 17  comments 4
10:15:04.200 ana  GET  /thread/t42           -> r3  version 16  comments 3
10:15:05.600 ana  GET  /thread/t42           -> r1  version 17  comments 4

=== replication.log ===
10:15:01.900 r2 applied t42 version 17 (from r1)
10:15:05.100 r3 applied t42 version 17 (from r1)

=== support ticket ===
"I posted my comment at 10:15:01, saw it, reloaded and it was GONE, then it came back. Ben says he never saw it vanish." (ana)

=== the same requests as a history for histories.cpp (value = version) ===
init w 16 0 1
ana w 17 1000 1000
ana r 17 1350 1370
ben r 17 1800 1820
ana r 16 2300 2320
ana r 16 2900 2920
ben r 17 3600 3620
ana r 16 4200 4220
ana r 17 5600 5620
