0000000000001470 <sumOne(std::vector<double, std::allocator<double> > const&)>:
    1470:	endbr64
    1474:	mov    rax,QWORD PTR [rdi+0x8]
    1478:	mov    rdx,QWORD PTR [rdi]
    147b:	pxor   xmm0,xmm0
    147f:	mov    rcx,rax
    1482:	sub    rcx,rdx
    1485:	sar    rcx,0x3
    1489:	cmp    rax,rdx
    148c:	je     14d8 <sumOne(std::vector<double, std::allocator<double> > const&)+0x68>
    148e:	lea    rax,[rcx-0x1]
    1492:	addsd  xmm0,QWORD PTR [rdx]
    1496:	and    eax,0x1
    1499:	mov    rsi,rax
    149c:	mov    eax,0x1
    14a1:	cmp    rax,rcx
    14a4:	jae    14e0 <sumOne(std::vector<double, std::allocator<double> > const&)+0x70>
    14a6:	test   rsi,rsi
    14a9:	je     14c0 <sumOne(std::vector<double, std::allocator<double> > const&)+0x50>
    14ab:	mov    eax,0x2
    14b0:	addsd  xmm0,QWORD PTR [rdx+0x8]
    14b5:	cmp    rax,rcx
    14b8:	jae    14e1 <sumOne(std::vector<double, std::allocator<double> > const&)+0x71>
    14ba:	nop    WORD PTR [rax+rax*1+0x0]
    14c0:	addsd  xmm0,QWORD PTR [rdx+rax*8]
    14c5:	addsd  xmm0,QWORD PTR [rdx+rax*8+0x8]
    14cb:	add    rax,0x2
    14cf:	cmp    rax,rcx
    14d2:	jb     14c0 <sumOne(std::vector<double, std::allocator<double> > const&)+0x50>
    14d4:	ret
    14d5:	nop    DWORD PTR [rax]
    14d8:	ret
    14d9:	nop    DWORD PTR [rax+0x0]
    14e0:	ret
    14e1:	ret
    14e2:	data16 cs nop WORD PTR [rax+rax*1+0x0]
    14ed:	nop    DWORD PTR [rax]

