00000000000014f0 <sumFour(std::vector<double, std::allocator<double> > const&)>:
    14f0:	endbr64
    14f4:	mov    rdx,QWORD PTR [rdi]
    14f7:	mov    rdi,QWORD PTR [rdi+0x8]
    14fb:	sub    rdi,rdx
    14fe:	mov    rsi,rdi
    1501:	sar    rsi,0x3
    1505:	cmp    rdi,0x18
    1509:	jbe    1598 <sumFour(std::vector<double, std::allocator<double> > const&)+0xa8>
    150f:	pxor   xmm3,xmm3
    1513:	mov    eax,0x4
    1518:	movapd xmm1,xmm3
    151c:	movapd xmm2,xmm3
    1520:	movapd xmm0,xmm3
    1524:	nop    DWORD PTR [rax+0x0]
    1528:	addsd  xmm0,QWORD PTR [rdx+rax*8-0x20]
    152e:	addsd  xmm2,QWORD PTR [rdx+rax*8-0x18]
    1534:	mov    rcx,rax
    1537:	addsd  xmm1,QWORD PTR [rdx+rax*8-0x10]
    153d:	addsd  xmm3,QWORD PTR [rdx+rax*8-0x8]
    1543:	lea    rax,[rax+0x4]
    1547:	cmp    rsi,rax
    154a:	jae    1528 <sumFour(std::vector<double, std::allocator<double> > const&)+0x38>
    154c:	addsd  xmm1,xmm3
    1550:	cmp    rcx,rsi
    1553:	jae    158a <sumFour(std::vector<double, std::allocator<double> > const&)+0x9a>
    1555:	lea    rax,[rdx+rcx*8]
    1559:	add    rdx,rdi
    155c:	mov    rcx,rdx
    155f:	sub    rcx,rax
    1562:	and    ecx,0x8
    1565:	je     1578 <sumFour(std::vector<double, std::allocator<double> > const&)+0x88>
    1567:	addsd  xmm0,QWORD PTR [rax]
    156b:	add    rax,0x8
    156f:	cmp    rdx,rax
    1572:	je     158a <sumFour(std::vector<double, std::allocator<double> > const&)+0x9a>
    1574:	nop    DWORD PTR [rax+0x0]
    1578:	addsd  xmm0,QWORD PTR [rax]
    157c:	add    rax,0x10
    1580:	addsd  xmm0,QWORD PTR [rax-0x8]
    1585:	cmp    rdx,rax
    1588:	jne    1578 <sumFour(std::vector<double, std::allocator<double> > const&)+0x88>
    158a:	addsd  xmm0,xmm2
    158e:	addsd  xmm0,xmm1
    1592:	ret
    1593:	nop    DWORD PTR [rax+rax*1+0x0]
    1598:	pxor   xmm1,xmm1
    159c:	xor    ecx,ecx
    159e:	movapd xmm2,xmm1
    15a2:	movapd xmm0,xmm1
    15a6:	jmp    1550 <sumFour(std::vector<double, std::allocator<double> > const&)+0x60>
    15a8:	nop    DWORD PTR [rax+rax*1+0x0]

