--- the start of one duel (seed 1, fixed timeout 14 ms) ---
    0 ms  P1: prepare(11) for value A
    4 ms  a3: promises ballot 11, has accepted nothing
    5 ms  a2: promises ballot 11, has accepted nothing
    5 ms  P2: prepare(12) for value B
    6 ms  a1: promises ballot 11, has accepted nothing
    9 ms  a2: promises ballot 12, has accepted nothing
    9 ms  a3: promises ballot 12, has accepted nothing
   10 ms  P1: majority promised; free to propose its own value A
   11 ms  a1: promises ballot 12, has accepted nothing
   14 ms  P2: majority promised; free to propose its own value B
   14 ms  P1: no majority for ballot 11 in time; tries again
   14 ms  P1: prepare(21) for value A
   15 ms  a1: ignores accept(11, A), promised 12
   15 ms  a3: ignores accept(11, A), promised 12
   16 ms  a2: ignores accept(11, A), promised 12
   18 ms  a2: accepts (12, B)
   18 ms  a2: promises ballot 21, reports accepted (12, B)
   19 ms  a3: promises ballot 21, has accepted nothing
   19 ms  P2: no majority for ballot 12 in time; tries again
   19 ms  P2: prepare(22) for value B
   20 ms  a1: accepts (12, B)
   20 ms      >>> value B is CHOSEN (ballot 12, majority of acceptors)
   20 ms  a3: ignores accept(12, B), promised 21
   20 ms  a1: promises ballot 21, reports accepted (12, B)
   23 ms  a1: promises ballot 22, reports accepted (12, B)
   24 ms  a2: promises ballot 22, reports accepted (12, B)
   24 ms  a3: promises ballot 22, has accepted nothing
   25 ms  P1: majority promised; must adopt value B (accepted in ballot 12)
   28 ms  P1: no majority for ballot 21 in time; tries again
   28 ms  P1: prepare(31) for value A
   29 ms  P2: majority promised; free to propose its own value B
   29 ms  a3: ignores accept(21, B), promised 22
   30 ms  a1: ignores accept(21, B), promised 22
   31 ms  a2: ignores accept(21, B), promised 22
   32 ms  a3: promises ballot 31, has accepted nothing
   33 ms  P2: no majority for ballot 22 in time; tries again
   33 ms  P2: prepare(32) for value B
   34 ms  a1: promises ballot 31, reports accepted (12, B)
   34 ms  a2: promises ballot 31, reports accepted (12, B)
   34 ms  a2: ignores accept(22, B), promised 31
   35 ms  a1: ignores accept(22, B), promised 31
   35 ms  a3: ignores accept(22, B), promised 31
   38 ms  a1: promises ballot 32, reports accepted (12, B)
   38 ms  a3: promises ballot 32, has accepted nothing
   38 ms  P1: majority promised; must adopt value B (accepted in ballot 12)
   39 ms  a2: promises ballot 32, reports accepted (12, B)
   42 ms  a2: ignores accept(31, B), promised 32
   42 ms  P1: no majority for ballot 31 in time; tries again
   42 ms  P1: prepare(41) for value A
   44 ms  P2: majority promised; free to propose its own value B
   44 ms  a1: ignores accept(31, B), promised 32
   44 ms  a3: ignores accept(31, B), promised 32
--- statistics ---
two proposers, timeout 14 ms:     a proposer learned the value within 1000 ms in   0 of 100 seeds;
                                  ballots started: 14400
ONE proposer, timeout 14 ms:      a proposer learned the value within 1000 ms in   0 of 100 seeds;
                                  ballots started: 7200
two, timeout 14 + random 0-30 ms: a proposer learned the value within 1000 ms in 100 of 100 seeds;
                                  ballots started:  296; slowest run: 80 ms
two proposers, timeout 40 ms:     a proposer learned the value within 1000 ms in 100 of 100 seeds;
                                  ballots started:  200; slowest run: 30 ms
