    0 ms  P1: prepare(11) for value A
    5 ms  a1: promises ballot 11, has accepted nothing
    5 ms  a2: promises ballot 11, has accepted nothing
    5 ms  a3: promises ballot 11, has accepted nothing
   10 ms  P1: majority promised; free to propose its own value A
   15 ms  a1: accepts (11, A)
   20 ms  P2: prepare(12) for value B
   25 ms  a2: promises ballot 12, has accepted nothing
   25 ms  a3: promises ballot 12, has accepted nothing
   30 ms  P2: majority promised; free to propose its own value B
   35 ms  a3: accepts (12, B)
   50 ms  a2: accepts (11, A)
   50 ms      >>> value A is CHOSEN (ballot 11, majority of acceptors)
   50 ms  a3: ignores accept(11, A), promised 12
   55 ms  P1: majority accepted ballot 11: knows that A is chosen
   90 ms  a2: accepts (12, B)
   90 ms      >>> value B is CHOSEN (ballot 12, majority of acceptors)
   95 ms  P2: majority accepted ballot 12: knows that B is chosen
  120 ms  a1: promises ballot 12, reports accepted (11, A)
  130 ms  a1: accepts (12, B)
chosen: value A in ballot 11
chosen: value B in ballot 12
safety: VIOLATED, two different values chosen
