0000000000000000 <wait_ready_plain(unsigned int const*)>:
   0:	endbr64
   4:	push   rbp
   5:	mov    rbp,rsp
   8:	mov    QWORD PTR [rbp-0x8],rdi
   c:	nop
   d:	mov    rax,QWORD PTR [rbp-0x8]
  11:	mov    eax,DWORD PTR [rax]
  13:	and    eax,0x1
  16:	test   eax,eax
  18:	je     d <wait_ready_plain(unsigned int const*)+0xd>
  1a:	nop
  1b:	nop
  1c:	pop    rbp
  1d:	ret

000000000000001e <wait_ready_volatile(unsigned int const volatile*)>:
  1e:	endbr64
  22:	push   rbp
  23:	mov    rbp,rsp
  26:	mov    QWORD PTR [rbp-0x8],rdi
  2a:	nop
  2b:	mov    rax,QWORD PTR [rbp-0x8]
  2f:	mov    eax,DWORD PTR [rax]
  31:	and    eax,0x1
  34:	test   eax,eax
  36:	sete   al
  39:	test   al,al
  3b:	jne    2b <wait_ready_volatile(unsigned int const volatile*)+0xd>
  3d:	nop
  3e:	nop
  3f:	pop    rbp
  40:	ret
