link map: logger.line at 0x40 (32 bytes), rate.gains at 0x60 (12 bytes)

FLAT model
cycle  logger message (bytes incl. 0)          rate kp
    0  boot ok                              ( 8)  0.15
    1  arming checks passed                 (21)  0.15
    2  takeoff                              ( 8)  0.15
    3  alt 1.0 m                            (10)  0.15
    4  alt 2.0 m                            (10)  0.15
    5  hover                                ( 6)  0.15
    6  battery 15.8 V 12.1 A est. 71% remaining (41)  1.70328e+25
    7  hover                                ( 6)  1.70328e+25
rate.gains bytes at the end: 65 6d 61 69 6e 69 6e 67 00 9b 44 3b  |emaining..D;|

PROTECTED model
cycle  logger message (bytes incl. 0)          rate kp
    0  boot ok                              ( 8)  0.15
    1  arming checks passed                 (21)  0.15
    2  takeoff                              ( 8)  0.15
    3  alt 1.0 m                            (10)  0.15
    4  alt 2.0 m                            (10)  0.15
    5  hover                                ( 6)  0.15
    6  battery 15.8 V 12.1 A est. 71% remaining (41)  0.15  <- FAULT: logger wrote 0x60, outside logger.line; logger stopped
    7  -                                    ( 6)  0.15
rate.gains bytes at the end: 9a 99 19 3e cd cc 4c 3e a6 9b 44 3b  |...>..L>..D;|

