link map excerpt (address, size, symbol):
  0x40  32  logger_line
  0x60   1  telem_rate_hz
  0x61   1  telem_seq

second  logger message                      telemetry packets sent
     0  boot ok                             10
     1  baro ok                             10
     2  IMU ok                              10
     3  GPS: no fix                         10
     4  GPS: 2D fix                         10
     5  GPS: 3D fix, 9 satellites           10
     6  armed                               10
     7  takeoff                             10
     8  GPS: 3D fix, 11 sats, hdop 0.9      10
     9  GPS: 3D fix, 12 satellites, hdop    0
    10  hover                               0
    11  hover                               0

total packets 90

memory dump 0x40..0x63:
  0x40: 68 6f 76 65 72 00 44 20 66 69 78 2c  |hover.D fix,|
  0x4c: 20 31 32 20 73 61 74 65 6c 6c 69 74  | 12 satellit|
  0x58: 65 73 2c 20 68 64 6f 70 00 5a 00 00  |es, hdop.Z..|
