ast1030-evb          Aspeed AST1030 MiniBMC (Cortex-M4)
ast2500-evb          Aspeed AST2500 EVB (ARM1176)
ast2600-evb          Aspeed AST2600 EVB (Cortex-A7)
bletchley-bmc        Facebook Bletchley BMC (Cortex-A7)
fby35-bmc            Facebook fby35 BMC (Cortex-A7)
fp5280g2-bmc         Inspur FP5280G2 BMC (ARM1176)
fuji-bmc             Facebook Fuji BMC (Cortex-A7)
g220a-bmc            Bytedance G220A BMC (ARM1176)
kudo-bmc             Kudo BMC (Cortex-A9)
mori-bmc             Mori BMC (Cortex-A9)
npcm750-evb          Nuvoton NPCM750 Evaluation Board (Cortex-A9)
palmetto-bmc         OpenPOWER Palmetto BMC (ARM926EJ-S)
qcom-dc-scm-v1-bmc   Qualcomm DC-SCM V1 BMC (Cortex A7)
qcom-firework-bmc    Qualcomm DC-SCM V1/Firework BMC (Cortex A7)
quanta-gbs-bmc       Quanta GBS (Cortex-A9)
quanta-q71l-bmc      Quanta-Q71l BMC (ARM926EJ-S)
rainier-bmc          IBM Rainier BMC (Cortex-A7)
romulus-bmc          OpenPOWER Romulus BMC (ARM1176)
sonorapass-bmc       OCP SonoraPass BMC (ARM1176)
supermicro-x11spi-bmc Supermicro X11 SPI BMC (ARM1176)
supermicrox11-bmc    Supermicro X11 BMC (ARM926EJ-S)
tacoma-bmc           OpenPOWER Tacoma BMC (Cortex-A7)
tiogapass-bmc        Facebook Tiogapass BMC (ARM1176)
witherspoon-bmc      OpenPOWER Witherspoon BMC (ARM1176)
yosemitev2-bmc       Facebook YosemiteV2 BMC (ARM1176)
