n         input      tiles   reduce-then-scan look-back (4 threads)
1         random     1       pass             pass
1         sorted     1       pass             pass
1         reverse    1       pass             pass
1         all-equal  1       pass             pass
2         random     1       pass             pass
2         sorted     1       pass             pass
2         reverse    1       pass             pass
2         all-equal  1       pass             pass
255       random     1       pass             pass
255       sorted     1       pass             pass
255       reverse    1       pass             pass
255       all-equal  1       pass             pass
256       random     1       pass             pass
256       sorted     1       pass             pass
256       reverse    1       pass             pass
256       all-equal  1       pass             pass
257       random     2       pass             pass
257       sorted     2       pass             pass
257       reverse    2       pass             pass
257       all-equal  2       pass             pass
65535     random     256     pass             pass
65535     sorted     256     pass             pass
65535     reverse    256     pass             pass
65535     all-equal  256     pass             pass
65537     random     257     pass             pass
65537     sorted     257     pass             pass
65537     reverse    257     pass             pass
65537     all-equal  257     pass             pass
1000000   random     3907    pass             pass
1000000   sorted     3907    pass             pass
1000000   reverse    3907    pass             pass
1000000   all-equal  3907    pass             pass
failures: 0
