firmware memory map (Multiboot, from the BIOS):
  0000000000000000-000000000009fbff        639 KiB  type 1 available
  000000000009fc00-000000000009ffff          1 KiB  type 2 reserved
  00000000000f0000-00000000000fffff         64 KiB  type 2 reserved
  0000000000100000-00000000bffdffff    3144576 KiB  type 1 available
  00000000bffe0000-00000000bfffffff        128 KiB  type 2 reserved
  00000000fffc0000-00000000ffffffff        256 KiB  type 2 reserved
  0000000100000000-000000013fffffff    1048576 KiB  type 1 available
  000000fd00000000-000000ffffffffff   12582912 KiB  type 2 reserved
usable ranges handed to the buddy allocator:
  0000000000256000-00000000bffdffff    3143208 KiB
  0000000100000000-000000013fffffff    1048576 KiB
accounting (KiB): conventional 4193791 = managed 4191784 + below 1 MiB 636 + kernel 88 + boot info 0 + metadata 1280 + rounding 3
check: sum of parts equals conventional; allocator reports 4191784 KiB free
after boot: free 1047946 frames (4191784 KiB), allocs 0, frees 0, free blocks by order: 0 1 0 1 0 2 1 2 2 1 1022
allocate-all: got 1047946 frames, free count now 0
free-all: free count 1047946 (start 1047946), free blocks back to the start shape: yes
contiguous: order 4 (64 KiB) at 00000000bffc0000, aligned to its size: yes
contiguous: order 9 (2048 KiB) at 00000000bfc00000, aligned to its size: yes
contiguous: wrong-order and double frees were refused
B3 ok
