=== reference flight (last week) ===
 t(s) vz_set  vz(m/s)  w1(rad/s)  w2(rad/s)  w3(rad/s)  w4(rad/s) yawrate(deg/s) heading(deg)
 3.50    0.0    0.000      495.2      495.2      495.2      495.2           0.00         0.00
 3.75    0.0    0.000      495.2      495.2      495.2      495.2           0.00         0.00
 4.00    4.0    0.000      495.2      495.2      495.2      495.2           0.00         0.00
 4.25    4.0    1.075      608.5      608.5      608.5      608.5           0.00         0.00
 4.50    4.0    2.185      608.5      608.5      608.5      608.5           0.00         0.00
 4.75    4.0    3.080      608.5      608.5      608.5      608.5           0.00         0.00
 5.00    4.0    3.622      571.8      571.8      571.8      571.8           0.00         0.00
 5.25    4.0    3.664      559.1      559.1      559.1      559.1           0.00         0.00
 5.50    4.0    3.664      558.9      558.9      558.9      558.9           0.00         0.00
 5.75    4.0    3.664      558.9      558.9      558.9      558.9           0.00         0.00
 6.00    4.0    3.664      558.9      558.9      558.9      558.9           0.00         0.00
 6.25    4.0    3.664      558.9      558.9      558.9      558.9           0.00         0.00
 6.50    4.0    3.664      558.9      558.9      558.9      558.9           0.00         0.00
 6.75    4.0    3.664      558.9      558.9      558.9      558.9           0.00         0.00
 7.00    0.0    3.664      558.9      558.9      558.9      558.9           0.00         0.00
 7.25    0.0    2.170      346.8      346.8      346.8      346.8           0.00         0.00
 7.50    0.0    0.804      346.8      346.8      346.8      346.8           0.00         0.00
 7.75    0.0    0.053      477.5      477.5      477.5      477.5           0.00         0.00
 8.00    0.0    0.002      494.6      494.6      494.6      494.6           0.00         0.00
 8.25    0.0    0.000      495.2      495.2      495.2      495.2           0.00         0.00
 8.50    0.0    0.000      495.2      495.2      495.2      495.2           0.00         0.00
=== today's flight ===
 t(s) vz_set  vz(m/s)  w1(rad/s)  w2(rad/s)  w3(rad/s)  w4(rad/s) yawrate(deg/s) heading(deg)
 3.50    0.0    0.047      475.9      514.1      434.4      514.1           0.06         8.99
 3.75    0.0    0.047      475.9      514.1      434.4      514.1           0.04         9.00
 4.00    4.0    0.047      475.9      514.1      434.4      514.1           0.03         9.01
 4.25    4.0    1.242      603.1      641.6      543.5      641.7           4.56         9.62
 4.50    4.0    2.448      595.8      645.6      543.1      645.6           4.62        10.81
 4.75    4.0    3.393      594.0      645.7      542.7      645.7           3.56        11.87
 5.00    4.0    3.702      536.4      590.0      491.8      590.0           0.67        12.45
 5.25    4.0    3.711      537.6      583.5      492.3      583.6          -0.67        12.40
 5.50    4.0    3.713      539.2      582.1      492.2      582.1          -0.83        12.20
 5.75    4.0    3.714      539.3      581.7      492.1      581.7          -0.67        12.02
 6.00    4.0    3.715      539.1      581.6      492.0      581.6          -0.49        11.87
 6.25    4.0    3.715      539.0      581.6      491.9      581.6          -0.33        11.77
 6.50    4.0    3.715      538.8      581.7      491.9      581.7          -0.22        11.70
 6.75    4.0    3.715      538.8      581.7      491.8      581.7          -0.15        11.66
 7.00    0.0    3.715      538.7      581.7      491.8      581.7          -0.10        11.62
 7.25    0.0    2.242      325.3      372.7      314.1      372.7          -6.31        10.57
 7.50    0.0    0.912      342.9      364.9      314.4      364.6          -6.19         8.96
 7.75    0.0    0.106      466.5      482.0      427.8      482.1          -2.65         7.79
 8.00    0.0    0.049      481.1      510.2      434.5      510.3           0.69         7.63
 8.25    0.0    0.047      476.3      513.9      434.3      513.9           1.33         7.92
 8.50    0.0    0.047      475.0      514.5      434.0      514.5           1.16         8.24
