1. Run records
   conditions: sim = ideal clock, 12 V constant supply, no delay | kit = bench, wheel off the ground, e-stop tested, seed 8
   world:      sim = simulator (F9-22 SimulatedKit, unchanged)
               kit = kit (stand-in model, kit_model.hpp)
   identical in both records: controller, gains, period_s, scenario, stop
   different (other than world and conditions): none

2. Timing (t_sample column)
   sim: interval mean 10.000 ms, min 10.00, max 10.00, std 0.000 ms
   kit: interval mean 10.000 ms, min 9.60, max 10.40, std 0.194 ms
   kit: each sample is 0 to 0.50 ms after its nominal time

3. At rest (phase rest, duty 0)
   sim: measured std 0.00 rad/s, values {0.00}, supply 12.00 V
   kit: measured std 0.45 rad/s, values {-0.61, 0.00, 0.61}, supply 11.16 V

4. Open-loop step test (duty 0.25), fitted: final speed, time constant, dead time
   sim: final 245.2 rad/s, tau 0.196 s, dead time 0.0 ms, fit rms 0.34 rad/s, mean supply 12.00 V
   kit: final 188.1 rad/s, tau 0.322 s, dead time 12.0 ms, fit rms 2.54 rad/s, mean supply 11.08 V
   kit supply during the step: 11.16 V at the start, 11.10 V at the end

5. Calibration: the robot's measurement against the external reference
   sim: hold 150: measured 149.86, reference 149.85, ratio 1.0000; hold 250: measured 249.99, reference 249.99, ratio 1.0000
   kit: hold 150: measured 150.19, reference 153.83, ratio 0.9764; hold 250: measured 250.36, reference 256.13, ratio 0.9775
   kit: measured/reference = 0.9769 -> encoder counts per revolution about 1000, not 1024

6. Closed loop (phase loop)
   sim 150: overshoot   0.2 % (reference:  0.1 % above its final 149.9); last 0.4 s: error std 0.29 rad/s, mean duty 0.169, supply 12.00 V
   sim 250: overshoot   0.1 % (reference:  0.0 % above its final 250.0); last 0.4 s: error std 0.31 rad/s, mean duty 0.254, supply 12.00 V
   kit 150: overshoot   7.6 % (reference:  4.0 % above its final 153.8); last 0.4 s: error std 3.07 rad/s, mean duty 0.215, supply 11.11 V
   kit 250: overshoot   6.5 % (reference:  2.7 % above its final 256.1); last 0.4 s: error std 4.78 rad/s, mean duty 0.310, supply 11.09 V
   kit, from the two holds (reference speed against duty x supply): 97.2 rad/s per volt above a 0.81 V deadband

7. Where the kit log's speed noise comes from (holds, last 0.8 s)
   hold at 150: measured-minus-reference std 3.52 rad/s; correlation with the interval error 0.98
   hold at 250: measured-minus-reference std 4.55 rad/s; correlation with the interval error 0.98

8. Vibration: spectrum of the reference speed in the holds (last 0.8 s)
   sim hold 150: largest peak 2.5 Hz, amplitude 0.10 rad/s; one revolution = 23.8 Hz
   sim hold 250: largest peak 41.2 Hz, amplitude 0.03 rad/s; one revolution = 39.8 Hz
   kit hold 150: largest peak 25.0 Hz, amplitude 0.89 rad/s; one revolution = 24.7 Hz
   kit hold 250: largest peak 41.2 Hz, amplitude 0.56 rad/s; one revolution = 40.9 Hz

identified kit parameters written to identified.txt:
   cpr_true_est     1000
   dead_time        0.012
   deadband_v       0.8055
   gain_per_volt    97.22
   lateness_max_ms  0.5
   rest_noise       0.4455
   ripple_v         0.4805
   step_final       188.1
   step_volts       11.08
   supply_rest_v    11.16
   tau              0.322
