forensic_morning.csv (bench, 09:40, firmware 1.3, e-stop tested)
  sample interval: median 10.00 ms, max 10.40 ms, 0 of 609 intervals longer than 12 ms
  supply: 11.16 V at rest, lowest 10.72 V
  loop at 150 rad/s: peak measured 158.9, reference 161.7 rad/s; std in the last 0.6 s: measured 3.26, reference 1.14 rad/s
  duty saturated in 0.0 % of the loop
  stop: completed
forensic_afternoon.csv (bench, 14:10, firmware 1.4, e-stop tested)
  sample interval: median 10.00 ms, max 14.40 ms, 60 of 609 intervals longer than 12 ms
  supply: 10.16 V at rest, lowest 9.02 V
  loop at 150 rad/s: peak measured 236.8, reference 178.1 rad/s; std in the last 0.6 s: measured 27.52, reference 5.98 rad/s
  duty saturated in 4.0 % of the loop
  stop: completed
  excerpt, loop 0.80 to 0.95 s (t_sample, setpoint, measured, duty, volts, reference):
    3.90420  150.0  204.3 -0.3573 10.16  152.0
    3.91040  150.0   91.4  0.8085 10.16  150.1
    3.92040  150.0  145.4  0.2678 10.12  148.0
    3.93010  150.0  139.3  0.3350 10.12  147.0
    3.94040  150.0  144.8  0.2822  9.80  136.8
    3.95010  150.0  136.8  0.3692  9.24  151.6
    3.96050  150.0  154.6  0.1878 10.02  152.8
    3.97010  150.0  144.2  0.2957 10.02  154.4
    3.98020  150.0  152.8  0.2079  9.98  156.5
    3.99040  150.0  158.3  0.1481  9.98  161.8
    4.00410  150.0  214.8 -0.4531 10.06  159.9
    4.01020  150.0   95.1  0.7787 10.06  160.3
    4.02030  150.0  157.1  0.1517 10.12  159.5
    4.03030  150.0  155.2  0.1675 10.16  158.5
    4.04020  150.0  147.3  0.2491  9.64  144.1
    4.05040  150.0  149.7  0.2246 10.14  156.3
