1. Run records
   conditions: morning = bench, 09:40, firmware 1.3, e-stop tested | afternoon = bench, 14:10, firmware 1.4, e-stop tested
   world:      morning = kit (stand-in model, kit_model.hpp)
               afternoon = kit (stand-in model, kit_model.hpp)
   identical in both records: controller, gains, period_s, scenario, stop
   different (other than world and conditions): none

2. Timing (t_sample column)
   morning: interval mean 10.000 ms, min 9.60, max 10.40, std 0.200 ms
   afternoon: interval mean 10.000 ms, min 5.60, max 14.40, std 1.787 ms
   afternoon: each sample is 0 to 4.50 ms after its nominal time

3. At rest (phase rest, duty 0)
   morning: measured std 0.46 rad/s, values {-0.61, 0.00, 0.61}, supply 11.16 V
   afternoon: measured std 0.43 rad/s, values {-0.61, 0.00, 0.61}, supply 10.16 V

4. Open-loop step test (duty 0.25), fitted: final speed, time constant, dead time
   morning: final 187.7 rad/s, tau 0.320 s, dead time 12.0 ms, fit rms 3.14 rad/s, mean supply 11.08 V
   afternoon: final 161.6 rad/s, tau 0.298 s, dead time 34.0 ms, fit rms 19.94 rad/s, mean supply 10.08 V
   afternoon supply during the step: 10.16 V at the start, 10.10 V at the end

5. Calibration: the robot's measurement against the external reference
   morning: hold 150: measured 149.99, reference 153.62, ratio 0.9764; hold 250: measured 249.89, reference 256.02, ratio 0.9761
   afternoon: hold 150: measured 149.92, reference 153.51, ratio 0.9766; hold 250: measured 239.73, reference 245.35, ratio 0.9771
   afternoon: measured/reference = 0.9768 -> encoder counts per revolution about 1000, not 1024

6. Closed loop (phase loop)
   morning 150: overshoot   5.9 % (reference:  5.3 % above its final 153.6); last 0.4 s: error std 3.08 rad/s, mean duty 0.216, supply 11.11 V
   morning 250: overshoot   5.3 % (reference:  3.3 % above its final 256.0); last 0.4 s: error std 5.15 rad/s, mean duty 0.313, supply 11.08 V
   afternoon 150: overshoot  57.9 % (reference: 16.0 % above its final 153.5); last 0.4 s: error std 26.87 rad/s, mean duty 0.223, supply 10.01 V
   afternoon 250: overshoot  41.1 % (reference:  9.4 % above its final 245.3); last 0.4 s: error std 43.84 rad/s, mean duty 0.288, supply 9.94 V
   afternoon, from the two holds (reference speed against duty x supply): 147.8 rad/s per volt above a 1.19 V deadband

7. Where the afternoon log's speed noise comes from (holds, last 0.8 s)
   hold at 150: measured-minus-reference std 27.13 rad/s; correlation with the interval error 0.99
   hold at 250: measured-minus-reference std 43.75 rad/s; correlation with the interval error 1.00

8. Vibration: spectrum of the reference speed in the holds (last 0.8 s)
   morning hold 150: largest peak 23.8 Hz, amplitude 0.61 rad/s; one revolution = 24.5 Hz
   morning hold 250: largest peak 11.2 Hz, amplitude 0.91 rad/s; one revolution = 40.8 Hz
   afternoon hold 150: largest peak 5.0 Hz, amplitude 6.56 rad/s; one revolution = 24.4 Hz
   afternoon hold 250: largest peak 30.0 Hz, amplitude 3.06 rad/s; one revolution = 39.2 Hz

identified kit parameters written to .build/forensic_id.txt:
   cpr_true_est     1000
   dead_time        0.034
   deadband_v       1.193
   gain_per_volt    147.8
   lateness_max_ms  4.5
   rest_noise       0.4309
   ripple_v         1.165
   step_final       161.6
   step_volts       10.08
   supply_rest_v    10.16
   tau              0.298
