Part A: the program hangs 0.15 s into an acceleration to 250 rad/s

A. nothing but the program
  last command before the hang: duty 0.79; true speed at the hang 170 rad/s
  in-process watchdog last ran at t = 0.14 s
  peak true speed 759 rad/s; still turning at 758 rad/s when the run ended at 4.0 s
B. watchdog inside the same program
  last command before the hang: duty 0.79; true speed at the hang 170 rad/s
  in-process watchdog last ran at t = 0.14 s
  peak true speed 759 rad/s; still turning at 758 rad/s when the run ended at 4.0 s
C. command timeout of 0.05 s in the motor driver
  last command before the hang: duty 0.79; true speed at the hang 170 rad/s
  in-process watchdog last ran at t = 0.14 s
  peak true speed 228 rad/s; wheel below 5 rad/s at t = 0.62 s
D. hardware e-stop, supervisor reacts after 1.0 s
  last command before the hang: duty 0.79; true speed at the hang 170 rad/s
  in-process watchdog last ran at t = 0.14 s
  e-stop pressed at t = 1.15 s, true speed then 726 rad/s
  peak true speed 726 rad/s; wheel below 5 rad/s at t = 3.37 s

Part B: arming interlock (props off, e-stop tested, supervision, rules)
  motor test, all boxes ticked         -> allowed
  motor test, propellers still on      -> REFUSED: bench step with propellers on
  closed loop on bench, e-stop untried -> REFUSED: e-stop not tested
  bench, L2 learner, nobody watching   -> REFUSED: learner below L3 without supervision
  outdoor flight, rules not recorded   -> REFUSED: local drone rules not read and recorded
  outdoor flight, everything recorded  -> allowed
