Part A: robot wheel, 150 rad/s then 250 rad/s, ramp 3000 rad/s^2
sim-tuned gains kp=0.3017 ki=1.5470; bring-up gains kp=0.0482 ki=0.2474
gains      world      reference peak  overshoot  hold std  duty saturated
sim-tuned  simulator        163.5       9.0 %     0.52        0.3 %  completed
sim-tuned  kit              178.6      16.3 %    16.67        9.3 %  completed
bring-up   simulator        150.0       0.0 %     0.17        0.0 %  completed
bring-up   kit              161.3       5.0 %     0.97        0.0 %  completed

kit, sim-tuned gains, 0.60 to 0.80 s (every 20 ms):
   t (s)  setpoint  measured  reference   duty
    0.60     150.0     163.2      160.4  -0.12
    0.62     150.0     137.4      130.8   0.55
    0.64     150.0     137.4      143.7   0.60
    0.66     150.0     159.5      168.5   0.04
    0.68     150.0     165.7      172.4  -0.16
    0.70     150.0     147.3      141.3   0.29
    0.72     150.0     128.2      135.7   0.81
    0.74     150.0     146.6      158.1   0.37
    0.76     150.0     169.4      176.2  -0.24
    0.78     150.0     154.0      153.3   0.11
    0.80     150.0     130.7      134.5   0.73

Part B: drone rate axis (model only; a flight condition, not a bench test)
gains                            world      rate error rms  command std  saturated
sim-tuned kp 0.4 kd 0.002       simulator        0.080        0.030       0.0 %
sim-tuned kp 0.4 kd 0.002       flight           0.188        0.422      60.3 %
bring-up  kp 0.2 kd 0.0005 flt  simulator        0.110        0.022       0.0 %
bring-up  kp 0.2 kd 0.0005 flt  flight           0.139        0.103       0.0 %
