living room -> hall: start cell (10,18), goal cell (68,47), straight line 6.48 m
  Dijkstra (w=0)     cost 7.177 m  expanded  2457  path cells  62
  A* (w=1)           cost 7.177 m  expanded   440  path cells  62
  weighted A* (w=2)  cost 8.254 m  expanded   147  path cells  62
  weighted A* (w=5)  cost 8.840 m  expanded   112  path cells  65
bedroom -> kitchen corner: start cell (32,50), goal cell (75,5), straight line 6.22 m
  Dijkstra (w=0)     cost 8.715 m  expanded  2386  path cells  72
  A* (w=1)           cost 8.715 m  expanded   415  path cells  72
  weighted A* (w=2)  cost 8.715 m  expanded   350  path cells  72
  weighted A* (w=5)  cost 8.881 m  expanded   311  path cells  72
A* path, living room -> hall (each character = 2 x 2 cells):
|########################################|
|##########+++++++++##++++++++++++++++++#|
|##########+.......+##+.............+####|
|##########+.......+##+.............+####|
|##########+.......+##+.............+####|
|##########+.......+##+.............+####|
|##########+.......+##+...........**+####|
|##########+.......+##+..........**.+####|
|#+++++++++........+##+.........**..+####|
|#+................+##+........**...+####|
|#+................+##+.......**....++++#|
|#+++++++....+++++++##+++++++**..+++++++#|
|########+..+################*..+########|
|#+++++++...++++++++##+++++++*..++++++++#|
|#+................+##+....**..........+#|
|#+................+##+...**...........+#|
|#+................+##+..**............+#|
|#+................+##+.**.............+#|
|#+................+##+**..............+#|
|#+................+##**......+++++++..+#|
|#+...*****************.......+#####+..+#|
|#+...........................+#####+..+#|
|#+...........................+#####+..+#|
|#+.................++........+#####+..+#|
|#++++++++++++.....+##+.......+#####+..+#|
|#+###########+....+##+.......+++++++..+#|
|#+###########+....+##+................+#|
|#+###########+....+##+................+#|
|#+###########++++++##++++++++++++++++++#|
|########################################|
