step  1: expand (0,2)  g=0 h=6 f=6  open after: (1,2)f=6 (0,3)f=8 (0,1)f=8
step  2: expand (1,2)  g=1 h=5 f=6  open after: (0,3)f=8 (0,1)f=8 (2,2)f=6 (1,3)f=8 (1,1)f=8
step  3: expand (2,2)  g=2 h=4 f=6  open after: (0,3)f=8 (0,1)f=8 (1,3)f=8 (1,1)f=8 (2,3)f=8 (2,1)f=8
step  4: expand (2,3)  g=3 h=5 f=8  open after: (0,3)f=8 (0,1)f=8 (1,3)f=8 (1,1)f=8 (2,1)f=8 (2,4)f=10
step  5: expand (2,1)  g=3 h=5 f=8  open after: (0,3)f=8 (0,1)f=8 (1,3)f=8 (1,1)f=8 (2,4)f=10 (2,0)f=10
step  6: expand (1,3)  g=2 h=6 f=8  open after: (0,3)f=8 (0,1)f=8 (1,1)f=8 (2,4)f=10 (2,0)f=10 (1,4)f=10
step  7: expand (1,1)  g=2 h=6 f=8  open after: (0,3)f=8 (0,1)f=8 (2,4)f=10 (2,0)f=10 (1,4)f=10 (1,0)f=10
step  8: expand (0,3)  g=1 h=7 f=8  open after: (0,1)f=8 (2,4)f=10 (2,0)f=10 (1,4)f=10 (1,0)f=10 (0,4)f=10
step  9: expand (0,1)  g=1 h=7 f=8  open after: (2,4)f=10 (2,0)f=10 (1,4)f=10 (1,0)f=10 (0,4)f=10 (0,0)f=10
step 10: expand (2,4)  g=4 h=6 f=10  open after: (2,0)f=10 (1,4)f=10 (1,0)f=10 (0,4)f=10 (0,0)f=10 (3,4)f=10
step 11: expand (3,4)  g=5 h=5 f=10  open after: (2,0)f=10 (1,4)f=10 (1,0)f=10 (0,4)f=10 (0,0)f=10 (4,4)f=10
step 12: expand (4,4)  g=6 h=4 f=10  open after: (2,0)f=10 (1,4)f=10 (1,0)f=10 (0,4)f=10 (0,0)f=10 (5,4)f=10 (4,3)f=10
step 13: expand (5,4)  g=7 h=3 f=10  open after: (2,0)f=10 (1,4)f=10 (1,0)f=10 (0,4)f=10 (0,0)f=10 (4,3)f=10 (6,4)f=10 (5,3)f=10
step 14: expand (6,4)  g=8 h=2 f=10  open after: (2,0)f=10 (1,4)f=10 (1,0)f=10 (0,4)f=10 (0,0)f=10 (4,3)f=10 (5,3)f=10 (6,3)f=10
step 15: expand (6,3)  g=9 h=1 f=10  open after: (2,0)f=10 (1,4)f=10 (1,0)f=10 (0,4)f=10 (0,0)f=10 (4,3)f=10 (5,3)f=10 (6,2)f=10
step 16: expand (6,2)  g=10 h=0 f=10  open after: (goal reached)
path length 10 steps; expanded 16 of 32 free cells
  .......
  ...#...
  S**#..G
  ..*#..*
  ..*****
