FlatView #3
 AS "memory", root: system
 AS "cpu-memory-0", root: system
 Root memory region: system
  0000000000100000-0000000007ffffff (prio 0, ram): pc.ram @0000000000100000
  00000000feb80000-00000000feb9ffff (prio 1, i/o): e1000e-mmio
  00000000fed90000-00000000fed9022f (prio 0, i/o): intel_iommu
  00000000fee00000-00000000feefffff (prio 4096, i/o): apic-msi
FlatView #4
 AS "ich9-ahci", root: bus master container
 AS "e1000e", root: bus master container
 AS "vtd-root", root: vtd-00.0
 AS "vtd-root", root: vtd-01.0
 AS "vtd-root", root: vtd-02.0
 AS "vtd-root", root: vtd-1f.0
 AS "vtd-root", root: vtd-1f.2
 AS "vtd-root", root: vtd-1f.3
 Root memory region: vtd-nodmar
  0000000000100000-0000000007ffffff (prio 0, ram): pc.ram @0000000000100000
  00000000feb80000-00000000feb9ffff (prio 1, i/o): e1000e-mmio
  00000000fed90000-00000000fed9022f (prio 0, i/o): intel_iommu
  00000000fee00000-00000000feefffff (prio 1, i/o): vtd-ir
