F4-44 kernel: magic=0x2badb002; read-only display probe
00:01.0 vendor 1234 device 1111 class 030000 rev 02 subsystem 1af4:1100
  command 0x0103 status 0x0000 header type 0x00 interrupt pin 0 line 0
  BAR0 raw 0xfc000008: memory at 0xfc000000, 32-bit, prefetchable (size not measured: sizing writes the BAR)
  BAR2 raw 0xfebf8000: memory at 0xfebf8000, 32-bit, non-prefetchable (size not measured: sizing writes the BAR)
  capabilities: none (status bit 4 clear)
  ROM BAR raw 0xfebe0000: address 0xfebe0000, decode disabled
  ROM first bytes: 00 00 00 00
  ROM via ROM BAR: 55AA NO, PCIR at 0x0000 BAD, vendor 0000 device 0000 class 000000, image 0 bytes, code type 255, checksum BAD (sum 0x00), fnv1a 0x00000000
00:02.0 vendor 1234 device 1111 class 038000 rev 02 subsystem 1af4:1100
  command 0x0103 status 0x0010 header type 0x00 interrupt pin 0 line 0
  BAR0 raw 0xfd000008: memory at 0xfd000000, 32-bit, prefetchable (size not measured: sizing writes the BAR)
  BAR2 raw 0xfebf9000: memory at 0xfebf9000, 32-bit, non-prefetchable (size not measured: sizing writes the BAR)
  capability at 0x80: id 0x10 (PCI Express)
  ROM BAR raw 0xfebf0000: address 0xfebf0000, decode disabled
  ROM first bytes: 00 00 00 00
  ROM via ROM BAR: 55AA NO, PCIR at 0x0000 BAD, vendor 0000 device 0000 class 000000, image 0 bytes, code type 255, checksum BAD (sum 0x00), fnv1a 0x00000000
legacy VGA BIOS shadow at 0xC0000 (memory reads only)
  shadow copy: 55AA yes, PCIR at 0x985c ok, vendor 1234 device 1111 class 030000, image 39424 bytes, code type 0, checksum ok (sum 0x00), fnv1a 0xa13d1b81
display functions: 2; configuration writes: 2 (ROM BAR enable + restore); writes to device registers: 0
