F4-44 kernel: magic=0x2badb002; read-only display probe
00:01.0 vendor 1234 device 1111 class 030000 rev 02 subsystem 1af4:1100
  command 0x0103 status 0x0000 header type 0x00 interrupt pin 0 line 0
  BAR0 raw 0xfc000008: memory at 0xfc000000, 32-bit, prefetchable (size not measured: sizing writes the BAR)
  BAR2 raw 0xfebf8000: memory at 0xfebf8000, 32-bit, non-prefetchable (size not measured: sizing writes the BAR)
  capabilities: none (status bit 4 clear)
  ROM BAR raw 0xfebe0000: address 0xfebe0000, decode disabled
  ROM first bytes: 55 aa 4d e9
  ROM via ROM BAR: 55AA yes, PCIR at 0x985c ok, vendor 1234 device 1111 class 030000, image 39424 bytes, code type 0, checksum ok (sum 0x00), fnv1a 0x9bb077c7
  ROM PCIR IDs match the device's own IDs (1234:1111)
00:02.0 vendor 1234 device 1111 class 038000 rev 02 subsystem 1af4:1100
  command 0x0103 status 0x0010 header type 0x00 interrupt pin 0 line 0
  BAR0 raw 0xfd000008: memory at 0xfd000000, 32-bit, prefetchable (size not measured: sizing writes the BAR)
  BAR2 raw 0xfebf9000: memory at 0xfebf9000, 32-bit, non-prefetchable (size not measured: sizing writes the BAR)
  capability at 0x80: id 0x10 (PCI Express)
  ROM BAR raw 0xfebf0000: address 0xfebf0000, decode disabled
  ROM first bytes: 55 aa 38 e9
  ROM via ROM BAR: 55AA yes, PCIR at 0x6e20 ok, vendor 1234 device 1111 class 030000, image 28672 bytes, code type 0, checksum ok (sum 0x00), fnv1a 0x44808385
  ROM PCIR IDs match the device's own IDs (1234:1111)
00:03.0 vendor 1af4 device 1050 class 038000 rev 01 subsystem 1af4:1100
  command 0x0103 status 0x0010 header type 0x00 interrupt pin 1 line 11
  BAR1 raw 0xfebfa000: memory at 0xfebfa000, 32-bit, non-prefetchable (size not measured: sizing writes the BAR)
  BAR4 raw 0xfe00000c: memory at 0xfe000000, 64-bit, prefetchable (size not measured: sizing writes the BAR)
  capability at 0x98: id 0x11 (MSI-X)
  capability at 0x84: id 0x09 (vendor-specific)
  capability at 0x70: id 0x09 (vendor-specific)
  capability at 0x60: id 0x09 (vendor-specific)
  capability at 0x50: id 0x09 (vendor-specific)
  capability at 0x40: id 0x09 (vendor-specific)
  ROM BAR raw 0x00000000: address 0x0, decode disabled
  ROM: no address assigned by firmware; a read-only tool does not assign one
legacy VGA BIOS shadow at 0xC0000 (memory reads only)
  shadow copy: 55AA yes, PCIR at 0x985c ok, vendor 1234 device 1111 class 030000, image 39424 bytes, code type 0, checksum ok (sum 0x00), fnv1a 0xa13d1b81
  shadow copy DIFFERS FROM the primary VGA device's ROM image
display functions: 3; configuration writes: 4 (ROM BAR enable + restore); writes to device registers: 0
