QEMU trace events ahci_mem_write_host, ahci_port_write, ahci_reset_port during the boottrace run
(the leading process id and time stamp removed; 119 lines in all)
== lines 1-87: the firmware (SeaBIOS) before the kernel started; the first 8 ==
ahci_reset_port ahci(0x5652b010e680)[0]: reset port
ahci_reset_port ahci(0x5652b010e680)[1]: reset port
ahci_reset_port ahci(0x5652b010e680)[2]: reset port
ahci_reset_port ahci(0x5652b010e680)[3]: reset port
ahci_reset_port ahci(0x5652b010e680)[4]: reset port
ahci_reset_port ahci(0x5652b010e680)[5]: reset port
ahci_mem_write_host ahci(0x5652b010e680) write4 [reg:GHC] @ 0x4: 0x0000000080000000
ahci_port_write ahci(0x5652b010e680)[0]: port write [reg:PxCLB] @ 0x0: 0x02fe8c00
== from line 88: the lab kernel, from its HBA reset to the end ==
ahci_mem_write_host ahci(0x5652b010e680) write4 [reg:GHC] @ 0x4: 0x0000000080000001
ahci_mem_write_host ahci(0x5652b010e680) write4 [reg:GHC] @ 0x4: 0x0000000080000000
ahci_port_write ahci(0x5652b010e680)[0]: port write [reg:PxCMD] @ 0x18: 0x00000006
ahci_port_write ahci(0x5652b010e680)[0]: port write [reg:PxCMD] @ 0x18: 0x00000006
ahci_port_write ahci(0x5652b010e680)[0]: port write [reg:PxSCTL] @ 0x2c: 0x00000001
ahci_port_write ahci(0x5652b010e680)[0]: port write [reg:PxSCTL] @ 0x2c: 0x00000000
ahci_reset_port ahci(0x5652b010e680)[0]: reset port
ahci_port_write ahci(0x5652b010e680)[0]: port write [reg:PxSERR] @ 0x30: 0xffffffff
ahci_port_write ahci(0x5652b010e680)[0]: port write [reg:PxCLB] @ 0x0: 0x0013d400
ahci_port_write ahci(0x5652b010e680)[0]: port write [reg:PxCLBU] @ 0x4: 0x00000000
ahci_port_write ahci(0x5652b010e680)[0]: port write [reg:PxFB] @ 0x8: 0x0013d300
ahci_port_write ahci(0x5652b010e680)[0]: port write [reg:PxFBU] @ 0xc: 0x00000000
ahci_port_write ahci(0x5652b010e680)[0]: port write [reg:PxSERR] @ 0x30: 0xffffffff
ahci_port_write ahci(0x5652b010e680)[0]: port write [reg:PxIS] @ 0x10: 0xffffffff
ahci_port_write ahci(0x5652b010e680)[0]: port write [reg:PxCMD] @ 0x18: 0x00000016
ahci_port_write ahci(0x5652b010e680)[0]: port write [reg:PxCMD] @ 0x18: 0x00004017
ahci_port_write ahci(0x5652b010e680)[0]: port write [reg:PxIS] @ 0x10: 0xffffffff
ahci_port_write ahci(0x5652b010e680)[0]: port write [reg:PxCI] @ 0x38: 0x00000001
ahci_port_write ahci(0x5652b010e680)[1]: port write [reg:PxCMD] @ 0x18: 0x00000006
ahci_port_write ahci(0x5652b010e680)[1]: port write [reg:PxCMD] @ 0x18: 0x00000006
ahci_port_write ahci(0x5652b010e680)[2]: port write [reg:PxCMD] @ 0x18: 0x00000006
ahci_port_write ahci(0x5652b010e680)[2]: port write [reg:PxCMD] @ 0x18: 0x00000006
ahci_port_write ahci(0x5652b010e680)[3]: port write [reg:PxCMD] @ 0x18: 0x00000006
ahci_port_write ahci(0x5652b010e680)[3]: port write [reg:PxCMD] @ 0x18: 0x00000006
ahci_port_write ahci(0x5652b010e680)[4]: port write [reg:PxCMD] @ 0x18: 0x00000006
ahci_port_write ahci(0x5652b010e680)[4]: port write [reg:PxCMD] @ 0x18: 0x00000006
ahci_port_write ahci(0x5652b010e680)[5]: port write [reg:PxCMD] @ 0x18: 0x00000006
ahci_port_write ahci(0x5652b010e680)[5]: port write [reg:PxCMD] @ 0x18: 0x00000006
ahci_port_write ahci(0x5652b010e680)[0]: port write [reg:PXIE] @ 0x14: 0x40000001
ahci_mem_write_host ahci(0x5652b010e680) write4 [reg:GHC] @ 0x4: 0x0000000080000002
ahci_port_write ahci(0x5652b010e680)[0]: port write [reg:PxIS] @ 0x10: 0x00000003
ahci_mem_write_host ahci(0x5652b010e680) write4 [reg:IS] @ 0x8: 0x0000000000000001
