F4-06 kernel: magic=0x2badb002
ahci: ABAR 0xfebff000 version 1.0, CAP=0xc0141f05 (6 ports, 32 command slots, 64-bit yes, NCQ yes), PI=0x0000003f
ahci: port 0: SSTS=0x113 SIG=0x00000101 SATA disk (link up 0 ms after COMRESET)
ahci: port 1: SSTS=0x000 no device (probe took 0 ms)
ahci: port 2: SSTS=0x000 no device (probe took 0 ms)
ahci: port 3: SSTS=0x000 no device (probe took 0 ms)
ahci: port 4: SSTS=0x000 no device (probe took 0 ms)
ahci: port 5: SSTS=0x000 no device (probe took 0 ms)
ahci: interrupts on PCI line 10
IDENTIFY: model "DR301 SATA DISK" serial "DR301SATA0001" firmware "2.5+" sectors 2097152 (1024 MiB)
iotest ahci       qd=1: 1963 reads, 2037 writes, 0 bad reads, 0 errors, 442 ms emulated, 36199 KiB/s
virtio 00:01.0: device offers 0x10130006e54, driver accepted 0x100000000
virtio queue 0: size 128 (device max 256), desc 0x138000 avail 0x138800 used 0x139000
virtio-blk: capacity 2097152 sectors (1024 MiB)
iotest virtio-blk qd=1: 1963 reads, 2037 writes, 0 bad reads, 0 errors, 5271 ms emulated, 3035 KiB/s
error test: reading LBA 2097152 (one past the last sector)
ahci: command 0x25 failed: PxIS=0x00000000 PxTFD=0x00000441 (error register 0x04) PxSERR=0x00000000
ahci: port 0 recovered: PxCMD=0x0000c017 PxTFD=0x00000441
error test: bad read returned -5, the next read of LBA 0 returned 0
ahci interrupts taken: 4003
C5 tests: PASS
F4-06 done
