== boottrace.csv ==
driver,phase,start_ms_slow,init_ms_healthy,init_ms_slow,delta_ms
ahci,storage,9,5,5015,5010
virtio-blk,storage,2,6,7,1
rtc-cmos,platform,0,1,1,0
i8042,platform,1,2,1,-1
pci,bus,0,0,0,0
== summary (trace_csv.py) ==
driver      phase      start (slow)     init healthy     init slow     delta
ahci        storage            9 ms             5 ms       5015 ms   +5010 ms
virtio-blk  storage            2 ms             6 ms          7 ms      +1 ms
rtc-cmos    platform           0 ms             1 ms          1 ms      +0 ms
i8042       platform           1 ms             2 ms          1 ms      -1 ms
pci         bus                0 ms             0 ms          0 ms      +0 ms
sum of driver init times: healthy 14 ms, slow 5024 ms
== kernel log of the slow boot, AHCI lines ==
ahci: ABAR 0xfebff000 version 1.0, CAP=0xc0141f05 (6 ports, 32 command slots, 64-bit yes, NCQ yes), PI=0x0000003f
ahci: port 0: SSTS=0x113 SIG=0x00000101 SATA disk (link up 0 ms after COMRESET)
ahci: port 1: SSTS=0x000 no device (probe took 1002 ms)
ahci: port 2: SSTS=0x000 no device (probe took 1002 ms)
ahci: port 3: SSTS=0x000 no device (probe took 1002 ms)
ahci: port 4: SSTS=0x000 no device (probe took 1002 ms)
ahci: port 5: SSTS=0x000 no device (probe took 1002 ms)
ahci: interrupts on PCI line 10
