== checks
no problems found

== schedule (working days; L = likely, P = pessimistic)
id    start L  finish L  finish P  slack  on critical path
M0        0.0       4.0       6.0    0.0  yes
M1        4.0      14.0      21.0    0.0  yes
M2       14.0      20.0      31.0    0.0  yes
M3       20.0      26.0      43.0    0.0  yes
M4       26.0      35.0      59.0    0.0  yes
M5       26.0      34.0      57.0    1.0  
M6       35.0      43.0      74.0    0.0  yes
M7       43.0      46.0      79.0    0.0  yes
M8       46.0      51.0      87.0    0.0  yes
end: optimistic 35.0, likely 51.0, pessimistic 87.0 days
critical path (likely): M0 M1 M2 M3 M4 M6 M7 M8

== gates
R0 after M0: day 4.0 likely, 6.0 pessimistic
R1 after M1: day 14.0 likely, 21.0 pessimistic
R2 after M4: day 35.0 likely, 59.0 pessimistic
R3 after M6: day 43.0 likely, 74.0 pessimistic
R4 after M8: day 51.0 likely, 87.0 pessimistic

== tracking
M0: likely 4.0, actual 5.0 (x1.25)
M1: likely 10.0, actual 13.0 (x1.30)
M2: likely 6.0, actual 8.0 (x1.33)
done 3 of 9; actual/likely so far x1.30
remaining critical-path work: 31.0 likely days, 40.3 at the observed ratio
forecast end: day 66.3 (plan said 51.0 likely, 87.0 pessimistic)
