== checks
PROBLEM M3: no acceptance test
PROBLEM M3 waited 11 days on M2, which is not a milestone in the plan (hidden work)
PROBLEM M5 waited 3 days on M2, which is not a milestone in the plan (hidden work)

== schedule (working days; L = likely, P = pessimistic)
id    start L  finish L  finish P  slack  on critical path
M0        0.0       4.0       6.0    0.0  yes
M1        4.0      14.0      21.0    0.0  yes
M4       14.0      23.0      37.0    0.0  yes
M5       14.0      22.0      35.0    1.0  
M3       23.0      27.0      43.0    0.0  yes
M6       27.0      35.0      58.0    0.0  yes
M7       35.0      38.0      63.0    0.0  yes
M8       38.0      43.0      71.0    0.0  yes
end: optimistic 30.0, likely 43.0, pessimistic 71.0 days
critical path (likely): M0 M1 M4 M3 M6 M7 M8

== gates
R0 after M0: day 4.0 likely, 6.0 pessimistic
R1 after M1: day 14.0 likely, 21.0 pessimistic
R2 after M4: day 23.0 likely, 37.0 pessimistic
R3 after M6: day 35.0 likely, 58.0 pessimistic
R4 after M8: day 43.0 likely, 71.0 pessimistic

== tracking
M0: likely 4.0, actual 4.0 (x1.00)
M1: likely 10.0, actual 12.0 (x1.20)
M4: likely 9.0, actual 15.0 (x1.67)
M5: likely 8.0, actual 14.0 (x1.75)
done 4 of 8; actual/likely so far x1.45
remaining critical-path work: 20.0 likely days, 29.0 at the observed ratio
forecast end: day 60.0 (plan said 43.0 likely, 71.0 pessimistic)
