== checks
no problems found

== schedule (working days; L = likely, P = pessimistic)
id    start L  finish L  finish P  slack  on critical path
M0        0.0       4.0       6.0    0.0  yes
M1        4.0      14.0      21.0    0.0  yes
M2       14.0      20.0      31.0    0.0  yes
M4       20.0      29.0      47.0    0.0  yes
M5       20.0      28.0      45.0    1.0  
M3       29.0      33.0      53.0    0.0  yes
M6       33.0      41.0      68.0    0.0  yes
M7       41.0      44.0      73.0    0.0  yes
M8       44.0      49.0      81.0    0.0  yes
end: optimistic 34.0, likely 49.0, pessimistic 81.0 days
critical path (likely): M0 M1 M2 M4 M3 M6 M7 M8

== gates
R0 after M0: day 4.0 likely, 6.0 pessimistic
R1 after M1: day 14.0 likely, 21.0 pessimistic
R2 after M4: day 29.0 likely, 47.0 pessimistic
R3 after M6: day 41.0 likely, 68.0 pessimistic
R4 after M8: day 49.0 likely, 81.0 pessimistic

== tracking
M0: likely 4.0, actual 4.0 (x1.00)
M1: likely 10.0, actual 12.0 (x1.20)
M2: likely 6.0, actual 11.0 (x1.83)
M4: likely 9.0, actual 15.0 (x1.67)
M5: likely 8.0, actual 14.0 (x1.75)
done 5 of 9; actual/likely so far x1.51
remaining critical-path work: 20.0 likely days, 30.3 at the observed ratio
forecast end: day 72.3 (plan said 49.0 likely, 81.0 pessimistic)
