=== shard_load.log: requests per minute per shard ===
12:01   8 shards |  4784  4898 25867  4860  4906  4936  4809  4940
             busiest: shard 2 with 25867 (43 % of all requests)
12:02   8 shards |  4893  4876 25834  4836  4901  4869  5027  4764
             busiest: shard 2 with 25834 (43 % of all requests)
12:03   8 shards |  4863  4793 25858  4905  4825  5004  4919  4833
             busiest: shard 2 with 25858 (43 % of all requests)
12:04  16 shards |  2434  2407 23434  2395  2403  2448  2496  2431  2509  2476  2447  2358  2395  2459  2467  2441
             busiest: shard 2 with 23434 (39 % of all requests)
12:05  16 shards |  2424  2467 23327  2441  2444  2438  2471  2455  2512  2413  2432  2545  2399  2416  2360  2456
             busiest: shard 2 with 23327 (39 % of all requests)
12:06  16 shards |  2447  2450 23692  2488  2369  2372  2427  2450  2440  2413  2406  2444  2373  2449  2390  2390
             busiest: shard 2 with 23692 (39 % of all requests)

=== key sample: busiest shard, 12:06, top 5 keys by requests ===
post:7781203    21144
post:5093258        2
post:3307662        2
post:1753696        2
post:992002         1

=== ops note ===
12:03:40 shard count doubled 8 -> 16 (keys re-hashed, data moved); alert still firing at 12:06
