--- raw measurement from ./scale
# measured on this machine: 4 hardware threads reported
# N X   (X = requests per second, all threads together, 1 s per row)
1 1745060.8
2 2930502.5
3 4028601.5
4 3517177.5
6 3527172.2
8 4036449.6
--- USL fit by ./usl
lambda = X(1) = 1745060.8 per s; fitted sigma = 0.2493, kappa = 0.01497
     N   measured X     fitted X     error    linear N*X(1)
     1    1745060.8    1745060.8      0.0%        1745060.8
     2    2930502.5    2728368.2      7.4%        3490121.6
     3    4028601.5    3296023.4     22.2%        5235182.4
     4    3517177.5    3621573.0     -2.9%        6980243.2
     6    3527172.2    3884577.6     -9.2%       10470364.8
     8    4036449.6    3896223.9      3.6%       13960486.4
predicted peak: N* = 7.1, X(N*) = 3909993.4 per s; beyond N* throughput falls
contention limit 1/sigma: X can never exceed 7000983.6 per s even with kappa = 0
