=================================================================
==15468==ERROR: AddressSanitizer: heap-buffer-overflow on address 0x502000000014 at pc 0x5602b67244d0 bp 0x7ffdcd725020 sp 0x7ffdcd725010
WRITE of size 4 at 0x502000000014 thread T0
    #0 0x5602b67244cf in memset /usr/include/x86_64-linux-gnu/bits/string_fortified.h:59
    #1 0x5602b67244cf in main intoverflow.cc:30
    #2 0x7f0f7882a1c9 in __libc_start_call_main ../sysdeps/nptl/libc_start_call_main.h:58
    #3 0x7f0f7882a28a in __libc_start_main_impl ../csu/libc-start.c:360
    #4 0x5602b6724224 in _start (intoverflow_asan+0x1224) (BuildId: 330550e62deee47c091dd8912e56aa9be9886364)

0x502000000014 is located 0 bytes after 4-byte region [0x502000000010,0x502000000014)
allocated by thread T0 here:
    #0 0x7f0f798fd9c7 in malloc ../../../../src/libsanitizer/asan/asan_malloc_linux.cpp:69
    #1 0x5602b67243a3 in main intoverflow.cc:25
    #2 0x7f0f7882a28a in __libc_start_main_impl ../csu/libc-start.c:360
    #3 0x5602b6724224 in _start (intoverflow_asan+0x1224) (BuildId: 330550e62deee47c091dd8912e56aa9be9886364)

SUMMARY: AddressSanitizer: heap-buffer-overflow /usr/include/x86_64-linux-gnu/bits/string_fortified.h:59 in memset
Shadow bytes around the buggy address:
  0x501ffffffd80: 00 00 00 00 00 00 00 00 00 00 00 00 00 00 00 00
  0x501ffffffe00: 00 00 00 00 00 00 00 00 00 00 00 00 00 00 00 00
  0x501ffffffe80: 00 00 00 00 00 00 00 00 00 00 00 00 00 00 00 00
  0x501fffffff00: 00 00 00 00 00 00 00 00 00 00 00 00 00 00 00 00
  0x501fffffff80: 00 00 00 00 00 00 00 00 00 00 00 00 00 00 00 00
=>0x502000000000: fa fa[04]fa fa fa fa fa fa fa fa fa fa fa fa fa
  0x502000000080: fa fa fa fa fa fa fa fa fa fa fa fa fa fa fa fa
  0x502000000100: fa fa fa fa fa fa fa fa fa fa fa fa fa fa fa fa
  0x502000000180: fa fa fa fa fa fa fa fa fa fa fa fa fa fa fa fa
  0x502000000200: fa fa fa fa fa fa fa fa fa fa fa fa fa fa fa fa
  0x502000000280: fa fa fa fa fa fa fa fa fa fa fa fa fa fa fa fa
Shadow byte legend (one shadow byte represents 8 application bytes):
  Addressable:           00
  Partially addressable: 01 02 03 04 05 06 07 
  Heap left redzone:       fa
  Freed heap region:       fd
  Stack left redzone:      f1
  Stack mid redzone:       f2
  Stack right redzone:     f3
  Stack after return:      f5
  Stack use after scope:   f8
  Global redzone:          f9
  Global init order:       f6
  Poisoned by user:        f7
  Container overflow:      fc
  Array cookie:            ac
  Intra object redzone:    bb
  ASan internal:           fe
  Left alloca redzone:     ca
  Right alloca redzone:    cb
==15468==ABORTING
