--- gfx1030 (default)
_Z7branchyPfi:
	s_load_dword s0, s[4:5], 0x8
	v_lshl_add_u32 v0, s6, 8, v0
	s_waitcnt lgkmcnt(0)
	v_cmp_gt_i32_e32 vcc_lo, s0, v0
	s_and_saveexec_b32 s0, vcc_lo
	s_cbranch_execz .LBB0_2
	s_load_dwordx2 s[0:1], s[4:5], 0x0
	v_ashrrev_i32_e32 v1, 31, v0
	v_lshlrev_b64 v[0:1], 2, v[0:1]
	s_waitcnt lgkmcnt(0)
	v_add_co_u32 v0, vcc_lo, s0, v0
	v_add_co_ci_u32_e32 v1, vcc_lo, s1, v1, vcc_lo
	global_load_dword v2, v[0:1], off
	s_waitcnt vmcnt(0)
	v_add_f32_e32 v3, v2, v2
	v_cmp_lt_f32_e32 vcc_lo, 0, v2
	v_cndmask_b32_e64 v2, -v2, v3, vcc_lo
	global_store_dword v[0:1], v2, off
.LBB0_2:
	s_endpgm
    .sgpr_count:     9
    .vgpr_count:     4
    .wavefront_size: 32
--- gfx1030 -mwavefrontsize64
_Z7branchyPfi:
	s_load_dword s0, s[4:5], 0x8
	v_lshl_add_u32 v0, s6, 8, v0
	s_waitcnt lgkmcnt(0)
	v_cmp_gt_i32_e32 vcc, s0, v0
	s_and_saveexec_b64 s[0:1], vcc
	s_cbranch_execz .LBB0_2
	s_load_dwordx2 s[0:1], s[4:5], 0x0
	v_ashrrev_i32_e32 v1, 31, v0
	v_lshlrev_b64 v[0:1], 2, v[0:1]
	s_waitcnt lgkmcnt(0)
	v_add_co_u32 v0, vcc, s0, v0
	v_add_co_ci_u32_e32 v1, vcc, s1, v1, vcc
	global_load_dword v2, v[0:1], off
	s_waitcnt vmcnt(0)
	v_add_f32_e32 v3, v2, v2
	v_cmp_lt_f32_e32 vcc, 0, v2
	v_cndmask_b32_e64 v2, -v2, v3, vcc
	global_store_dword v[0:1], v2, off
.LBB0_2:
	s_endpgm
    .sgpr_count:     9
    .vgpr_count:     4
    .wavefront_size: 64
