  166 ms  n2  term 1  candidate  election timeout -> candidate, asks for votes (last entry 0, term 0)
  169 ms  n3  term 1  follower   votes for n2
  169 ms  n5  term 1  follower   votes for n2
  171 ms  n1  term 1  follower   votes for n2
  172 ms  n4  term 1  follower   votes for n2
  174 ms  n2  term 1  LEADER     WINS election with votes from n1 n2 n4
  174 ms  n2  term 1  LEADER     appends entry 1: t1 no-op
  179 ms  n1  term 1  follower   stores entry 1 from n2
  179 ms  n5  term 1  follower   stores entry 1 from n2
  180 ms  n4  term 1  follower   stores entry 1 from n2
  182 ms  n2  term 1  LEADER     commits up to entry 1 (t1 no-op)
  183 ms  n3  term 1  follower   stores entry 1 from n2
  400 ms  n2  *** CRASH ***
  566 ms  n5  term 2  candidate  election timeout -> candidate, asks for votes (last entry 1, term 1)
  569 ms  n4  term 2  follower   votes for n5
  570 ms  n1  term 2  follower   votes for n5
  574 ms  n3  term 2  follower   votes for n5
  576 ms  n5  term 2  LEADER     WINS election with votes from n1 n4 n5
  576 ms  n5  term 2  LEADER     appends entry 2: t2 no-op
  578 ms  n4  term 2  follower   stores entry 2 from n5
  580 ms  n1  term 2  follower   stores entry 2 from n5
  582 ms  n3  term 2  follower   stores entry 2 from n5
  583 ms  n5  term 2  LEADER     commits up to entry 2 (t2 no-op)
  n1 up   term 2  commit 2  log: [1 t1 no-op] [2 t2 no-op]
  n2 DOWN term 1  commit 1  log: [1 t1 no-op]
  n3 up   term 2  commit 2  log: [1 t1 no-op] [2 t2 no-op]
  n4 up   term 2  commit 2  log: [1 t1 no-op] [2 t2 no-op]
  n5 up   term 2  commit 2  log: [1 t1 no-op] [2 t2 no-op]
checker: no safety violation
