equal timeouts, 150 ms for every server
   no leader within 3000 ms : 200 of 200 seeds
random timeouts in 150-155 ms (narrow range)
   no leader within 3000 ms :   3 of 200 seeds
   first leader in term 1    :  17 of 200 seeds
   first leader in term 2    :  31 of 200 seeds
   first leader in term 3    :  30 of 200 seeds
   first leader in term 4    :  30 of 200 seeds
   first leader in term 5    :  27 of 200 seeds
   first leader in term 6    :  10 of 200 seeds
   first leader in term 7    :   9 of 200 seeds
   first leader in term 8    :  12 of 200 seeds
   first leader in term 9    :   6 of 200 seeds
   first leader in term 10   :   7 of 200 seeds
   first leader in term 11   :   5 of 200 seeds
   first leader in term 12   :   1 of 200 seeds
   first leader in term 13   :   4 of 200 seeds
   first leader in term 14   :   1 of 200 seeds
   first leader in term 15   :   2 of 200 seeds
   first leader in term 16   :   2 of 200 seeds
   first leader in term 17   :   2 of 200 seeds
   first leader in term 18   :   1 of 200 seeds
random timeouts in 150-300 ms
   first leader in term 1    : 190 of 200 seeds
   first leader in term 2    :  10 of 200 seeds
