  150 ms  n1  term 1  candidate  election timeout -> candidate, asks for votes (last entry 0, term 0)
  152 ms  n2  term 1  candidate  election timeout -> candidate, asks for votes (last entry 0, term 0)
  155 ms  n3  term 1  follower   votes for n1
  156 ms  n3  *** CRASH ***
  156 ms  n3  term 0  follower   restarted from disk: term 0, votedFor 0, 0 log entries
  157 ms  n3  term 1  follower   votes for n2
  160 ms  n1  term 1  LEADER     WINS election with votes from n1 n3
  160 ms  n1  term 1  LEADER     appends entry 1: t1 no-op
  162 ms  n2  term 1  LEADER     WINS election with votes from n2 n3
  162 ms  !!! checker: Election Safety: n1 and n2 are both leader of term 1
  162 ms  n2  term 1  LEADER     appends entry 1: t1 no-op
  165 ms  n3  term 1  follower   stores entry 1 from n1
  170 ms  n1  term 1  LEADER     commits up to entry 1 (t1 no-op)
  172 ms  n2  term 1  LEADER     commits up to entry 1 (t1 no-op)
  250 ms  client -> n1: put x=1
  250 ms  client -> n2: put x=2
  255 ms  n1  term 1  LEADER     appends entry 2: t1 put x=1
  255 ms  n2  term 1  LEADER     appends entry 2: t1 put x=2
  260 ms  n3  term 1  follower   stores entry 2 from n1
  265 ms  n1  term 1  LEADER     commits up to entry 2 (t1 put x=1)
  265 ms  n2  term 1  LEADER     commits up to entry 2 (t1 put x=2)
  265 ms  !!! checker: State Machine Safety: entry 2 applied as 't1 put x=1' earlier, and as 't1 put x=2' by n2
  270 ms  client <- n1: put x=1 done
  270 ms  client <- n2: put x=2 done
  300 ms  !!! checker: Log Matching: n1 and n2 both have term 1 at entry 2, but their logs differ at entry 2
  300 ms  !!! checker: Log Matching: n2 and n3 both have term 1 at entry 2, but their logs differ at entry 2
  410 ms  n2  term 1  LEADER     ERROR: AppendEntries from n1 in my own term: two leaders!
  410 ms  n1  term 1  LEADER     ERROR: AppendEntries from n2 in my own term: two leaders!
  460 ms  n2  term 1  LEADER     ERROR: AppendEntries from n1 in my own term: two leaders!
  460 ms  n1  term 1  LEADER     ERROR: AppendEntries from n2 in my own term: two leaders!
  n1 up   term 1  commit 2  log: [1 t1 no-op] [2 t1 put x=1]
  n2 up   term 1  commit 2  log: [1 t1 no-op] [2 t1 put x=2]
  n3 up   term 1  commit 2  log: [1 t1 no-op] [2 t1 put x=1]
  n1 state machine: x=1
  n2 state machine: x=2
  n3 state machine: x=1
checker: VIOLATION Election Safety: n1 and n2 are both leader of term 1
checker: VIOLATION State Machine Safety: entry 2 applied as 't1 put x=1' earlier, and as 't1 put x=2' by n2
checker: VIOLATION Log Matching: n1 and n2 both have term 1 at entry 2, but their logs differ at entry 2
checker: VIOLATION Log Matching: n2 and n3 both have term 1 at entry 2, but their logs differ at entry 2
