  150 ms  n1  term 1  candidate  election timeout -> candidate, asks for votes (last entry 0, term 0)
  152 ms  n2  term 1  candidate  election timeout -> candidate, asks for votes (last entry 0, term 0)
  155 ms  n3  term 1  follower   votes for n1
  156 ms  n3  *** CRASH ***
  156 ms  n3  term 1  follower   restarted from disk: term 1, votedFor 1, 0 log entries
  157 ms  n3  term 1  follower   refuses vote to n2 (already voted in this term)
  160 ms  n1  term 1  LEADER     WINS election with votes from n1 n3
  160 ms  n1  term 1  LEADER     appends entry 1: t1 no-op
  165 ms  n3  term 1  follower   stores entry 1 from n1
  170 ms  n1  term 1  LEADER     commits up to entry 1 (t1 no-op)
  250 ms  client -> n1: put x=1
  250 ms  client -> n2: put x=2
  255 ms  n1  term 1  LEADER     appends entry 2: t1 put x=1
  260 ms  n3  term 1  follower   stores entry 2 from n1
  260 ms  client <- n2: put x=2 refused, no leader known
  265 ms  n1  term 1  LEADER     commits up to entry 2 (t1 put x=1)
  270 ms  client <- n1: put x=1 done
  304 ms  n2  term 2  candidate  election timeout -> candidate, asks for votes (last entry 0, term 0)
  309 ms  n3  term 2  follower   refuses vote to n2 (its log is behind mine)
  315 ms  n1  term 2  LEADER     -> follower
  456 ms  n2  term 3  candidate  election timeout -> candidate, asks for votes (last entry 0, term 0)
  461 ms  n1  term 3  follower   refuses vote to n2 (its log is behind mine)
  461 ms  n3  term 3  follower   refuses vote to n2 (its log is behind mine)
  465 ms  n1  term 4  candidate  election timeout -> candidate, asks for votes (last entry 2, term 1)
  470 ms  n2  term 4  candidate  -> follower
  470 ms  n2  term 4  follower   votes for n1
  470 ms  n3  term 4  follower   votes for n1
  475 ms  n1  term 4  LEADER     WINS election with votes from n1 n2
  475 ms  n1  term 4  LEADER     appends entry 3: t4 no-op
  480 ms  n2  term 4  follower   rejects AppendEntries: no entry 2 with term 1 (my last entry is 0)
  480 ms  n3  term 4  follower   stores entry 3 from n1
  485 ms  n1  term 4  LEADER     commits up to entry 3 (t4 no-op)
  490 ms  n2  term 4  follower   stores entries 1-3 from n1
  n1 up   term 4  commit 3  log: [1 t1 no-op] [2 t1 put x=1] [3 t4 no-op]
  n2 up   term 4  commit 2  log: [1 t1 no-op] [2 t1 put x=1] [3 t4 no-op]
  n3 up   term 4  commit 2  log: [1 t1 no-op] [2 t1 put x=1] [3 t4 no-op]
  n1 state machine: x=1
  n2 state machine: x=1
  n3 state machine: x=1
checker: no safety violation
