QEMU trace events pci_nvme_admin_cmd, _create_*, _identify_*, _setfeat_numq, _mmio_start_success
598 lines in all; the controller was enabled 2 times.
== the firmware's use of the controller before the kernel ran (first 8 lines) ==
pci_nvme_mmio_start_success setting controller enable bit succeeded
pci_nvme_admin_cmd cid 0 sqid 0 opc 0x6 opname 'NVME_ADM_CMD_IDENTIFY'
pci_nvme_identify_ctrl identify controller
pci_nvme_admin_cmd cid 1 sqid 0 opc 0x5 opname 'NVME_ADM_CMD_CREATE_CQ'
pci_nvme_create_cq create completion queue, addr=0x3fdc000, cqid=1, vector=0, qsize=255, qflags=1, ien=0
pci_nvme_admin_cmd cid 2 sqid 0 opc 0x1 opname 'NVME_ADM_CMD_CREATE_SQ'
pci_nvme_create_sq create submission queue, addr=0x3fd8000, sqid=1, cqid=1, qsize=255, qflags=1
pci_nvme_admin_cmd cid 3 sqid 0 opc 0x6 opname 'NVME_ADM_CMD_IDENTIFY'
== the lab kernel's initialisation (from the last enable, first 24 lines; process id and time stamp removed) ==
pci_nvme_mmio_start_success setting controller enable bit succeeded
pci_nvme_admin_cmd cid 63 sqid 0 opc 0x6 opname 'NVME_ADM_CMD_IDENTIFY'
pci_nvme_identify_ctrl identify controller
pci_nvme_admin_cmd cid 95 sqid 0 opc 0x6 opname 'NVME_ADM_CMD_IDENTIFY'
pci_nvme_identify_nslist nsid 0
pci_nvme_admin_cmd cid 127 sqid 0 opc 0x6 opname 'NVME_ADM_CMD_IDENTIFY'
pci_nvme_identify_ns nsid 1
pci_nvme_admin_cmd cid 159 sqid 0 opc 0x6 opname 'NVME_ADM_CMD_IDENTIFY'
pci_nvme_identify_ns nsid 2
pci_nvme_admin_cmd cid 191 sqid 0 opc 0x9 opname 'NVME_ADM_CMD_SET_FEATURES'
pci_nvme_setfeat_numq requested cq_count=8 sq_count=8, responding with cq_count=64 sq_count=64
pci_nvme_admin_cmd cid 223 sqid 0 opc 0x5 opname 'NVME_ADM_CMD_CREATE_CQ'
pci_nvme_create_cq create completion queue, addr=0x13a000, cqid=1, vector=0, qsize=63, qflags=1, ien=0
pci_nvme_admin_cmd cid 255 sqid 0 opc 0x1 opname 'NVME_ADM_CMD_CREATE_SQ'
pci_nvme_create_sq create submission queue, addr=0x142000, sqid=1, cqid=1, qsize=63, qflags=1
pci_nvme_admin_cmd cid 543 sqid 0 opc 0x0 opname 'NVME_ADM_CMD_DELETE_SQ'
pci_nvme_admin_cmd cid 575 sqid 0 opc 0x4 opname 'NVME_ADM_CMD_DELETE_CQ'
pci_nvme_admin_cmd cid 607 sqid 0 opc 0x5 opname 'NVME_ADM_CMD_CREATE_CQ'
pci_nvme_create_cq create completion queue, addr=0x13a000, cqid=1, vector=0, qsize=63, qflags=1, ien=0
pci_nvme_admin_cmd cid 639 sqid 0 opc 0x1 opname 'NVME_ADM_CMD_CREATE_SQ'
pci_nvme_create_sq create submission queue, addr=0x142000, sqid=1, cqid=1, qsize=63, qflags=1
pci_nvme_admin_cmd cid 30463 sqid 0 opc 0x0 opname 'NVME_ADM_CMD_DELETE_SQ'
pci_nvme_admin_cmd cid 30495 sqid 0 opc 0x4 opname 'NVME_ADM_CMD_DELETE_CQ'
pci_nvme_admin_cmd cid 30527 sqid 0 opc 0x5 opname 'NVME_ADM_CMD_CREATE_CQ'
