F4-07 kernel: magic=0x2badb002
nvme: BAR0 0xfebf8000, CAP=0x004018200f0107ff: MQES+1=2048, DSTRD=0 (doorbell stride 4 bytes), TO=7500 ms, CSS=0xc1, MPSMIN=0; version 1.4.0
nvme: controller ready 0 ms after CC.EN=1
nvme: asked for 8 I/O queue pairs, controller allows 64 SQs and 64 CQs
identify controller: vid 0x1b36 serial "DR301NVME0001" model "QEMU NVMe Ctrl" firmware "8.2.2" nn 256 mdts 5
identify: active namespaces: 2 (from the active namespace list; nn is the highest possible ID)
identify namespace 1: nsze 2097152 blocks of 512 bytes (1024 MiB)
identify namespace 2: nsze 512 blocks of 4096 bytes (2 MiB)
prp test: 4096 bytes (1 pages, PRP1 only): write 0, read 0, fnv1a 3bb83dc5 match
prp test: 8192 bytes (2 pages, PRP2 = 2nd page): write 0, read 0, fnv1a 3fcfddc5 match
prp test: 65536 bytes (16 pages, PRP2 = PRP list): write 0, read 0, fnv1a 91899dc5 match
iotest 1 I/O queue pair(s), qd=32: 2004 reads, 1996 writes, 0 bad reads, 0 errors, 155 ms emulated
iotest 4 I/O queue pair(s), qd=32: 1992 reads, 2008 writes, 0 bad reads, 0 errors, 161 ms emulated
iotest 8 I/O queue pair(s), qd=32: 1967 reads, 2033 writes, 0 bad reads, 0 errors, 155 ms emulated
root: bin/ directory
root: data/ directory
root: etc/ directory
root: bin/init 84 bytes fnv1a 19a0a2a1
root: data/big.bin 1048909 bytes fnv1a 10e8221c
root: etc/hostname 11 bytes fnv1a e235678a
root: hostname is "dr301-nvme"
root: etc/motd 69 bytes fnv1a 80051d97
root: ustar archive on nvme namespace 2: 7 entries, 4 files
stale completions: 0
C6 tests: PASS
F4-07 done
