$ ./elfread hello.o
H type=1 machine=Advanced Micro Devices X86-64 entry=0x0 phoff=0 shoff=1032 flags=0x0 ehsize=64 phentsize=0 phnum=0 shentsize=64 shnum=15 shstrndx=14
S 0  NULL 0000000000000000 000000 000000 00 - 0 0 0
S 1 .text PROGBITS 0000000000000000 000040 00005a 00 AX 0 0 1
S 2 .rela.text RELA 0000000000000000 0002a8 0000a8 18 I 12 1 8
S 3 .data PROGBITS 0000000000000000 00009a 000000 00 WA 0 0 1
S 4 .bss NOBITS 0000000000000000 00009c 000004 00 WA 0 0 4
S 5 .rodata.str1.1 PROGBITS 0000000000000000 00009c 000016 01 AMS 0 0 1
S 6 .rodata PROGBITS 0000000000000000 0000b8 000008 00 A 0 0 8
S 7 .comment PROGBITS 0000000000000000 0000c0 00002e 01 MS 0 0 1
S 8 .note.GNU-stack PROGBITS 0000000000000000 0000ee 000000 00 - 0 0 1
S 9 .note.gnu.property NOTE 0000000000000000 0000f0 000020 00 A 0 0 8
S 10 .eh_frame PROGBITS 0000000000000000 000110 000048 00 A 0 0 8
S 11 .rela.eh_frame RELA 0000000000000000 000350 000030 18 I 12 10 8
S 12 .symtab SYMTAB 0000000000000000 000158 000108 18 - 13 7 8
S 13 .strtab STRTAB 0000000000000000 000260 000048 00 - 0 0 1
S 14 .shstrtab STRTAB 0000000000000000 000380 000083 00 - 0 0 1
Y .symtab 0 0000000000000000 0 NOTYPE LOCAL DEFAULT UND 
Y .symtab 1 0000000000000000 0 FILE LOCAL DEFAULT ABS hello.cpp
Y .symtab 2 0000000000000000 0 SECTION LOCAL DEFAULT 1 .text
Y .symtab 3 0000000000000000 8 OBJECT LOCAL DEFAULT 6 _ZL6banner
Y .symtab 4 0000000000000000 0 SECTION LOCAL DEFAULT 6 .rodata
Y .symtab 5 0000000000000000 0 NOTYPE LOCAL DEFAULT 5 .LC0
Y .symtab 6 000000000000000f 0 NOTYPE LOCAL DEFAULT 5 .LC1
Y .symtab 7 0000000000000000 52 FUNC GLOBAL DEFAULT 1 _Z5greetPKc
Y .symtab 8 0000000000000000 4 OBJECT GLOBAL DEFAULT 4 greetings
Y .symtab 9 0000000000000000 0 NOTYPE GLOBAL DEFAULT UND __printf_chk
Y .symtab 10 0000000000000034 38 FUNC GLOBAL DEFAULT 1 main
