seed 1: hello.o (1992 bytes)
seed 2: hello (16072 bytes)
seed 3: hello-static (785432 bytes)
seed 4: libgreet.so (15120 bytes)
seed 5: hello-stripped (14472 bytes)
seed 6: hello-arm64 (70480 bytes)
ran 3600 s, 54001408 inputs, no sanitizer report, no crash
results by outcome (the reader's own messages):
      284674  e_ehsize is not 64
      299761  e_phentsize or e_shentsize does not match ELF64
       22426  e_shstrndx does not name a section
      973099  file smaller than an ELF64 header
       19450  index out of range
      111735  linked section is not a string table
      278946  no ELF magic number
       68692  not ELFCLASS64 (only 64-bit files are supported)
       66112  not little-endian (ELFDATA2LSB)
    19559712  ok
     2143598  program header table lies outside the file
     1284641  section contents lie outside the file
    27467625  section header table lies outside the file
       28484  string not terminated inside its table
      866295  string offset outside its string table
       57182  symbol table sh_entsize is not 24
      468976  unknown ELF version
(checksum 674071071765469562, printed only so the compiler cannot skip the work)
