$ ./fuzz 60 hello.o hello hello-static libgreet.so hello-stripped hello-arm64
seed 1: hello.o (1992 bytes)
seed 2: hello (16072 bytes)
seed 3: hello-static (785432 bytes)
seed 4: libgreet.so (15120 bytes)
seed 5: hello-stripped (14472 bytes)
seed 6: hello-arm64 (70480 bytes)
ran 60 s, 913152 inputs, no sanitizer report, no crash
results by outcome (the reader's own messages):
        4850  e_ehsize is not 64
        5116  e_phentsize or e_shentsize does not match ELF64
         368  e_shstrndx does not name a section
       16436  file smaller than an ELF64 header
         352  index out of range
        1881  linked section is not a string table
        4863  no ELF magic number
        1178  not ELFCLASS64 (only 64-bit files are supported)
        1129  not little-endian (ELFDATA2LSB)
      330441  ok
       36498  program header table lies outside the file
       21916  section contents lie outside the file
      464143  section header table lies outside the file
         496  string not terminated inside its table
       14566  string offset outside its string table
         968  symbol table sh_entsize is not 24
        7951  unknown ELF version
(checksum 14371354686392615878, printed only so the compiler cannot skip the work)
