$ od -A d -t x1 -N 64 hello
0000000 7f 45 4c 46 02 01 01 00 00 00 00 00 00 00 00 00
0000016 03 00 3e 00 01 00 00 00 60 10 00 00 00 00 00 00
0000032 40 00 00 00 00 00 00 00 08 37 00 00 00 00 00 00
0000048 00 00 00 00 40 00 38 00 0d 00 40 00 1f 00 1e 00
0000064
$ readelf -hW hello
ELF Header:
  Magic:   7f 45 4c 46 02 01 01 00 00 00 00 00 00 00 00 00 
  Class:                             ELF64
  Data:                              2's complement, little endian
  Version:                           1 (current)
  OS/ABI:                            UNIX - System V
  ABI Version:                       0
  Type:                              DYN (Position-Independent Executable file)
  Machine:                           Advanced Micro Devices X86-64
  Version:                           0x1
  Entry point address:               0x1060
  Start of program headers:          64 (bytes into file)
  Start of section headers:          14088 (bytes into file)
  Flags:                             0x0
  Size of this header:               64 (bytes)
  Size of program headers:           56 (bytes)
  Number of program headers:         13
  Size of section headers:           64 (bytes)
  Number of section headers:         31
  Section header string table index: 30
$ readelf -lW hello

Elf file type is DYN (Position-Independent Executable file)
Entry point 0x1060
There are 13 program headers, starting at offset 64

Program Headers:
  Type           Offset   VirtAddr           PhysAddr           FileSiz  MemSiz   Flg Align
  PHDR           0x000040 0x0000000000000040 0x0000000000000040 0x0002d8 0x0002d8 R   0x8
  INTERP         0x000318 0x0000000000000318 0x0000000000000318 0x00001c 0x00001c R   0x1
      [Requesting program interpreter: /lib64/ld-linux-x86-64.so.2]
  LOAD           0x000000 0x0000000000000000 0x0000000000000000 0x000648 0x000648 R   0x1000
  LOAD           0x001000 0x0000000000001000 0x0000000000001000 0x0001b1 0x0001b1 R E 0x1000
  LOAD           0x002000 0x0000000000002000 0x0000000000002000 0x000124 0x000124 R   0x1000
  LOAD           0x002db8 0x0000000000003db8 0x0000000000003db8 0x000258 0x000260 RW  0x1000
  DYNAMIC        0x002dc8 0x0000000000003dc8 0x0000000000003dc8 0x0001f0 0x0001f0 RW  0x8
  NOTE           0x000338 0x0000000000000338 0x0000000000000338 0x000030 0x000030 R   0x8
  NOTE           0x000368 0x0000000000000368 0x0000000000000368 0x000044 0x000044 R   0x4
  GNU_PROPERTY   0x000338 0x0000000000000338 0x0000000000000338 0x000030 0x000030 R   0x8
  GNU_EH_FRAME   0x002028 0x0000000000002028 0x0000000000002028 0x00003c 0x00003c R   0x4
  GNU_STACK      0x000000 0x0000000000000000 0x0000000000000000 0x000000 0x000000 RW  0x10
  GNU_RELRO      0x002db8 0x0000000000003db8 0x0000000000003db8 0x000248 0x000248 R   0x1

 Section to Segment mapping:
  Segment Sections...
   00     
   01     .interp 
   02     .interp .note.gnu.property .note.gnu.build-id .note.ABI-tag .gnu.hash .dynsym .dynstr .gnu.version .gnu.version_r .rela.dyn .rela.plt 
   03     .init .plt .plt.got .plt.sec .text .fini 
   04     .rodata .eh_frame_hdr .eh_frame 
   05     .init_array .fini_array .dynamic .got .data .bss 
   06     .dynamic 
   07     .note.gnu.property 
   08     .note.gnu.build-id .note.ABI-tag 
   09     .note.gnu.property 
   10     .eh_frame_hdr 
   11     
   12     .init_array .fini_array .dynamic .got 
