1. offset of each node's clock, estimated from 5 round trips (best kept)
   n1: injected    +0 ms, estimated    -0.022 ms, error bound +/- 0.031 ms
   n2: injected  +400 ms, estimated  +399.999 ms, error bound +/- 0.031 ms
   n3: injected  -300 ms, estimated  -300.001 ms, error bound +/- 0.032 ms

2. per task: queue delay = node start - controller send (two clocks!)
   task node  delay naive  delay corrected  duration (one clock)
      0  n1      +0.211 ms        +0.233 ms       0.955 ms
      1  n2    +400.229 ms        +0.230 ms       3.179 ms
      2  n3    -299.616 ms        +0.385 ms       1.762 ms
      3  n1      +0.180 ms        +0.202 ms       2.285 ms
      4  n3    -298.820 ms        +1.181 ms       3.956 ms
      5  n2    +400.079 ms        +0.080 ms       1.852 ms
   (tasks 6-11 omitted; the job's answer: count 25997, sum 3709507114)

3. a merged timeline sorted by raw timestamps (ms after the first send)
     -297.714  n3 finishes task 2
       +0.000  controller sends task 0 to n1
       +0.098  controller sends task 1 to n2
       +0.140  controller sends task 2 to n3
       +1.166  n1 finishes task 0
       +2.276  controller receives task 0
       +2.477  controller receives task 2
       +3.657  controller receives task 1
     +403.506  n2 finishes task 1

4. tasks whose finish lies outside [sent, received]: raw 7 of 12, corrected 0 of 12
