t=     0.8ms event=node_up node=n1 pid=3660 port=58879
t=     1.9ms event=node_up node=n2 pid=3661 port=36797
t=     2.5ms event=node_up node=n3 pid=3662 port=50791

--- the job: primes below 300000, split into 12 tasks
laptop answer   : count 25997, sum 3709507114
cluster answers : identical in all 11 timed runs
launch of 3 nodes (fork, listen, connect): 2.71 ms, paid once
median of 11 runs, ms: laptop 23.16   cluster 25.32   speedup 0.91
spread (max-min)/median: laptop 140 %   cluster 88 %
last cluster run, per node (busy time on the node's own clock):
  n1:  3 tasks, busy   13.3 ms
  n2:  5 tasks, busy   15.1 ms
  n3:  4 tasks, busy   12.6 ms

--- one more run with the controller's structured log switched on
t=   394.2ms event=job_start tasks=12 range=[0,300000) assign=dynamic timeout_ms=0
t=   394.4ms event=assign task=0 node=n1
t=   394.4ms event=assign task=1 node=n2
t=   394.5ms event=assign task=2 node=n3
t=   396.5ms event=done task=2 node=n3 node_ms=1.9
t=   396.6ms event=assign task=3 node=n3
t=   397.5ms event=done task=0 node=n1 node_ms=0.8
t=   397.5ms event=assign task=4 node=n1
t=   399.9ms event=done task=3 node=n3 node_ms=1.6
t=   400.1ms event=assign task=5 node=n3
t=   401.9ms event=done task=4 node=n1 node_ms=1.7
t=   402.0ms event=assign task=6 node=n1
t=   402.6ms event=done task=1 node=n2 node_ms=3.4
t=   402.7ms event=assign task=7 node=n2
t=   408.0ms event=done task=7 node=n2 node_ms=2.0
t=   408.2ms event=done task=5 node=n3 node_ms=1.9
t=   408.2ms event=assign task=8 node=n2
t=   408.3ms event=assign task=9 node=n3
t=   409.2ms event=done task=6 node=n1 node_ms=6.4
t=   409.3ms event=assign task=10 node=n1
t=   414.6ms event=done task=8 node=n2 node_ms=2.1
t=   414.8ms event=assign task=11 node=n2
t=   416.4ms event=done task=9 node=n3 node_ms=6.9
t=   417.5ms event=done task=10 node=n1 node_ms=7.1
t=   420.0ms event=done task=11 node=n2 node_ms=2.3
t=   420.1ms event=job_done count=25997 sum=3709507114
t=   420.9ms event=node_exit node=n1 status=0
t=   421.5ms event=node_exit node=n2 status=0
t=   422.2ms event=node_exit node=n3 status=0
