== evidence 1: laptop, same job, 21 runs: median 23.1 ms

== evidence 2: controller log of the cluster run
t=     0.9ms event=node_up node=n1 pid=3750 port=60279
t=     1.8ms event=node_up node=n2 pid=3751 port=47063
t=     2.7ms event=node_up node=n3 pid=3752 port=35841
t=     3.0ms event=job_start tasks=12 range=[0,300000) assign=fixed timeout_ms=0
t=     3.4ms event=assign task=0 node=n1
t=     3.5ms event=assign task=1 node=n2
t=     3.6ms event=assign task=2 node=n3
t=     6.3ms event=done task=0 node=n1 node_ms=2.8
t=     6.4ms event=done task=2 node=n3 node_ms=1.4
t=     6.4ms event=assign task=3 node=n1
t=     6.4ms event=assign task=5 node=n3
t=    10.5ms event=done task=3 node=n1 node_ms=3.8
t=    10.6ms event=done task=5 node=n3 node_ms=1.8
t=    10.6ms event=assign task=6 node=n1
t=    10.7ms event=assign task=8 node=n3
t=    15.0ms event=done task=6 node=n1 node_ms=2.0
t=    15.1ms event=done task=8 node=n3 node_ms=2.1
t=    15.1ms event=assign task=9 node=n1
t=    15.2ms event=assign task=11 node=n3
t=    17.6ms event=done task=9 node=n1 node_ms=2.2
t=    27.3ms event=done task=11 node=n3 node_ms=6.8
t=    30.1ms event=done task=1 node=n2 node_ms=1.2
t=    30.1ms event=assign task=4 node=n2
t=    57.1ms event=done task=4 node=n2 node_ms=1.7
t=    57.3ms event=assign task=7 node=n2
t=    84.6ms event=done task=7 node=n2 node_ms=2.1
t=    84.9ms event=assign task=10 node=n2
t=   112.5ms event=done task=10 node=n2 node_ms=2.3
t=   112.7ms event=job_done count=25997 sum=3709507114

== evidence 3: the nodes' own logs (each node's clock, ms after the controller's first send)
   n1 clock=     +0.2 event=start task=0
   n1 clock=     +3.0 event=end task=0
   n1 clock=     +3.5 event=start task=3
   n1 clock=     +7.3 event=end task=3
   n1 clock=     +7.7 event=start task=6
   n1 clock=     +9.7 event=end task=6
   n1 clock=    +12.3 event=start task=9
   n1 clock=    +14.5 event=end task=9
   n2 clock=    +25.6 event=start task=1
   n2 clock=    +26.8 event=end task=1
   n2 clock=    +52.2 event=start task=4
   n2 clock=    +53.8 event=end task=4
   n2 clock=    +79.4 event=start task=7
   n2 clock=    +81.4 event=end task=7
   n2 clock=   +107.0 event=start task=10
   n2 clock=   +109.3 event=end task=10
   n3 clock=   -299.1 event=start task=2
   n3 clock=   -297.7 event=end task=2
   n3 clock=   -295.0 event=start task=5
   n3 clock=   -293.2 event=end task=5
   n3 clock=   -290.2 event=start task=8
   n3 clock=   -288.1 event=end task=8
   n3 clock=   -285.4 event=start task=11
   n3 clock=   -278.6 event=end task=11

== evidence 4: job summary: finished in 109.6 ms, count 25997
t=   113.6ms event=node_exit node=n1 status=0
t=   114.1ms event=node_exit node=n2 status=0
t=   114.6ms event=node_exit node=n3 status=0
