t=     0.7ms event=node_up node=n1 pid=3782 port=44733
t=     1.7ms event=node_up node=n2 pid=3783 port=34003
t=     2.5ms event=node_up node=n3 pid=3784 port=60125
t=     3.3ms event=job_start tasks=12 range=[0,300000) assign=dynamic timeout_ms=0
t=     4.4ms event=assign task=0 node=n1
t=     4.5ms event=assign task=1 node=n2
t=     4.6ms event=assign task=2 node=n3
t=     4.8ms event=done task=0 node=n1 node_ms=0.8
t=     4.8ms event=assign task=3 node=n1
t=     6.3ms event=done task=2 node=n3 node_ms=1.4
t=     6.4ms event=assign task=4 node=n3
t=     6.9ms event=done task=3 node=n1 node_ms=1.9
t=     7.0ms event=assign task=5 node=n1
t=     9.0ms event=done task=5 node=n1 node_ms=1.9
t=     9.0ms event=assign task=6 node=n1
t=    11.2ms event=done task=6 node=n1 node_ms=2.0
t=    11.3ms event=assign task=7 node=n1
t=    13.6ms event=done task=7 node=n1 node_ms=2.1
t=    13.7ms event=assign task=8 node=n1
t=    16.1ms event=done task=8 node=n1 node_ms=2.3
t=    16.3ms event=assign task=9 node=n1
t=    16.5ms event=done task=4 node=n3 node_ms=1.7
t=    16.5ms event=assign task=10 node=n3
t=    18.8ms event=done task=9 node=n1 node_ms=2.4
t=    18.9ms event=assign task=11 node=n1
t=    21.5ms event=done task=11 node=n1 node_ms=2.4
t=    25.3ms event=done task=10 node=n3 node_ms=2.3
