A. how many CPUs of work does this machine really run at once?
   4 logical CPUs visible. k processes each time the same job, 7 runs:
   k=1  slowest median 110.46 ms  -> CPUs' worth of work done at once: 1.00
   k=2  slowest median 115.75 ms  -> CPUs' worth of work done at once: 1.91
   k=3  slowest median 116.68 ms  -> CPUs' worth of work done at once: 2.84
   k=4  slowest median 231.76 ms  -> CPUs' worth of work done at once: 1.91

B. the job on three nodes pinned to CPUs 0, 1, 2; three neighbours on CPU 1 (n2)
   median of 11 runs after 3 warm-ups; per-node lines are from the last run
   quiet fixed  : job median  52.71 ms (min  42.95, max  73.04)
       n1: 4 tasks, busy  38.0 ms on its clock, waited for  40.2 ms by the controller
       n2: 4 tasks, busy  40.9 ms on its clock, waited for  44.5 ms by the controller
       n3: 4 tasks, busy  42.3 ms on its clock, waited for  44.5 ms by the controller
   quiet dynamic: job median  47.73 ms (min  43.91, max  56.18)
       n1: 4 tasks, busy  33.4 ms on its clock, waited for  34.0 ms by the controller
       n2: 4 tasks, busy  39.3 ms on its clock, waited for  41.4 ms by the controller
       n3: 4 tasks, busy  42.0 ms on its clock, waited for  43.7 ms by the controller
   noisy fixed  : job median 160.01 ms (min 148.16, max 164.08)
       n1: 4 tasks, busy  37.3 ms on its clock, waited for  39.9 ms by the controller
       n2: 4 tasks, busy 133.8 ms on its clock, waited for 163.8 ms by the controller
       n3: 4 tasks, busy  47.9 ms on its clock, waited for  52.6 ms by the controller
   noisy dynamic: job median  69.99 ms (min  63.32, max  81.15)
       n1: 4 tasks, busy  72.6 ms on its clock, waited for  79.5 ms by the controller
       n2: 2 tasks, busy  48.4 ms on its clock, waited for  70.1 ms by the controller
       n3: 6 tasks, busy  61.8 ms on its clock, waited for  67.5 ms by the controller
