t=     0.8ms event=node_up node=n1 pid=4100 port=46223
t=     1.6ms event=node_up node=n2 pid=4101 port=43507
t=     2.5ms event=node_up node=n3 pid=4102 port=55997
t=     2.8ms event=job_start tasks=12 range=[0,300000) assign=dynamic timeout_ms=500
t=     2.9ms event=assign task=0 node=n1
t=     3.0ms event=assign task=1 node=n2
t=     4.2ms event=assign task=2 node=n3
t=     4.4ms event=done task=0 node=n1 node_ms=0.8
t=     4.5ms event=assign task=3 node=n1
t=     6.4ms event=done task=2 node=n3 node_ms=1.4
t=     6.6ms event=assign task=4 node=n3
t=     8.8ms event=done task=3 node=n1 node_ms=1.6
t=     8.8ms event=node_lost node=n3 evidence=connection_closed task=4 action=requeue_task
t=     8.8ms event=assign task=4 node=n1
t=    10.8ms event=done task=4 node=n1 node_ms=1.7
t=    10.9ms event=assign task=5 node=n1
t=    13.0ms event=done task=5 node=n1 node_ms=1.8
t=    13.1ms event=assign task=6 node=n1
t=    15.4ms event=done task=6 node=n1 node_ms=2.1
t=    15.5ms event=assign task=7 node=n1
t=    17.6ms event=done task=7 node=n1 node_ms=2.0
t=    17.7ms event=assign task=8 node=n1
t=    20.6ms event=done task=8 node=n1 node_ms=2.7
t=    20.7ms event=assign task=9 node=n1
t=    23.6ms event=done task=9 node=n1 node_ms=2.4
t=    23.7ms event=assign task=10 node=n1
t=    26.1ms event=done task=10 node=n1 node_ms=2.3
t=    26.3ms event=assign task=11 node=n1
t=    28.7ms event=done task=11 node=n1 node_ms=2.4
t=   504.4ms event=timeout node=n2 task=1 waited_ms=500 action=suspect_node,requeue_task
t=   504.5ms event=assign task=1 node=n1
t=   505.9ms event=done task=1 node=n1 node_ms=1.2
t=   505.9ms event=job_done count=25997 sum=3709507114
t=  1205.1ms event=late_reply node=n2 task=1 action=ignored (already done)
job finished: yes in 503 ms; same answer as the laptop: yes
  n1 finished 11 tasks
  n2 finished 0 tasks
  n3 finished 1 tasks
t=  1206.0ms event=node_exit node=n1 status=0
t=  1206.1ms event=fence node=n2 how=SIGKILL (stand-in for a power-off through its BMC)
t=  1206.8ms event=node_exit node=n2 signal=9
t=  1206.9ms event=node_exit node=n3 signal=9
