# CPU threads stand in for GPUs; float sum; chunk 16384 elements; median of 20 calls after 1 warm-up
#  N      bytes      msgs   bytes_sent    median_us  algbw_GBs  busbw_GBs
   2          4         2            4        56.53     0.0001     0.0001
   2         16         2           16        55.30     0.0003     0.0003
   2         64         2           64        50.29     0.0013     0.0013
   2        256         2          256        47.22     0.0054     0.0054
   2       1024         2         1024        56.76     0.0180     0.0180
   2       4096         2         4096        58.72     0.0698     0.0698
   2      16384         2        16384        74.30     0.2205     0.2205
   2      65536         2        65536        69.87     0.9379     0.9379
   2     262144         4       262144       197.76     1.3256     1.3256
   2    1048576        16      1048576       708.72     1.4795     1.4795
   2    4194304        64      4194304      2725.42     1.5390     1.5390
   2   16777216       256     16777216     12038.89     1.3936     1.3936
   2   67108864      1024     67108864     61229.85     1.0960     1.0960
   4          4         6            6       193.97     0.0000     0.0000
   4         16         6           24       196.43     0.0001     0.0001
   4         64         6           96       195.28     0.0003     0.0005
   4        256         6          384       202.88     0.0013     0.0019
   4       1024         6         1536       183.56     0.0056     0.0084
   4       4096         6         6144       209.15     0.0196     0.0294
   4      16384         6        24576       231.33     0.0708     0.1062
   4      65536         6        98304       234.17     0.2799     0.4198
   4     262144         6       393216       322.18     0.8136     1.2205
   4    1048576        24      1572864      1208.78     0.8675     1.3012
   4    4194304        96      6291456      5057.48     0.8293     1.2440
   4   16777216       384     25165824     24257.12     0.6916     1.0375
   4   67108864      1536    100663296     99130.37     0.6770     1.0155
# result: all timed calls correct
