N = 2: fitted alpha = 27.08 us per message, beta = 3.246 GB/s per rank
       bytes  measured_us     model_us  model/meas
           4        56.53        54.16        0.96
          16        55.30        54.16        0.98
          64        50.29        54.18        1.08
         256        47.22        54.24        1.15
        1024        56.76        54.47        0.96
        4096        58.72        55.42        0.94
       16384        74.30        59.21        0.80
       65536        69.87        74.35        1.06
      262144       197.76       189.09        0.96
     1048576       708.72       756.35        1.07
     4194304      2725.42      3025.39        1.11
    16777216     12038.89     12101.57        1.01
    67108864     61229.85     48406.26        0.79
  median |model/meas - 1| = 0.06; largest = 0.21; points outside +-50 %: 0 of 13
N = 4: fitted alpha = 33.10 us per message, beta = 2.875 GB/s per rank
       bytes  measured_us     model_us  model/meas
           4       193.97       198.63        1.02
          16       196.43       198.63        1.01
          64       195.28       198.66        1.02
         256       202.88       198.76        0.98
        1024       183.56       199.16        1.08
        4096       209.15       200.76        0.96
       16384       231.33       207.17        0.90
       65536       234.17       232.82        0.99
      262144       322.18       335.42        1.04
     1048576      1208.78      1341.66        1.11
     4194304      5057.48      5366.65        1.06
    16777216     24257.12     21466.60        0.88
    67108864     99130.37     85866.38        0.87
  median |model/meas - 1| = 0.04; largest = 0.13; points outside +-50 %: 0 of 13
measured on the build container (CPU threads, shared machine): these alpha and beta describe this run, not any GPU or network
