$ g++ -std=c++20 -g -O1 -fno-omit-frame-pointer -fsanitize=address menu.cc -o menu_asan && ./menu_asan busy
=================================================================
==<pid>==ERROR: AddressSanitizer: heap-use-after-free on address 0x504000000030 at pc 0x55c8996cb106 bp 0x7fffaa8516c0 sp 0x7fffaa8516b0
READ of size 4 at 0x504000000030 thread T0
    #0 0x55c8996cb105 in main ./menu.cc:24
    #1 0x7f847b22a1c9 in __libc_start_call_main ../sysdeps/nptl/libc_start_call_main.h:58
    #2 0x7f847b22a28a in __libc_start_main_impl ../csu/libc-start.c:360
    #3 0x55c8996c93a4 in _start (./menu_asan+0x23a4)

0x504000000030 is located 32 bytes inside of 40-byte region [0x504000000010,0x504000000038)
freed by thread T0 here:
    #0 0x7f847baff5e8 in operator delete(void*, unsigned long) ../../../../src/libsanitizer/asan/asan_new_delete.cpp:164
    #1 0x55c8996cbbd5 in std::__new_allocator<Dish>::deallocate(Dish*, unsigned long) /usr/include/c++/13/bits/new_allocator.h:172
    #2 0x55c8996cbbd5 in std::allocator<Dish>::deallocate(Dish*, unsigned long) /usr/include/c++/13/bits/allocator.h:210
    #3 0x55c8996cbbd5 in std::allocator_traits<std::allocator<Dish> >::deallocate(std::allocator<Dish>&, Dish*, unsigned long) /usr/include/c++/13/bits/alloc_traits.h:517
    #4 0x55c8996cbbd5 in std::_Vector_base<Dish, std::allocator<Dish> >::_M_deallocate(Dish*, unsigned long) /usr/include/c++/13/bits/stl_vector.h:390
    #5 0x55c8996cbbd5 in void std::vector<Dish, std::allocator<Dish> >::_M_realloc_insert<Dish>(__gnu_cxx::__normal_iterator<Dish*, std::vector<Dish, std::allocator<Dish> > >, Dish&&) /usr/include/c++/13/bits/vector.tcc:519
    #6 0x55c8996cafa8 in Dish& std::vector<Dish, std::allocator<Dish> >::emplace_back<Dish>(Dish&&) /usr/include/c++/13/bits/vector.tcc:123
    #7 0x55c8996cafa8 in std::vector<Dish, std::allocator<Dish> >::push_back(Dish&&) /usr/include/c++/13/bits/stl_vector.h:1299
    #8 0x55c8996cafa8 in main ./menu.cc:21
    #9 0x7f847b22a1c9 in __libc_start_call_main ../sysdeps/nptl/libc_start_call_main.h:58
    #10 0x7f847b22a28a in __libc_start_main_impl ../csu/libc-start.c:360
    #11 0x55c8996c93a4 in _start (./menu_asan+0x23a4)

previously allocated by thread T0 here:
    #0 0x7f847bafe548 in operator new(unsigned long) ../../../../src/libsanitizer/asan/asan_new_delete.cpp:95
    #1 0x55c8996cbda6 in std::__new_allocator<Dish>::allocate(unsigned long, void const*) /usr/include/c++/13/bits/new_allocator.h:151
    #2 0x55c8996cbda6 in std::allocator<Dish>::allocate(unsigned long) /usr/include/c++/13/bits/allocator.h:198
    #3 0x55c8996cbda6 in std::allocator_traits<std::allocator<Dish> >::allocate(std::allocator<Dish>&, unsigned long) /usr/include/c++/13/bits/alloc_traits.h:482
    #4 0x55c8996cbda6 in std::_Vector_base<Dish, std::allocator<Dish> >::_M_allocate(unsigned long) /usr/include/c++/13/bits/stl_vector.h:381
    #5 0x55c8996cbda6 in void std::vector<Dish, std::allocator<Dish> >::_M_realloc_insert<Dish>(__gnu_cxx::__normal_iterator<Dish*, std::vector<Dish, std::allocator<Dish> > >, Dish&&) /usr/include/c++/13/bits/vector.tcc:459
    #6 0x55c8996c9deb in Dish& std::vector<Dish, std::allocator<Dish> >::emplace_back<Dish>(Dish&&) /usr/include/c++/13/bits/vector.tcc:123
    #7 0x55c8996c9deb in std::vector<Dish, std::allocator<Dish> >::push_back(Dish&&) /usr/include/c++/13/bits/stl_vector.h:1299
    #8 0x55c8996c9deb in main ./menu.cc:16
    #9 0x7f847b22a1c9 in __libc_start_call_main ../sysdeps/nptl/libc_start_call_main.h:58
    #10 0x7f847b22a28a in __libc_start_main_impl ../csu/libc-start.c:360
    #11 0x55c8996c93a4 in _start (./menu_asan+0x23a4)

SUMMARY: AddressSanitizer: heap-use-after-free ./menu.cc:24 in main
[… shadow-memory map trimmed; the full map is shown in overflow_asan.out …]
