$ g++ -std=c++20 -g -O1 overflow.cc -o overflow && valgrind ./overflow
==<pid>== Memcheck, a memory error detector
==<pid>== Copyright (C) 2002-2022, and GNU GPL'd, by Julian Seward et al.
==<pid>== Using Valgrind-3.22.0 and LibVEX; rerun with -h for copyright info
==<pid>== Command: ./overflow
==<pid>== 
==<pid>== Invalid read of size 4
==<pid>==    at 0x1091DD: sum_readings(std::vector<int, std::allocator<int> > const&) (overflow.cc:9)
==<pid>==    by 0x10927D: main (overflow.cc:17)
==<pid>==  Address 0x4e28094 is 0 bytes after a block of size 20 alloc'd
==<pid>==    at 0x4846FA3: operator new(unsigned long) (in /usr/libexec/valgrind/vgpreload_memcheck-amd64-linux.so)
==<pid>==    by 0x109250: allocate (new_allocator.h:151)
==<pid>==    by 0x109250: allocate (allocator.h:198)
==<pid>==    by 0x109250: allocate (alloc_traits.h:482)
==<pid>==    by 0x109250: _M_allocate (stl_vector.h:381)
==<pid>==    by 0x109250: _M_range_initialize<int const*> (stl_vector.h:1692)
==<pid>==    by 0x109250: vector (stl_vector.h:682)
==<pid>==    by 0x109250: main (overflow.cc:16)
==<pid>== 
sum = 150
==<pid>== 
==<pid>== HEAP SUMMARY:
==<pid>==     in use at exit: 0 bytes in 0 blocks
==<pid>==   total heap usage: 3 allocs, 3 frees, 77,844 bytes allocated
==<pid>== 
==<pid>== All heap blocks were freed -- no leaks are possible
==<pid>== 
==<pid>== For lists of detected and suppressed errors, rerun with: -s
==<pid>== ERROR SUMMARY: 1 errors from 1 contexts (suppressed: 0 from 0)
