$ g++ -std=c++20 -g -O1 -fno-omit-frame-pointer -fsanitize=address overflow.cc -o overflow_asan && ./overflow_asan
=================================================================
==<pid>==ERROR: AddressSanitizer: heap-buffer-overflow on address 0x503000000054 at pc 0x55e0a332e3b8 bp 0x7ffe6c35e4b0 sp 0x7ffe6c35e4a0
READ of size 4 at 0x503000000054 thread T0
    #0 0x55e0a332e3b7 in sum_readings(std::vector<int, std::allocator<int> > const&) ./overflow.cc:9
    #1 0x55e0a332e6cc in main ./overflow.cc:17
    #2 0x7fb42b22a1c9 in __libc_start_call_main ../sysdeps/nptl/libc_start_call_main.h:58
    #3 0x7fb42b22a28a in __libc_start_main_impl ../csu/libc-start.c:360
    #4 0x55e0a332e264 in _start (./overflow_asan+0x1264)

0x503000000054 is located 0 bytes after 20-byte region [0x503000000040,0x503000000054)
allocated by thread T0 here:
    #0 0x7fb42bafe548 in operator new(unsigned long) ../../../../src/libsanitizer/asan/asan_new_delete.cpp:95
    #1 0x55e0a332e5cd in std::__new_allocator<int>::allocate(unsigned long, void const*) /usr/include/c++/13/bits/new_allocator.h:151
    #2 0x55e0a332e5cd in std::allocator<int>::allocate(unsigned long) /usr/include/c++/13/bits/allocator.h:198
    #3 0x55e0a332e5cd in std::allocator_traits<std::allocator<int> >::allocate(std::allocator<int>&, unsigned long) /usr/include/c++/13/bits/alloc_traits.h:482
    #4 0x55e0a332e5cd in std::_Vector_base<int, std::allocator<int> >::_M_allocate(unsigned long) /usr/include/c++/13/bits/stl_vector.h:381
    #5 0x55e0a332e5cd in void std::vector<int, std::allocator<int> >::_M_range_initialize<int const*>(int const*, int const*, std::forward_iterator_tag) /usr/include/c++/13/bits/stl_vector.h:1692
    #6 0x55e0a332e5cd in std::vector<int, std::allocator<int> >::vector(std::initializer_list<int>, std::allocator<int> const&) /usr/include/c++/13/bits/stl_vector.h:682
    #7 0x55e0a332e5cd in main ./overflow.cc:16
    #8 0x7fb42b22a1c9 in __libc_start_call_main ../sysdeps/nptl/libc_start_call_main.h:58
    #9 0x7fb42b22a28a in __libc_start_main_impl ../csu/libc-start.c:360
    #10 0x55e0a332e264 in _start (./overflow_asan+0x1264)

SUMMARY: AddressSanitizer: heap-buffer-overflow ./overflow.cc:9 in sum_readings(std::vector<int, std::allocator<int> > const&)
Shadow bytes around the buggy address:
  0x502ffffffd80: 00 00 00 00 00 00 00 00 00 00 00 00 00 00 00 00
  0x502ffffffe00: 00 00 00 00 00 00 00 00 00 00 00 00 00 00 00 00
  0x502ffffffe80: 00 00 00 00 00 00 00 00 00 00 00 00 00 00 00 00
  0x502fffffff00: 00 00 00 00 00 00 00 00 00 00 00 00 00 00 00 00
  0x502fffffff80: 00 00 00 00 00 00 00 00 00 00 00 00 00 00 00 00
=>0x503000000000: fa fa 00 00 00 fa fa fa 00 00[04]fa fa fa fa fa
  0x503000000080: fa fa fa fa fa fa fa fa fa fa fa fa fa fa fa fa
  0x503000000100: fa fa fa fa fa fa fa fa fa fa fa fa fa fa fa fa
  0x503000000180: fa fa fa fa fa fa fa fa fa fa fa fa fa fa fa fa
  0x503000000200: fa fa fa fa fa fa fa fa fa fa fa fa fa fa fa fa
  0x503000000280: fa fa fa fa fa fa fa fa fa fa fa fa fa fa fa fa
Shadow byte legend (one shadow byte represents 8 application bytes):
  Addressable:           00
  Partially addressable: 01 02 03 04 05 06 07 
  Heap left redzone:       fa
  Freed heap region:       fd
  Stack left redzone:      f1
  Stack mid redzone:       f2
  Stack right redzone:     f3
  Stack after return:      f5
  Stack use after scope:   f8
  Global redzone:          f9
  Global init order:       f6
  Poisoned by user:        f7
  Container overflow:      fc
  Array cookie:            ac
  Intra object redzone:    bb
  ASan internal:           fe
  Left alloca redzone:     ca
  Right alloca redzone:    cb
==<pid>==ABORTING
