$ g++ -std=c++20 -g -O1 -fno-omit-frame-pointer -fsanitize=address -D_GLIBCXX_SANITIZE_VECTOR reserve.cc -o reserve2 && ./reserve2
=================================================================
==<pid>==ERROR: AddressSanitizer: container-overflow on address 0x503000000058 at pc 0x55fd8bfa5d23 bp 0x7ffc8ab39190 sp 0x7ffc8ab39180
READ of size 4 at 0x503000000058 thread T0
    #0 0x55fd8bfa5d22 in main ./reserve.cc:12
    #1 0x7fe2a8c2a1c9 in __libc_start_call_main ../sysdeps/nptl/libc_start_call_main.h:58
    #2 0x7fe2a8c2a28a in __libc_start_main_impl ../csu/libc-start.c:360
    #3 0x55fd8bfa5304 in _start (./reserve2+0x1304)

0x503000000058 is located 24 bytes inside of 32-byte region [0x503000000040,0x503000000060)
allocated by thread T0 here:
    #0 0x7fe2a94fe548 in operator new(unsigned long) ../../../../src/libsanitizer/asan/asan_new_delete.cpp:95
    #1 0x55fd8bfa557f in std::__new_allocator<int>::allocate(unsigned long, void const*) /usr/include/c++/13/bits/new_allocator.h:151
    #2 0x55fd8bfa557f in std::allocator<int>::allocate(unsigned long) /usr/include/c++/13/bits/allocator.h:198
    #3 0x55fd8bfa557f in std::allocator_traits<std::allocator<int> >::allocate(std::allocator<int>&, unsigned long) /usr/include/c++/13/bits/alloc_traits.h:482
    #4 0x55fd8bfa557f in std::_Vector_base<int, std::allocator<int> >::_M_allocate(unsigned long) /usr/include/c++/13/bits/stl_vector.h:381
    #5 0x55fd8bfa557f in std::vector<int, std::allocator<int> >::reserve(unsigned long) /usr/include/c++/13/bits/vector.tcc:79
    #6 0x55fd8bfa557f in main ./reserve.cc:8
    #7 0x7fe2a8c2a1c9 in __libc_start_call_main ../sysdeps/nptl/libc_start_call_main.h:58
    #8 0x7fe2a8c2a28a in __libc_start_main_impl ../csu/libc-start.c:360
    #9 0x55fd8bfa5304 in _start (./reserve2+0x1304)

HINT: if you don't care about these errors you may set ASAN_OPTIONS=detect_container_overflow=0.
If you suspect a false positive see also: <link removed: this university prints no address it has not opened (AH-30)>
SUMMARY: AddressSanitizer: container-overflow ./reserve.cc:12 in main
[… shadow-memory map trimmed; the full map is shown in overflow_asan.out …]
