vectors: estop wd_ok auto_mode deadman -> enable
  v0     0     0       0        0    ->   0
  v1     1     0       0        0    ->   0
  v2     0     1       0        0    ->   0
  v3     1     1       0        0    ->   0
  v4     0     0       1        0    ->   0
  v5     1     0       1        0    ->   0
  v6     0     1       1        0    ->   1
  v7     1     1       1        0    ->   0
  v8     0     0       0        1    ->   0
  v9     1     0       0        1    ->   0
  v10    0     1       0        1    ->   1
  v11    1     1       0        1    ->   0
  v12    0     0       1        1    ->   0
  v13    1     0       1        1    ->   0
  v14    0     1       1        1    ->   1
  v15    1     1       1        1    ->   0
A: one pass, one e-stop         2 tests | decision yes | condition no  | MC/DC no  (not shown: wd_ok, auto_mode, deadman)
B: all false, all true          2 tests | decision no  | condition yes | MC/DC no  (not shown: estop, wd_ok, auto_mode, deadman)
C: B plus 'auto, no deadman'    3 tests | decision yes | condition yes | MC/DC no  (not shown: estop, wd_ok, auto_mode, deadman)
D: the team's 6 tests           6 tests | decision yes | condition yes | MC/DC no  (not shown: auto_mode, deadman)
smallest MC/DC suite found by exhaustive search: v2 v4 v6 v7 v10
E: smallest MC/DC suite         5 tests | decision yes | condition yes | MC/DC yes
