  100 ms  n1  term 1  candidate  election timeout -> candidate, asks for votes (last entry 0, term 0)
  105 ms  n2  term 1  follower   votes for n1
  105 ms  n3  term 1  follower   votes for n1
  110 ms  n1  term 1  LEADER     WINS election with votes from n1 n2
  110 ms  n1  term 1  LEADER     appends entry 1: t1 no-op
  115 ms  n2  term 1  follower   stores entry 1 from n1
  115 ms  n3  term 1  follower   stores entry 1 from n1
  120 ms  n1  term 1  LEADER     commits up to entry 1 (t1 no-op)
  200 ms  client -> n1: put x=1
  205 ms  n1  term 1  LEADER     appends entry 2: t1 put x=1
  210 ms  n2  term 1  follower   stores entry 2 from n1
  210 ms  n3  term 1  follower   stores entry 2 from n1
  215 ms  n1  term 1  LEADER     commits up to entry 2 (t1 put x=1)
  220 ms  client <- n1: put x=1 done
  300 ms  client -> n1: change configuration to {1,2,3,4,5}
  305 ms  n1  term 1  LEADER     appends entry 3: t1 config {1,2,3}+{1,2,3,4,5}
  310 ms  n2  term 1  follower   stores entry 3 from n1
  310 ms  n3  term 1  follower   stores entry 3 from n1
  310 ms  n4  term 1  follower   rejects AppendEntries: no entry 3 with term 1 (my last entry is 0)
  310 ms  n5  term 1  follower   rejects AppendEntries: no entry 3 with term 1 (my last entry is 0)
  310 ms  client -> n1: put x=2
  315 ms  n1  term 1  LEADER     commits up to entry 3 (t1 config {1,2,3}+{1,2,3,4,5})
  315 ms  n1  term 1  LEADER     joint configuration committed; appends C_new {1,2,3,4,5}
  315 ms  n1  term 1  LEADER     appends entry 4: t1 config {1,2,3,4,5}
  315 ms  n1  term 1  LEADER     appends entry 5: t1 put x=2
  320 ms  client <- n1: config {1,2,3}+{1,2,3,4,5} done
  320 ms  n2  term 1  follower   stores entry 4 from n1
  320 ms  n3  term 1  follower   stores entry 4 from n1
  320 ms  n4  term 1  follower   rejects AppendEntries: no entry 3 with term 1 (my last entry is 0)
  320 ms  n5  term 1  follower   rejects AppendEntries: no entry 3 with term 1 (my last entry is 0)
  320 ms  n4  term 1  follower   stores entries 1-4 from n1
  320 ms  n5  term 1  follower   stores entries 1-4 from n1
  320 ms  n2  term 1  follower   stores entry 5 from n1
  320 ms  n3  term 1  follower   stores entry 5 from n1
  320 ms  n4  term 1  follower   stores entry 5 from n1
  320 ms  n5  term 1  follower   stores entry 5 from n1
  325 ms  n1  term 1  LEADER     commits up to entry 4 (t1 config {1,2,3,4,5})
  325 ms  n1  term 1  LEADER     commits up to entry 5 (t1 put x=2)
  330 ms  client <- n1: put x=2 done
  500 ms  client -> n1: change configuration to {2,3,4,5}
  505 ms  n1  term 1  LEADER     appends entry 6: t1 config {1,2,3,4,5}+{2,3,4,5}
  510 ms  n2  term 1  follower   stores entry 6 from n1
  510 ms  n3  term 1  follower   stores entry 6 from n1
  510 ms  n4  term 1  follower   stores entry 6 from n1
  510 ms  n5  term 1  follower   stores entry 6 from n1
  515 ms  n1  term 1  LEADER     commits up to entry 6 (t1 config {1,2,3,4,5}+{2,3,4,5})
  515 ms  n1  term 1  LEADER     joint configuration committed; appends C_new {2,3,4,5}
  515 ms  n1  term 1  LEADER     appends entry 7: t1 config {2,3,4,5}
  520 ms  client <- n1: config {1,2,3,4,5}+{2,3,4,5} done
  520 ms  n2  term 1  follower   stores entry 7 from n1
  520 ms  n3  term 1  follower   stores entry 7 from n1
  520 ms  n4  term 1  follower   stores entry 7 from n1
  520 ms  n5  term 1  follower   stores entry 7 from n1
  525 ms  n1  term 1  LEADER     commits up to entry 7 (t1 config {2,3,4,5})
  525 ms  n1  term 1  LEADER     C_new committed without me: steps down
  702 ms  n3  term 2  candidate  election timeout -> candidate, asks for votes (last entry 7, term 1)
  707 ms  n2  term 2  follower   votes for n3
  707 ms  n4  term 2  follower   votes for n3
  707 ms  n5  term 2  follower   votes for n3
  712 ms  n3  term 2  LEADER     WINS election with votes from n2 n3 n4
  712 ms  n3  term 2  LEADER     appends entry 8: t2 no-op
  717 ms  n2  term 2  follower   stores entry 8 from n3
  717 ms  n4  term 2  follower   stores entry 8 from n3
  717 ms  n5  term 2  follower   stores entry 8 from n3
  722 ms  n3  term 2  LEADER     commits up to entry 8 (t2 no-op)
  n1 up   term 1  commit 7  log: [1 t1 no-op] [2 t1 put x=1] [3 t1 config {1,2,3}+{1,2,3,4,5}] [4 t1 config {1,2,3,4,5}] [5 t1 put x=2] [6 t1 config {1,2,3,4,5}+{2,3,4,5}] [7 t1 config {2,3,4,5}]
  n2 up   term 2  commit 8  log: [1 t1 no-op] [2 t1 put x=1] [3 t1 config {1,2,3}+{1,2,3,4,5}] [4 t1 config {1,2,3,4,5}] [5 t1 put x=2] [6 t1 config {1,2,3,4,5}+{2,3,4,5}] [7 t1 config {2,3,4,5}] [8 t2 no-op]
  n3 up   term 2  commit 8  log: [1 t1 no-op] [2 t1 put x=1] [3 t1 config {1,2,3}+{1,2,3,4,5}] [4 t1 config {1,2,3,4,5}] [5 t1 put x=2] [6 t1 config {1,2,3,4,5}+{2,3,4,5}] [7 t1 config {2,3,4,5}] [8 t2 no-op]
  n4 up   term 2  commit 8  log: [1 t1 no-op] [2 t1 put x=1] [3 t1 config {1,2,3}+{1,2,3,4,5}] [4 t1 config {1,2,3,4,5}] [5 t1 put x=2] [6 t1 config {1,2,3,4,5}+{2,3,4,5}] [7 t1 config {2,3,4,5}] [8 t2 no-op]
  n5 up   term 2  commit 8  log: [1 t1 no-op] [2 t1 put x=1] [3 t1 config {1,2,3}+{1,2,3,4,5}] [4 t1 config {1,2,3,4,5}] [5 t1 put x=2] [6 t1 config {1,2,3,4,5}+{2,3,4,5}] [7 t1 config {2,3,4,5}] [8 t2 no-op]
  n1 state machine: x=2
  n2 state machine: x=2
  n3 state machine: x=2
  n4 state machine: x=2
  n5 state machine: x=2
checker: no safety violation
