(lldb) target create "app_v2.elf"
Current executable set to 'app_v2.elf' (arm).
(lldb) process connect --plugin gdb-remote unix-connect://[socket path removed]
Process 1 stopped
* thread #1, stop reason = signal SIGTRAP
    frame #0: 0x00000048 app_v2.elf`::Reset_Handler() at startup.cc:23
   20  	extern "C" void SysTick_Handler() __attribute__((weak, alias("Default_Handler")));
   21  	
   22  	extern "C" [[noreturn]] void Reset_Handler()
-> 23  	{
   24  	    const uint32_t* src = &__data_load;
   25  	    for (uint32_t* dst = &__data_start; dst < &__data_end; ++dst, ++src) {
   26  	        *dst = *src;
(lldb) command source -s 0 'forensic.lldb'
Executing commands in 'forensic.lldb'.
(lldb) breakpoint set --name SysTick_handler
Breakpoint 1: where = app_v2.elf`::SysTick_handler() at app_v2.cc:35:13, address = 0x000000c4
(lldb) breakpoint set --name Default_Handler
Breakpoint 2: where = app_v2.elf`::Default_Handler() at startup.cc:40:5, address = 0x00000040
(lldb) continue
Process 1 resuming
Process 1 stopped
* thread #1, stop reason = breakpoint 2.1
    frame #0: 0x00000040 app_v2.elf`::Default_Handler() at startup.cc:40:5
   37  	// Any exception without its own handler ends here: stop for the debugger.
   38  	extern "C" void Default_Handler()
   39  	{
-> 40  	    for (;;) {
    	    ^
   41  	        asm volatile("bkpt #0");
   42  	    }
   43  	}
(lldb) register read pc lr xpsr
      pc = 0x00000040 app_v2.elf`::Default_Handler() at startup.cc:40:5  app_v2.elf`::Default_Handler() at startup.cc:40:5
      lr = 0xfffffff9
    xpsr = 0x8100000f
(lldb) print ticks
(volatile uint32_t) 0
(lldb) memory read --size 4 --format x --count 1 0x3c
0x0000003c: 0x00000041
(lldb) image lookup --address 0x40
      Address: app_v2.elf[0x00000040] (app_v2.elf.PT_LOAD[0]..text + 64)
      Summary: app_v2.elf`::Default_Handler() at startup.cc:40:5
