(lldb) target create "app.elf"
Current executable set to 'app.elf' (arm).
(lldb) process connect --plugin gdb-remote unix-connect://[socket path removed]
Process 1 stopped
* thread #1, stop reason = signal SIGTRAP
    frame #0: 0x00000048 app.elf`::Reset_Handler() at startup.cc:23
   20  	extern "C" void SysTick_Handler() __attribute__((weak, alias("Default_Handler")));
   21  	
   22  	extern "C" [[noreturn]] void Reset_Handler()
-> 23  	{
   24  	    const uint32_t* src = &__data_load;
   25  	    for (uint32_t* dst = &__data_start; dst < &__data_end; ++dst, ++src) {
   26  	        *dst = *src;
(lldb) command source -s 0 'session.lldb'
Executing commands in 'session.lldb'.
(lldb) register read pc sp xpsr
      pc = 0x00000048 app.elf`::Reset_Handler() at startup.cc:23  app.elf`::Reset_Handler() at startup.cc:23
      sp = 0x20010000 -> 0x00000000 app.elf`vector_table
    xpsr = 0x41000000
(lldb) memory read --size 4 --format x --count 4 0x0
0x00000000: 0x20010000 0x00000049 0x00000041 0x00000041
(lldb) breakpoint set --name Reset_Handler
Breakpoint 1: where = app.elf`::Reset_Handler() + 6 at startup.cc:24:21, address = 0x0000004e
(lldb) continue
Process 1 resuming
Process 1 stopped
* thread #1, stop reason = breakpoint 1.1
    frame #0: 0x0000004e app.elf`::Reset_Handler() at startup.cc:24:21
   21  	
   22  	extern "C" [[noreturn]] void Reset_Handler()
   23  	{
-> 24  	    const uint32_t* src = &__data_load;
    	                    ^
   25  	    for (uint32_t* dst = &__data_start; dst < &__data_end; ++dst, ++src) {
   26  	        *dst = *src;
   27  	    }
(lldb) breakpoint set --name SysTick_Handler
Breakpoint 2: where = app.elf`::SysTick_Handler() at app.cc:34:13, address = 0x000000c4
(lldb) continue
Process 1 resuming
Process 1 stopped
* thread #1, stop reason = breakpoint 2.1
    frame #0: 0x000000c4 app.elf`::SysTick_Handler() at app.cc:34:13
   31  	
   32  	extern "C" void SysTick_Handler()
   33  	{
-> 34  	    ticks = ticks + 1;
    	            ^
   35  	}
   36  	
   37  	int main()
(lldb) bt
* thread #1, stop reason = breakpoint 2.1
  * frame #0: 0x000000c4 app.elf`::SysTick_Handler() at app.cc:34:13
(lldb) register read lr xpsr
      lr = 0xfffffff9
    xpsr = 0x8100000f
(lldb) print ticks
(volatile uint32_t) 0
(lldb) continue
Process 1 resuming
Process 1 stopped
* thread #1, stop reason = breakpoint 2.1
    frame #0: 0x000000c4 app.elf`::SysTick_Handler() at app.cc:34:13
   31  	
   32  	extern "C" void SysTick_Handler()
   33  	{
-> 34  	    ticks = ticks + 1;
    	            ^
   35  	}
   36  	
   37  	int main()
(lldb) print ticks
(volatile uint32_t) 1
(lldb) breakpoint delete --force
All breakpoints removed. (2 breakpoints)
(lldb) watchpoint set variable ticks
Watchpoint created: Watchpoint 1: addr = 0x20000000 size = 4 state = enabled type = m
    declare @ 'app.cc:30'
    watchpoint spec = 'ticks'
Watchpoint 1 hit:
    
new value: 1
(lldb) continue

Watchpoint 1 hit:
old value: 1
new value: 2
Process 1 resuming
Process 1 stopped
* thread #1, stop reason = watchpoint 1
    frame #0: 0x000000d2 app.elf`::SysTick_Handler() at app.cc:35:1
   32  	extern "C" void SysTick_Handler()
   33  	{
   34  	    ticks = ticks + 1;
-> 35  	}
    	^
   36  	
   37  	int main()
   38  	{
(lldb) memory read --size 4 --format x --count 3 0xE000E010
0xe000e010: 0x00010007 0x0001869f 0x000162d6
