[t=000000 n1] virtio-9p: I/O base 0xc000, queue size 128, features 0x79000001
[t=000000 n1] virtio-9p: mount tag "ds403share"
-> Tversion tag 65535 (19 bytes)
    13 00 00 00 64 ff ff 00 80 00 00 06 00 39 50 32
    30 30 30
v9fs_version tag 65535 id 100 msize 32768 version 9P2000
v9fs_version_return tag 65535 id 100 msize 32768 version unknown
<- Rversion tag 65535 (20 bytes)
    14 00 00 00 65 ff ff 00 80 00 00 07 00 75 6e 6b
    6e 6f 77 6e
   server msize 32768, version "unknown"
-> Tversion tag 65535 (21 bytes)
    15 00 00 00 64 ff ff 00 80 00 00 08 00 39 50 32
    30 30 30 2e 75
v9fs_version tag 65535 id 100 msize 32768 version 9P2000.u
v9fs_version_return tag 65535 id 100 msize 32768 version 9P2000.u
<- Rversion tag 65535 (21 bytes)
    15 00 00 00 65 ff ff 00 80 00 00 08 00 39 50 32
    30 30 30 2e 75
   server msize 32768, version "9P2000.u"
-> Tattach tag 1 (28 bytes)
v9fs_attach tag 1 id 104 fid 0 afid -1 uname ds403 aname 
v9fs_attach_return tag 1 id 104 type 128 version 1792639591 path 753688
<- Rattach tag 1 (20 bytes)
   root qid: type 0x80 version 1792639591 path 753688
-> Twalk tag 2 (28 bytes)
    1c 00 00 00 6e 02 00 00 00 00 00 01 00 00 00 01
    00 09 00 48 65 6c 6c 6f 2e 74 78 74
v9fs_walk tag 2 id 110 fid 0 newfid 1 nwnames 1
v9fs_rerror tag 2 id 110 err 2
<- Rerror tag 2 (38 bytes)
    26 00 00 00 6b 02 00 19 00 4e 6f 20 73 75 63 68
    20 66 69 6c 65 20 6f 72 20 64 69 72 65 63 74 6f
    72 79 02 00 00 00
   error "No such file or directory" (errno 2)
[t=000000 n1] walk to Hello.txt failed
