[t=000000 n1] virtio-9p: I/O base 0xc000, queue size 128, features 0x79000001
[t=000000 n1] virtio-9p: mount tag "ds403share"
-> Tversion tag 65535 (19 bytes)
    13 00 00 00 64 ff ff 00 80 00 00 06 00 39 50 32
    30 30 30
v9fs_version tag 65535 id 100 msize 32768 version 9P2000
v9fs_version_return tag 65535 id 100 msize 32768 version unknown
<- Rversion tag 65535 (20 bytes)
    14 00 00 00 65 ff ff 00 80 00 00 07 00 75 6e 6b
    6e 6f 77 6e
   server msize 32768, version "unknown"
-> Tversion tag 65535 (21 bytes)
    15 00 00 00 64 ff ff 00 80 00 00 08 00 39 50 32
    30 30 30 2e 75
v9fs_version tag 65535 id 100 msize 32768 version 9P2000.u
v9fs_version_return tag 65535 id 100 msize 32768 version 9P2000.u
<- Rversion tag 65535 (21 bytes)
    15 00 00 00 65 ff ff 00 80 00 00 08 00 39 50 32
    30 30 30 2e 75
   server msize 32768, version "9P2000.u"
-> Tattach tag 1 (28 bytes)
v9fs_attach tag 1 id 104 fid 0 afid -1 uname ds403 aname 
v9fs_attach_return tag 1 id 104 type 128 version 1792639591 path 753688
<- Rattach tag 1 (20 bytes)
   root qid: type 0x80 version 1792639591 path 753688
-> Twalk tag 2 (28 bytes)
    1c 00 00 00 6e 02 00 00 00 00 00 01 00 00 00 01
    00 09 00 68 65 6c 6c 6f 2e 74 78 74
v9fs_walk tag 2 id 110 fid 0 newfid 1 nwnames 1
v9fs_walk_return tag 2 id 110 nwnames 1 qids 0x55a0b3f9a120
<- Rwalk tag 2 (22 bytes)
    16 00 00 00 6f 02 00 01 00 00 67 9d c9 6a 24 80
    0b 00 00 00 00 00
   nwqid 1
   hello.txt qid: type 0x00 version 1791597927 path 753700
-> Topen tag 3 (12 bytes)
v9fs_open tag 3 id 112 fid 1 mode 0
v9fs_open_return tag 3 id 112 qid={type 0 version 1791597927 path 753700} iounit 28672
<- Ropen tag 3 (24 bytes)
   opened qid: type 0x00 version 1791597927 path 753700
-> Tread tag 4 (23 bytes)
v9fs_read tag 4 id 116 fid 1 off 0 max_count 512
v9fs_read_return tag 4 id 116 count 31 err 42
<- Rread tag 4 (42 bytes)
   31 bytes: "hello from the host side of 9P\n"
-> Twalk tag 5 (17 bytes)
v9fs_walk tag 5 id 110 fid 0 newfid 2 nwnames 0
v9fs_walk_return tag 5 id 110 nwnames 0 qids (nil)
<- Rwalk tag 5 (9 bytes)
-> Tcreate tag 6 (35 bytes)
v9fs_create tag 6 id 114 fid 2 name from-kernel.txt perm 420 mode 1
v9fs_create_return tag 6 id 114 qid={type 0 version 1791591015 path 753719} iounit 28672
<- Rcreate tag 6 (24 bytes)
   created qid: type 0x00 version 1791591015 path 753719
-> Twrite tag 7 (59 bytes)
v9fs_write tag 7 id 118 fid 2 off 0 count 36 cnt 1
v9fs_write_return tag 7 id 118 total 36 err 11
<- Rwrite tag 7 (11 bytes)
   wrote 36 bytes
-> Tclunk tag 8 (11 bytes)
v9fs_clunk tag 8 id 120 fid 2
<- Rclunk tag 8 (7 bytes)
-> Tclunk tag 9 (11 bytes)
v9fs_clunk tag 9 id 120 fid 1
<- Rclunk tag 9 (7 bytes)
-> Tclunk tag 10 (11 bytes)
v9fs_clunk tag 10 id 120 fid 0
<- Rclunk tag 10 (7 bytes)
[t=000000 n1] 9P session finished
