safety case for firmware v1.5, configuration 91be
goal G0: The supervised hover test at the club field is acceptably safe
  strategy S1: Argue over each identified hazard, then over the procedure
    goal G1: RC loss leads to a controlled return and landing
      evidence E1: SITL failsafe matrix F1, F2 (F10-35)  [PASS, v1.5/91be]
      evidence E2: bench test: transmitter off, props removed, RTL shown  [PASS, v1.4/c7d2]
    goal G2: Low battery leads to landing with charge to spare
      evidence E3: SITL failsafe matrix F4, F5  [FAIL, v1.5/91be]
    goal G3: The vehicle cannot leave the test area unnoticed
      evidence E5: SITL failsafe matrix F6 (geofence)  [PASS, v1.5/91be]
    goal G4: Nobody can be within reach of the propellers when armed
      evidence E7: field procedure: exclusion zone, arming call-out (F10-37)  [PASS, v1.5/91be]
    goal G5: The test follows the signed procedure  <- UNDEVELOPED

hazards (risk = severity x likelihood; team limit 6)
  H1 RC link lost; vehicle keeps flying without a pilot         before 12 after  4 ok
  H2 battery exhausted before landing; uncontrolled descent     before 12 after  8 ABOVE LIMIT
  H3 vehicle leaves the test area (navigation fault or wind)    before  8 after  4 ok
  H4 propeller contact with a person during arming or landing   before 10 after  5 ok
  H5 compass disturbed by the new power wiring; wrong heading   before 12 after  8 ABOVE LIMIT

regulatory questions
  Q1 Does this vehicle or its operator need registration here?
     answer: no
     source: forum (read 2026-09-30)
  Q2 Is flight at the chosen site and height allowed, and with whose permission?
     answer: yes, club field
     source: national aviation authority: rules for unmanned aircraft (current edition) (read 2026-09-30)

7 finding(s)
  - E2: evidence is for v1.4/c7d2, the case is for v1.5/91be
  - E3: evidence result is FAIL
  - G5: claim has no argument or evidence below it
  - H2: residual risk 8 above limit
  - H5: no claim in the case addresses this hazard
  - H5: residual risk 8 above limit
  - Q1: source is not an official document
verdict: NOT ready for review
