safety case for firmware v1.4, configuration c7d2
goal G0: The supervised hover test at the course field is acceptably safe
  strategy S1: Argue over each identified hazard, then over the procedure
    goal G1: RC loss leads to a controlled return and landing
      evidence E1: SITL failsafe matrix F1, F2 (F10-35)  [PASS, v1.4/c7d2]
      evidence E2: bench test: transmitter off, props removed, RTL shown  [PASS, v1.4/c7d2]
    goal G2: Low battery leads to landing with charge to spare
      evidence E3: SITL failsafe matrix F4, F5  [PASS, v1.4/c7d2]
      evidence E4: capacity parameter checked against the pack label  [PASS, v1.4/c7d2]
    goal G3: The vehicle cannot leave the test area unnoticed
      evidence E5: SITL failsafe matrix F6 (geofence)  [PASS, v1.4/c7d2]
      evidence E6: pre-arm compass check on the field (F10-37 checklist)  [PASS, v1.4/c7d2]
    goal G4: Nobody can be within reach of the propellers when armed
      evidence E7: field procedure: exclusion zone, arming call-out (F10-37)  [PASS, v1.4/c7d2]
    goal G5: The test follows the signed procedure
      evidence E8: go/no-go record signed by the supervisor (F10-37)  [PASS, v1.4/c7d2]

hazards (risk = severity x likelihood; team limit 6)
  H1 RC link lost; vehicle keeps flying without a pilot         before 12 after  4 ok
  H2 battery exhausted before landing; uncontrolled descent     before 12 after  4 ok
  H3 vehicle leaves the test area (navigation fault or wind)    before  8 after  4 ok
  H4 propeller contact with a person during arming or landing   before 10 after  5 ok

regulatory questions
  Q1 Does this vehicle or its operator need registration here?
     answer: see lab sheet entry 3
     source: national aviation authority: rules for unmanned aircraft (current edition) (read 2026-10-02)
  Q2 Is flight at the chosen site and height allowed, and with whose permission?
     answer: see lab sheet entry 4; land-owner letter on file
     source: national aviation authority: rules for unmanned aircraft (current edition) (read 2026-10-02)

0 finding(s)
verdict: no mechanical gaps; ready for human review
