2000000 words, 100 distinct; most frequent: vector1 (20344)
--- callgrind_annotate (self cost per function, top 10)
341,109,376 (21.18%)  ./string/../sysdeps/x86_64/multiarch/memcmp-avx2-movbe.S:__memcmp_avx2_movbe [libc.so.6]
318,198,797 (19.76%)  ???:countWords(std::vector<std::string> const&) [program]
272,777,587 (16.94%)  ???:splitWords(std::string const&) [program]
260,005,587 (16.14%)  ???:generateText(unsigned long) [program]
116,000,000 ( 7.20%)  ???:int std::uniform_int_distribution<int>::operator()<std::mt19937 >(std::mt19937&, std::uniform_int_distribution<int>::param_t
104,019,233 ( 6.46%)  ???:std::mt19937::operator()() [program]
 63,070,188 ( 3.92%)  ./string/../sysdeps/x86_64/multiarch/memmove-vec-unaligned-erms.S:__memcpy_avx_unaligned_erms [libc.so.6]
 47,576,031 ( 2.95%)  ???:std::mt19937::_M_gen_rand() [program]
 31,722,494 ( 1.97%)  ???:0x00000000001091b0 [???]
 28,000,980 ( 1.74%)  ./string/../sysdeps/x86_64/multiarch/strlen-avx2.S:__strlen_avx2 [libc.so.6]
--- callgrind_annotate --inclusive=yes (top 12)
1,610,566,017 (100.0%)  ???:0x000000000001f540 [ld-linux-x86-64.so.2]
1,608,604,623 (99.88%)  ???:(below main) [program]
1,608,604,611 (99.88%)  ./csu/../csu/libc-start.c:__libc_start_main@@GLIBC_2.34 [libc.so.6]
1,608,604,437 (99.88%)  ./csu/../sysdeps/nptl/libc_start_call_main.h:(below main) [libc.so.6]
1,608,592,759 (99.88%)  ???:main [program]
  691,065,686 (42.91%)  ???:countWords(std::vector<std::string> const&) [program]
  597,079,127 (37.07%)  ???:generateText(unsigned long) [program]
  372,830,822 (23.15%)  ???:0x00000000001091b0 [???]
  341,109,376 (21.18%)  ./string/../sysdeps/x86_64/multiarch/memcmp-avx2-movbe.S:__memcmp_avx2_movbe [libc.so.6]
  306,388,526 (19.02%)  ???:splitWords(std::string const&) [program]
  267,595,264 (16.61%)  ???:int std::uniform_int_distribution<int>::operator()<std::mt19937 >(std::mt19937&, std::uniform_int_distribution<int>::param
  151,595,264 ( 9.41%)  ???:std::mt19937::operator()() [program]
