--- orders_v1.cc
+++ orders_v2.cc
@@ -1,4 +1,4 @@
-// orders_v1.cc - nightly order report, release 1.
+// orders_v2.cc - nightly order report, release 2.
 #include "bench.hpp"
 #include <cstddef>
 #include <cstdio>
@@ -21,7 +21,7 @@
 };
 
 [[gnu::noinline]] bool isPremium(std::unordered_set<std::string> const& premium,
-                                 std::string const& customer)
+                                 std::string customer)
 {
     return premium.count(customer) != 0;
 }
@@ -30,10 +30,10 @@
                                    std::unordered_set<std::string> const& premium)
 {
     Report r;
-    for (std::size_t i = 0; i < orders.size(); ++i) {
-        r.total += orders[i].amount;
-        if (isPremium(premium, orders[i].customer)) {
-            r.premiumTotal += orders[i].amount;
+    for (std::size_t k = 0; k < orders.size(); ++k) {
+        r.total += orders[k].amount;
+        if (isPremium(premium, orders[k].customer)) {
+            r.premiumTotal += orders[k].amount;
             ++r.premiumOrders;
         }
     }
@@ -63,6 +63,6 @@
                               reps > 1 ? 3 : 0, reps);
     std::printf("orders %zu, premium orders %ld, total %.0f, premium total %.0f\n",
                 orders.size(), r.premiumOrders, r.total, r.premiumTotal);
-    std::printf("summarise: median %.2f ms (%d runs)\n", t.median * 1e3, reps);
+    std::printf("summary step: median %.2f ms over %d runs\n", t.median * 1e3, reps);
     return 0;
 }
