orders 400000, premium orders 40000, total 19199034, premium total 1919916
summary step: median 820.86 ms over 1 runs
--- callgrind: instructions counted inside summarise (and everything it calls)
==PID== Collected : 152120517
--- callgrind_annotate (self cost per function, top 10)
41,600,000 (27.35%)  ???:std::_Hash_bytes(void const*, unsigned long, unsigned long) [libstdc++.so.6.0.33]
21,600,000 (14.20%)  ./malloc/./malloc/malloc.c:_int_free [libc.so.6]
20,160,036 (13.25%)  ???:summarise(std::vector<Order> const&, std::unordered_set<std::string> const&) [program]
19,512,896 (12.83%)  ???:isPremium(std::unordered_set<std::string> const&, std::string) [program]
18,000,000 (11.83%)  ./malloc/./malloc/malloc.c:malloc [libc.so.6]
11,200,000 ( 7.36%)  ./malloc/./malloc/malloc.c:free [libc.so.6]
 6,400,000 ( 4.21%)  ???:operator new(unsigned long) [libstdc++.so.6.0.33]
 4,400,000 ( 2.89%)  ./string/../sysdeps/x86_64/multiarch/memmove-vec-unaligned-erms.S:__memcpy_avx_unaligned_erms [libc.so.6]
 1,200,000 ( 0.79%)  ./malloc/./malloc/arena.c:free
   800,000 ( 0.53%)  ???:0x00000000001091a0 [???]
--- callgrind_annotate --inclusive=yes (top 12)
152,120,517 (100.0%)  ./csu/../csu/libc-start.c:__libc_start_main@@GLIBC_2.34 [libc.so.6]
152,120,517 (100.0%)  ./csu/../sysdeps/nptl/libc_start_call_main.h:(below main) [libc.so.6]
152,120,517 (100.0%)  ???:(below main) [program]
152,120,517 (100.0%)  ???:0x000000000001f540 [ld-linux-x86-64.so.2]
152,120,517 (100.0%)  ???:main [program]
152,120,517 (100.0%)  ???:summarise(std::vector<Order> const&, std::unordered_set<std::string> const&) [program]
 62,760,336 (41.26%)  ???:isPremium(std::unordered_set<std::string> const&, std::string) [program]
 42,400,000 (27.87%)  ???:0x00000000001091a0 [???]
 41,600,000 (27.35%)  ???:std::_Hash_bytes(void const*, unsigned long, unsigned long) [libstdc++.so.6.0.33]
 38,000,000 (24.98%)  ???:0x0000000000109250 [???]
 37,200,000 (24.45%)  ???:operator delete(void*, unsigned long) [libstdc++.so.6.0.33]
 36,400,000 (23.93%)  ???:0x00000000048f2430 [???]
