orders 400000, premium orders 40000, total 19199034, premium total 1919916
summarise: median 230.71 ms (1 runs)
--- callgrind: instructions counted inside summarise (and everything it calls)
==PID== Collected : 70529774
--- callgrind_annotate (self cost per function, top 10)
41,600,000 (58.98%)  ???:std::_Hash_bytes(void const*, unsigned long, unsigned long) [libstdc++.so.6.0.33]
19,512,896 (27.67%)  ???:isPremium(std::unordered_set<std::string> const&, std::string const&) [program]
 7,760,030 (11.00%)  ???:summarise(std::vector<Order> const&, std::unordered_set<std::string> const&) [program]
   800,000 ( 1.13%)  ???:0x0000000000109190 [???]
   776,848 ( 1.10%)  ./string/../sysdeps/x86_64/multiarch/memcmp-avx2-movbe.S:__memcmp_avx2_movbe [libc.so.6]
--- callgrind_annotate --inclusive=yes (top 12)
70,529,774 (100.0%)  ./csu/../csu/libc-start.c:__libc_start_main@@GLIBC_2.34 [libc.so.6]
70,529,774 (100.0%)  ./csu/../sysdeps/nptl/libc_start_call_main.h:(below main) [libc.so.6]
70,529,774 (100.0%)  ???:(below main) [program]
70,529,774 (100.0%)  ???:0x000000000001f540 [ld-linux-x86-64.so.2]
70,529,774 (100.0%)  ???:main [program]
70,529,774 (100.0%)  ???:summarise(std::vector<Order> const&, std::unordered_set<std::string> const&) [program]
62,769,744 (89.00%)  ???:isPremium(std::unordered_set<std::string> const&, std::string const&) [program]
42,400,000 (60.12%)  ???:0x0000000000109190 [???]
41,600,000 (58.98%)  ???:std::_Hash_bytes(void const*, unsigned long, unsigned long) [libstdc++.so.6.0.33]
   856,848 ( 1.21%)  ???:0x00000000001091d0 [???]
   776,848 ( 1.10%)  ./string/../sysdeps/x86_64/multiarch/memcmp-avx2-movbe.S:__memcmp_avx2_movbe [libc.so.6]
