 min  used_Ah  avg_A  min_terminal_V  open_circuit_V  max_A  state
 1.0    0.063   3.80           11.68           12.57    9.0  running
 2.0    0.127   3.80           11.66           12.55    9.0  running
 3.0    0.190   3.80           11.63           12.52    9.0  running
 4.0    0.253   3.80           11.60           12.49    9.0  running
 5.0    0.317   3.80           11.58           12.47    9.0  running
 6.0    0.380   3.80           11.55           12.44    9.0  running
 7.0    0.443   3.80           11.53           12.41    9.0  running
 8.0    0.507   3.80           11.50           12.39    9.0  running
 9.0    0.570   3.80           11.47           12.36    9.0  running
10.0    0.633   3.80           11.45           12.33    9.0  running
11.0    0.697   3.80           11.42           12.31    9.0  running
12.0    0.760   3.80           11.39           12.28    9.0  running
13.0    0.823   3.80           11.37           12.25    9.0  running
14.0    0.887   3.80           11.34           12.23    9.0  running
15.0    0.950   3.80           11.31           12.20    9.0  running
16.0    1.013   3.80           11.29           12.17    9.0  running
17.0    1.077   3.80           11.26           12.15    9.0  running
18.0    1.140   3.80           11.23           12.12    9.0  running
19.0    1.203   3.80           11.21           12.09    9.0  running
20.0    1.267   3.80           11.18           12.07    9.0  running
21.0    1.330   3.80           11.15           12.04    9.0  running
22.0    1.393   3.80           11.13           12.01    9.0  running
23.0    1.457   3.80           11.10           11.99    9.0  running
24.0    1.520   3.80           11.07           11.96    9.0  running
25.0    1.583   3.80           11.05           11.93    9.0  running
26.0    1.647   3.80           11.02           11.91    9.0  running
27.0    1.710   3.80           10.99           11.88    9.0  running
28.0    1.773   3.80           10.97           11.86    9.0  running
29.0    1.837   3.80           10.94           11.83    9.0  running
30.0    1.900   3.80           10.91           11.80    9.0  running
30.3    1.918   3.15           10.89           11.79    9.0  PROTECTION CUT OFF
after cut-off: terminal voltage at rest 11.79 V (open-circuit), used 1.92 of 5.0 Ah
