descriptor type   1 (primary): volume id "OS401_DEMO", 794 sectors of 2048 bytes, path table 60 bytes at L 21 / M 22
descriptor type   0 (boot record): "EL TORITO SPECIFICATION", boot catalog at sector 20
descriptor type   2 (supplementary): escape "%/E" (Joliet), volume id "OS401_DEMO"
descriptor type 255 (terminator)
== isoread ls rr
d /boot 40755
d /boot/grub 40755
f /boot/grub/grub.cfg 100755 4 8ee4241d
d /docs 40755
f /docs/big.bin 100600 70000 1331463b
l /docs/link-to-readme -> ../Read me first.txt
f /docs/Übersicht – Ελληνικά.txt 100644 7 3d0e0a87
d /empty 40755
f /Read me first.txt 100644 19 2b166a39
== isoread ls joliet
d /boot
d /boot/grub
f /boot/grub/grub.cfg 4 8ee4241d
d /docs
f /docs/big.bin 70000 1331463b
f /docs/Übersicht – Ελληνικά.txt 7 3d0e0a87
d /empty
f /Read me first.txt 19 2b166a39
== isoread ls plain
d /BOOT
d /BOOT/GRUB
f /BOOT/GRUB/GRUB.CFG 4 8ee4241d
d /DOCS
f /DOCS/BIG.BIN 70000 1331463b
f /DOCS/LINK_TO_. 0 00000000
f /DOCS/__BERSIC.TXT 7 3d0e0a87
d /EMPTY
f /READ_ME_.TXT 19 2b166a39
Rock Ridge view = host (names, modes, sizes, CRC-32, link targets)
Joliet view = host (names, sizes, CRC-32)
