run: setpoint step 0 -> 100 rad/s at t = 0
  t (s)   speed   error   P term   I term   asked (V)  applied (V)
   0.00     0.0   100.0     5.00     0.25        5.25         5.25
   0.05    76.9    23.1     1.15     0.81        1.97         1.97
   0.10    94.3     5.7     0.29     0.95        1.23         1.23
   0.15    98.3     1.7     0.09     0.98        1.07         1.07
   0.20    99.3     0.7     0.04     0.99        1.03         1.03
   0.25    99.6     0.4     0.02     1.00        1.02         1.02
   0.30    99.7     0.3     0.02     1.01        1.02         1.02
   0.35    99.8     0.2     0.01     1.01        1.02         1.02
   0.40    99.8     0.2     0.01     1.01        1.02         1.02
peak speed 99.8 rad/s = -0.2 % compared with the setpoint

run: setpoint step 0 -> 900 rad/s at t = 0
  t (s)   speed   error   P term   I term   asked (V)  applied (V)
   0.00     0.0   900.0    45.00     2.25       47.25        12.00
   0.05   264.9   635.1    31.76    11.45       43.20        12.00
   0.10   470.1   429.9    21.50    17.79       39.29        12.00
   0.15   629.1   270.9    13.54    21.93       35.48        12.00
   0.20   752.4   147.6     7.38    24.36       31.75        12.00
   0.25   847.8    52.2     2.61    25.47       28.08        12.00
   0.30   921.8   -21.8    -1.09    25.55       24.46        12.00
   0.35   979.2   -79.2    -3.96    24.83       20.87        12.00
   0.40  1023.6  -123.6    -6.18    23.50       17.32        12.00
   0.45  1058.0  -158.0    -7.90    21.69       13.79        12.00
   0.50  1078.6  -178.6    -8.93    19.52       10.59        10.59
   0.55  1057.3  -157.3    -7.87    17.43        9.56         9.56
   0.60  1027.4  -127.4    -6.37    15.69        9.31         9.31
   0.65  1000.9  -100.9    -5.05    14.30        9.25         9.25
   0.70   979.5   -79.5    -3.97    13.20        9.23         9.23
   0.75   962.5   -62.5    -3.12    12.34        9.21         9.21
   0.80   949.1   -49.1    -2.45    11.66        9.21         9.21
   0.85   938.6   -38.6    -1.93    11.13        9.20         9.20
   0.90   930.3   -30.3    -1.51    10.71        9.20         9.20
   0.95   923.8   -23.8    -1.19    10.38        9.19         9.19
   1.00   918.7   -18.7    -0.93    10.12        9.19         9.19
   1.05   914.7   -14.7    -0.73     9.92        9.19         9.19
   1.10   911.5   -11.5    -0.58     9.76        9.19         9.19
   1.15   909.1    -9.1    -0.45     9.64        9.18         9.18
   1.20   907.1    -7.1    -0.36     9.54        9.18         9.18
   1.25   905.6    -5.6    -0.28     9.46        9.18         9.18
   1.30   904.4    -4.4    -0.22     9.40        9.18         9.18
   1.35   903.4    -3.4    -0.17     9.35        9.18         9.18
   1.40   902.7    -2.7    -0.14     9.32        9.18         9.18
   1.45   902.1    -2.1    -0.11     9.29        9.18         9.18
   1.50   901.7    -1.7    -0.08     9.26        9.18         9.18
peak speed 1078.6 rad/s = +19.8 % compared with the setpoint

