nvcc -lcublas build of the CUDA original: succeeded

toyhipify: extra/uses_cublas.cu -> gen/uses_cublas.hip
  name table: 623 CUDA names known (read from the HIP header)
  lines changed: 13 of 52
  CUDA-looking identifiers NOT translated: 0
  lines that may assume 32 lanes (check by hand): 0

library lines left in gen/uses_cublas.hip:
2:// text translator does with library calls. Built with nvcc -lcublas in run.sh.
7:#include <cublas_v2.h>
17:static void checkBlas(cublasStatus_t st, const char* what)
39:    cublasHandle_t handle = nullptr;
40:    checkBlas(cublasCreate(&handle), "cublasCreate");
43:    checkBlas(cublasSgemm(handle, CUBLAS_OP_N, CUBLAS_OP_N, n, n, n, &alpha, dA, n, dB, n,
44:                          &beta, dC, n), "cublasSgemm");
45:    checkBlas(cublasDestroy(handle), "cublasDestroy");

hipcc for gfx90a (first 6 lines of its messages):
In file included from gen/uses_cublas.hip:7:
In file included from /usr/include/cublas_v2.h:69:
In file included from /usr/include/cublas_api.h:74:
In file included from /usr/include/driver_types.h:61:
/usr/include/vector_types.h:100:27: error: definition of type 'char1' conflicts with type alias of the same name
  100 | struct __device_builtin__ char1
... (20 lines containing 'error:' in total)
