toyhipify: saxpy_neg.cu -> gen/saxpy_neg.hip
  name table: 623 CUDA names known (read from the HIP header)
  lines changed: 18 of 97
  CUDA-looking identifiers NOT translated: 1
    line 21: __ballot_sync
  lines that may assume 32 lanes (check by hand): 1
    line 22: if ((threadIdx.x & 31) == 0) {                                   // lane 0 of each warp

diff saxpy_neg.cu gen/saxpy_neg.hip:
11c11
< #include <cuda_runtime.h>
---
> #include <hip/hip_runtime.h>
27c27
< static void check(cudaError_t err, const char* what)
---
> static void check(hipError_t err, const char* what)
29,31c29,31
<     if (err != cudaSuccess) {
<         std::fprintf(stderr, "%s failed: %s (%s)\n", what, cudaGetErrorName(err),
<                      cudaGetErrorString(err));
---
>     if (err != hipSuccess) {
>         std::fprintf(stderr, "%s failed: %s (%s)\n", what, hipGetErrorName(err),
>                      hipGetErrorString(err));
54c54
<     check(cudaGetDeviceCount(&devices), "cudaGetDeviceCount");
---
>     check(hipGetDeviceCount(&devices), "hipGetDeviceCount");
71,76c71,76
<         check(cudaMalloc(&dX, bytes), "cudaMalloc x");
<         check(cudaMalloc(&dY, bytes), "cudaMalloc y");
<         check(cudaMalloc(&dNeg, sizeof(unsigned int)), "cudaMalloc negatives");
<         check(cudaMemcpy(dX, x.data(), bytes, cudaMemcpyHostToDevice), "copy x");
<         check(cudaMemcpy(dY, y.data(), bytes, cudaMemcpyHostToDevice), "copy y");
<         check(cudaMemset(dNeg, 0, sizeof(unsigned int)), "cudaMemset negatives");
---
>         check(hipMalloc(&dX, bytes), "hipMalloc x");
>         check(hipMalloc(&dY, bytes), "hipMalloc y");
>         check(hipMalloc(&dNeg, sizeof(unsigned int)), "hipMalloc negatives");
>         check(hipMemcpy(dX, x.data(), bytes, hipMemcpyHostToDevice), "copy x");
>         check(hipMemcpy(dY, y.data(), bytes, hipMemcpyHostToDevice), "copy y");
>         check(hipMemset(dNeg, 0, sizeof(unsigned int)), "hipMemset negatives");
80c80
<         check(cudaGetLastError(), "saxpyNeg launch");
---
>         check(hipGetLastError(), "saxpyNeg launch");
82,86c82,86
<         check(cudaMemcpy(y.data(), dY, bytes, cudaMemcpyDeviceToHost), "copy y back");
<         check(cudaMemcpy(&neg, dNeg, sizeof neg, cudaMemcpyDeviceToHost), "copy negatives");
<         check(cudaFree(dX), "cudaFree x");
<         check(cudaFree(dY), "cudaFree y");
<         check(cudaFree(dNeg), "cudaFree negatives");
---
>         check(hipMemcpy(y.data(), dY, bytes, hipMemcpyDeviceToHost), "copy y back");
>         check(hipMemcpy(&neg, dNeg, sizeof neg, hipMemcpyDeviceToHost), "copy negatives");
>         check(hipFree(dX), "hipFree x");
>         check(hipFree(dY), "hipFree y");
>         check(hipFree(dNeg), "hipFree negatives");
