== gen/saxpy_neg_naive.hip for gfx90a
v_fmac_f32_e32 v4, s13, v1
v_and_b32_e32 v0, 31, v0
s_bcnt1_i32_b32 s0, vcc_lo
s_bcnt1_i32_b64 s1, s[2:3]
s_mul_i32 s0, s0, s1
global_atomic_add v0, v1, s[10:11]
.wavefront_size: 64
== saxpy_neg_fixed.hip for gfx90a
v_fmac_f32_e32 v4, s13, v1
v_and_b32_e32 v0, 63, v0
s_bcnt1_i32_b64 s0, vcc
s_bcnt1_i32_b64 s1, s[2:3]
s_mul_i32 s0, s0, s1
global_atomic_add v0, v1, s[10:11]
.wavefront_size: 64
== saxpy_neg_fixed.hip for gfx1030
v_fmac_f32_e32 v3, s11, v1
v_and_b32_e32 v0, 31, v0
s_bcnt1_i32_b64 s0, s[0:1]
s_bcnt1_i32_b32 s1, s2
s_mul_i32 s0, s0, s1
global_atomic_add v0, v1, s[4:5]
.wavefront_size: 32
