sentences: 4
words: 77, average per sentence 19.2, longest 55 (sentence 2)
ask or decision in the first two sentences: no
  ! the reader must search for what you need from them
  ! jargon "raft" in sentence 2
  ! jargon "leader" in sentence 2
  ! jargon "flaky" in sentence 2
  ! jargon "SITL" in sentence 2
  ! acronym "SITL" not explained in sentence 2
  ! jargon "regression" in sentence 2
  ! jargon "replica" in sentence 2
  ! jargon "p99" in sentence 2
  ! jargon "latency" in sentence 2
  ! jargon "API" in sentence 2
  ! acronym "API" not explained in sentence 2
  ! jargon "DMA" in sentence 2
  ! acronym "DMA" not explained in sentence 2
  ! vague "on track" in sentence 3
  ! vague "mostly" in sentence 3
  ! vague "should be fine" in sentence 3
  ! vague "a few" in sentence 4
names a date or week: no; gives a range: no
issues: 20
