true first bad build: 41

k = 1 measurement(s) per step: right build in  374 of 1000 trials, 6.0 measurements per bisection
k = 3 measurement(s) per step: right build in  653 of 1000 trials, 18.0 measurements per bisection
k = 7 measurement(s) per step: right build in  912 of 1000 trials, 42.0 measurements per bisection

trial 0 replayed with k = 1:
    build 31: median of 1 = 18.13 ms -> good
    build 47: median of 1 = 24.73 ms -> bad
    build 39: median of 1 = 21.69 ms -> bad
    build 35: median of 1 = 21.24 ms -> good
    build 37: median of 1 = 20.37 ms -> good
    build 38: median of 1 = 19.75 ms -> good
  result: build 39 (WRONG)

trial 0 replayed with k = 7:
    build 31: median of 7 = 21.24 ms -> good
    build 47: median of 7 = 24.18 ms -> bad
    build 39: median of 7 = 21.28 ms -> good
    build 43: median of 7 = 22.46 ms -> bad
    build 41: median of 7 = 23.67 ms -> bad
    build 40: median of 7 = 19.50 ms -> good
  result: build 41 (right)
