time   requests  errors  error ratio  api-1 err  api-2 err  top error message
19:00      3000       0        0.0 %          0          0  -
19:01      2970       0        0.0 %          0          0  -
19:02      2940       0        0.0 %          0          0  -
19:03      2910       0        0.0 %          0          0  -
19:04      2880       0        0.0 %          0          0  -
19:05      2850     228        8.0 %        114        114  upstream geo-lookup: timeout after 800 ms
19:06      2820     224        7.9 %        112        112  upstream geo-lookup: timeout after 800 ms
19:07      2790     222        8.0 %        111        111  upstream geo-lookup: timeout after 800 ms
19:08      2760     220        8.0 %        110        110  upstream geo-lookup: timeout after 800 ms
19:09      2730     218        8.0 %        109        109  upstream geo-lookup: timeout after 800 ms
       chat 19:09 lena: page: api error ratio above burn threshold. Looking.
19:10      2700     216        8.0 %        108        108  upstream geo-lookup: timeout after 800 ms
19:11      2670     212        7.9 %        106        106  upstream geo-lookup: timeout after 800 ms
19:12      2640     210        8.0 %        105        105  upstream geo-lookup: timeout after 800 ms
       log  19:12:07 api-1 req=041989 GET /v1/route status=503 upstream=geo-lookup elapsed_ms=801
       log  19:12:20 api-2 req=042966 GET /v1/route status=503 upstream=geo-lookup elapsed_ms=804
       log  19:12:33 api-1 req=043943 GET /v1/route status=503 upstream=geo-lookup elapsed_ms=807
19:13      2610     208        8.0 %        104        104  upstream geo-lookup: timeout after 800 ms
19:14      2580     206        8.0 %        103        103  upstream geo-lookup: timeout after 800 ms
       chat 19:14 lena: api-1 and api-2 both erroring, about 210 per minute. Nothing deployed today.
19:15      2550     204        8.0 %        102        102  upstream geo-lookup: timeout after 800 ms
19:16      2520     200        7.9 %        100        100  upstream geo-lookup: timeout after 800 ms
19:17      2490     198        8.0 %         99         99  upstream geo-lookup: timeout after 800 ms
19:18      2460     196        8.0 %         98         98  upstream geo-lookup: timeout after 800 ms
19:19      2430     194        8.0 %         97         97  upstream geo-lookup: timeout after 800 ms
       chat 19:19 lena: going to restart both instances, they have been up 41 days
19:20      2400    2400      100.0 %       1200       1200  connection refused (instance restarting)
       chat 19:20 lena: restarting api-1 and api-2 now
19:21      2370     188        7.9 %         94         94  upstream geo-lookup: timeout after 800 ms
19:22      2340     186        7.9 %         93         93  upstream geo-lookup: timeout after 800 ms
19:23      2310     184        8.0 %         92         92  upstream geo-lookup: timeout after 800 ms
19:24      2280     182        8.0 %         91         91  upstream geo-lookup: timeout after 800 ms
       chat 19:24 lena: errors down from ~210/min to ~180/min after the restart. Restart helped!
19:25      2250     180        8.0 %         90         90  upstream geo-lookup: timeout after 800 ms
19:26      2220     176        7.9 %         88         88  upstream geo-lookup: timeout after 800 ms
19:27      2190     174        7.9 %         87         87  upstream geo-lookup: timeout after 800 ms
19:28      2160     172        8.0 %         86         86  upstream geo-lookup: timeout after 800 ms
19:29      2130     170        8.0 %         85         85  upstream geo-lookup: timeout after 800 ms
19:30      2100     168        8.0 %         84         84  upstream geo-lookup: timeout after 800 ms
19:31      2070     164        7.9 %         82         82  upstream geo-lookup: timeout after 800 ms
       chat 19:31 omar: errors still there, ~165/min. Maybe it needs another restart?
19:32      2040     162        7.9 %         81         81  upstream geo-lookup: timeout after 800 ms
19:33      2010     160        8.0 %         80         80  upstream geo-lookup: timeout after 800 ms
       log  19:33:07 api-1 req=044941 GET /v1/route status=503 upstream=geo-lookup elapsed_ms=801
       log  19:33:20 api-2 req=045918 GET /v1/route status=503 upstream=geo-lookup elapsed_ms=804
       log  19:33:33 api-1 req=046895 GET /v1/route status=503 upstream=geo-lookup elapsed_ms=807
19:34      1980     158        8.0 %         79         79  upstream geo-lookup: timeout after 800 ms
19:35      1950     156        8.0 %         78         78  upstream geo-lookup: timeout after 800 ms
19:36      1920     152        7.9 %         76         76  upstream geo-lookup: timeout after 800 ms
19:37      1890     150        7.9 %         75         75  upstream geo-lookup: timeout after 800 ms
19:38      1860     148        8.0 %         74         74  upstream geo-lookup: timeout after 800 ms
       chat 19:38 lena: down to ~150/min, it is slowly recovering after the restart. Will resolve at 19:45.
19:39      1830     146        8.0 %         73         73  upstream geo-lookup: timeout after 800 ms
19:40      1800     144        8.0 %         72         72  upstream geo-lookup: timeout after 800 ms
19:41      1770     140        7.9 %         70         70  upstream geo-lookup: timeout after 800 ms
19:42      1740     138        7.9 %         69         69  upstream geo-lookup: timeout after 800 ms
19:43      1710     136        8.0 %         68         68  upstream geo-lookup: timeout after 800 ms
19:44      1680     134        8.0 %         67         67  upstream geo-lookup: timeout after 800 ms
19:45      1650     132        8.0 %         66         66  upstream geo-lookup: timeout after 800 ms
       chat 19:45 lena: resolving. Root cause: instances needed a restart after 41 days of uptime.
19:46      1620     128        7.9 %         64         64  upstream geo-lookup: timeout after 800 ms
19:47      1590     126        7.9 %         63         63  upstream geo-lookup: timeout after 800 ms
19:48      1560     124        7.9 %         62         62  upstream geo-lookup: timeout after 800 ms
19:49      1530     122        8.0 %         61         61  upstream geo-lookup: timeout after 800 ms
19:50      1500       0        0.0 %          0          0  -
19:51      1470       0        0.0 %          0          0  -
       chat 19:51 sam (geo-lookup team): FYI we had a bad cache node 19:05-19:50, timeouts for some callers; fixed now
19:52      1440       0        0.0 %          0          0  -
19:53      1410       0        0.0 %          0          0  -
19:54      1380       0        0.0 %          0          0  -
19:55      1350       0        0.0 %          0          0  -
19:56      1320       0        0.0 %          0          0  -
19:57      1290       0        0.0 %          0          0  -
19:58      1260       0        0.0 %          0          0  -
19:59      1230       0        0.0 %          0          0  -
