what changed (deploy and rollout log)
  day-1 09:00  client library 7.1 rollout begins (40 % of clients by 15:00)
  day-1 16:00  server build b512 deployed to n2 only (canary)
  day-1 16:20  alert: error ratio above SLO burn threshold

1. all requests
  everything                  6000 requests  888 failed   14.8 %  lift  1.0

2. one attribute at a time
  node n1                     1927 requests    1 failed    0.1 %  lift  0.0
  node n2                     2119 requests  884 failed   41.7 %  lift  2.8
  node n3                     1954 requests    3 failed    0.2 %  lift  0.0
  client 7.0                  3575 requests  275 failed    7.7 %  lift  0.5
  client 7.1                  2425 requests  613 failed   25.3 %  lift  1.7
  region A                    2994 requests  442 failed   14.8 %  lift  1.0
  region B                    3006 requests  446 failed   14.8 %  lift  1.0
  payload <= 8 KiB            3553 requests    3 failed    0.1 %  lift  0.0
  payload > 8 KiB             2447 requests  885 failed   36.2 %  lift  2.4

3. client version, split by node (is the client the cause?)
  client 7.0 on n1            1149 requests    1 failed    0.1 %  lift  0.0
  client 7.0 on n2            1275 requests  273 failed   21.4 %  lift  1.4
  client 7.0 on n3            1151 requests    1 failed    0.1 %  lift  0.0
  client 7.1 on n1             778 requests    0 failed    0.0 %  lift  0.0
  client 7.1 on n2             844 requests  611 failed   72.4 %  lift  4.9
  client 7.1 on n3             803 requests    2 failed    0.2 %  lift  0.0

4. node n2 only, split by payload and client
  n2, client 7.0, <= 8 KiB    1004 requests    2 failed    0.2 %  lift  0.0
  n2, client 7.0, > 8 KiB      271 requests  271 failed  100.0 %  lift  6.8
  n2, client 7.1, <= 8 KiB     233 requests    0 failed    0.0 %  lift  0.0
  n2, client 7.1, > 8 KiB      611 requests  611 failed  100.0 %  lift  6.8

5. how much does the candidate explanation cover?
  n2 and payload > 8 KiB       882 requests  882 failed  100.0 %  lift  6.8
  everything else             5118 requests    6 failed    0.1 %  lift  0.0
  share of all failures inside the explanation: 99.3 %
