original plan: 200.0 h of estimated work

week  reported  hours(cum)  tasks done/known  hours/plan  earned  scope(h)
   1     12.0 %       25.0         0/6            12.5 %   0.0 %    200.0
   2     25.0 %       50.0         0/6            25.0 %   0.0 %    200.0
   3     35.0 %       75.0         1/6            37.5 %  15.0 %    200.0
   4     50.0 %      100.0         1/6            50.0 %  15.0 %    200.0
   5     60.0 %      125.0         2/6            62.5 %  30.0 %    200.0
   6     72.0 %      150.0         3/6            75.0 %  40.0 %    200.0
   7     85.0 %      175.0         3/7            87.5 %  36.4 %    220.0
   8     90.0 %      200.0         3/7           100.0 %  36.4 %    220.0
   9     90.0 %      225.0         4/7           112.5 %  59.1 %    220.0
  10     90.0 %      250.0         4/8           125.0 %  53.1 %    245.0
  11     92.0 %      275.0         5/8           137.5 %  61.2 %    245.0
  12     92.0 %      300.0         5/9           150.0 %  57.7 %    260.0
  13     93.0 %      325.0         6/9           162.5 %  67.3 %    260.0
  14     95.0 %      350.0         7/9           175.0 %  82.7 %    260.0
  15     95.0 %      375.0         7/9           187.5 %  82.7 %    260.0
  16     97.0 %      400.0         8/9           200.0 %  88.5 %    260.0
  17    100.0 %      425.0         9/9           212.5 % 100.0 %    260.0

task         planned?      estimate  actual  actual/estimate
parser       plan              30.0    45.0         1.5
store        plan              50.0    85.0         1.7
ui           plan              30.0    40.0         1.3
integration  plan              40.0   110.0         2.8
tests        plan              30.0    40.0         1.3
docs         plan              20.0    15.0         0.8
retry        added wk 7        20.0    30.0         1.5
migration    added wk 10       25.0    40.0         1.6
soak         added wk 12       15.0    20.0         1.3
all tasks: estimate 260.0 h, actual 425.0 h, hours logged 425.0 h

analysis:
  planned tasks: estimate 200.0 h, actual 335.0 h (x1.7)
  discovered tasks: estimate 60.0 h, actual 90.0 h, 21.2 % of all hours
  whole project took 2.1 x the original plan
  weeks reported at 90-99 %: 9
