original plan: 200.0 h of estimated work

week  reported  hours(cum)  tasks done/known
   1     12.0 %       25.0         0/6
   2     25.0 %       50.0         0/6
   3     35.0 %       75.0         1/6
   4     50.0 %      100.0         1/6
   5     60.0 %      125.0         2/6
   6     72.0 %      150.0         3/6
   7     85.0 %      175.0         3/7
   8     90.0 %      200.0         3/7
   9     90.0 %      225.0         4/7
  10     90.0 %      250.0         4/8
  11     92.0 %      275.0         5/8
  12     92.0 %      300.0         5/9
  13     93.0 %      325.0         6/9
  14     95.0 %      350.0         7/9
  15     95.0 %      375.0         7/9
  16     97.0 %      400.0         8/9
  17    100.0 %      425.0         9/9

task         planned?      estimate  actual  actual/estimate
parser       plan              30.0    45.0         1.5
store        plan              50.0    85.0         1.7
ui           plan              30.0    40.0         1.3
integration  plan              40.0   110.0         2.8
tests        plan              30.0    40.0         1.3
docs         plan              20.0    15.0         0.8
retry        added wk 7        20.0    30.0         1.5
migration    added wk 10       25.0    40.0         1.6
soak         added wk 12       15.0    20.0         1.3
all tasks: estimate 260.0 h, actual 425.0 h, hours logged 425.0 h
