task        low  likely  high  mean  after
design      3.0     5.0  10.0   6.0  
threat      2.0     3.0   6.0   3.7  design 
proto       4.0     6.0  12.0   7.3  design 
store       5.0     8.0  20.0  11.0  design 
ui          3.0     5.0   9.0   5.7  proto 
integ       3.0     5.0  15.0   7.7  store ui threat 
sitl        2.0     4.0  10.0   5.3  integ 
gameday     1.0     2.0   4.0   2.3  sitl 
defence     2.0     3.0   5.0   3.3  gameday 
effort if every task takes its likely value: 41.0 days
effort, sum of the mean durations:           52.3 days

single-date plan (all likely values): day 30.0
  critical path: design proto ui integ sitl gameday defence

Monte Carlo, 20000 trials, seed 2026:
  finish day  P10 33.2  P50 38.3  P80 42.1  P95 45.7  mean 38.5
  trials finishing by the single-date plan (day 30.0): 1.3 %
  criticality (share of trials on the critical path):
    design     100.0 %
    threat       0.0 %
    proto       70.4 %
    store       29.6 %
    ui          70.4 %
    integ      100.0 %
    sitl       100.0 %
    gameday    100.0 %
    defence    100.0 %
