theta2 (deg) rows, theta1 (deg) columns from -180 to 175 in 5-degree steps
  170 ........................................................................
  160 ........................................................................
  150 ........................................................................
  140 ........................................................................
  130 ........................................................................
  120 ........................................................................
  110 ........................................................................
  100 .................................####...................................
   90 .................................######.................................
   80 ..................................#######...............................
   70 ...................................######...............................
   60 ....................................######..............................
   50 .....................................######.............................
   40 ......................................######............................
   30 .......................................######...........................
   20 ........................................#####...........................
   10 ........................................######..........................
    0 .........................................######.........................
  -10 .........................................######.........................
  -20 ..........................................######........................
  -30 ...........................................#####........................
  -40 ...........................................######.......................
  -50 ...........................................#######......................
  -60 ...........................................########.....................
  -70 ...........................................#########....................
  -80 ............................................#########...................
  -90 .............................................########...................
 -100 ................................................#####...................
 -110 ...................................................#....................
 -120 ........................................................................
 -130 ........................................................................
 -140 ........................................................................
 -150 ........................................................................
 -160 ........................................................................
 -170 ........................................................................
 -180 ........................................................................
blocked 134 of 2592 configurations (5.2 %)
straight joint-space move A(-30,90) -> B(90,-90): first collision at 38 % (theta1 15.6, theta2 21.6)
