reference: A* on the grid, cost 7.177 m
seed | RRT: iters nodes length | +shortcut | RRT* (3000 iters): first-sol iter, length
   1 |   188   106 10.040 |  7.885 |   188  7.134
   2 |   170    89  8.653 |  7.440 |   170  7.103
   3 |   149    89  9.233 |  7.269 |   149  7.154
   4 |   292   147  9.690 |  7.560 |   292  7.088
   5 |   111    70  9.249 |  7.485 |   111  7.128
   6 |   120    76  9.697 |  7.348 |   120  7.091
   7 |   102    54  8.905 |  7.419 |   102  7.134
   8 |   137    86  9.584 |  7.436 |   137  7.119
   9 |   208    96  8.966 |  7.204 |   208  7.099
  10 |   523   208  9.725 |  7.609 |   523  7.122
solved: RRT 10/10, RRT* 10/10
median length: RRT 9.584 m, RRT+shortcut 7.440 m, RRT* 7.122 m (A* grid 7.177 m)
median iterations to first solution (RRT): 170
seed 1 RRT tree (106 nodes) and path, each character = 2 x 2 cells:
|########################################|
|##########.........##..................#|
|##########.........##...............####|
|##########.........##...............####|
|##########.........##...............####|
|##########.........##.........::**..####|
|##########.........##..........**.*.####|
|##########.........##..........*....####|
|#..................##..........**...####|
|#..................##..........**...####|
|#..................##.........**.......#|
|#..................##.........*........#|
|########....################:**.########|
|#..........:.......##.........*........#|
|#....:::...:..::...##........**........#|
|#....:.....:..:....##........*.........#|
|#..:::...:.::***:::##....:...*...:.....#|
|#....::..:..**.*...##.....::**..::.....#|
|#..::.*******..**..##......*.::::......#|
|#.:::.*...**..::***##.....**...........#|
|#..::**:..::...:..**......*...#####....#|
|#.::..::..........:*:.....*...#####....#|
|#.:....:...........**...:**:..#####....#|
|#.:....:..........::******.::.#####....#|
|#.:..:::.......::::##..:....:.#####....#|
|#.###########..:.:.##..::...:..........#|
|#.###########...::.##...:..............#|
|#.###########.::::.##..................#|
|#.###########......##..................#|
|########################################|
