== ELF header and sections (readelf) ==
  Machine:                           RISC-V
  Entry point address:               0x80200000
  Flags:                             0x1, RVC, soft-float ABI
  [ 1] .text             PROGBITS        0000000080200000 001000 002b64 00  AX  0   0  4
  [ 2] .rodata           PROGBITS        0000000080202b70 003b70 000c08 00  WA  0   0  8
  [ 3] .bss              NOBITS          0000000080203780 004778 001900 00  WA  0   0 128
== symbols ==
0000000080203f80 D __global_pointer$
0000000080200000 T _start
00000000802004c6 T kmain
0000000080200054 T trap_vector
== sha256 of the F3-18 files compiled unchanged into this kernel ==
0f05480f59e5c62fba6c46c7eb88354eff26e1849465cfcfb6ed335e181f10a2  kformat.h
32c88a40dc7df302f3eae321cdee71cb57e349f1e7548125cc1756425be12b74  kprint.h
e3d856d699a5fc70e6149e1ddb3f6d0fbc55593987e8ec4d94b280e978d6d0da  serial.h
4f9765b9e48eb199eb169e266fe69d12aa32182834195284199c09d0ec30ba20  panic.h
37dfc7a46882eefd2b9f05b5a071c987b91d35c2868603e2f8cda493807e6ff7  kprint.cc
4de33cd1542310daa2e1533eaf0e996ac37f2237f8049bf9970be7049c1832c2  panic.cc
adfdedc4e7e274e34043e8ee6c2277e770a6a3c6618252f630d4c8d614316914  cxxrt.cc
