== the linker script change ==
8c8
<     . = 0x80200000;
---
>     . = 0x80000000;
== readelf: entry point of k_bad.elf ==
  Entry point address:               0x80000000
== qemu -d int (first 9 lines; QEMU stopped when the pipe closed) ==
hart:0, async:0, cause:0000000000000002, epc:0x0000000080009572, tval:0x000000003c002873, desc=illegal_instruction
hart:0, async:0, cause:0000000000000002, epc:0x000000008000aa2a, tval:0x00000000b1302873, desc=illegal_instruction
hart:0, async:0, cause:0000000000000002, epc:0x000000008000a40e, tval:0x00000000da002573, desc=illegal_instruction
hart:0, async:0, cause:0000000000000002, epc:0x000000008000a452, tval:0x00000000fb002573, desc=illegal_instruction
hart:0, async:0, cause:0000000000000002, epc:0x000000008000a4a6, tval:0x0000000030c02673, desc=illegal_instruction
hart:0, async:0, cause:0000000000000003, epc:0x000000008000d924, tval:0x0000000000000000, desc=breakpoint
hart:0, async:0, cause:0000000000000001, epc:0x0000000080002408, tval:0x0000000080002408, desc=fault_fetch
hart:0, async:0, cause:0000000000000005, epc:0x0000000080202722, tval:0x0000000080002ca8, desc=fault_load
hart:0, async:0, cause:0000000000000005, epc:0x0000000080202722, tval:0x0000000080002d08, desc=fault_load
== addr2line -f -C -e k_bad.elf 0x0000000080002408 (the address the fetch fault reports) ==
_GLOBAL__sub_I__Z17run_neutral_testsRK10NeutralEnv
../F4-23/neutral_tests.cc:133
== addr2line -f -C -e k_bad.elf 0x80002722 (the load-fault pc 0x0000000080202722 minus 0x200000) ==
kvformat(void (*)(char, void*), void*, char const*, void*)
labs/F3-18/kformat.h:100
== nm k_bad.elf: the constructor list ==
0000000080003778 D __init_array_end
0000000080003770 D __init_array_start
