TN-1 (invented teaching node): path class / bottleneck GB/s for every GPU pair
classes: BR = direct GPU bridge, SW = same PCIe switch, RC = through one root complex,
         SOCK = through both root complexes and the CPU-to-CPU link
         GPU0     GPU1     GPU2     GPU3     GPU4     GPU5     GPU6     GPU7  
GPU0      X       BR 50.0   RC 25.0   RC 25.0 SOCK 12.5 SOCK 12.5 SOCK 12.5 SOCK 12.5
GPU1     BR 50.0    X       RC 25.0   RC 25.0 SOCK 12.5 SOCK 12.5 SOCK 12.5 SOCK 12.5
GPU2     RC 25.0   RC 25.0    X       BR 50.0 SOCK 12.5 SOCK 12.5 SOCK 12.5 SOCK 12.5
GPU3     RC 25.0   RC 25.0   BR 50.0    X     SOCK 12.5 SOCK 12.5 SOCK 12.5 SOCK 12.5
GPU4   SOCK 12.5 SOCK 12.5 SOCK 12.5 SOCK 12.5    X       BR 50.0   RC 25.0   RC 25.0
GPU5   SOCK 12.5 SOCK 12.5 SOCK 12.5 SOCK 12.5   BR 50.0    X       RC 25.0   RC 25.0
GPU6   SOCK 12.5 SOCK 12.5 SOCK 12.5 SOCK 12.5   RC 25.0   RC 25.0    X       BR 50.0
GPU7   SOCK 12.5 SOCK 12.5 SOCK 12.5 SOCK 12.5   RC 25.0   RC 25.0   BR 50.0    X    

job on GPUs 0 1 2 3: 6 ring orders tried
  best ring  0->1->2->3->0              25.00 GB/s, slowest hop GPU1>SW0>RC0>SW1>GPU2 (RC)
  worst ring 0->2->1->3->0              12.50 GB/s, slowest hop GPU0>SW0>RC0>SW1>GPU2 (RC)

job on GPUs 0 1 4 5: 6 ring orders tried
  best ring  0->1->4->5->0              12.50 GB/s, slowest hop GPU1>SW0>RC0>RC1>SW2>GPU4 (SOCK)
  worst ring 0->4->1->5->0               6.25 GB/s, slowest hop GPU0>SW0>RC0>RC1>SW2>GPU4 (SOCK)

job on GPUs 0 1 2 3 4 5 6 7: 5040 ring orders tried
  best ring  0->1->2->3->4->5->6->7->0  12.50 GB/s, slowest hop GPU3>SW1>RC0>RC1>SW2>GPU4 (SOCK)
  worst ring 0->4->1->5->2->6->3->7->0   3.12 GB/s, slowest hop GPU0>SW0>RC0>RC1>SW2>GPU4 (SOCK)
