<_Z4add3iii>:
	f3 0f 1e fa          	endbr64
	01 f7                	add    %esi,%edi
	8d 04 17             	lea    (%rdi,%rdx,1),%eax
	c3                   	ret
	66 0f 1f 44 00 00    	nopw   0x0(%rax,%rax,1)

<_Z3sumPKll>:
	f3 0f 1e fa          	endbr64
	48 85 f6             	test   %rsi,%rsi
	7e 17                	jle    <_Z3sumPKll+0x20>
	48 8d 14 f7          	lea    (%rdi,%rsi,8),%rdx
	31 c0                	xor    %eax,%eax
	90                   	nop
	48 03 07             	add    (%rdi),%rax
	48 83 c7 08          	add    $0x8,%rdi
	48 39 d7             	cmp    %rdx,%rdi
	75 f4                	jne    <_Z3sumPKll+0x10>
	c3                   	ret
	0f 1f 00             	nopl   (%rax)
	31 c0                	xor    %eax,%eax
	c3                   	ret
