/big/sparse.bin: inode 14
  header: 1 entries, max 4, depth 1
    index: logical 0 -> tree block 5630
      header: 13 entries, max 340, depth 0
        leaf: logical 0, length 2, physical 5621
        leaf: logical 73, length 2, physical 5623
        leaf: logical 146, length 2, physical 5625
        leaf: logical 219, length 2, physical 5627
        leaf: logical 292, length 1, physical 5629
        leaf: logical 293, length 2, physical 5631
        leaf: logical 366, length 2, physical 5633
        leaf: logical 439, length 2, physical 5635
        leaf: logical 512, length 2, physical 5637
        leaf: logical 585, length 3, physical 5639
        leaf: logical 659, length 2, physical 5642
        leaf: logical 732, length 2, physical 5644
        leaf: logical 805, length 2, physical 5646
checksums verified: directory blocks 2; extent tree blocks 1; group descriptors 3; inodes 3; superblock 1; mismatches 0
== debugfs stat /big/sparse.bin (EXTENTS)
EXTENTS:
(ETB0):5630, (0-1):5621-5622, (73-74):5623-5624, (146-147):5625-5626, (219-220):5627-5628, (292):5629, (293-294):5631-5632, (366-367):5633-5634, (439-440):5635-5636, (512-513):5637-5638, (585-587):5639-5641, (659-660):5642-5643, (732-733):5644-5645, (805-806):5646-5647
