model: Survey drone and its links, version 1
elements: 5 external, 6 process, 2 store; flows: 17; zones: drone ground pilot rf world
flows crossing a trust boundary:
  Pilot -> Ground station app : mission, commands [pilot|ground]
  Ground radio -> Air radio : radio frames     [ground|drone]
  Anyone with a compatible radio -> Air radio : radio frames [rf|drone]
  Air radio -> Ground radio : radio telemetry  [drone|ground]
  RC transmitter -> RC receiver : stick frames [pilot|drone]
  Satellite navigation signals -> Flight controller : position fixes [world|drone]
  Flight controller -> Motors and propellers : motor commands [drone|world]
threats (STRIDE per element), boundary first:
  T01 S external Pilot                                        open
  T02 R external Pilot                                        open
  T03 S process  Ground station app                           open
  T04 T process  Ground station app                           open
  T05 R process  Ground station app                           open
  T06 I process  Ground station app                           open
  T07 D process  Ground station app                           open
  T08 E process  Ground station app                           open
  T09 S process  Ground radio                                 open
  T10 T process  Ground radio                                 open
  T11 R process  Ground radio                                 open
  T12 I process  Ground radio                                 open
  T13 D process  Ground radio                                 open
  T14 E process  Ground radio                                 open
  T15 S external Anyone with a compatible radio               open
  T16 R external Anyone with a compatible radio               open
  T17 S process  Air radio                                    open
  T18 T process  Air radio                                    open
  T19 R process  Air radio                                    open
  T20 I process  Air radio                                    open
  T21 D process  Air radio                                    open
  T22 E process  Air radio                                    open
  T23 S process  Flight controller                            open
  T24 T process  Flight controller                            open
  T25 R process  Flight controller                            open
  T26 I process  Flight controller                            open
  T27 D process  Flight controller                            open
  T28 E process  Flight controller                            open
  T29 S process  RC receiver                                  open
  T30 T process  RC receiver                                  open
  T31 R process  RC receiver                                  open
  T32 I process  RC receiver                                  open
  T33 D process  RC receiver                                  open
  T34 E process  RC receiver                                  open
  T35 S external RC transmitter                               open
  T36 R external RC transmitter                               open
  T37 S external Satellite navigation signals                 open
  T38 R external Satellite navigation signals                 open
  T39 S external Motors and propellers                        open
  T40 R external Motors and propellers                        open
  T41 T flow     Pilot -> Ground station app : mission, commands open
  T42 I flow     Pilot -> Ground station app : mission, commands open
  T43 D flow     Pilot -> Ground station app : mission, commands open
  T44 T flow     Ground radio -> Air radio : radio frames     open
  T45 I flow     Ground radio -> Air radio : radio frames     open
  T46 D flow     Ground radio -> Air radio : radio frames     open
  T47 T flow     Anyone with a compatible radio -> Air radio : radio frames open
  T48 I flow     Anyone with a compatible radio -> Air radio : radio frames open
  T49 D flow     Anyone with a compatible radio -> Air radio : radio frames open
  T50 T flow     Air radio -> Ground radio : radio telemetry  open
  T51 I flow     Air radio -> Ground radio : radio telemetry  open
  T52 D flow     Air radio -> Ground radio : radio telemetry  open
  T53 T flow     RC transmitter -> RC receiver : stick frames open
  T54 I flow     RC transmitter -> RC receiver : stick frames open
  T55 D flow     RC transmitter -> RC receiver : stick frames open
  T56 T flow     Satellite navigation signals -> Flight controller : position fixes open
  T57 I flow     Satellite navigation signals -> Flight controller : position fixes open
  T58 D flow     Satellite navigation signals -> Flight controller : position fixes open
  T59 T flow     Flight controller -> Motors and propellers : motor commands open
  T60 I flow     Flight controller -> Motors and propellers : motor commands open
  T61 D flow     Flight controller -> Motors and propellers : motor commands open
  T62 S process  Companion computer                           open
  T63 T process  Companion computer                           open
  T64 R process  Companion computer                           open
  T65 I process  Companion computer                           open
  T66 D process  Companion computer                           open
  T67 E process  Companion computer                           open
  T68 T store    Parameters                                   open
  T69 I store    Parameters                                   open
  T70 D store    Parameters                                   open
  T71 T store    Flight log                                   open
  T72 R store    Flight log                                   open
  T73 I store    Flight log                                   open
  T74 D store    Flight log                                   open
  T75 T flow     Ground station app -> Ground radio : frames  open
  T76 I flow     Ground station app -> Ground radio : frames  open
  T77 D flow     Ground station app -> Ground radio : frames  open
  T78 T flow     Air radio -> Flight controller : frames      open
  T79 I flow     Air radio -> Flight controller : frames      open
  T80 D flow     Air radio -> Flight controller : frames      open
  T81 T flow     Flight controller -> Air radio : telemetry   open
  T82 I flow     Flight controller -> Air radio : telemetry   open
  T83 D flow     Flight controller -> Air radio : telemetry   open
  T84 T flow     Ground radio -> Ground station app : telemetry open
  T85 I flow     Ground radio -> Ground station app : telemetry open
  T86 D flow     Ground radio -> Ground station app : telemetry open
  T87 T flow     RC receiver -> Flight controller : channels  open
  T88 I flow     RC receiver -> Flight controller : channels  open
  T89 D flow     RC receiver -> Flight controller : channels  open
  T90 T flow     Companion computer -> Flight controller : frames open
  T91 I flow     Companion computer -> Flight controller : frames open
  T92 D flow     Companion computer -> Flight controller : frames open
  T93 T flow     Flight controller -> Companion computer : telemetry open
  T94 I flow     Flight controller -> Companion computer : telemetry open
  T95 D flow     Flight controller -> Companion computer : telemetry open
  T96 T flow     Parameters -> Flight controller : parameters open
  T97 I flow     Parameters -> Flight controller : parameters open
  T98 D flow     Parameters -> Flight controller : parameters open
  T99 T flow     Flight controller -> Parameters : parameter changes open
  T100 I flow     Flight controller -> Parameters : parameter changes open
  T101 D flow     Flight controller -> Parameters : parameter changes open
  T102 T flow     Flight controller -> Flight log : log records open
  T103 I flow     Flight controller -> Flight log : log records open
  T104 D flow     Flight controller -> Flight log : log records open
total: 104 threats, 104 open, 0 with a claimed control (verify each one)
