receiver: accepts unsigned frames
  gcs      sys 20 comp 190 seq   0 heartbeat    ts 5001000  tag d29d449cbdc6 accepted
  gcs      sys 20 comp 190 seq   1 cmd:arm      ts 5002000  tag 7457132a5dd1 accepted
  gcs      sys 20 comp 190 seq   2 cmd:takeoff  ts 5003000  tag 879d4ee9f8ac accepted
  gcs      sys 20 comp 190 seq   3 heartbeat    ts 5004000  tag 1df86ead9a34 accepted
  attacker sys 20 comp 190 seq   4 cmd:land     ts 0        tag -            accepted
  attacker sys 20 comp 190 seq   4 cmd:land     ts 5004500  tag a1b2c3d4e5f6 accepted
  attacker sys 20 comp 190 seq   2 cmd:land     ts 5003000  tag 879d4ee9f8ac accepted
  attacker sys 20 comp 190 seq   2 cmd:takeoff  ts 5003000  tag 879d4ee9f8ac accepted
  gcs      sys 20 comp 190 seq   4 heartbeat    ts 5005000  tag 0f8f5d1d17b0 accepted
  frames from the attacker accepted: 4
receiver: requires signing
  gcs      sys 20 comp 190 seq   0 heartbeat    ts 5001000  tag d29d449cbdc6 accepted
  gcs      sys 20 comp 190 seq   1 cmd:arm      ts 5002000  tag 7457132a5dd1 accepted
  gcs      sys 20 comp 190 seq   2 cmd:takeoff  ts 5003000  tag 879d4ee9f8ac accepted
  gcs      sys 20 comp 190 seq   3 heartbeat    ts 5004000  tag 1df86ead9a34 accepted
  attacker sys 20 comp 190 seq   4 cmd:land     ts 0        tag -            dropped: unsigned
  attacker sys 20 comp 190 seq   4 cmd:land     ts 5004500  tag a1b2c3d4e5f6 dropped: bad tag
  attacker sys 20 comp 190 seq   2 cmd:land     ts 5003000  tag 879d4ee9f8ac dropped: bad tag
  attacker sys 20 comp 190 seq   2 cmd:takeoff  ts 5003000  tag 879d4ee9f8ac dropped: old timestamp
  gcs      sys 20 comp 190 seq   4 heartbeat    ts 5005000  tag 0f8f5d1d17b0 accepted
  frames from the attacker accepted: 0
