rx_log.csv: 187 frames; gcs_tx.csv: 185 frames
--- rx_log.csv, 42000 <= t_ms < 50000 ---
t_ms,rssi_dbm,sysid,compid,seq,msg
42016,-54,20,190,129,heartbeat
42019,-51,20,190,130,request:position
42516,-55,20,190,131,request:position
43016,-54,20,190,132,heartbeat
43019,-54,20,190,133,request:position
43516,-51,20,190,134,request:position
44016,-51,20,190,135,heartbeat
44019,-52,20,190,136,request:position
44516,-55,20,190,137,request:position
45016,-54,20,190,138,heartbeat
45019,-52,20,190,139,request:position
45516,-55,20,190,140,request:position
46016,-53,20,190,141,heartbeat
46019,-55,20,190,142,request:position
46288,-79,20,190,143,cmd:land
46516,-51,20,190,143,request:position
46791,-79,20,190,144,cmd:land
47016,-53,20,190,144,heartbeat
47019,-51,20,190,145,request:position
47516,-53,20,190,146,request:position
48016,-55,20,190,147,heartbeat
48019,-55,20,190,148,request:position
48516,-56,20,190,149,request:position
49016,-54,20,190,150,heartbeat
49019,-54,20,190,151,request:position
49516,-53,20,190,152,request:position
--- gcs_tx.csv, 42000 <= t_ms < 50000 ---
t_ms,seq,msg
42007,129,heartbeat
42010,130,request:position
42507,131,request:position
43007,132,heartbeat
43010,133,request:position
43507,134,request:position
44007,135,heartbeat
44010,136,request:position
44507,137,request:position
45007,138,heartbeat
45010,139,request:position
45507,140,request:position
46007,141,heartbeat
46010,142,request:position
46507,143,request:position
47007,144,heartbeat
47010,145,request:position
47507,146,request:position
48007,147,heartbeat
48010,148,request:position
48507,149,request:position
49007,150,heartbeat
49010,151,request:position
49507,152,request:position
