# run  A_ms  B_ms   (A and B alternate: A1, B1, A2, B2, ...; no warm-up)
1 13.875 2.151
2 1.437 1.386
3 1.398 1.363
4 1.384 1.433
5 1.422 1.359
6 1.401 1.387
7 1.373 1.461
8 1.410 1.335
9 1.409 1.379
10 1.389 1.453
11 1.452 1.411
12 1.373 1.387
13 1.416 1.391
14 1.383 1.410
15 1.388 1.386
16 1.453 1.358
17 1.365 1.444
18 1.354 1.396
19 1.426 1.368
20 1.422 1.393
21 1.400 1.393
22 1.376 1.410
23 1.435 1.398
24 1.344 1.416
25 1.347 1.398
26 1.481 1.335
27 1.365 1.422
28 1.388 1.449
29 1.386 1.393
30 1.426 1.359
