 t (s)   tool x (m)  tool speed (m/s)  t2 (deg)   qdot1 (deg/s)  qdot2 (deg/s)  note
 0.00     0.3000      0.0624          114.582         5.06         -15.72     
 0.40     0.3249      0.0624          108.185         5.69         -16.30     
 0.80     0.3499      0.0624          101.529         6.31         -17.02     
 1.20     0.3748      0.0624           94.550         6.96         -17.93     
 1.60     0.3998      0.0624           87.163         7.68         -19.09     
 2.00     0.4247      0.0624           79.245         8.54         -20.62     
 2.40     0.4497      0.0624           70.610         9.65         -22.74     
 2.80     0.4746      0.0625           60.943        11.22         -25.91     
 3.20     0.4995      0.0625           49.640        13.79         -31.30     
 3.60     0.5244      0.0626           35.151        19.47         -43.55     
 3.64     0.5269      0.0626           33.376        20.51         -45.80     
 3.68     0.5294      0.0626           31.506        21.73         -48.46     
 3.72     0.5319      0.0626           29.521        23.19         -51.65     
 3.76     0.5344      0.0627           27.399        24.99         -55.58     
 3.80     0.5369      0.0627           25.105        27.29         -60.60     
 3.84     0.5393      0.0627           22.587        30.34         -67.29     
 3.88     0.5418      0.0628           19.764        34.70         -76.84     
 3.92     0.5443      0.0629           16.488        41.65         -92.08     
 3.96     0.5467      0.0630           12.431        55.36        -122.20     OVER JOINT LIMIT
 4.00     0.5490      0.0633            6.478       106.82        -235.33     OVER JOINT LIMIT
