open:  table 4, 2 x noodle soup
closed table 4
note:  table 7: extra spicy, no peanuts
=================================================================
==21452==ERROR: AddressSanitizer: heap-use-after-free on address 0x504000000014 at pc 0x556c5328a921 bp 0x7ffe43ae3750 sp 0x7ffe43ae3740
WRITE of size 4 at 0x504000000014 thread T0
    #0 0x556c5328a920 in Screen::markDone() moving_crash.cc:16
    #1 0x556c53289f5b in main moving_crash.cc:36
    #2 0x7f3e2e82a1c9 in __libc_start_call_main ../sysdeps/nptl/libc_start_call_main.h:58
    #3 0x7f3e2e82a28a in __libc_start_main_impl ../csu/libc-start.c:360
    #4 0x556c532894e4 in _start (.bin_moving_asan+0x84e4) (BuildId: 5ff1a96e15ef935be7b77bc6073784d7d06af698)

0x504000000014 is located 4 bytes inside of 40-byte region [0x504000000010,0x504000000038)
freed by thread T0 here:
    #0 0x7f3e2f8ff5e8 in operator delete(void*, unsigned long) ../../../../src/libsanitizer/asan/asan_new_delete.cpp:164
    #1 0x556c53289e06 in main moving_crash.cc:27
    #2 0x7f3e2e82a1c9 in __libc_start_call_main ../sysdeps/nptl/libc_start_call_main.h:58
    #3 0x7f3e2e82a28a in __libc_start_main_impl ../csu/libc-start.c:360
    #4 0x556c532894e4 in _start (.bin_moving_asan+0x84e4) (BuildId: 5ff1a96e15ef935be7b77bc6073784d7d06af698)

previously allocated by thread T0 here:
    #0 0x7f3e2f8fe548 in operator new(unsigned long) ../../../../src/libsanitizer/asan/asan_new_delete.cpp:95
    #1 0x556c53289772 in main moving_crash.cc:24
    #2 0x7f3e2e82a1c9 in __libc_start_call_main ../sysdeps/nptl/libc_start_call_main.h:58
    #3 0x7f3e2e82a28a in __libc_start_main_impl ../csu/libc-start.c:360
    #4 0x556c532894e4 in _start (.bin_moving_asan+0x84e4) (BuildId: 5ff1a96e15ef935be7b77bc6073784d7d06af698)

SUMMARY: AddressSanitizer: heap-use-after-free moving_crash.cc:16 in Screen::markDone()
Shadow bytes around the buggy address:
  0x503ffffffd80: 00 00 00 00 00 00 00 00 00 00 00 00 00 00 00 00
  0x503ffffffe00: 00 00 00 00 00 00 00 00 00 00 00 00 00 00 00 00
  0x503ffffffe80: 00 00 00 00 00 00 00 00 00 00 00 00 00 00 00 00
  0x503fffffff00: 00 00 00 00 00 00 00 00 00 00 00 00 00 00 00 00
  0x503fffffff80: 00 00 00 00 00 00 00 00 00 00 00 00 00 00 00 00
=>0x504000000000: fa fa[fd]fd fd fd fd fa fa fa 00 00 00 00 01 fa
  0x504000000080: fa fa fa fa fa fa fa fa fa fa fa fa fa fa fa fa
  0x504000000100: fa fa fa fa fa fa fa fa fa fa fa fa fa fa fa fa
  0x504000000180: fa fa fa fa fa fa fa fa fa fa fa fa fa fa fa fa
  0x504000000200: fa fa fa fa fa fa fa fa fa fa fa fa fa fa fa fa
  0x504000000280: fa fa fa fa fa fa fa fa fa fa fa fa fa fa fa fa
Shadow byte legend (one shadow byte represents 8 application bytes):
  Addressable:           00
  Partially addressable: 01 02 03 04 05 06 07 
  Heap left redzone:       fa
  Freed heap region:       fd
  Stack left redzone:      f1
  Stack mid redzone:       f2
  Stack right redzone:     f3
  Stack after return:      f5
  Stack use after scope:   f8
  Global redzone:          f9
  Global init order:       f6
  Poisoned by user:        f7
  Container overflow:      fc
  Array cookie:            ac
  Intra object redzone:    bb
  ASan internal:           fe
  Left alloca redzone:     ca
  Right alloca redzone:    cb
==21452==ABORTING
