label: =================================================================
==21378==ERROR: AddressSanitizer: heap-use-after-free on address 0x503000000040 at pc 0x7fcce9a7f05f bp 0x7ffe1fb478d0 sp 0x7ffe1fb47078
READ of size 21 at 0x503000000040 thread T0
    #0 0x7fcce9a7f05e in fwrite ../../../../src/libsanitizer/sanitizer_common/sanitizer_common_interceptors.inc:1110
    #1 0x7fcce9756dc3 in std::basic_ostream<char, std::char_traits<char> >& std::__ostream_insert<char, std::char_traits<char> >(std::basic_ostream<char, std::char_traits<char> >&, char const*, long) (/lib/x86_64-linux-gnu/libstdc++.so.6+0x156dc3) (BuildId: 753c6c8608b61d4e67be8f0c890e03e0aa046b8b)
    #2 0x557ff215aa3e in std::basic_ostream<char, std::char_traits<char> >& std::operator<< <char, std::char_traits<char> >(std::basic_ostream<char, std::char_traits<char> >&, std::basic_string_view<char, std::char_traits<char> >) /usr/include/c++/13/string_view:763
    #3 0x557ff2157d41 in main view_dangle.cpp:15
    #4 0x7fcce8a2a1c9 in __libc_start_call_main ../sysdeps/nptl/libc_start_call_main.h:58
    #5 0x7fcce8a2a28a in __libc_start_main_impl ../csu/libc-start.c:360
    #6 0x557ff21575e4 in _start (.bin_view_dangle+0xc5e4) (BuildId: 10301f2539c0853ab6afcc109263342905a100fa)

0x503000000040 is located 0 bytes inside of 31-byte region [0x503000000040,0x50300000005f)
freed by thread T0 here:
    #0 0x7fcce9aff5e8 in operator delete(void*, unsigned long) ../../../../src/libsanitizer/asan/asan_new_delete.cpp:164
    #1 0x557ff215dc98 in std::__new_allocator<char>::deallocate(char*, unsigned long) /usr/include/c++/13/bits/new_allocator.h:172
    #2 0x557ff215c241 in std::allocator<char>::deallocate(char*, unsigned long) /usr/include/c++/13/bits/allocator.h:210
    #3 0x557ff215c241 in std::allocator_traits<std::allocator<char> >::deallocate(std::allocator<char>&, char*, unsigned long) /usr/include/c++/13/bits/alloc_traits.h:517
    #4 0x557ff215c241 in std::__cxx11::basic_string<char, std::char_traits<char>, std::allocator<char> >::_M_destroy(unsigned long) /usr/include/c++/13/bits/basic_string.h:289
    #5 0x557ff215b344 in std::__cxx11::basic_string<char, std::char_traits<char>, std::allocator<char> >::_M_dispose() /usr/include/c++/13/bits/basic_string.h:283
    #6 0x557ff2159374 in std::__cxx11::basic_string<char, std::char_traits<char>, std::allocator<char> >::~basic_string() /usr/include/c++/13/bits/basic_string.h:804
    #7 0x557ff2157cb5 in main view_dangle.cpp:14
    #8 0x7fcce8a2a1c9 in __libc_start_call_main ../sysdeps/nptl/libc_start_call_main.h:58
    #9 0x7fcce8a2a28a in __libc_start_main_impl ../csu/libc-start.c:360
    #10 0x557ff21575e4 in _start (.bin_view_dangle+0xc5e4) (BuildId: 10301f2539c0853ab6afcc109263342905a100fa)

previously allocated by thread T0 here:
    #0 0x7fcce9afe548 in operator new(unsigned long) ../../../../src/libsanitizer/asan/asan_new_delete.cpp:95
    #1 0x557ff215dd5a in std::__new_allocator<char>::allocate(unsigned long, void const*) /usr/include/c++/13/bits/new_allocator.h:151
    #2 0x557ff215c9d4 in std::allocator<char>::allocate(unsigned long) /usr/include/c++/13/bits/allocator.h:198
    #3 0x557ff215c9d4 in std::allocator_traits<std::allocator<char> >::allocate(std::allocator<char>&, unsigned long) /usr/include/c++/13/bits/alloc_traits.h:482
    #4 0x557ff215c9d4 in std::__cxx11::basic_string<char, std::char_traits<char>, std::allocator<char> >::_S_allocate(std::allocator<char>&, unsigned long) /usr/include/c++/13/bits/basic_string.h:126
    #5 0x557ff215bfa1 in std::__cxx11::basic_string<char, std::char_traits<char>, std::allocator<char> >::_M_create(unsigned long&, unsigned long) /usr/include/c++/13/bits/basic_string.tcc:159
    #6 0x557ff215d58a in std::__cxx11::basic_string<char, std::char_traits<char>, std::allocator<char> >::_M_mutate(unsigned long, unsigned long, char const*, unsigned long) /usr/include/c++/13/bits/basic_string.tcc:332
    #7 0x557ff215c6b2 in std::__cxx11::basic_string<char, std::char_traits<char>, std::allocator<char> >::_M_append(char const*, unsigned long) /usr/include/c++/13/bits/basic_string.tcc:424
    #8 0x557ff215bbba in std::__cxx11::basic_string<char, std::char_traits<char>, std::allocator<char> >::append(char const*) /usr/include/c++/13/bits/basic_string.h:1474
    #9 0x557ff215a6f3 in std::__cxx11::basic_string<char, std::char_traits<char>, std::allocator<char> > std::operator+<char, std::char_traits<char>, std::allocator<char> >(std::__cxx11::basic_string<char, std::char_traits<char>, std::allocator<char> >&&, char const*) /usr/include/c++/13/bits/basic_string.h:3690
    #10 0x557ff2157954 in makeLabel[abi:cxx11](int) view_dangle.cpp:7
    #11 0x557ff2157c49 in main view_dangle.cpp:14
    #12 0x7fcce8a2a1c9 in __libc_start_call_main ../sysdeps/nptl/libc_start_call_main.h:58
    #13 0x7fcce8a2a28a in __libc_start_main_impl ../csu/libc-start.c:360
    #14 0x557ff21575e4 in _start (.bin_view_dangle+0xc5e4) (BuildId: 10301f2539c0853ab6afcc109263342905a100fa)

SUMMARY: AddressSanitizer: heap-use-after-free ../../../../src/libsanitizer/sanitizer_common/sanitizer_common_interceptors.inc:1110 in fwrite
Shadow bytes around the buggy address:
  0x502ffffffd80: 00 00 00 00 00 00 00 00 00 00 00 00 00 00 00 00
  0x502ffffffe00: 00 00 00 00 00 00 00 00 00 00 00 00 00 00 00 00
  0x502ffffffe80: 00 00 00 00 00 00 00 00 00 00 00 00 00 00 00 00
  0x502fffffff00: 00 00 00 00 00 00 00 00 00 00 00 00 00 00 00 00
  0x502fffffff80: 00 00 00 00 00 00 00 00 00 00 00 00 00 00 00 00
=>0x503000000000: fa fa 00 00 00 fa fa fa[fd]fd fd fd fa fa fa fa
  0x503000000080: fa fa fa fa fa fa fa fa fa fa fa fa fa fa fa fa
  0x503000000100: fa fa fa fa fa fa fa fa fa fa fa fa fa fa fa fa
  0x503000000180: fa fa fa fa fa fa fa fa fa fa fa fa fa fa fa fa
  0x503000000200: fa fa fa fa fa fa fa fa fa fa fa fa fa fa fa fa
  0x503000000280: fa fa fa fa fa fa fa fa fa fa fa fa fa fa fa fa
Shadow byte legend (one shadow byte represents 8 application bytes):
  Addressable:           00
  Partially addressable: 01 02 03 04 05 06 07 
  Heap left redzone:       fa
  Freed heap region:       fd
  Stack left redzone:      f1
  Stack mid redzone:       f2
  Stack right redzone:     f3
  Stack after return:      f5
  Stack use after scope:   f8
  Global redzone:          f9
  Global init order:       f6
  Poisoned by user:        f7
  Container overflow:      fc
  Array cookie:            ac
  Intra object redzone:    bb
  ASan internal:           fe
  Left alloca redzone:     ca
  Right alloca redzone:    cb
==21378==ABORTING
