scenario with-stream-0-kernel  (copy engines: 2)
  copy-in   stream 1  A-in                 0.0 ->    30.0
  compute   stream 1  A-kernel            30.0 ->    70.0
  copy-out  stream 1  A-out               70.0 ->   100.0
  compute   stream 0  resetCounter       100.0 ->   105.0
  copy-in   stream 2  B-in               105.0 ->   135.0
  compute   stream 2  B-kernel           135.0 ->   175.0
  copy-out  stream 2  B-out              175.0 ->   205.0
  timeline (digit = stream id, H = host work), total 205.0
  compute  |.........111111111111..........0..........222222222222..........|
  copy-in  |111111111.......................2222222222......................|
  copy-out |.....................1111111111.......................2222222222|
  busy compute      85.0 ( 41.5 %)
  busy copy-in      60.0 ( 29.3 %)
  busy copy-out     60.0 ( 29.3 %)
  copy/compute overlap 0.0; total 205.0

scenario counter-in-stream-2  (copy engines: 2)
  copy-in   stream 1  A-in                 0.0 ->    30.0
  compute   stream 1  A-kernel            30.0 ->    70.0
  copy-out  stream 1  A-out               70.0 ->   100.0
  compute   stream 2  resetCounter        70.0 ->    75.0
  copy-in   stream 2  B-in                75.0 ->   105.0
  compute   stream 2  B-kernel           105.0 ->   145.0
  copy-out  stream 2  B-out              145.0 ->   175.0
  timeline (digit = stream id, H = host work), total 175.0
  compute  |..........11111111111111122...........222222222222222...........|
  copy-in  |1111111111.................22222222222..........................|
  copy-out |.........................11111111111.................22222222222|
  busy compute      85.0 ( 48.6 %)
  busy copy-in      60.0 ( 34.3 %)
  busy copy-out     60.0 ( 34.3 %)
  copy/compute overlap 5.0; total 175.0

scenario nonblocking-streams  (copy engines: 2)
  copy-in   stream 1  A-in                 0.0 ->    30.0
  compute   stream 1  A-kernel            30.0 ->    70.0
  copy-out  stream 1  A-out               70.0 ->   100.0
  compute   stream 0  resetCounter        70.0 ->    75.0
  copy-in   stream 2  B-in                30.0 ->    60.0
  compute   stream 2  B-kernel            75.0 ->   115.0
  copy-out  stream 2  B-out              115.0 ->   145.0
  timeline (digit = stream id, H = host work), total 145.0
  compute  |.............1111111111111111100022222222222222222..............|
  copy-in  |11111111111112222222222222......................................|
  copy-out |..............................11111111111111......22222222222222|
  busy compute      85.0 ( 58.6 %)
  busy copy-in      60.0 ( 41.4 %)
  busy copy-out     60.0 ( 41.4 %)
  copy/compute overlap 60.0; total 145.0

