scenario one-stream  (copy engines: 2)
  copy-in   stream 1  A-in                 0.0 ->    30.0
  compute   stream 1  A-kernel            30.0 ->    70.0
  copy-out  stream 1  A-out               70.0 ->   100.0
  copy-in   stream 1  B-in               100.0 ->   130.0
  compute   stream 1  B-kernel           130.0 ->   170.0
  copy-out  stream 1  B-out              170.0 ->   200.0
  timeline (digit = stream id, H = host work), total 200.0
  compute  |.........1111111111111...................1111111111111..........|
  copy-in  |111111111.......................111111111.......................|
  copy-out |......................1111111111......................1111111111|
  busy compute      80.0 ( 40.0 %)
  busy copy-in      60.0 ( 30.0 %)
  busy copy-out     60.0 ( 30.0 %)
  copy/compute overlap 0.0; total 200.0

scenario two-streams  (copy engines: 2)
  copy-in   stream 1  A-in                 0.0 ->    30.0
  compute   stream 1  A-kernel            30.0 ->    70.0
  copy-out  stream 1  A-out               70.0 ->   100.0
  copy-in   stream 2  B-in                30.0 ->    60.0
  compute   stream 2  B-kernel            70.0 ->   110.0
  copy-out  stream 2  B-out              110.0 ->   140.0
  timeline (digit = stream id, H = host work), total 140.0
  compute  |.............1111111111111111111222222222222222222..............|
  copy-in  |111111111111122222222222222.....................................|
  copy-out |................................1111111111111.....22222222222222|
  busy compute      80.0 ( 57.1 %)
  busy copy-in      60.0 ( 42.9 %)
  busy copy-out     60.0 ( 42.9 %)
  copy/compute overlap 60.0; total 140.0

scenario event-join  (copy engines: 2)
  copy-in   stream 1  A-in                 0.0 ->    30.0
  compute   stream 1  A-kernel            30.0 ->    70.0
  copy-out  stream 1  A-out               70.0 ->   100.0
  copy-in   stream 2  C-in                30.0 ->    60.0
  compute   stream 2  C-kernel           100.0 ->   140.0
  copy-out  stream 2  C-out              140.0 ->   170.0
  timeline (digit = stream id, H = host work), total 170.0
  compute  |...........111111111111111...........222222222222222............|
  copy-in  |1111111111122222222222..........................................|
  copy-out |..........................11111111111...............222222222222|
  busy compute      80.0 ( 47.1 %)
  busy copy-in      60.0 ( 35.3 %)
  busy copy-out     60.0 ( 35.3 %)
  copy/compute overlap 30.0; total 170.0

