ported code, 32-lane warps (W = 32 lanes, loop starts at offset 16)
lane:value after the shuffle loop
 0:  528    1:  528    2:  528    3:  528    4:  528    5:  528    6:  528    7:  528
 8:  528    9:  528   10:  528   11:  528   12:  528   13:  528   14:  528   15:  528
16:  528   17:  528   18:  528   19:  528   20:  528   21:  528   22:  528   23:  528
24:  528   25:  528   26:  528   27:  528   28:  528   29:  528   30:  528   31:  528
32: 1552   33: 1552   34: 1552   35: 1552   36: 1552   37: 1552   38: 1552   39: 1552
40: 1552   41: 1552   42: 1552   43: 1552   44: 1552   45: 1552   46: 1552   47: 1552
48: 1552   49: 1552   50: 1552   51: 1552   52: 1552   53: 1552   54: 1552   55: 1552
56: 1552   57: 1552   58: 1552   59: 1552   60: 1552   61: 1552   62: 1552   63: 1552
total = 2080 (expected 2080)

ported code, 64-lane wavefronts (W = 64 lanes, loop starts at offset 16)
lane:value after the shuffle loop
 0:  528    1:  528    2:  528    3:  528    4:  528    5:  528    6:  528    7:  528
 8:  528    9:  528   10:  528   11:  528   12:  528   13:  528   14:  528   15:  528
16:  528   17:  528   18:  528   19:  528   20:  528   21:  528   22:  528   23:  528
24:  528   25:  528   26:  528   27:  528   28:  528   29:  528   30:  528   31:  528
32: 1552   33: 1552   34: 1552   35: 1552   36: 1552   37: 1552   38: 1552   39: 1552
40: 1552   41: 1552   42: 1552   43: 1552   44: 1552   45: 1552   46: 1552   47: 1552
48: 1552   49: 1552   50: 1552   51: 1552   52: 1552   53: 1552   54: 1552   55: 1552
56: 1552   57: 1552   58: 1552   59: 1552   60: 1552   61: 1552   62: 1552   63: 1552
total = 528 (expected 2080)

fixed code, 32-lane warps (W = 32 lanes, loop starts at offset 16)
lane:value after the shuffle loop
 0:  528    1:  528    2:  528    3:  528    4:  528    5:  528    6:  528    7:  528
 8:  528    9:  528   10:  528   11:  528   12:  528   13:  528   14:  528   15:  528
16:  528   17:  528   18:  528   19:  528   20:  528   21:  528   22:  528   23:  528
24:  528   25:  528   26:  528   27:  528   28:  528   29:  528   30:  528   31:  528
32: 1552   33: 1552   34: 1552   35: 1552   36: 1552   37: 1552   38: 1552   39: 1552
40: 1552   41: 1552   42: 1552   43: 1552   44: 1552   45: 1552   46: 1552   47: 1552
48: 1552   49: 1552   50: 1552   51: 1552   52: 1552   53: 1552   54: 1552   55: 1552
56: 1552   57: 1552   58: 1552   59: 1552   60: 1552   61: 1552   62: 1552   63: 1552
total = 2080 (expected 2080)

fixed code, 64-lane wavefronts (W = 64 lanes, loop starts at offset 32)
lane:value after the shuffle loop
 0: 2080    1: 2080    2: 2080    3: 2080    4: 2080    5: 2080    6: 2080    7: 2080
 8: 2080    9: 2080   10: 2080   11: 2080   12: 2080   13: 2080   14: 2080   15: 2080
16: 2080   17: 2080   18: 2080   19: 2080   20: 2080   21: 2080   22: 2080   23: 2080
24: 2080   25: 2080   26: 2080   27: 2080   28: 2080   29: 2080   30: 2080   31: 2080
32: 2080   33: 2080   34: 2080   35: 2080   36: 2080   37: 2080   38: 2080   39: 2080
40: 2080   41: 2080   42: 2080   43: 2080   44: 2080   45: 2080   46: 2080   47: 2080
48: 2080   49: 2080   50: 2080   51: 2080   52: 2080   53: 2080   54: 2080   55: 2080
56: 2080   57: 2080   58: 2080   59: 2080   60: 2080   61: 2080   62: 2080   63: 2080
total = 2080 (expected 2080)

