== PTX (sm_80)
	mov.u32 	%r3, %ctaid.x;
	mov.u32 	%r4, %ntid.x;
	mov.u32 	%r5, %tid.x;
	mad.lo.s32 	%r1, %r3, %r4, %r5;
	setp.ge.s32 	%p1, %r1, %r2;
	@%p1 bra 	$L__BB0_2;
	cvta.to.global.u64 	%rd4, %rd1;
	mul.wide.s32 	%rd5, %r1, 4;
	add.s64 	%rd6, %rd4, %rd5;
	cvta.to.global.u64 	%rd7, %rd2;
	add.s64 	%rd8, %rd7, %rd5;
	ld.global.f32 	%f1, [%rd8];
	ld.global.f32 	%f2, [%rd6];
	add.f32 	%f3, %f2, %f1;
	cvta.to.global.u64 	%rd9, %rd3;
	add.s64 	%rd10, %rd9, %rd5;
	st.global.f32 	[%rd10], %f3;
$L__BB0_2:
	ret;
}
== SASS (sm_80)
0000  MOV R1, c[0x0][0x28];
0010  S2R R6, SR_CTAID.X;
0020  S2R R3, SR_TID.X;
0030  IMAD R6, R6, c[0x0][0x0], R3;
0040  ISETP.GE.AND P0, PT, R6, c[0x0][0x178], PT;
0050  @P0 EXIT;
0060  HFMA2.MMA R7, -RZ, RZ, 0, 2.384185791015625e-07;
0070  ULDC.64 UR4, c[0x0][0x118];
0080  IMAD.WIDE R4, R6, R7, c[0x0][0x168];
0090  IMAD.WIDE R2, R6.reuse, R7.reuse, c[0x0][0x160];
00a0  LDG.E R4, [R4.64];
00b0  LDG.E R3, [R2.64];
00c0  IMAD.WIDE R6, R6, R7, c[0x0][0x170];
00d0  FADD R9, R4, R3;
00e0  STG.E [R6.64], R9;
00f0  EXIT;
