In file included from /usr/include/c++/13/ext/alloc_traits.h:34,
                 from /usr/include/c++/13/bits/stl_uninitialized.h:64,
                 from /usr/include/c++/13/memory:69,
                 from orders.cpp:3:
/usr/include/c++/13/bits/alloc_traits.h: In instantiation of 'static constexpr void std::allocator_traits<std::allocator<_Up> >::construct(allocator_type&, _Up*, _Args&& ...) [with _Up = std::unique_ptr<Order>; _Args = {const std::unique_ptr<Order, std::default_delete<Order> >&}; _Tp = std::unique_ptr<Order>; allocator_type = std::allocator<std::unique_ptr<Order> >]':
/usr/include/c++/13/bits/stl_vector.h:1286:30:   required from 'constexpr void std::vector<_Tp, _Alloc>::push_back(const value_type&) [with _Tp = std::unique_ptr<Order>; _Alloc = std::allocator<std::unique_ptr<Order> >; value_type = std::unique_ptr<Order>]'
orders.cpp:17:26:   required from here
/usr/include/c++/13/bits/alloc_traits.h:540:28: error: no matching function for call to 'construct_at(std::unique_ptr<Order>*&, const std::unique_ptr<Order>&)'
  540 |           std::construct_at(__p, std::forward<_Args>(__args)...);
      |           ~~~~~~~~~~~~~~~~~^~~~~~~~~~~~~~~~~~~~~~~~~~~~~~~~~~~~~
In file included from /usr/include/c++/13/bits/stl_tempbuf.h:61,
                 from /usr/include/c++/13/memory:66:
/usr/include/c++/13/bits/stl_construct.h:94:5: note: candidate: 'template<class _Tp, class ... _Args> constexpr decltype (::new(void*(0)) _Tp) std::construct_at(_Tp*, _Args&& ...)'
   94 |     construct_at(_Tp* __location, _Args&&... __args)
      |     ^~~~~~~~~~~~
/usr/include/c++/13/bits/stl_construct.h:94:5: note:   template argument deduction/substitution failed:
/usr/include/c++/13/bits/stl_construct.h: In substitution of 'template<class _Tp, class ... _Args> constexpr decltype (::new(void*(0)) _Tp) std::construct_at(_Tp*, _Args&& ...) [with _Tp = std::unique_ptr<Order>; _Args = {const std::unique_ptr<Order, std::default_delete<Order> >&}]':
/usr/include/c++/13/bits/alloc_traits.h:540:21:   required from 'static constexpr void std::allocator_traits<std::allocator<_Up> >::construct(allocator_type&, _Up*, _Args&& ...) [with _Up = std::unique_ptr<Order>; _Args = {const std::unique_ptr<Order, std::default_delete<Order> >&}; _Tp = std::unique_ptr<Order>; allocator_type = std::allocator<std::unique_ptr<Order> >]'
/usr/include/c++/13/bits/stl_vector.h:1286:30:   required from 'constexpr void std::vector<_Tp, _Alloc>::push_back(const value_type&) [with _Tp = std::unique_ptr<Order>; _Alloc = std::allocator<std::unique_ptr<Order> >; value_type = std::unique_ptr<Order>]'
orders.cpp:17:26:   required from here
/usr/include/c++/13/bits/stl_construct.h:96:17: error: use of deleted function 'std::unique_ptr<_Tp, _Dp>::unique_ptr(const std::unique_ptr<_Tp, _Dp>&) [with _Tp = Order; _Dp = std::default_delete<Order>]'
   96 |     -> decltype(::new((void*)0) _Tp(std::declval<_Args>()...))
      |                 ^~~~~~~~~~~~~~~~~~~~~~~~~~~~~~~~~~~~~~~~~~~~~
In file included from /usr/include/c++/13/memory:78:
/usr/include/c++/13/bits/unique_ptr.h:522:7: note: declared here
  522 |       unique_ptr(const unique_ptr&) = delete;
      |       ^~~~~~~~~~
