$ clang++ -std=c++20 -Wall -Wextra -c sort_list.cpp -o sort_list.o
In file included from sort_list.cpp:2:
In file included from /usr/bin/../lib/gcc/x86_64-linux-gnu/13/../../../../include/c++/13/algorithm:61:
/usr/bin/../lib/gcc/x86_64-linux-gnu/13/../../../../include/c++/13/bits/stl_algo.h:1948:22: error: invalid operands to binary expression ('std::_List_iterator<int>' and 'std::_List_iterator<int>')
 1948 |                                 std::__lg(__last - __first) * 2,
      |                                           ~~~~~~ ^ ~~~~~~~
/usr/bin/../lib/gcc/x86_64-linux-gnu/13/../../../../include/c++/13/bits/stl_algo.h:4861:12: note: in instantiation of function template specialization 'std::__sort<std::_List_iterator<int>, __gnu_cxx::__ops::_Iter_less_iter>' requested here
 4861 |       std::__sort(__first, __last, __gnu_cxx::__ops::__iter_less_iter());
      |            ^
sort_list.cpp:9:10: note: in instantiation of function template specialization 'std::sort<std::_List_iterator<int>>' requested here
    9 |     std::sort(waiting.begin(), waiting.end());
      |          ^
/usr/bin/../lib/gcc/x86_64-linux-gnu/13/../../../../include/c++/13/bits/stl_iterator.h:625:5: note: candidate template ignored: could not match 'reverse_iterator' against '_List_iterator'
  625 |     operator-(const reverse_iterator<_IteratorL>& __x,
      |     ^
/usr/bin/../lib/gcc/x86_64-linux-gnu/13/../../../../include/c++/13/bits/stl_iterator.h:1800:5: note: candidate template ignored: could not match 'move_iterator' against '_List_iterator'
 1800 |     operator-(const move_iterator<_IteratorL>& __x,
      |     ^
In file included from sort_list.cpp:2:
In file included from /usr/bin/../lib/gcc/x86_64-linux-gnu/13/../../../../include/c++/13/algorithm:61:
/usr/bin/../lib/gcc/x86_64-linux-gnu/13/../../../../include/c++/13/bits/stl_algo.h:1857:18: error: invalid operands to binary expression ('std::_List_iterator<int>' and 'std::_List_iterator<int>')
 1857 |       if (__last - __first > int(_S_threshold))
      |           ~~~~~~ ^ ~~~~~~~
/usr/bin/../lib/gcc/x86_64-linux-gnu/13/../../../../include/c++/13/bits/stl_algo.h:1950:9: note: in instantiation of function template specialization 'std::__final_insertion_sort<std::_List_iterator<int>, __gnu_cxx::__ops::_Iter_less_iter>' requested here
 1950 |           std::__final_insertion_sort(__first, __last, __comp);
      |                ^
/usr/bin/../lib/gcc/x86_64-linux-gnu/13/../../../../include/c++/13/bits/stl_algo.h:4861:12: note: in instantiation of function template specialization 'std::__sort<std::_List_iterator<int>, __gnu_cxx::__ops::_Iter_less_iter>' requested here
 4861 |       std::__sort(__first, __last, __gnu_cxx::__ops::__iter_less_iter());
      |            ^
sort_list.cpp:9:10: note: in instantiation of function template specialization 'std::sort<std::_List_iterator<int>>' requested here
    9 |     std::sort(waiting.begin(), waiting.end());
      |          ^
/usr/bin/../lib/gcc/x86_64-linux-gnu/13/../../../../include/c++/13/bits/stl_iterator.h:625:5: note: candidate template ignored: could not match 'reverse_iterator' against '_List_iterator'
  625 |     operator-(const reverse_iterator<_IteratorL>& __x,
      |     ^
/usr/bin/../lib/gcc/x86_64-linux-gnu/13/../../../../include/c++/13/bits/stl_iterator.h:1800:5: note: candidate template ignored: could not match 'move_iterator' against '_List_iterator'
 1800 |     operator-(const move_iterator<_IteratorL>& __x,
      |     ^
2 errors generated.
