In file included from /usr/include/c++/13/algorithm:61,
                 from sort_list.cpp:2:
/usr/include/c++/13/bits/stl_algo.h: In instantiation of 'constexpr void std::__sort(_RandomAccessIterator, _RandomAccessIterator, _Compare) [with _RandomAccessIterator = _List_iterator<int>; _Compare = __gnu_cxx::__ops::_Iter_less_iter]':
/usr/include/c++/13/bits/stl_algo.h:4861:18:   required from 'constexpr void std::sort(_RAIter, _RAIter) [with _RAIter = _List_iterator<int>]'
sort_list.cpp:9:14:   required from here
/usr/include/c++/13/bits/stl_algo.h:1948:50: error: no match for 'operator-' (operand types are 'std::_List_iterator<int>' and 'std::_List_iterator<int>')
 1948 |                                 std::__lg(__last - __first) * 2,
      |                                           ~~~~~~~^~~~~~~~~
In file included from /usr/include/c++/13/bits/stl_algobase.h:67,
                 from /usr/include/c++/13/algorithm:60:
/usr/include/c++/13/bits/stl_iterator.h:625:5: note: candidate: 'template<class _IteratorL, class _IteratorR> constexpr decltype ((__y.base() - __x.base())) std::operator-(const reverse_iterator<_IteratorL>&, const reverse_iterator<_IteratorR>&)'
  625 |     operator-(const reverse_iterator<_IteratorL>& __x,
      |     ^~~~~~~~
/usr/include/c++/13/bits/stl_iterator.h:625:5: note:   template argument deduction/substitution failed:
/usr/include/c++/13/bits/stl_algo.h:1948:50: note:   'std::_List_iterator<int>' is not derived from 'const std::reverse_iterator<_IteratorL>'
 1948 |                                 std::__lg(__last - __first) * 2,
      |                                           ~~~~~~~^~~~~~~~~
/usr/include/c++/13/bits/stl_iterator.h:1800:5: note: candidate: 'template<class _IteratorL, class _IteratorR> constexpr decltype ((__x.base() - __y.base())) std::operator-(const move_iterator<_IteratorL>&, const move_iterator<_IteratorR>&)'
 1800 |     operator-(const move_iterator<_IteratorL>& __x,
      |     ^~~~~~~~
/usr/include/c++/13/bits/stl_iterator.h:1800:5: note:   template argument deduction/substitution failed:
/usr/include/c++/13/bits/stl_algo.h:1948:50: note:   'std::_List_iterator<int>' is not derived from 'const std::move_iterator<_IteratorL>'
 1948 |                                 std::__lg(__last - __first) * 2,
      |                                           ~~~~~~~^~~~~~~~~
