day hh:mm  type  channel dimm rank bank  row     col    bit  syndrome
  1 05:14  CE          1    0    0    3  0x1a2b  0x3b4    17  0x4b
  2 04:59  CE          0    1    1    5  0xbf66  0x257    41  0xa8
  2 05:06  CE          1    0    0    3  0x1a2b  0x3af    17  0x4b
  3 13:56  CE          1    0    0    3  0x1a2b  0x11c    17  0x4b
  3 21:48  CE          1    0    0    3  0x1a2b  0x03a    17  0x4b
  4 05:26  CE          1    0    0    3  0x1a2b  0x2ff    17  0x4b
  4 05:29  CE          1    0    0    3  0x1a2b  0x3d8    17  0x4b
  4 22:18  CE          1    0    0    3  0x1a2b  0x0fa    17  0x4b
  5 00:58  CE          1    0    0    3  0x1a2b  0x344    17  0x4b
  5 02:17  CE          1    0    0    3  0x1a2b  0x3ad    17  0x4b
  5 06:40  CE          1    0    0    3  0x1a2b  0x28e    17  0x4b
  5 12:38  CE          1    0    0    3  0x1a2b  0x06c    17  0x4b
  5 18:43  CE          0    1    1    2  0x3e1d  0x3fd    39  0x07
  5 20:46  CE          1    0    0    3  0x1a2b  0x0bd    17  0x4b
  6 02:50  CE          1    0    0    3  0x1a2b  0x2e5    17  0x4b
  6 04:52  CE          1    0    0    3  0x1a2b  0x231    17  0x4b
  6 07:08  CE          1    0    0    3  0x1a2b  0x2ec    17  0x4b
  6 10:10  CE          1    0    0    3  0x1a2b  0x0e9    17  0x4b
  6 10:56  CE          1    0    0    3  0x1a2b  0x0f4    17  0x4b
  6 16:13  CE          1    0    0    3  0x1a2b  0x20f    17  0x4b
  6 16:25  CE          1    0    0    3  0x1a2b  0x370    17  0x4b
  6 18:20  CE          1    0    0    3  0x1a2b  0x074    17  0x4b
  7 01:35  CE          1    0    0    3  0x1a2b  0x3d6    17  0x4b
  7 04:16  CE          1    0    0    3  0x1a2b  0x262    17  0x4b
  7 05:18  CE          1    0    0    3  0x1a2b  0x11f    17  0x4b
  7 07:18  CE          1    0    0    3  0x1a2b  0x182    17  0x4b
  7 08:10  CE          1    0    0    3  0x1a2b  0x13e    17  0x4b
  7 08:46  CE          1    0    0    3  0x1a2b  0x06b    17  0x4b
  7 10:03  CE          1    0    0    3  0x1a2b  0x3ed    17  0x4b
  7 19:20  CE          1    0    0    3  0x1a2b  0x27b    17  0x4b
  7 19:39  CE          1    0    0    3  0x1a2b  0x3f8    17  0x4b
  7 19:44  CE          1    0    0    3  0x1a2b  0x315    17  0x4b
  7 21:04  CE          1    0    0    3  0x1a2b  0x05f    17  0x4b
  7 22:13  CE          1    0    0    3  0x1a2b  0x03e    17  0x4b
  7 22:57  CE          1    0    0    3  0x1a2b  0x277    17  0x4b
  7 23:58  UE          1    0    0    3  0x1a2b  0x0c4  17,40  0x91  -> machine check, system reset
end of log
