nsh-model> tilt_guard status
tilt_guard: not running
nsh-model> tilt_guard start
tilt_guard: started
nsh-model> tilt_guard start
tilt_guard: already running
nsh-model> sim run 3.0
simulated time now 3.000 s
nsh-model> tilt_guard status
tilt_guard: running, 300 cycles, 0 without new data, peak tilt 25.9 deg, threshold 30.0 deg, 0 exceed events
nsh-model> listener tilt_status
tilt_status: timestamp 3000000 us, tilt 10.10 deg, max 30.0 deg, exceeded no, count 0
nsh-model> param show TG_MAX_TILT
TG_MAX_TILT = 30.0
nsh-model> param set TG_MAX_TILT 20
ok
nsh-model> sim run 2.0
simulated time now 5.000 s
nsh-model> tilt_guard status
tilt_guard: running, 500 cycles, 0 without new data, peak tilt 25.9 deg, threshold 20.0 deg, 2 exceed events
nsh-model> listener tilt_status
tilt_status: timestamp 5000000 us, tilt 10.10 deg, max 20.0 deg, exceeded no, count 2
nsh-model> uorb status
topic                    inst  published
vehicle_attitude_model      0       1250
tilt_status                 0        500
parameter_update_model      0          1
nsh-model> tilt_guard stop
tilt_guard: stopped
nsh-model> sim run 1.0
simulated time now 6.000 s
nsh-model> tilt_guard status
tilt_guard: not running
nsh-model> uorb status
topic                    inst  published
vehicle_attitude_model      0       1500
tilt_status                 0        500
parameter_update_model      0          1
