address of a global:  0x55cd669e8010
address of a local:   0x7ffefb4d225c
address of code:      0x55cd669e5289
55cd669e3000-55cd669e5000 r--p 00000000 fe:00 697640                     show_maps
55cd669e5000-55cd669e6000 r-xp 00002000 fe:00 697640                     show_maps
55cd669e6000-55cd669e7000 r--p 00003000 fe:00 697640                     show_maps
55cd669e7000-55cd669e8000 r--p 00003000 fe:00 697640                     show_maps
55cd669e8000-55cd669e9000 rw-p 00004000 fe:00 697640                     show_maps
55cd73a50000-55cd73a71000 rw-p 00000000 00:00 0                          [heap]
7f2647000000-7f2647028000 r--p 00000000 fe:00 211544                     /usr/lib/x86_64-linux-gnu/libc.so.6
7f2647028000-7f26471b1000 r-xp 00028000 fe:00 211544                     /usr/lib/x86_64-linux-gnu/libc.so.6
7f26471b1000-7f2647200000 r--p 001b1000 fe:00 211544                     /usr/lib/x86_64-linux-gnu/libc.so.6
7f2647200000-7f2647204000 r--p 001ff000 fe:00 211544                     /usr/lib/x86_64-linux-gnu/libc.so.6
7f2647204000-7f2647206000 rw-p 00203000 fe:00 211544                     /usr/lib/x86_64-linux-gnu/libc.so.6
7f2647206000-7f2647213000 rw-p 00000000 00:00 0 
7f2647317000-7f2647327000 r--p 00000000 fe:00 211585                     /usr/lib/x86_64-linux-gnu/libm.so.6
7f2647327000-7f26473a6000 r-xp 00010000 fe:00 211585                     /usr/lib/x86_64-linux-gnu/libm.so.6
7f26473a6000-7f26473fe000 r--p 0008f000 fe:00 211585                     /usr/lib/x86_64-linux-gnu/libm.so.6
7f26473fe000-7f26473ff000 r--p 000e7000 fe:00 211585                     /usr/lib/x86_64-linux-gnu/libm.so.6
7f26473ff000-7f2647400000 rw-p 000e8000 fe:00 211585                     /usr/lib/x86_64-linux-gnu/libm.so.6
7f2647400000-7f264749d000 r--p 00000000 fe:00 211635                     /usr/lib/x86_64-linux-gnu/libstdc++.so.6.0.33
7f264749d000-7f26475e5000 r-xp 0009d000 fe:00 211635                     /usr/lib/x86_64-linux-gnu/libstdc++.so.6.0.33
7f26475e5000-7f264766c000 r--p 001e5000 fe:00 211635                     /usr/lib/x86_64-linux-gnu/libstdc++.so.6.0.33
7f264766c000-7f2647677000 r--p 0026b000 fe:00 211635                     /usr/lib/x86_64-linux-gnu/libstdc++.so.6.0.33
7f2647677000-7f264767a000 rw-p 00276000 fe:00 211635                     /usr/lib/x86_64-linux-gnu/libstdc++.so.6.0.33
7f264767a000-7f264767e000 rw-p 00000000 00:00 0 
7f26476f6000-7f26476fb000 rw-p 00000000 00:00 0 
7f26476fb000-7f26476ff000 r--p 00000000 fe:00 211568                     /usr/lib/x86_64-linux-gnu/libgcc_s.so.1
7f26476ff000-7f2647723000 r-xp 00004000 fe:00 211568                     /usr/lib/x86_64-linux-gnu/libgcc_s.so.1
7f2647723000-7f2647727000 r--p 00028000 fe:00 211568                     /usr/lib/x86_64-linux-gnu/libgcc_s.so.1
7f2647727000-7f2647728000 r--p 0002b000 fe:00 211568                     /usr/lib/x86_64-linux-gnu/libgcc_s.so.1
7f2647728000-7f2647729000 rw-p 0002c000 fe:00 211568                     /usr/lib/x86_64-linux-gnu/libgcc_s.so.1
7f2647738000-7f264773a000 rw-p 00000000 00:00 0 
7f264773a000-7f264773e000 r--p 00000000 00:00 0                          [vvar]
7f264773e000-7f2647740000 r--p 00000000 00:00 0                          [vvar_vclock]
7f2647740000-7f2647742000 r-xp 00000000 00:00 0                          [vdso]
7f2647742000-7f2647743000 r--p 00000000 fe:00 211524                     /usr/lib/x86_64-linux-gnu/ld-linux-x86-64.so.2
7f2647743000-7f264776e000 r-xp 00001000 fe:00 211524                     /usr/lib/x86_64-linux-gnu/ld-linux-x86-64.so.2
7f264776e000-7f2647778000 r--p 0002c000 fe:00 211524                     /usr/lib/x86_64-linux-gnu/ld-linux-x86-64.so.2
7f2647778000-7f264777a000 r--p 00036000 fe:00 211524                     /usr/lib/x86_64-linux-gnu/ld-linux-x86-64.so.2
7f264777a000-7f264777c000 rw-p 00038000 fe:00 211524                     /usr/lib/x86_64-linux-gnu/ld-linux-x86-64.so.2
7ffefb4b3000-7ffefb4d6000 rw-p 00000000 00:00 0                          [stack]
ffffffffff600000-ffffffffff601000 --xp 00000000 00:00 0                  [vsyscall]
