map 0x1000 -> 0x80200000 RXU
map 0x2000 -> 0x80201000 RWU
map 0x3fc0001000 -> 0x80400000 RW
translate 0x1234 (x, user mode)
  VPN[2]=0 VPN[1]=0 VPN[0]=1 offset=0x234
  level 2: table at page 0x80001, entry 0 -> next table at page 0x80010
  level 1: table at page 0x80010, entry 0 -> next table at page 0x80011
  level 0: table at page 0x80011, entry 1 -> page 0x80200 flags R-XU
  physical address 0x80200234
translate 0x2abc (w, user mode)
  VPN[2]=0 VPN[1]=0 VPN[0]=2 offset=0xabc
  level 2: table at page 0x80001, entry 0 -> next table at page 0x80010
  level 1: table at page 0x80010, entry 0 -> next table at page 0x80011
  level 0: table at page 0x80011, entry 2 -> page 0x80201 flags RW-U
  physical address 0x80201abc
translate 0x1234 (w, user mode)
  VPN[2]=0 VPN[1]=0 VPN[0]=1 offset=0x234
  level 2: table at page 0x80001, entry 0 -> next table at page 0x80010
  level 1: table at page 0x80010, entry 0 -> next table at page 0x80011
  level 0: table at page 0x80011, entry 1 -> page 0x80200 flags R-XU
  access not allowed => PAGE FAULT
translate 0x5000 (r, user mode)
  VPN[2]=0 VPN[1]=0 VPN[0]=5 offset=0x0
  level 2: table at page 0x80001, entry 0 -> next table at page 0x80010
  level 1: table at page 0x80010, entry 0 -> next table at page 0x80011
  level 0: table at page 0x80011, entry 5 -> not valid => PAGE FAULT
translate 0x3fc0001010 (r, user mode)
  VPN[2]=255 VPN[1]=0 VPN[0]=1 offset=0x10
  level 2: table at page 0x80001, entry 255 -> next table at page 0x80012
  level 1: table at page 0x80012, entry 0 -> next table at page 0x80013
  level 0: table at page 0x80013, entry 1 -> page 0x80400 flags RW--
  user may not touch a kernel page => PAGE FAULT
translate 0x3fc0001010 (r, kernel mode)
  VPN[2]=255 VPN[1]=0 VPN[0]=1 offset=0x10
  level 2: table at page 0x80001, entry 255 -> next table at page 0x80012
  level 1: table at page 0x80012, entry 0 -> next table at page 0x80013
  level 0: table at page 0x80013, entry 1 -> page 0x80400 flags RW--
  physical address 0x80400010
page-table pages in use: 5
