=================================================================
==21960==ERROR: AddressSanitizer: heap-buffer-overflow on address 0x502000000020 at pc 0x55b29208d8a6 bp 0x7ffda7d88d10 sp 0x7ffda7d88d00
READ of size 4 at 0x502000000020 thread T0
    #0 0x55b29208d8a5 in main off_by_one.cpp:11
    #1 0x7f6b7ca2a1c9 in __libc_start_call_main ../sysdeps/nptl/libc_start_call_main.h:58
    #2 0x7f6b7ca2a28a in __libc_start_main_impl ../csu/libc-start.c:360
    #3 0x55b29208d444 in _start (.bin_off_by_one+0x6444) (BuildId: 901848a724ab9fb70708c288c9f4a2dfdcba671a)

0x502000000020 is located 0 bytes after 16-byte region [0x502000000010,0x502000000020)
allocated by thread T0 here:
    #0 0x7f6b7dafe548 in operator new(unsigned long) ../../../../src/libsanitizer/asan/asan_new_delete.cpp:95
    #1 0x55b29208f774 in std::__new_allocator<int>::allocate(unsigned long, void const*) /usr/include/c++/13/bits/new_allocator.h:151
    #2 0x55b29208f475 in std::allocator<int>::allocate(unsigned long) /usr/include/c++/13/bits/allocator.h:198
    #3 0x55b29208f475 in std::allocator_traits<std::allocator<int> >::allocate(std::allocator<int>&, unsigned long) /usr/include/c++/13/bits/alloc_traits.h:482
    #4 0x55b29208f475 in std::_Vector_base<int, std::allocator<int> >::_M_allocate(unsigned long) /usr/include/c++/13/bits/stl_vector.h:381
    #5 0x55b29208e9cc in void std::vector<int, std::allocator<int> >::_M_range_initialize<int const*>(int const*, int const*, std::forward_iterator_tag) /usr/include/c++/13/bits/stl_vector.h:1692
    #6 0x55b29208e1bb in std::vector<int, std::allocator<int> >::vector(std::initializer_list<int>, std::allocator<int> const&) /usr/include/c++/13/bits/stl_vector.h:682
    #7 0x55b29208d7ef in main off_by_one.cpp:8
    #8 0x7f6b7ca2a1c9 in __libc_start_call_main ../sysdeps/nptl/libc_start_call_main.h:58
    #9 0x7f6b7ca2a28a in __libc_start_main_impl ../csu/libc-start.c:360
    #10 0x55b29208d444 in _start (.bin_off_by_one+0x6444) (BuildId: 901848a724ab9fb70708c288c9f4a2dfdcba671a)

SUMMARY: AddressSanitizer: heap-buffer-overflow off_by_one.cpp:11 in main
Shadow bytes around the buggy address:
  0x501ffffffd80: 00 00 00 00 00 00 00 00 00 00 00 00 00 00 00 00
  0x501ffffffe00: 00 00 00 00 00 00 00 00 00 00 00 00 00 00 00 00
  0x501ffffffe80: 00 00 00 00 00 00 00 00 00 00 00 00 00 00 00 00
  0x501fffffff00: 00 00 00 00 00 00 00 00 00 00 00 00 00 00 00 00
  0x501fffffff80: 00 00 00 00 00 00 00 00 00 00 00 00 00 00 00 00
=>0x502000000000: fa fa 00 00[fa]fa fa fa fa fa fa fa fa fa fa fa
  0x502000000080: fa fa fa fa fa fa fa fa fa fa fa fa fa fa fa fa
  0x502000000100: fa fa fa fa fa fa fa fa fa fa fa fa fa fa fa fa
  0x502000000180: fa fa fa fa fa fa fa fa fa fa fa fa fa fa fa fa
  0x502000000200: fa fa fa fa fa fa fa fa fa fa fa fa fa fa fa fa
  0x502000000280: fa fa fa fa fa fa fa fa fa fa fa fa fa fa fa fa
Shadow byte legend (one shadow byte represents 8 application bytes):
  Addressable:           00
  Partially addressable: 01 02 03 04 05 06 07 
  Heap left redzone:       fa
  Freed heap region:       fd
  Stack left redzone:      f1
  Stack mid redzone:       f2
  Stack right redzone:     f3
  Stack after return:      f5
  Stack use after scope:   f8
  Global redzone:          f9
  Global init order:       f6
  Poisoned by user:        f7
  Container overflow:      fc
  Array cookie:            ac
  Intra object redzone:    bb
  ASan internal:           fe
  Left alloca redzone:     ca
  Right alloca redzone:    cb
==21960==ABORTING
