stack_overrun.cpp:10:16: runtime error: index 4 out of bounds for type 'int [4]'
stack_overrun.cpp:10:18: runtime error: store to address 0x7f74e2700030 with insufficient space for an object of type 'int'
0x7f74e2700030: note: pointer points here
 01 00 00 00  00 00 00 00 00 00 00 00  00 80 6f e2 74 7f 00 00  00 00 00 00 00 00 00 00  00 00 00 00
              ^ 
=================================================================
==21977==ERROR: AddressSanitizer: stack-buffer-overflow on address 0x7f74e2700030 at pc 0x5613342026ec bp 0x7fff232c1ff0 sp 0x7fff232c1fe0
WRITE of size 4 at 0x7f74e2700030 thread T0
    #0 0x5613342026eb in main stack_overrun.cpp:10
    #1 0x7f74e482a1c9 in __libc_start_call_main ../sysdeps/nptl/libc_start_call_main.h:58
    #2 0x7f74e482a28a in __libc_start_main_impl ../csu/libc-start.c:360
    #3 0x5613342022a4 in _start (.bin_stack_overrun+0x22a4) (BuildId: d522d2dbd53bdd99e6e8c073380798478ffabe29)

Address 0x7f74e2700030 is located in stack of thread T0 at offset 48 in frame
    #0 0x561334202378 in main stack_overrun.cpp:5

  This frame has 1 object(s):
    [32, 48) 'seats' (line 7) <== Memory access at offset 48 overflows this variable
HINT: this may be a false positive if your program uses some custom stack unwind mechanism, swapcontext or vfork
      (longjmp and C++ exceptions *are* supported)
SUMMARY: AddressSanitizer: stack-buffer-overflow stack_overrun.cpp:10 in main
Shadow bytes around the buggy address:
  0x7f74e26ffd80: 00 00 00 00 00 00 00 00 00 00 00 00 00 00 00 00
  0x7f74e26ffe00: 00 00 00 00 00 00 00 00 00 00 00 00 00 00 00 00
  0x7f74e26ffe80: 00 00 00 00 00 00 00 00 00 00 00 00 00 00 00 00
  0x7f74e26fff00: 00 00 00 00 00 00 00 00 00 00 00 00 00 00 00 00
  0x7f74e26fff80: 00 00 00 00 00 00 00 00 00 00 00 00 00 00 00 00
=>0x7f74e2700000: f1 f1 f1 f1 00 00[f3]f3 00 00 00 00 00 00 00 00
  0x7f74e2700080: 00 00 00 00 00 00 00 00 00 00 00 00 00 00 00 00
  0x7f74e2700100: 00 00 00 00 00 00 00 00 00 00 00 00 00 00 00 00
  0x7f74e2700180: 00 00 00 00 00 00 00 00 00 00 00 00 00 00 00 00
  0x7f74e2700200: 00 00 00 00 00 00 00 00 00 00 00 00 00 00 00 00
  0x7f74e2700280: 00 00 00 00 00 00 00 00 00 00 00 00 00 00 00 00
Shadow byte legend (one shadow byte represents 8 application bytes):
  Addressable:           00
  Partially addressable: 01 02 03 04 05 06 07 
  Heap left redzone:       fa
  Freed heap region:       fd
  Stack left redzone:      f1
  Stack mid redzone:       f2
  Stack right redzone:     f3
  Stack after return:      f5
  Stack use after scope:   f8
  Global redzone:          f9
  Global init order:       f6
  Poisoned by user:        f7
  Container overflow:      fc
  Array cookie:            ac
  Intra object redzone:    bb
  ASan internal:           fe
  Left alloca redzone:     ca
  Right alloca redzone:    cb
==21977==ABORTING
