  t(s) | true roll pitch | accel roll pitch | gyro roll pitch   (degrees)
  1.00 |   0.00   0.00 |   -0.70  -0.50 |   0.25  -0.31
  2.00 |   0.00  -0.00 |   -3.57  -0.11 |   0.49  -0.64
  3.00 |  19.91  -0.00 |    3.07  -0.17 |  20.64  -1.00
  4.00 | -19.82  -0.00 |    0.01   2.00 | -18.86  -1.30
  5.00 |  -0.09  -0.00 |   -0.64   1.24 |   1.11  -1.60
  6.00 |  -0.00   0.00 |    1.36  -1.47 |   1.43  -1.93
  7.00 |  -0.00  11.95 |    2.38   0.17 |   1.67   9.67
  8.00 |  -0.00  12.00 |   -0.60   2.44 |   1.91   9.36
  9.00 |  -0.00  12.00 |   -1.84   4.84 |   2.17   9.00
 10.00 |  -0.00 -11.89 |    1.29   2.20 |   2.43 -15.23
 11.00 |  -0.00 -12.00 |    1.92   0.66 |   2.59 -15.70
 12.00 |  -0.00  -0.05 |   -0.47  -2.13 |   2.69  -4.11
 13.00 |  -0.00  -0.00 |   -0.42  -2.20 |   2.91  -4.42
 14.00 |  -0.00  -0.00 |   -0.33   1.21 |   0.14  -5.71
 15.00 |  -0.00  -0.00 |   -2.00   1.08 |  -3.89  -4.54
 16.00 |   0.00  -0.00 |   -1.06  -2.75 |  -4.56  -3.98
 17.00 |   0.00   0.00 |   -0.07  -1.07 |  -4.35  -4.28
 18.00 |  14.94   9.95 |    1.15  -0.96 |  10.69   5.39
 19.00 |  15.00  10.00 |    4.64   4.09 |  10.96   5.07
 20.00 |   0.07   0.04 |    3.53   4.51 |  -3.62  -5.33
 21.00 |   0.00   0.00 |   -0.23   4.12 |  -3.47  -5.75
 22.00 |   0.00   0.00 |    1.62   1.44 |  -3.25  -6.06
 23.00 |   0.00   0.00 |    2.25   2.35 |  -3.05  -6.40
 24.00 |   0.00   0.00 |    1.54   0.37 |  -2.84  -6.73
 25.00 |  -0.00  -0.00 |    3.53  -0.82 |  -2.62  -7.05

RMS tilt error (degrees) per part of the flight:
  part                  accel     gyro
  hover                  2.20     0.47
  roll doublet          12.20     1.68
  accelerate, brake      9.37     3.96
  yaw turn               2.08     5.87
  diagonal accel        10.98     6.38
  hover again            3.16     7.10
