==================
WARNING: ThreadSanitizer: data race (pid=23044)
  Write of size 8 at 0x557daeec2158 by thread T2:
    #0 sell(int) lost_update.cc:10 (lost_update_tsan+0x13d2)
    #1 void std::__invoke_impl<void, void (*)(int), int>(std::__invoke_other, void (*&&)(int), int&&) /usr/include/c++/13/bits/invoke.h:61 (lost_update_tsan+0x159d)
    #2 std::__invoke_result<void (*)(int), int>::type std::__invoke<void (*)(int), int>(void (*&&)(int), int&&) /usr/include/c++/13/bits/invoke.h:96 (lost_update_tsan+0x159d)
    #3 void std::thread::_Invoker<std::tuple<void (*)(int), int> >::_M_invoke<0ul, 1ul>(std::_Index_tuple<0ul, 1ul>) /usr/include/c++/13/bits/std_thread.h:292 (lost_update_tsan+0x159d)
    #4 std::thread::_Invoker<std::tuple<void (*)(int), int> >::operator()() /usr/include/c++/13/bits/std_thread.h:299 (lost_update_tsan+0x159d)
    #5 std::thread::_State_impl<std::thread::_Invoker<std::tuple<void (*)(int), int> > >::_M_run() /usr/include/c++/13/bits/std_thread.h:244 (lost_update_tsan+0x159d)
    #6 <null> <null> (libstdc++.so.6+0xecdb3)

  Previous read of size 8 at 0x557daeec2158 by thread T1:
    #0 sell(int) lost_update.cc:10 (lost_update_tsan+0x13a9)
    #1 void std::__invoke_impl<void, void (*)(int), int>(std::__invoke_other, void (*&&)(int), int&&) /usr/include/c++/13/bits/invoke.h:61 (lost_update_tsan+0x159d)
    #2 std::__invoke_result<void (*)(int), int>::type std::__invoke<void (*)(int), int>(void (*&&)(int), int&&) /usr/include/c++/13/bits/invoke.h:96 (lost_update_tsan+0x159d)
    #3 void std::thread::_Invoker<std::tuple<void (*)(int), int> >::_M_invoke<0ul, 1ul>(std::_Index_tuple<0ul, 1ul>) /usr/include/c++/13/bits/std_thread.h:292 (lost_update_tsan+0x159d)
    #4 std::thread::_Invoker<std::tuple<void (*)(int), int> >::operator()() /usr/include/c++/13/bits/std_thread.h:299 (lost_update_tsan+0x159d)
    #5 std::thread::_State_impl<std::thread::_Invoker<std::tuple<void (*)(int), int> > >::_M_run() /usr/include/c++/13/bits/std_thread.h:244 (lost_update_tsan+0x159d)
    #6 <null> <null> (libstdc++.so.6+0xecdb3)

  Location is global 'sold' of size 8 at 0x557daeec2158 (lost_update_tsan+0x4158)

  Thread T2 (tid=23051, running) created by main thread at:
    #0 pthread_create ../../../../src/libsanitizer/tsan/tsan_interceptors_posix.cpp:1022 (libtsan.so.2+0x5ac1a)
    #1 std::thread::_M_start_thread(std::unique_ptr<std::thread::_State, std::default_delete<std::thread::_State> >, void (*)()) <null> (libstdc++.so.6+0xeceb0)
    #2 main lost_update.cc:18 (lost_update_tsan+0x143f)

  Thread T1 (tid=23049, running) created by main thread at:
    #0 pthread_create ../../../../src/libsanitizer/tsan/tsan_interceptors_posix.cpp:1022 (libtsan.so.2+0x5ac1a)
    #1 std::thread::_M_start_thread(std::unique_ptr<std::thread::_State, std::default_delete<std::thread::_State> >, void (*)()) <null> (libstdc++.so.6+0xeceb0)
    #2 main lost_update.cc:17 (lost_update_tsan+0x1421)

SUMMARY: ThreadSanitizer: data race lost_update.cc:10 in sell(int)
==================
sold = 1000000 (expected 2000000)
ThreadSanitizer: reported 1 warnings
