==================
WARNING: ThreadSanitizer: data race (pid=23522)
  Read of size 8 at 0x7ffcc1ff3890 by thread T2:
    #0 KitchenStats::recordOrder(long) stats.cc:16 (stats_tsan+0x258d)
    #1 operator() stats.cc:39 (stats_tsan+0x258d)
    #2 __invoke_impl<void, main()::<lambda()> > /usr/include/c++/13/bits/invoke.h:61 (stats_tsan+0x258d)
    #3 __invoke<main()::<lambda()> > /usr/include/c++/13/bits/invoke.h:96 (stats_tsan+0x258d)
    #4 _M_invoke<0> /usr/include/c++/13/bits/std_thread.h:292 (stats_tsan+0x258d)
    #5 operator() /usr/include/c++/13/bits/std_thread.h:299 (stats_tsan+0x258d)
    #6 _M_run /usr/include/c++/13/bits/std_thread.h:244 (stats_tsan+0x258d)
    #7 <null> <null> (libstdc++.so.6+0xecdb3)

  Previous write of size 8 at 0x7ffcc1ff3890 by thread T1:
    #0 KitchenStats::recordOrder(long) stats.cc:16 (stats_tsan+0x25a0)
    #1 operator() stats.cc:39 (stats_tsan+0x25a0)
    #2 __invoke_impl<void, main()::<lambda()> > /usr/include/c++/13/bits/invoke.h:61 (stats_tsan+0x25a0)
    #3 __invoke<main()::<lambda()> > /usr/include/c++/13/bits/invoke.h:96 (stats_tsan+0x25a0)
    #4 _M_invoke<0> /usr/include/c++/13/bits/std_thread.h:292 (stats_tsan+0x25a0)
    #5 operator() /usr/include/c++/13/bits/std_thread.h:299 (stats_tsan+0x25a0)
    #6 _M_run /usr/include/c++/13/bits/std_thread.h:244 (stats_tsan+0x25a0)
    #7 <null> <null> (libstdc++.so.6+0xecdb3)

  Location is stack of main thread.

  Location is global '<null>' at 0x000000000000 ([stack]+0x1e890)

  Thread T2 (tid=23526, running) created by main thread at:
    #0 pthread_create ../../../../src/libsanitizer/tsan/tsan_interceptors_posix.cpp:1022 (libtsan.so.2+0x5ac1a)
    #1 std::thread::_M_start_thread(std::unique_ptr<std::thread::_State, std::default_delete<std::thread::_State> >, void (*)()) <null> (libstdc++.so.6+0xeceb0)
    #2 __libc_start_call_main ../sysdeps/nptl/libc_start_call_main.h:58 (libc.so.6+0x2a1c9)

  Thread T1 (tid=23525, running) created by main thread at:
    #0 pthread_create ../../../../src/libsanitizer/tsan/tsan_interceptors_posix.cpp:1022 (libtsan.so.2+0x5ac1a)
    #1 std::thread::_M_start_thread(std::unique_ptr<std::thread::_State, std::default_delete<std::thread::_State> >, void (*)()) <null> (libstdc++.so.6+0xeceb0)
    #2 __libc_start_call_main ../sysdeps/nptl/libc_start_call_main.h:58 (libc.so.6+0x2a1c9)

SUMMARY: ThreadSanitizer: data race stats.cc:16 in KitchenStats::recordOrder(long)
==================
==================
WARNING: ThreadSanitizer: data race (pid=23522)
  Write of size 8 at 0x7ffcc1ff3890 by thread T2:
    #0 KitchenStats::recordOrder(long) stats.cc:16 (stats_tsan+0x25a0)
    #1 operator() stats.cc:39 (stats_tsan+0x25a0)
    #2 __invoke_impl<void, main()::<lambda()> > /usr/include/c++/13/bits/invoke.h:61 (stats_tsan+0x25a0)
    #3 __invoke<main()::<lambda()> > /usr/include/c++/13/bits/invoke.h:96 (stats_tsan+0x25a0)
    #4 _M_invoke<0> /usr/include/c++/13/bits/std_thread.h:292 (stats_tsan+0x25a0)
    #5 operator() /usr/include/c++/13/bits/std_thread.h:299 (stats_tsan+0x25a0)
    #6 _M_run /usr/include/c++/13/bits/std_thread.h:244 (stats_tsan+0x25a0)
    #7 <null> <null> (libstdc++.so.6+0xecdb3)

  Previous write of size 8 at 0x7ffcc1ff3890 by thread T4:
    #0 KitchenStats::recordOrder(long) stats.cc:16 (stats_tsan+0x25a0)
    #1 operator() stats.cc:39 (stats_tsan+0x25a0)
    #2 __invoke_impl<void, main()::<lambda()> > /usr/include/c++/13/bits/invoke.h:61 (stats_tsan+0x25a0)
    #3 __invoke<main()::<lambda()> > /usr/include/c++/13/bits/invoke.h:96 (stats_tsan+0x25a0)
    #4 _M_invoke<0> /usr/include/c++/13/bits/std_thread.h:292 (stats_tsan+0x25a0)
    #5 operator() /usr/include/c++/13/bits/std_thread.h:299 (stats_tsan+0x25a0)
    #6 _M_run /usr/include/c++/13/bits/std_thread.h:244 (stats_tsan+0x25a0)
    #7 <null> <null> (libstdc++.so.6+0xecdb3)

  Location is stack of main thread.

  Location is global '<null>' at 0x000000000000 ([stack]+0x1e890)

  Thread T2 (tid=23526, running) created by main thread at:
    #0 pthread_create ../../../../src/libsanitizer/tsan/tsan_interceptors_posix.cpp:1022 (libtsan.so.2+0x5ac1a)
    #1 std::thread::_M_start_thread(std::unique_ptr<std::thread::_State, std::default_delete<std::thread::_State> >, void (*)()) <null> (libstdc++.so.6+0xeceb0)
    #2 __libc_start_call_main ../sysdeps/nptl/libc_start_call_main.h:58 (libc.so.6+0x2a1c9)

  Thread T4 (tid=23528, running) created by main thread at:
    #0 pthread_create ../../../../src/libsanitizer/tsan/tsan_interceptors_posix.cpp:1022 (libtsan.so.2+0x5ac1a)
    #1 std::thread::_M_start_thread(std::unique_ptr<std::thread::_State, std::default_delete<std::thread::_State> >, void (*)()) <null> (libstdc++.so.6+0xeceb0)
    #2 __libc_start_call_main ../sysdeps/nptl/libc_start_call_main.h:58 (libc.so.6+0x2a1c9)

SUMMARY: ThreadSanitizer: data race stats.cc:16 in KitchenStats::recordOrder(long)
==================
orders = 400000, revenue = 532555.0
expected: orders = 400000, revenue = 1000000.0
ThreadSanitizer: reported 2 warnings
