model: Teaching cluster, version 1
elements: 2 external, 6 process, 4 store; flows: 14; zones: admins compute control login mgmt registry storage users
flows crossing a trust boundary:
  Researcher -> Login node : ssh session, job scripts [users|login]
  Login node -> Scheduler : job submission     [login|control]
  Scheduler -> Compute node job : job launch, user identity [control|compute]
  Compute node job -> Shared scratch : results [compute|storage]
  Shared scratch -> Compute node job : datasets [storage|compute]
  Home directories -> Login node : files       [storage|login]
  Container registry -> Compute node job : container images [registry|compute]
  Compute node job -> Monitoring : metrics     [compute|mgmt]
  Administrator -> Node BMC : console, power control [admins|mgmt]
  Administrator -> Scheduler : admin commands  [admins|control]
  Scheduler -> Audit log : decisions           [control|mgmt]
threats (STRIDE per element), boundary first:
  T01 S external Researcher                                   open
  T02 R external Researcher                                   open
  T03 S external Administrator                                open
  T04 R external Administrator                                open
  T05 S process  Login node                                   open
  T06 T process  Login node                                   open
  T07 R process  Login node                                   open
  T08 I process  Login node                                   open
  T09 D process  Login node                                   open
  T10 E process  Login node                                   open
  T11 S process  Scheduler                                    open
  T12 T process  Scheduler                                    open
  T13 R process  Scheduler                                    open
  T14 I process  Scheduler                                    open
  T15 D process  Scheduler                                    open
  T16 E process  Scheduler                                    open
  T17 S process  Compute node job                             open
  T18 T process  Compute node job                             open
  T19 R process  Compute node job                             open
  T20 I process  Compute node job                             open
  T21 D process  Compute node job                             open
  T22 E process  Compute node job                             open
  T23 T store    Shared scratch                               open
  T24 I store    Shared scratch                               open
  T25 D store    Shared scratch                               open
  T26 T store    Home directories                             open
  T27 I store    Home directories                             open
  T28 D store    Home directories                             open
  T29 S process  Container registry                           open
  T30 T process  Container registry                           open
  T31 R process  Container registry                           open
  T32 I process  Container registry                           open
  T33 D process  Container registry                           open
  T34 E process  Container registry                           open
  T35 S process  Node BMC                                     open
  T36 T process  Node BMC                                     open
  T37 R process  Node BMC                                     open
  T38 I process  Node BMC                                     open
  T39 D process  Node BMC                                     open
  T40 E process  Node BMC                                     open
  T41 S process  Monitoring                                   open
  T42 T process  Monitoring                                   open
  T43 R process  Monitoring                                   open
  T44 I process  Monitoring                                   open
  T45 D process  Monitoring                                   open
  T46 E process  Monitoring                                   open
  T47 T store    Audit log                                    open
  T48 R store    Audit log                                    open
  T49 I store    Audit log                                    open
  T50 D store    Audit log                                    open
  T51 T flow     Researcher -> Login node : ssh session, job scripts open
  T52 I flow     Researcher -> Login node : ssh session, job scripts open
  T53 D flow     Researcher -> Login node : ssh session, job scripts open
  T54 T flow     Login node -> Scheduler : job submission     open
  T55 I flow     Login node -> Scheduler : job submission     open
  T56 D flow     Login node -> Scheduler : job submission     open
  T57 T flow     Scheduler -> Compute node job : job launch, user identity open
  T58 I flow     Scheduler -> Compute node job : job launch, user identity open
  T59 D flow     Scheduler -> Compute node job : job launch, user identity open
  T60 T flow     Compute node job -> Shared scratch : results open
  T61 I flow     Compute node job -> Shared scratch : results open
  T62 D flow     Compute node job -> Shared scratch : results open
  T63 T flow     Shared scratch -> Compute node job : datasets open
  T64 I flow     Shared scratch -> Compute node job : datasets open
  T65 D flow     Shared scratch -> Compute node job : datasets open
  T66 T flow     Home directories -> Login node : files       open
  T67 I flow     Home directories -> Login node : files       open
  T68 D flow     Home directories -> Login node : files       open
  T69 T flow     Container registry -> Compute node job : container images open
  T70 I flow     Container registry -> Compute node job : container images open
  T71 D flow     Container registry -> Compute node job : container images open
  T72 T flow     Compute node job -> Monitoring : metrics     open
  T73 I flow     Compute node job -> Monitoring : metrics     open
  T74 D flow     Compute node job -> Monitoring : metrics     open
  T75 T flow     Administrator -> Node BMC : console, power control open
  T76 I flow     Administrator -> Node BMC : console, power control open
  T77 D flow     Administrator -> Node BMC : console, power control open
  T78 T flow     Administrator -> Scheduler : admin commands  open
  T79 I flow     Administrator -> Scheduler : admin commands  open
  T80 D flow     Administrator -> Scheduler : admin commands  open
  T81 T flow     Scheduler -> Audit log : decisions           open
  T82 I flow     Scheduler -> Audit log : decisions           open
  T83 D flow     Scheduler -> Audit log : decisions           open
  T84 T store    Job database                                 open
  T85 I store    Job database                                 open
  T86 D store    Job database                                 open
  T87 T flow     Scheduler -> Job database : job records      open
  T88 I flow     Scheduler -> Job database : job records      open
  T89 D flow     Scheduler -> Job database : job records      open
  T90 T flow     Job database -> Scheduler : job records      open
  T91 I flow     Job database -> Scheduler : job records      open
  T92 D flow     Job database -> Scheduler : job records      open
  T93 T flow     Monitoring -> Node BMC : power and sensor queries open
  T94 I flow     Monitoring -> Node BMC : power and sensor queries open
  T95 D flow     Monitoring -> Node BMC : power and sensor queries open
total: 95 threats, 95 open, 0 with a claimed control (verify each one)
