Q = [    0.062500    0.125000
         0.125000    0.250000 ]
F P F^T = [    2.000000    1.000000
               1.000000    1.000000 ]
x_pred = [    1.000000
              1.000000 ]
P_pred = [    2.062500    1.125000
              1.125000    1.250000 ]
y = [    0.400000 ]
S = [    2.312500 ]
K = [    0.891892
         0.486486 ]
x_new = [    1.356757
             1.194595 ]
P_new (simple form) = [    0.222973    0.121622
                           0.121622    0.702703 ]
sd of position 0.472200, sd of velocity 0.838274
lab Q = [    0.000006    0.000125
             0.000125    0.002500 ]
95 % bound of a chi-square with 2 dof: 5.991465
