F = [    1.000000    0.100000
         0.000000    1.000000 ]
Q = [    0.000006    0.000125
         0.000125    0.002500 ]

step 1 (t = 0.1 s)
K = [    0.990196
         0.098161 ]
x = [   -0.062283
        -0.006174 ]
P = [    0.009902    0.000982
         0.000982    0.992672 ]

step 2 (t = 0.2 s)
K = [    0.667014
         3.342311 ]
x = [    0.062298
         0.621180 ]
P = [    0.006670    0.033423
         0.033423    0.659691 ]

step 300 (t = 30.0 s)
K = [    0.270867
         0.426946 ]
x = [    5.321173
         0.374332 ]
P = [    0.002709    0.004269
         0.004269    0.014611 ]

over steps 21-300 (280 steps):
  RMS position error: readings 0.095307 m, filter 0.051522 m
  RMS velocity error (velocity is never measured): 0.123847 m/s
  claimed sd at the end: position 0.052045 m, velocity 0.120875 m/s
  mean NEES (2 states, consistent filter: about 2): 1.918505
  mean NIS  (1 measurement, consistent filter: about 1): 0.926408
