input     n        tiles  result   looks/tile waits
random    1        1      ok       0.00       0
random    255      1      ok       0.00       0
random    256      1      ok       0.00       0
random    257      2      ok       0.50       0
random    65535    256    ok       11.18      210
random    65537    257    ok       12.44      243
random    1000003  3907   ok       43.14      3189
sorted    1        1      ok       0.00       0
sorted    255      1      ok       0.00       0
sorted    256      1      ok       0.00       0
sorted    257      2      ok       0.50       0
sorted    65535    256    ok       12.53      168
sorted    65537    257    ok       12.52      240
sorted    1000003  3907   ok       43.74      2811
reverse   1        1      ok       0.00       0
reverse   255      1      ok       0.00       0
reverse   256      1      ok       0.00       0
reverse   257      2      ok       0.50       0
reverse   65535    256    ok       12.78      182
reverse   65537    257    ok       12.18      176
reverse   1000003  3907   ok       40.94      3208
all-equal 1        1      ok       0.00       0
all-equal 255      1      ok       0.00       0
all-equal 256      1      ok       0.00       0
all-equal 257      2      ok       1.00       1
all-equal 65535    256    ok       11.39      221
all-equal 65537    257    ok       12.44      190
all-equal 1000003  3907   ok       43.01      3251
failures: 0
