     VMA      LMA     Size Align Out     In      Symbol
 8000000  8000000      414     4 .text
 8000000  8000000       40     4         startup.o:(.vectors)
 8000000  8000000       40     1                 vector_table
 8000040  8000040       60     4         startup.o:(.text)
 8000040  8000040        0     1                 $t.0
 8000041  8000041       5c     1                 Reset_Handler
 800009d  800009d        4     1                 Default_Handler
 80000a0  80000a0      212     4         main.o:(.text)
 80000a0  80000a0        0     1                 $t.0
 80000a1  80000a1      15a     1                 main()
 80001fb  80001fb       5a     1                 (anonymous namespace)::report(char const*, void const*, unsigned int)
 8000255  8000255       5e     1                 (anonymous namespace)::putHex(unsigned int)
 80002b2  80002b2      152     1         <internal>:(.rodata.str1.1)
 8000404  8000404       10     4         main.o:(.rodata)
 8000404  8000404       10     1                 kTable
20000000  8000414        4     4 .data
20000000  8000414        0     1         __data_start = .
20000000  8000414        4     4         main.o:(.data)
20000000  8000414        4     1                 calibration
20000004  8000418        0     1         __data_end = .
20000004  8000418        0     1 __data_load = LOADADDR ( .data )
20000004 20000004        4     4 .bss
20000004 20000004        0     1         __bss_start = .
20000004 20000004        4     4         main.o:(.bss)
20000004 20000004        4     1                 counter
20000008 20000008        0     1         __bss_end = .
20000008 20000008        0     1 __stack_top = ORIGIN ( RAM ) + LENGTH ( RAM )
20000008 20000008        0     1 __ram_used = __bss_end - ORIGIN ( RAM )
