  0000000000000000-000000000001ffff (prio 0, rom): STM32F100.flash
  0000000008000000-000000000801ffff (prio 0, rom): STM32F100.flash
  0000000020000000-0000000020001fff (prio 0, ram): STM32F100.sram
  0000000040000000-00000000400003ff (prio -1000, i/o): timer[2]
  0000000040000400-00000000400007ff (prio -1000, i/o): timer[3]
  0000000040000800-0000000040000bff (prio -1000, i/o): timer[4]
  0000000040001000-00000000400013ff (prio -1000, i/o): timer[6]
  0000000040001400-00000000400017ff (prio -1000, i/o): timer[7]
  0000000040002800-0000000040002bff (prio -1000, i/o): RTC
  0000000040002c00-0000000040002fff (prio -1000, i/o): WWDG
  0000000040003000-00000000400033ff (prio -1000, i/o): IWDG
  0000000040003800-0000000040003bff (prio 0, i/o): stm32f2xx-spi
  0000000040004400-00000000400047ff (prio 0, i/o): stm32f2xx-usart
  0000000040004800-0000000040004bff (prio 0, i/o): stm32f2xx-usart
  0000000040005400-00000000400057ff (prio -1000, i/o): I2C1
  0000000040005800-0000000040005bff (prio -1000, i/o): I2C2
  0000000040006c00-0000000040006fff (prio -1000, i/o): BKP
  0000000040007000-00000000400073ff (prio -1000, i/o): PWR
  0000000040007400-00000000400077ff (prio -1000, i/o): DAC
  0000000040007800-0000000040007bff (prio -1000, i/o): CEC
  0000000040010000-00000000400103ff (prio -1000, i/o): AFIO
  0000000040010400-00000000400107ff (prio -1000, i/o): EXTI
  0000000040010800-0000000040010bff (prio -1000, i/o): GPIOA
  0000000040010c00-0000000040010fff (prio -1000, i/o): GPIOB
  0000000040011000-00000000400113ff (prio -1000, i/o): GPIOC
  0000000040011400-00000000400117ff (prio -1000, i/o): GPIOD
  0000000040011800-0000000040011bff (prio -1000, i/o): GPIOE
  0000000040012400-00000000400127ff (prio -1000, i/o): ADC1
  0000000040012c00-0000000040012fff (prio -1000, i/o): timer[1]
  0000000040013000-00000000400133ff (prio 0, i/o): stm32f2xx-spi
  0000000040013800-0000000040013bff (prio 0, i/o): stm32f2xx-usart
  0000000040014000-00000000400143ff (prio -1000, i/o): timer[15]
  0000000040014400-00000000400147ff (prio -1000, i/o): timer[16]
  0000000040014800-0000000040014bff (prio -1000, i/o): timer[17]
  0000000040020000-00000000400203ff (prio -1000, i/o): DMA
  0000000040021000-00000000400213ff (prio -1000, i/o): RCC
  0000000040022000-00000000400223ff (prio -1000, i/o): Flash Int
  0000000040023000-00000000400233ff (prio -1000, i/o): CRC
