step 1: forward to column 1, row 0
step 2: forward to column 2, row 0
step 3: forward to column 3, row 0
step 4: forward to column 4, row 0
step 5: wall ahead -> turn right, now facing south
step 6: forward to column 4, row 1
step 7: forward to column 4, row 2
step 8: forward to column 4, row 3
step 9: forward to column 4, row 4
step 10: wall ahead -> turn right, now facing west
step 11: forward to column 3, row 4
step 12: forward to column 2, row 4
step 13: forward to column 1, row 4
step 14: forward to column 0, row 4
step 15: wall ahead -> turn right, now facing north
step 16: forward to column 0, row 3
step 17: forward to column 0, row 2
step 18: forward to column 0, row 1
step 19: forward to column 0, row 0
step 20: wall ahead -> turn right, now facing east
step 21: forward to column 1, row 0
step 22: forward to column 2, row 0
step 23: forward to column 3, row 0
step 24: forward to column 4, row 0
safety limit: stopped after 24 steps, flag not reached
