  Bus  0, device   1, function 0:
    Ethernet controller: PCI device 8086:100e
      PCI subsystem 1af4:1100
      IRQ 10, pin A
      BAR0: 32 bit memory at 0xfeb80000 [0xfeb9ffff].
      BAR1: I/O at 0xc000 [0xc03f].
      BAR6: 32 bit memory at 0xffffffffffffffff [0x0007fffe].
      id ""
  Bus  0, device   2, function 0:
    Ethernet controller: PCI device 8086:10d3
      PCI subsystem 8086:0000
      IRQ 11, pin A
      BAR0: 32 bit memory at 0xfeba0000 [0xfebbffff].
      BAR1: 32 bit memory at 0xfebc0000 [0xfebdffff].
      BAR2: I/O at 0xc080 [0xc09f].
      BAR3: 32 bit memory at 0xfebe0000 [0xfebe3fff].
      BAR6: 32 bit memory at 0xffffffffffffffff [0x0007fffe].
      id ""
  Bus  0, device   3, function 0:
    Ethernet controller: PCI device 1af4:1000
      PCI subsystem 1af4:0001
      IRQ 11, pin A
      BAR0: I/O at 0xc0a0 [0xc0bf].
      BAR1: 32 bit memory at 0xfebe4000 [0xfebe4fff].
      BAR4: 64 bit prefetchable memory at 0xfebfc000 [0xfebfffff].
      BAR6: 32 bit memory at 0xffffffffffffffff [0x0007fffe].
      id ""
== pci.ids lookups (the ID database used by lspci) ==
8086  Intel Corporation /	100e  82540EM Gigabit Ethernet Controller
8086  Intel Corporation /	10d3  82574L Gigabit Network Connection
1af4  Red Hat, Inc. /	1000  Virtio network device
