== QEMU e1000e trace, from the first register write to the end of the first DHCP exchange ==
e1000e_link_status Link up: 1, Duplex: 1, Speed: 2, ASDV: 2
e1000e_core_write Write to register 0x0, 4 byte(s), value: 0x4140241
e1000e_core_write Write to register 0x0, 4 byte(s), value: 0x140261
e1000e_link_status Link up: 1, Duplex: 1, Speed: 2, ASDV: 2
e1000e_link_status Link up: 1, Duplex: 1, Speed: 2, ASDV: 2
e1000e_core_write Write to register 0x3800, 4 byte(s), value: 0x7f5da00
e1000e_core_write Write to register 0x3804, 4 byte(s), value: 0x0
e1000e_core_write Write to register 0x3808, 4 byte(s), value: 0x100
e1000e_core_write Write to register 0x3810, 4 byte(s), value: 0x0
e1000e_core_write Write to register 0x3818, 4 byte(s), value: 0x0
e1000e_core_write Write to register 0x3828, 4 byte(s), value: 0x2000000
e1000e_core_write Write to register 0x2800, 4 byte(s), value: 0x7f5db00
e1000e_core_write Write to register 0x2804, 4 byte(s), value: 0x0
e1000e_core_write Write to register 0x2808, 4 byte(s), value: 0x100
e1000e_core_write Write to register 0x2810, 4 byte(s), value: 0x0
e1000e_core_write Write to register 0x2818, 4 byte(s), value: 0x0
e1000e_rx_set_rdt Setting RDT[0] = 0
e1000e_core_write Write to register 0x2828, 4 byte(s), value: 0x2010000
e1000e_core_write Write to register 0x5400, 4 byte(s), value: 0x12005452
e1000e_core_write Write to register 0x5404, 4 byte(s), value: 0x80005634
e1000e_core_write Write to register 0x400, 4 byte(s), value: 0x400fa
e1000e_irq_set Setting interrupt register 0xc0: 0x0 --> 0x2
e1000e_irq_set Setting interrupt register 0xc0: 0x80000002 --> 0x80000002
e1000e_core_write Write to register 0x100, 4 byte(s), value: 0x400801a
e1000e_core_write Write to register 0x2818, 4 byte(s), value: 0x8
e1000e_rx_set_rdt Setting RDT[0] = 8
e1000e_link_status Link up: 1, Duplex: 1, Speed: 2, ASDV: 2
e1000e_core_write Write to register 0x3818, 4 byte(s), value: 0x1
e1000e_tx_descr 0x7f6203e : b0001ad 0
e1000e_rx_descr Next RX descriptor: ring #0, PA: 0x7f5db00, length: 16
e1000e_rx_written_to_guest Received packet written to guest (queue 0)
e1000e_irq_set Setting interrupt register 0xc0: 0x0 --> 0x80
e1000e_irq_set Setting interrupt register 0xc0: 0x80000080 --> 0x80000083
e1000e_core_write Write to register 0x2818, 4 byte(s), value: 0x9
e1000e_rx_set_rdt Setting RDT[0] = 9
e1000e_core_write Write to register 0x3818, 4 byte(s), value: 0x2
e1000e_tx_descr 0x7f5deb2 : b000046 0
e1000e_rx_descr Next RX descriptor: ring #0, PA: 0x7f5db10, length: 16
e1000e_rx_written_to_guest Received packet written to guest (queue 0)
e1000e_irq_set Setting interrupt register 0xc0: 0x0 --> 0x80
e1000e_irq_set Setting interrupt register 0xc0: 0x80000080 --> 0x80000083
e1000e_core_write Write to register 0x2818, 4 byte(s), value: 0xa
e1000e_rx_set_rdt Setting RDT[0] = 10
e1000e_core_write Write to register 0x3818, 4 byte(s), value: 0x3
e1000e_tx_descr 0x7f5e83e : b0001ad 0
e1000e_rx_descr Next RX descriptor: ring #0, PA: 0x7f5db20, length: 16
e1000e_rx_written_to_guest Received packet written to guest (queue 0)
e1000e_irq_set Setting interrupt register 0xc0: 0x0 --> 0x80
e1000e_irq_set Setting interrupt register 0xc0: 0x80000080 --> 0x80000083
e1000e_core_write Write to register 0x2818, 4 byte(s), value: 0xb
e1000e_rx_set_rdt Setting RDT[0] = 11
e1000e_core_write Write to register 0x3818, 4 byte(s), value: 0x4
e1000e_tx_descr 0x7f5f03e : b0001b9 0
e1000e_rx_descr Next RX descriptor: ring #0, PA: 0x7f5db30, length: 16
e1000e_rx_written_to_guest Received packet written to guest (queue 0)
e1000e_irq_set Setting interrupt register 0xc0: 0x0 --> 0x80
e1000e_irq_set Setting interrupt register 0xc0: 0x80000080 --> 0x80000083
e1000e_core_write Write to register 0x2818, 4 byte(s), value: 0xc
e1000e_rx_set_rdt Setting RDT[0] = 12
e1000e_core_write Write to register 0x3818, 4 byte(s), value: 0x5
e1000e_tx_descr 0x7f62b32 : b00002a 0
[… the rest of the trace (the ROM resetting the NIC and giving up) is not shown …]
== tshark -r ring.pcap (the same run's frames, as captured by QEMU) ==
    1   0.000000      0.0.0.0 → 255.255.255.255 DHCP 429 DHCP Discover - Transaction ID 0xdd35d263
    2   0.000220     10.0.2.2 → 255.255.255.255 DHCP 590 DHCP Offer    - Transaction ID 0xdd35d263
    3   0.002462 fe80::5054:ff:fe12:3456 → ff02::2      ICMPv6 70 Router Solicitation from 52:54:00:12:34:56
    4   0.002531      fe80::2 → ff02::1      ICMPv6 110 Router Advertisement from 52:56:00:00:00:02
    5   1.033210      0.0.0.0 → 255.255.255.255 DHCP 429 DHCP Discover - Transaction ID 0xdd35d263
    6   1.033225     10.0.2.2 → 255.255.255.255 DHCP 590 DHCP Offer    - Transaction ID 0xdd35d263
    7   3.065498      0.0.0.0 → 255.255.255.255 DHCP 441 DHCP Request  - Transaction ID 0xdd35d263
    8   3.065514     10.0.2.2 → 255.255.255.255 DHCP 590 DHCP ACK      - Transaction ID 0xdd35d263
    9   3.066362 52:54:00:12:34:56 → Broadcast    ARP 42 ARP Announcement for 10.0.2.15
