== 1. structured logs (first 3 requests and every request slower than 30 ms)
ts=4.0 level=INFO node=a msg="get done" key=k180 trace=1 dur_ms=0.49
ts=5.6 level=INFO node=a msg="get done" key=k432 trace=2 dur_ms=0.41
ts=9.1 level=INFO node=a msg="get done" key=k352 trace=3 dur_ms=0.65
ts=658.0 level=WARN node=a msg="put done" key=k348 trace=268 dur_ms=57.95
ts=2191.7 level=WARN node=a msg="put done" key=k315 trace=876 dur_ms=71.14
ts=2317.5 level=WARN node=a msg="put done" key=k1 trace=930 dur_ms=38.70
ts=2547.2 level=WARN node=a msg="put done" key=k457 trace=1018 dur_ms=74.01
ts=3518.1 level=WARN node=a msg="put done" key=k349 trace=1393 dur_ms=65.82
ts=4463.0 level=WARN node=a msg="put done" key=k97 trace=1775 dur_ms=70.54
[... 9 log lines in total]

== 2. the trace of the slowest request (trace 1018), as a waterfall
span  3836 parent     0  gateway put          gw   74.01 ms |#####################################
span  3837 parent  3836    leader.put         a    73.72 ms |####################################
span  3838 parent  3837      wal.fsync        a    73.72 ms |####################################
span  3839 parent  3837      replicate        b     3.86 ms |#
span  3840 parent  3839        wal.fsync      b     2.85 ms |#
span  3841 parent  3837      replicate        c     1.77 ms |#
span  3842 parent  3841        wal.fsync      c     0.90 ms |#
(indentation follows the parent links; each # is 2 ms of the request's time)

== 3. metrics at the end of the run
requests_total{op="get"} 1586
requests_total{op="put"} 414
latency_ms_bucket{le="0.5"} 569
latency_ms_bucket{le="1"} 1502
latency_ms_bucket{le="2"} 1505
latency_ms_bucket{le="5"} 1916
latency_ms_bucket{le="10"} 1967
latency_ms_bucket{le="20"} 1994
latency_ms_bucket{le="50"} 1995
latency_ms_bucket{le="100"} 2000
latency_ms_bucket{le="+Inf"} 2000
latency_ms_sum 3118.5
latency_ms_count 2000

== 4. what the numbers say (all requests)
mean 1.56 ms
p50    exact    0.57 ms   estimated from buckets    0.73 ms
p90    exact    3.31 ms   estimated from buckets    4.15 ms
p99    exact   11.39 ms   estimated from buckets   14.81 ms
p99.9  exact   70.54 ms   estimated from buckets   80.00 ms

== 5. sampling: keep 1 trace in 10, decided when the request starts
traces kept 200 of 2000; of the 20 slowest requests, traces kept: 3

== 6. label cardinality: number of time series for requests_total
labels {op}: 2 series; labels {op, key}: up to 1000 series
