=== metrics (10 s windows; latency measured at the gateway) ===
window        req/s  errors(504)  p50 ms   p99 ms  max ms  a.disk_await_p99_ms  a.cpu_util  a.index_entries
14:00:00.000    397            0    0.57    11.20      74                45.18        0.31          1001600
14:00:10.000    400            0    0.56     9.87      70                 3.00        0.31          1003213
14:00:20.000    402            0    0.57    11.04      77                39.80        0.31          1004839
14:00:30.000    399            0    0.57    10.87      68                 2.99        0.31          1006478
14:00:40.000    403            0    0.56    10.84      65                 3.00        0.31          1008078
14:00:50.000    399            0    0.57    10.83      79                 2.99        0.31          1009691
14:01:00.000    402            0    0.57    10.70      79                38.81        0.31          1011317
14:01:10.000    396            0    0.56     9.77      80                 3.00        0.31          1012956
14:01:20.000    404            0    0.57    11.26      76                35.60        0.31          1014556
14:01:30.000    402            0    0.57    10.77      76                 3.00        0.31          1016169
14:01:40.000    402            0    0.56    11.08      80                54.91        0.31          1017795
14:01:50.000    400            0    0.57    10.50      67                41.49        0.31          1019434
14:02:00.000    401          181    0.60  1000.00    1000                 3.00        0.35           612331
14:02:10.000    395            0    0.57    10.98      80                 3.00        0.31           613944
14:02:20.000    400            0    0.56    10.98      80                41.41        0.31           615570
14:02:30.000    396            0    0.56    10.83      79                 2.99        0.31           617209
14:02:40.000    400            0    0.56    10.53      64                 3.00        0.31           618809
14:02:50.000    402            0    0.57    10.95      76                 3.00        0.31           620422
14:03:00.000    399            0    0.56    10.85      60                 3.00        0.31           622048
14:03:10.000    402            0    0.57    10.80      77                 2.98        0.31           623687
14:03:20.000    405            0    0.56    11.19      68                31.36        0.31           625287
14:03:30.000    398            0    0.57    10.71      78                34.48        0.31           626900
14:03:40.000    401            0    0.56    11.10      80                51.53        0.31           628526
14:03:50.000    401            0    0.56    10.53      78                30.18        0.31           630165
14:04:00.000    399            0    0.57    10.75      76                39.50        0.31           631765
14:04:10.000    401            0    0.56    10.75      80                 2.99        0.31           633378
14:04:20.000    397            0    0.57    10.87      70                39.67        0.31           635004
14:04:30.000    398            0    0.56    11.28      68                40.07        0.31           636643
14:04:40.000    401            0    0.57    10.88      75                 2.99        0.31           638243
14:04:50.000    401            0    0.57    10.33      79                 2.99        0.31           639856

=== traces (sampled: all requests slower than 500 ms are kept; 4 shown) ===
trace 50998  arrived 14:02:07.398  total 1421.4 ms  (gateway returned 504 at 1000 ms)
    gateway put          gw start +    0.00 ms  dur  1421.40 ms
      leader.put         a  start +    0.27 ms  dur  1420.97 ms
        encode           a  start +    0.27 ms  dur     0.04 ms
        wal.fsync        a  start +    0.30 ms  dur  1420.91 ms
        replicate        b  start +    0.31 ms  dur     3.90 ms
        replicate        c  start +    0.31 ms  dur     2.11 ms
trace 50999  arrived 14:02:07.402  total 1420.5 ms  (gateway returned 504 at 1000 ms)
    gateway put          gw start +    0.00 ms  dur  1420.46 ms
      leader.put         a  start +    0.30 ms  dur  1420.06 ms
        encode           a  start +    0.30 ms  dur  1417.17 ms
        wal.fsync        a  start + 1417.47 ms  dur     2.07 ms
        replicate        b  start + 1417.48 ms  dur     2.86 ms
        replicate        c  start + 1417.48 ms  dur     3.67 ms
trace 51000  arrived 14:02:07.407  total 1413.4 ms  (gateway returned 504 at 1000 ms)
    gateway get          gw start +    0.00 ms  dur  1413.37 ms
      leader.get         a  start +    0.25 ms  dur  1412.86 ms
        store.read(memory) a  start +    0.25 ms  dur  1412.86 ms
trace 53070  arrived 14:02:12.559  total 12.1 ms
    gateway get          gw start +    0.00 ms  dur    12.06 ms
      leader.get         a  start +    0.29 ms  dur    11.66 ms
        store.read(disk) a  start +    0.29 ms  dur    11.66 ms

=== deploy.log ===
14:01:30.000 gw: config reload (rate-limit table v41 -> v42), 0 errors

=== gw.log (WARN and above, 14:01:00-14:03:00) ===
14:02:08.398 WARN upstream a timed out after 1000 ms, returned 504
14:02:08.402 WARN upstream a timed out after 1000 ms, returned 504
14:02:08.407 WARN upstream a timed out after 1000 ms, returned 504
[... 181 lines like these in total, the last at 14:02:08.827]

=== a.log (INFO and above, 14:02:05-14:02:12) ===
14:02:05.800 INFO a: raft: commit index 4471290
14:02:07.390 INFO a: index: starting compaction of the in-memory key index (entries 1019434)
14:02:08.820 INFO a: index: compaction finished (entries 612331)
14:02:08.820 WARN a: raft: 1420 ms since last heartbeat sent to b, c (interval 100 ms)
14:02:08.821 WARN a: slow requests: 384 requests waited more than 500 ms in the last 10 s
14:02:09.800 INFO a: raft: commit index 4471801

=== b.log (14:02:05-14:02:12) ===
14:02:08.403 WARN b: raft: no heartbeat from leader a for 1000 ms (election timeout 1500 ms)
14:02:08.821 INFO b: raft: heartbeat from leader a resumed (term 17)
14:02:10.000 INFO b: wal: fsync p99 over last 10 s: 2.94 ms

=== c.log (14:02:05-14:02:12) ===
14:02:08.401 WARN c: raft: no heartbeat from leader a for 1000 ms (election timeout 1500 ms)
14:02:08.821 INFO c: raft: heartbeat from leader a resumed (term 17)
14:02:10.000 INFO c: wal: fsync p99 over last 10 s: 2.97 ms
