--- _Z14transposeNoPadPKfPfii
0220  LEA R21, R0, R3, 0x5
0280  IMAD R0, R3, 0x20, R0
02e0  @!P4 STS [R21.X4], R6
0300  @!P2 STS [R21.X4+0x400], R8
0310  @!P3 STS [R21.X4+0x800], R10
0320  @!P0 STS [R21.X4+0xc00], R12
0330  BAR.SYNC 0x0
0340  @!P6 LDS R11, [R0.X4]
0350  @!P5 LDS R13, [R0.X4+0x20]
0360  @!P4 LDS R17, [R0.X4+0x40]
0410  LDS R5, [R0.X4+0x60]
--- _Z12transposePadPKfPfii
0220  IMAD R21, R0, 0x21, R3
0280  IMAD R0, R3, 0x21, R0
02e0  @!P4 STS [R21.X4], R6
0300  @!P2 STS [R21.X4+0x420], R8
0310  @!P3 STS [R21.X4+0x840], R10
0320  @!P0 STS [R21.X4+0xc60], R12
0330  BAR.SYNC 0x0
0340  @!P6 LDS R11, [R0.X4]
0350  @!P5 LDS R13, [R0.X4+0x20]
0360  @!P4 LDS R17, [R0.X4+0x40]
0410  LDS R5, [R0.X4+0x60]
