replay of one warp (threadIdx.y = 0), model: 32 banks x 4 bytes

kernel transposeNoPad (tile pitch 32 words)
  instruction                        j      passes per warp
  store tile[ty+j][tx]  (row)        0      1
  store tile[ty+j][tx]  (row)        8      1
  store tile[ty+j][tx]  (row)        16     1
  store tile[ty+j][tx]  (row)        24     1
  load  tile[tx][ty+j]  (column)     0      32
  load  tile[tx][ty+j]  (column)     8      32
  load  tile[tx][ty+j]  (column)     16     32
  load  tile[tx][ty+j]  (column)     24     32
  per warp: 8 shared-memory requests, 132 passes, 124 extra passes caused by conflicts
  whole 4096 x 4096 transpose (131072 warps): 16252928 extra passes

kernel transposePad (tile pitch 33 words)
  instruction                        j      passes per warp
  store tile[ty+j][tx]  (row)        0      1
  store tile[ty+j][tx]  (row)        8      1
  store tile[ty+j][tx]  (row)        16     1
  store tile[ty+j][tx]  (row)        24     1
  load  tile[tx][ty+j]  (column)     0      1
  load  tile[tx][ty+j]  (column)     8      1
  load  tile[tx][ty+j]  (column)     16     1
  load  tile[tx][ty+j]  (column)     24     1
  per warp: 8 shared-memory requests, 8 passes, 0 extra passes caused by conflicts
  whole 4096 x 4096 transpose (131072 warps): 0 extra passes
