--- sections of broken.elf (llvm-objdump -h) ---
Idx Name               Size     VMA      LMA      Type
  1 .text              00000770 00000000 00000000 TEXT
  2 .data              00000004 20000000 00000770 DATA
  3 .bss               00000008 20000004 20000004 BSS
--- symbols around the end of .text (llvm-nm -n) ---
000005ea t _GLOBAL__sub_I_main.cc
0000076c T __init_array_start
00000770 A __data_load
00000770 T __init_array_end
00000770 T __text_end
--- Reset_Handler of broken.elf (llvm-objdump -d) ---
00000084 <Reset_Handler>:
      84:      	push	{r7, lr}
      86:      	mov	r7, sp
      88:      	movw	r0, #0x4
      8c:      	movw	r1, #0x0
      90:      	movt	r0, #0x2000
      94:      	movt	r1, #0x2000
      98:      	cmp	r1, r0
      9a:      	bhs	0xb8 <Reset_Handler+0x34> @ imm = #0x1a
      9c:      	movw	r1, #0x770
      a0:      	movw	r2, #0x0
      a4:      	movt	r1, #0x0
      a8:      	movt	r2, #0x2000
      ac:      	ldr	r3, [r1], #4
      b0:      	str	r3, [r2], #4
      b4:      	cmp	r2, r0
      b6:      	blo	0xac <Reset_Handler+0x28> @ imm = #-0xe
      b8:      	movw	r0, #0xc
      bc:      	movw	r1, #0x4
      c0:      	movt	r0, #0x2000
      c4:      	movt	r1, #0x2000
      c8:      	cmp	r1, r0
      ca:      	bhs	0xd8 <Reset_Handler+0x54> @ imm = #0xa
      cc:      	movs	r2, #0x0
      ce:      	nop
      d0:      	str	r2, [r1], #4
      d4:      	cmp	r1, r0
      d6:      	blo	0xd0 <Reset_Handler+0x4c> @ imm = #-0xa
      d8:      	bl	0xe0 <_Z4mainv>         @ imm = #0x4
      dc:      	wfi
      de:      	b	0xdc <Reset_Handler+0x58> @ imm = #-0x6

