(lldb) target create "firmware.elf"
Current executable set to 'firmware.elf' (arm).
(lldb) process connect --plugin gdb-remote unix-connect://[socket path removed]
Process 1 stopped
* thread #1, stop reason = signal SIGTRAP
    frame #0: 0x00000084 firmware.elf`::Reset_Handler() at startup.cc:43
   40  	OS305_WEAK_HANDLER(Irq14_Handler) OS305_WEAK_HANDLER(Irq15_Handler)
   41  	
   42  	extern "C" [[noreturn]] void Reset_Handler()
-> 43  	{
   44  	    // 1. Copy initial values of initialised variables from flash to RAM (.data).
   45  	    const uint32_t* src = &__data_load;
   46  	    for (uint32_t* dst = &__data_start; dst < &__data_end; ++dst, ++src) {
(lldb) command source -s 0 'session.lldb'
Executing commands in 'session.lldb'.
(lldb) register read pc sp
      pc = 0x00000084 firmware.elf`::Reset_Handler() at startup.cc:43  firmware.elf`::Reset_Handler() at startup.cc:43
      sp = 0x20010000 -> 0x00000000 firmware.elf`vector_table
(lldb) memory read --size 4 --format x --count 2 0x0
0x00000000: 0x20010000 0x00000085
(lldb) breakpoint set --name Reset_Handler
Breakpoint 1: where = firmware.elf`::Reset_Handler() + 4 at startup.cc:46:5, address = 0x00000088
(lldb) continue
Process 1 resuming
Process 1 stopped
* thread #1, stop reason = breakpoint 1.1
    frame #0: 0x00000088 firmware.elf`::Reset_Handler() at startup.cc:46:5
   43  	{
   44  	    // 1. Copy initial values of initialised variables from flash to RAM (.data).
   45  	    const uint32_t* src = &__data_load;
-> 46  	    for (uint32_t* dst = &__data_start; dst < &__data_end; ++dst, ++src) {
    	    ^
   47  	        *dst = *src;
   48  	    }
   49  	    // 2. Zero the zero-initialised variables (.bss).
(lldb) register read pc sp
      pc = 0x00000088 firmware.elf`::Reset_Handler() + 4 at startup.cc:46:5  firmware.elf`::Reset_Handler() + 4 at startup.cc:46:5
      sp = 0x2000fff8 -> 0x00000000 firmware.elf`vector_table
(lldb) breakpoint set --name main
Breakpoint 2: where = firmware.elf`main() + 16 [inlined] board::uartInit() at board.h:31:21, address = 0x00000118
(lldb) continue
Process 1 resuming
Process 1 stopped
* thread #1, stop reason = breakpoint 2.1
    frame #0: 0x00000118 firmware.elf`main() [inlined] board::uartInit() at board.h:31:21
   28  	
   29  	inline void uartInit()
   30  	{
-> 31  	    uart0().bauddiv = 16;        // the model needs a divider of at least 16 to accept data
    	                    ^
   32  	    uart0().ctrl = 0x1;          // transmitter on
   33  	}
   34
(lldb) print bootCount
(uint32_t) 41
(lldb) print constructorsRun
(uint32_t) 1
