OS303 teaching kernel: cpu0 in 64-bit mode
memory map (from the boot loader):
  0000000000000000-000000000009fbff type 1 (usable RAM)
  000000000009fc00-000000000009ffff type 2
  00000000000f0000-00000000000fffff type 2
  0000000000100000-000000000ffdffff type 1 (usable RAM)
  000000000ffe0000-000000000fffffff type 2
  00000000fffc0000-00000000ffffffff type 2
  000000fd00000000-000000ffffffffff type 2
frames: 64760 free of 4 KiB (259040 KiB), kernel ends at 0x2c0000, 9 boot modules
command line: 'kernel32.elf test=sync'
calibration against the PIT: APIC timer 631435 ticks per 10 ms (divide 16), TSC 2111605 cycles per ms
syscall: SYSCALL/SYSRET enabled; SMEP off, SMAP off
=== test sync ===
producer/consumer: 10000000 items, 1 producers, 1 consumers, 1 CPUs: consumed 10000000, missing 0, duplicates 0 (2260 ticks)
semaphores: 1000000 items, sum 500000500000 (expected 500000500000) (218 ticks)
LOCKDEP: lock order inversion on cpu0, thread 'main'
  now:     acquiring 'A' while holding 'B' (at 0x105472)
  earlier: 'A' was held while acquiring 'B' (at 0x10544a)
lock-order checker: inverted pair reported
LOCKDEP: BUG: mutex acquired in an interrupt handler: 'irq_victim' at 0x1031e3 (cpu0, thread 'idle0')
mutex in interrupt handler: reported
irq-shared counter: 1387600 = 1387500 (thread) + 100 (handler)
=== test sync: PASS ===
