keys: vendor A ab27c434..., attacker B 04e12a7f..., vendor C (offline) 85a4d52e...
image app 1.1: 198 bytes (header 32, payload 7, TLV area 159)

1. Normal update 1.0 -> 1.1
    boot 1: app 1.1
    boot 2: app 1.1

2. H4: updates with a wrong signature are refused
    payload changed after signing:
      update REFUSED (SHA-256 of header+payload does not match the hash record); running app 1.0
    version field edited after signing:
      update REFUSED (SHA-256 of header+payload does not match the hash record); running app 1.0
    signed with the attacker's key B:
      update REFUSED (key hash is not one of the device's trusted keys); running app 1.0
    signed with B, key-hash record changed to A's:
      update REFUSED (signature does not verify with the trusted key); running app 1.0

3. Rollback: 2.0 (counter 2) is installed, then the genuine old 1.1 (counter 1) is offered
    app 2.0, device counter now 2
    update REFUSED (security counter 1 < device counter 2 (rollback)); running app 2.0

4. H4: power loss during the update (cut before each of the flash writes in turn)
    example, cut before write 8: "power lost during swap", next boot: app 1.1
    26 cut points: 26 finished the update on the next boot and ran 1.1, 0 ran 1.0, 0 ran nothing
    cut before the first write: power lost; next boot: app 1.1

5. The new image crashes before confirming itself
    boot 1: test boot of app 2.0-broken: crashed before confirming
    boot 2: app 1.0, device counter 1

6. Key rotation planned at manufacture: an image signed with the offline key C
    app 3.0 (signed with C)
