  t[s] mode        x[m]    y[m]   z[m]      V      A
   0.0 TAKEOFF     0.00    0.00   0.00  16.59    0.3
   5.0 TAKEOFF     0.26    0.22   7.55  16.07   18.5
  10.0 MISSION    12.99    0.26  10.01  16.09   17.1
  15.0 MISSION    20.48   10.99  10.00  16.14   17.2
  20.0 MISSION    12.10   20.27  10.01  16.10   17.3
  25.0 RTL         0.84   20.15  12.41  16.04   18.4
  30.0 RTL         0.83    8.62  15.02  16.03   17.3
  35.0 LAND        0.46    1.10  13.63  16.05   16.2
  40.0 LAND        0.46    1.17  10.69  16.03   17.0
  45.0 LAND        0.46    1.15   7.75  16.02   16.5
  50.0 LAND        0.47    1.18   4.83  16.00   16.9
  55.0 LAND        0.46    1.16   1.90  16.00   16.6
event    0.00 s  DISARMED -> TAKEOFF (armed)
event    6.34 s  TAKEOFF -> MISSION (take-off altitude reached)
event   11.67 s  waypoint 1 reached
event   17.17 s  waypoint 2 reached
event   23.07 s  waypoint 3 reached
event   23.07 s  MISSION -> RTL (mission complete)
event   32.17 s  RTL -> LAND (home reached)
event   58.25 s  LAND -> DISARMED (landed)

acceptance tests
  A1 all 3 waypoints reached                   PASS (3.00)
  A2 max altitude <= 16.0 m (RTL 15 m + 1 m)   PASS (15.02)
  A3 landed and disarmed                       PASS (58.26)
  A4 landing point within 1.5 m of home        PASS (1.15)
  A5 no crash                                  PASS (279.23)
  A6 second run bit-identical (lockstep)       PASS (58.26)
battery used 279 mAh of 5000; flight time 58.26 s
