minimal ELF (136 bytes): ok, entry 0x8000400078, 1 segment(s)
200000 mutated files:
    24673  ok
    54453  file too small
     8918  bad magic
     2154  not ELF64
     2098  not little-endian
    13949  bad version
     5280  not an executable (ET_EXEC)
     2490  not x86-64
    11119  bad header sizes
     2837  bad number of program headers
    31655  program headers outside the file
       60  needs an interpreter (dynamic)
     7925  filesz > memsz
    11243  segment outside the file
     6159  segment outside user space
      882  segment misaligned
     8614  no loadable segment
     5491  entry point not in executable segment
accepted files that break a loader promise: 0 -> PASS
