OS303 teaching kernel: cpu0 in 64-bit mode
memory map (from the boot loader):
  0000000000000000-000000000009fbff type 1 (usable RAM)
  000000000009fc00-000000000009ffff type 2
  00000000000f0000-00000000000fffff type 2
  0000000000100000-000000000ffdffff type 1 (usable RAM)
  000000000ffe0000-000000000fffffff type 2
  00000000fffc0000-00000000ffffffff type 2
  000000fd00000000-000000ffffffffff type 2
frames: 64761 free of 4 KiB (259044 KiB), kernel ends at 0x2c0000, 9 boot modules
command line: 'kernel32.elf test=execloop'
calibration against the PIT: APIC timer 630282 ticks per 10 ms (divide 16), TSC 2109897 cycles per ms
syscall: SYSCALL/SYSRET enabled; SMEP on, SMAP on
=== test execloop ===
baseline: free frames 64754, heap objects 1, threads 1, processes 0
after  1000 exec/exit: free frames 64754, heap objects 1, threads 1, processes 0
after  2000 exec/exit: free frames 64754, heap objects 1, threads 1, processes 0
after  3000 exec/exit: free frames 64754, heap objects 1, threads 1, processes 0
after  4000 exec/exit: free frames 64754, heap objects 1, threads 1, processes 0
after  5000 exec/exit: free frames 64754, heap objects 1, threads 1, processes 0
after  6000 exec/exit: free frames 64754, heap objects 1, threads 1, processes 0
after  7000 exec/exit: free frames 64754, heap objects 1, threads 1, processes 0
after  8000 exec/exit: free frames 64754, heap objects 1, threads 1, processes 0
after  9000 exec/exit: free frames 64754, heap objects 1, threads 1, processes 0
after 10000 exec/exit: free frames 64754, heap objects 1, threads 1, processes 0
exec/exit: memory back at the baseline
=== test execloop: PASS ===
