OS303 teaching kernel: cpu0 in 64-bit mode
memory map (from the boot loader):
  0000000000000000-000000000009fbff type 1 (usable RAM)
  000000000009fc00-000000000009ffff type 2
  00000000000f0000-00000000000fffff type 2
  0000000000100000-000000000ffdffff type 1 (usable RAM)
  000000000ffe0000-000000000fffffff type 2
  00000000fffc0000-00000000ffffffff type 2
  000000fd00000000-000000ffffffffff type 2
frames: 64761 free of 4 KiB (259044 KiB), kernel ends at 0x2c0000, 9 boot modules
command line: 'kernel32.elf test=fuzz'
calibration against the PIT: APIC timer 636176 ticks per 10 ms (divide 16), TSC 2128995 cycles per ms
syscall: SYSCALL/SYSRET enabled; SMEP on, SMAP on
=== test fuzz ===
baseline: free frames 64754, heap objects 1, threads 1, processes 0
USER FAULT: pid 150 'fuzzed': page fault (vector 14) at rip=0000008000400f98, address 0000000000000000 (protection read): process killed, the kernel continues
USER FAULT: pid 244 'fuzzed': page fault (vector 14) at rip=000000800040102b, address 0000007ff3d10f1c (not mapped read): process killed, the kernel continues
USER FAULT: pid 245 'fuzzed': page fault (vector 14) at rip=0000000000000002, address 0000000000000002 (protection read): process killed, the kernel continues
USER FAULT: pid 292 'fuzzed': page fault (vector 14) at rip=0000000000000002, address 0000000000000002 (protection read): process killed, the kernel continues
USER FAULT: pid 390 'fuzzed': page fault (vector 14) at rip=0000008000401000, address 0000000000000002 (protection write): process killed, the kernel continues
USER FAULT: pid 394 'fuzzed': invalid opcode (vector 6) at rip=0000008000401052: process killed, the kernel continues
USER FAULT: pid 420 'fuzzed': page fault (vector 14) at rip=0000008000401016, address 0000000000000000 (protection read): process killed, the kernel continues
USER FAULT: pid 528 'fuzzed': page fault (vector 14) at rip=0000008000401029, address 0000000000000011 (protection read): process killed, the kernel continues
USER FAULT: pid 690 'fuzzed': page fault (vector 14) at rip=000000800040100f, address ffffffffffffff83 (not mapped read): process killed, the kernel continues
USER FAULT: pid 786 'fuzzed': page fault (vector 14) at rip=0000000000000002, address 0000000000000002 (protection read): process killed, the kernel continues
USER FAULT: pid 825 'fuzzed': page fault (vector 14) at rip=0000008001401000, address 0000008001401000 (not mapped read): process killed, the kernel continues
USER FAULT: pid 898 'fuzzed': invalid opcode (vector 6) at rip=000000800040104e: process killed, the kernel continues
USER FAULT: pid 1016 'fuzzed': page fault (vector 14) at rip=0000008000401026, address 000000000fc031c7 (protection read): process killed, the kernel continues
USER FAULT: pid 1101 'fuzzed': page fault (vector 14) at rip=0000000000000002, address 0000000000000002 (protection read): process killed, the kernel continues
fuzz: 3000 mutated executables through the exec path
fuzz:   rejected (bad magic): 84
fuzz:   rejected (not ELF64): 20
fuzz:   rejected (not little-endian): 16
fuzz:   rejected (bad version): 104
fuzz:   rejected (not an executable (ET_EXEC)): 51
fuzz:   rejected (not x86-64): 51
fuzz:   rejected (bad header sizes): 66
fuzz:   rejected (bad number of program headers): 41
fuzz:   rejected (program headers outside the file): 148
fuzz:   rejected (filesz > memsz): 339
fuzz:   rejected (segment outside the file): 276
fuzz:   rejected (segment outside user space): 281
fuzz:   rejected (segment misaligned): 124
fuzz:   rejected (segments overlap): 83
fuzz:   rejected (no loadable segment): 15
fuzz:   rejected (entry point not in executable segment): 178
fuzz:   loaded and exited normally: 1109
fuzz:   loaded, killed by a CPU exception in ring 3: 14
fuzz:   loaded, killed after the 30-tick time limit: 0
fuzz: rejected 1877, ran 1123, kernel faults 0 (we are still here)
after: free frames 64754, heap objects 1, threads 1, processes 0
=== test fuzz: PASS ===
