loop body: 0x0590 to 0x0ac0 (84 instructions)
05b0  ULDC UR6, c[0x0][0x17c]
06f0  LD.E R56, [R44.64+0x10]
0710  LD.E R54, [R44.64]
0730  LD.E R55, [R46.64]
0740  LD.E R57, [R46.64+0x10]
0750  @!P1 LD.E R40, [R68.64]
0760  @!P1 LD.E R42, [R68.64+0x10]
0770  LD.E R44, [R66.64]
0780  LD.E R46, [R66.64+0x10]
07b0  @!P1 LD.E R41, [R68.64]
07c0  @!P1 LD.E R43, [R68.64+0x10]
07d0  LD.E R45, [R64.64]
07e0  LD.E R47, [R64.64+0x10]
0810  ULDC UR7, c[0x0][0x180]
0880  @P3 BRA 0x9a0
0910  LD.E R58, [R64.64]
0920  LD.E R60, [R64.64+0x10]
0930  LD.E R59, [R52.64]
0940  LD.E R61, [R52.64+0x10]
09d0  @!P3 HMMA.16816.F32.BF16 R16, R44, R58, R16
0a10  @!P3 HMMA.16816.F32.BF16 R20, R44, R60, R20
0a50  HMMA.16816.F32.BF16 R8, R44.reuse, R54, R8
0a60  HMMA.16816.F32.BF16 R12, R44, R56, R12
0a70  @!P1 HMMA.16816.F32.BF16 R24, R40.reuse, R54, R24
0a80  @!P1 HMMA.16816.F32.BF16 R28, R40.reuse, R56, R28
0a90  @P2 HMMA.16816.F32.BF16 R32, R40.reuse, R58, R32
0aa0  @P2 HMMA.16816.F32.BF16 R36, R40, R60, R36
0ac0  @P5 BRA 0x590
