$ g++ -std=c++20 -O2 -fcf-protection=none -Wall -Wextra -Werror -c host/regs_codegen.cpp -o codegen.o
$ objdump -d --no-show-raw-insn codegen.o | sed -n '/<_Z15setModeBitfieldPV8CtrlBits>:/,/^$/p'
0000000000000000 <_Z15setModeBitfieldPV8CtrlBits>:
   0:	mov    (%rdi),%eax
   2:	and    $0xfffffff1,%eax
   5:	or     $0xa,%eax
   8:	mov    %eax,(%rdi)
   a:	ret
   b:	nopl   0x0(%rax,%rax,1)

$ objdump -d --no-show-raw-insn codegen.o | sed -n '/<_Z11setModeMaskPVj>:/,/^$/p'
0000000000000010 <_Z11setModeMaskPVj>:
  10:	mov    (%rdi),%eax
  12:	and    $0xfffffff1,%eax
  15:	or     $0xa,%eax
  18:	mov    %eax,(%rdi)
  1a:	ret
  1b:	nopl   0x0(%rax,%rax,1)

$ objdump -d --no-show-raw-insn codegen.o | sed -n '/<_Z15writeTwicePlainPj>:/,/^$/p'
0000000000000020 <_Z15writeTwicePlainPj>:
  20:	movl   $0x2,(%rdi)
  26:	ret
  27:	nopw   0x0(%rax,%rax,1)

$ objdump -d --no-show-raw-insn codegen.o | sed -n '/<_Z18writeTwiceVolatilePVj>:/,/^$/p'
0000000000000030 <_Z18writeTwiceVolatilePVj>:
  30:	movl   $0x1,(%rdi)
  36:	movl   $0x2,(%rdi)
  3c:	ret
  3d:	nopl   (%rax)

$ objdump -d --no-show-raw-insn codegen.o | sed -n '/<_Z9pollPlainPKj>:/,/^$/p'
0000000000000040 <_Z9pollPlainPKj>:
  40:	mov    (%rdi),%eax
  42:	ret
  43:	data16 cs nopw 0x0(%rax,%rax,1)
  4e:	xchg   %ax,%ax

$ objdump -d --no-show-raw-insn codegen.o | sed -n '/<_Z12pollVolatilePVKj>:/,/^$/p'
0000000000000050 <_Z12pollVolatilePVKj>:
  50:	mov    (%rdi),%eax
  52:	test   $0x1,%al
  54:	jne    50 <_Z12pollVolatilePVKj>
  56:	mov    (%rdi),%eax
  58:	ret
$ aarch64-linux-gnu-g++ -std=c++20 -O2 -c host/regs_codegen.cpp -o codegen_arm64.o
$ aarch64-linux-gnu-objdump -d --no-show-raw-insn codegen_arm64.o | sed -n '/<_Z15setModeBitfieldPV8CtrlBits>:/,/^$/p'
0000000000000000 <_Z15setModeBitfieldPV8CtrlBits>:
   0:	ldr	w1, [x0]
   4:	mov	w2, #0x5                   	// #5
   8:	bfi	w1, w2, #1, #3
   c:	str	w1, [x0]
  10:	ret

