== 1 no ordering ==
   order: W(I) W(B) W(D) FLUSH
   crash states examined: 16
      1  BAD: block used by the file but free in the bitmap
      3  BAD: block used by the file but free in the bitmap; BAD: file shows stale data of a deleted file
      2  BAD: file shows stale data of a deleted file
      3  ok-leak: block marked used but owned by nobody (fsck reclaims it)
      2  ok: new file contents
      5  ok: old file contents
== 2 careful order: data and bitmap, flush, then inode ==
   order: W(D) W(B) FLUSH W(I) FLUSH
   crash states examined: 11
      4  ok-leak: block marked used but owned by nobody (fsck reclaims it)
      2  ok: new file contents
      5  ok: old file contents
== 3 journal (ordered mode): data, log, flush, commit, flush, checkpoint ==
   order: W(D) W(J1) W(J2) FLUSH W(JC) FLUSH W(I) W(B) FLUSH
   crash states examined: 26
      9  ok: new file contents
     17  ok: old file contents
== 4 journal with the flush before the commit block missing ==
   order: W(D) W(J1) W(J2) W(JC) FLUSH W(I) W(B) FLUSH
   crash states examined: 39
      1  BAD: file shows stale data of a deleted file
      6  CORRUPT: replay wrote stale journal blocks over metadata
      9  ok: new file contents
     23  ok: old file contents
== 5 as 4, but the commit block carries a checksum of the log blocks ==
   order: W(D) W(J1) W(J2) W(JC) FLUSH W(I) W(B) FLUSH
   crash states examined: 39
      1  BAD: file shows stale data of a deleted file
      9  ok: new file contents
     29  ok: old file contents
