== serial log ==
fb: display device 1234:1111 at 00:02.0, BAR0 fd000000, DISPI id b0c5
fb: PAT MSR 0007040600070406 -> 0007040100070406 (entry 4 = write-combining)
fb: mode 640x480, 32 bits per pixel, mapped at 0xffffe00000000000
console: started (serial and framebuffer)
[#0001] [ INFO] OS302 kernel, chapter F3-23 build
[#0002] [ INFO] smbios: 64-bit entry point at f52d0, version 3.0, table 000f52f0, max 394 bytes
[#0003] [ INFO] smbios: 8 structures before the end marker
[#0004] [ INFO] Booted on: QEMU Standard PC (i440FX + PIIX, 1996), board (no type 2 structure)
[#0005] [ INFO] Firmware:  SeaBIOS, version 1.16.3-debian-1.16.3-2, date 04/01/2014
[#0006] [DEBUG] a debug line (grey)
[#0007] [ INFO] an information line (light grey)
[#0008] [ WARN] a warning line (yellow)
[#0009] [ERROR] an error line (red)
[#0010] [ INFO] scroll test line 1 of 50: the quick brown fox jumps over the lazy dog
[#0011] [ INFO] scroll test line 2 of 50: the quick brown fox jumps over the lazy dog
[#0012] [ INFO] scroll test line 3 of 50: the quick brown fox jumps over the lazy dog
[#0013] [ INFO] scroll test line 4 of 50: the quick brown fox jumps over the lazy dog
[#0014] [ INFO] scroll test line 5 of 50: the quick brown fox jumps over the lazy dog
[#0015] [ INFO] scroll test line 6 of 50: the quick brown fox jumps over the lazy dog
[#0016] [ INFO] scroll test line 7 of 50: the quick brown fox jumps over the lazy dog
[#0017] [ INFO] scroll test line 8 of 50: the quick brown fox jumps over the lazy dog
[#0018] [ INFO] scroll test line 9 of 50: the quick brown fox jumps over the lazy dog
[#0019] [ INFO] scroll test line 10 of 50: the quick brown fox jumps over the lazy dog
[#0020] [ INFO] scroll test line 11 of 50: the quick brown fox jumps over the lazy dog
[#0021] [ INFO] scroll test line 12 of 50: the quick brown fox jumps over the lazy dog
[#0022] [ INFO] scroll test line 13 of 50: the quick brown fox jumps over the lazy dog
[#0023] [ INFO] scroll test line 14 of 50: the quick brown fox jumps over the lazy dog
[#0024] [ INFO] scroll test line 15 of 50: the quick brown fox jumps over the lazy dog
[#0025] [ INFO] scroll test line 16 of 50: the quick brown fox jumps over the lazy dog
[#0026] [ INFO] scroll test line 17 of 50: the quick brown fox jumps over the lazy dog
[#0027] [ INFO] scroll test line 18 of 50: the quick brown fox jumps over the lazy dog
[#0028] [ INFO] scroll test line 19 of 50: the quick brown fox jumps over the lazy dog
[#0029] [ INFO] scroll test line 20 of 50: the quick brown fox jumps over the lazy dog
[#0030] [ INFO] scroll test line 21 of 50: the quick brown fox jumps over the lazy dog
[#0031] [ INFO] scroll test line 22 of 50: the quick brown fox jumps over the lazy dog
[#0032] [ INFO] scroll test line 23 of 50: the quick brown fox jumps over the lazy dog
[#0033] [ INFO] scroll test line 24 of 50: the quick brown fox jumps over the lazy dog
[#0034] [ INFO] scroll test line 25 of 50: the quick brown fox jumps over the lazy dog
[#0035] [ INFO] scroll test line 26 of 50: the quick brown fox jumps over the lazy dog
[#0036] [ INFO] scroll test line 27 of 50: the quick brown fox jumps over the lazy dog
[#0037] [ INFO] scroll test line 28 of 50: the quick brown fox jumps over the lazy dog
[#0038] [ INFO] scroll test line 29 of 50: the quick brown fox jumps over the lazy dog
[#0039] [ INFO] scroll test line 30 of 50: the quick brown fox jumps over the lazy dog
[#0040] [ INFO] scroll test line 31 of 50: the quick brown fox jumps over the lazy dog
[#0041] [ INFO] scroll test line 32 of 50: the quick brown fox jumps over the lazy dog
[#0042] [ INFO] scroll test line 33 of 50: the quick brown fox jumps over the lazy dog
[#0043] [ INFO] scroll test line 34 of 50: the quick brown fox jumps over the lazy dog
[#0044] [ INFO] scroll test line 35 of 50: the quick brown fox jumps over the lazy dog
[#0045] [ INFO] scroll test line 36 of 50: the quick brown fox jumps over the lazy dog
[#0046] [ INFO] scroll test line 37 of 50: the quick brown fox jumps over the lazy dog
[#0047] [ INFO] scroll test line 38 of 50: the quick brown fox jumps over the lazy dog
[#0048] [ INFO] scroll test line 39 of 50: the quick brown fox jumps over the lazy dog
[#0049] [ INFO] scroll test line 40 of 50: the quick brown fox jumps over the lazy dog
[#0050] [ INFO] scroll test line 41 of 50: the quick brown fox jumps over the lazy dog
[#0051] [ INFO] scroll test line 42 of 50: the quick brown fox jumps over the lazy dog
[#0052] [ INFO] scroll test line 43 of 50: the quick brown fox jumps over the lazy dog
[#0053] [ INFO] scroll test line 44 of 50: the quick brown fox jumps over the lazy dog
[#0054] [ INFO] scroll test line 45 of 50: the quick brown fox jumps over the lazy dog
[#0055] [ INFO] scroll test line 46 of 50: the quick brown fox jumps over the lazy dog
[#0056] [ INFO] scroll test line 47 of 50: the quick brown fox jumps over the lazy dog
[#0057] [ INFO] scroll test line 48 of 50: the quick brown fox jumps over the lazy dog
[#0058] [ INFO] scroll test line 49 of 50: the quick brown fox jumps over the lazy dog
[#0059] [ INFO] scroll test line 50 of 50: the quick brown fox jumps over the lazy dog
B6 screen ready; waiting for the screendump
