screendump: 640 x 480 pixels
panic background pixels (0xa01010): 297455 of 307200
top-left corner, 120 x 20 pixels ('#' = bright pixel):
  ........................#...#.#####.####..#...#.#####.#...........####...###..#...#..###...###..............#####.#...#.
  ..#.....#.....#.........#..#..#.....#...#.#...#.#.....#...........#...#.#...#.#...#...#...#...#..##...........#...#...#.
  #.#.#.#.#.#.#.#.#.......#.#...#.....#...#.##..#.#.....#...........#...#.#...#.##..#...#...#......##...........#...#...#.
  .###...###...###........##....####..####..#.#.#.####..#...........####..#####.#.#.#...#...#...................#...#####.
  #.#.#.#.#.#.#.#.#.......#.#...#.....#.#...#..##.#.....#...........#.....#...#.#..##...#...#......##...........#...#...#.
  ..#.....#.....#.........#..#..#.....#..#..#...#.#.....#...........#.....#...#.#...#...#...#...#..##...........#...#...#.
  ........................#...#.#####.#...#.#...#.#####.#####.......#.....#...#.#...#..###...###................#...#...#.
  ........................................................................................................................
  ........................................................................................................................
  ........................................................................................................................
  ........................................................................................................................
  ........................................................................................................................
  ........................................................................................................................
  ........................................................................................................................
  ........................................................................................................................
  ........................................................................................................................
  ........................................................................................................................
  ........................................................................................................................
  ........................................................................................................................
  ........................................................................................................................
