screendump: 640 x 480 pixels
replayed 61 serial lines into the reference image
pixels that differ: 0 of 307200 (pixel-exact match)
top-left corner of the screendump, 120 x 20 pixels ('#' = bright pixel):
  .###...#.#...###...###....#......#...###.........###.........###..#...#.#####..###...###.........####..###..####...###..
  .#.....#.#..#...#.#...#..##.....##.....#.........#............#...#...#.#.....#...#....#........#.....#...#.#...#.#...#.
  .#....#####.#..##.#..##...#....#.#.....#.........#............#...##..#.#.....#...#....#........#.....#.....#...#.#...#.
  .#.....#.#..#.#.#.#.#.#...#...#..#.....#.........#............#...#.#.#.####..#...#....#.........###..#.....####..#...#.
  .#....#####.##..#.##..#...#...#####....#.........#............#...#..##.#.....#...#....#............#.#.....#.#...#...#.
  .#.....#.#..#...#.#...#...#......#.....#.........#............#...#...#.#.....#...#....#............#.#...#.#..#..#...#.
  .###...#.#...###...###...###.....#...###.........###.........###..#...#.#......###...###........####...###..#...#..###..
  ........................................................................................................................
  ........................................................................................................................
  ........................................................................................................................
  .###...#.#...###...###....#...#####..###.........###.........###..#...#.#####..###...###.........####..###..####...###..
  .#.....#.#..#...#.#...#..##...#........#.........#............#...#...#.#.....#...#....#........#.....#...#.#...#.#...#.
  .#....#####.#..##.#..##...#...####.....#.........#............#...##..#.#.....#...#....#........#.....#.....#...#.#...#.
  .#.....#.#..#.#.#.#.#.#...#.......#....#.........#............#...#.#.#.####..#...#....#.........###..#.....####..#...#.
  .#....#####.##..#.##..#...#.......#....#.........#............#...#..##.#.....#...#....#............#.#.....#.#...#...#.
  .#.....#.#..#...#.#...#...#...#...#....#.........#............#...#...#.#.....#...#....#............#.#...#.#..#..#...#.
  .###...#.#...###...###...###...###...###.........###.........###..#...#.#......###...###........####...###..#...#..###..
  ........................................................................................................................
  ........................................................................................................................
  ........................................................................................................................
