== serial log of the kernel ==
F4-03 kernel: magic=0x2badb002
i8042: config byte 0x71 (translation on)
i8042: self-test 0x55
i8042: port tests 0 0 (0 = passed)
i8042: keyboard reset ack=1 result 0xaa; mouse reset ack=1 result 0xaa id 0x00
i8042: mouse data reporting on
i8042: config byte now 0x43
tty ready
hellp^H ^Ho world
shell: line "hello world" (11 chars)
DR301 ok
shell: line "DR301 ok" (8 chars)
mouse: dx=10 dy=5 buttons=---
mouse: dx=0 dy=0 buttons=L--
mouse: dx=0 dy=0 buttons=---
status t=1312 ms: irq0=1312 irq1=50 irq12=9 keys=23 mouse_packets=3
mouse resyncs: 0
F4-03 done
== injected through QEMU's monitor (qmp_drive.py) ==
(qemu) sendkey h
(qemu) sendkey e
(qemu) sendkey l
(qemu) sendkey l
(qemu) sendkey p
(qemu) sendkey backspace
(qemu) sendkey o
(qemu) sendkey spc
(qemu) sendkey w
(qemu) sendkey o
(qemu) sendkey r
(qemu) sendkey l
(qemu) sendkey d
(qemu) sendkey ret
(qemu) sendkey shift-d
(qemu) sendkey shift-r
(qemu) sendkey 3
(qemu) sendkey 0
(qemu) sendkey 1
(qemu) sendkey spc
(qemu) sendkey o
(qemu) sendkey k
(qemu) sendkey ret
(qemu) mouse_move 10 -5
(qemu) mouse_button 1
(qemu) mouse_button 0
== QEMU trace: scan codes the emulated keyboard produced (ps2_put_keycode), count and first 6 ==
75
ps2_put_keycode 0x55fc7fd93a20 keycode 0x33
ps2_put_keycode 0x55fc7fd93a20 keycode 0xf0
ps2_put_keycode 0x55fc7fd93a20 keycode 0x33
ps2_put_keycode 0x55fc7fd93a20 keycode 0x24
ps2_put_keycode 0x55fc7fd93a20 keycode 0xf0
ps2_put_keycode 0x55fc7fd93a20 keycode 0x24
