x + 5 = 12: x = 7; check 12
3x + 2 = 14: 3x = 12, x = 4; check 14
2x - 3 = 9: 2x = 12, x = 6; check 9
x / 4 = 5: x = 20; check 5
8t = 2000: t = 250; check 2000
4n + 6 = 30: 4n = 24, n = 6; check 30
x - 7 = 3: x = 10
5x = 35: x = 7
2x + 1 = 11: x = 5
6 + 3x = 21: x = 5
2x + 3 = 12 needs x = 4.5
wrong step: 14 / 3 = 4.66667
ticket 11 = table x 4 + 3: table = 2
x + 4 = -2: x = -6
3(x + 1) = 18: x + 1 = 6, x = 5
250t = 6000: t = 24; check 6000
x + 4 = 12: x = 8; check 3 x 5 + 3 ... 3(5 + 1) = 18
2 x 4.5 + 3 = 12; 14 - 2 = 12
256t = 1000: t = 3.90625; 13 / 3 = 4 r 1; 3 x 4 + 4 = 16
3x + 2 = x + 10: 2x = 8, x = 4; check 14 = 14
3 x 4.67 + 2 = 16.01
