== linker script difference from F4-24 ==
<     . = 0x40080000;
>     . = 0x80000;
== image header (first 64 bytes; text_offset at byte 8, image size at byte 16) ==
000000 0000000014000010 0000000000080000
000010 0000000000027000 0000000000000002
000020 0000000000000000 0000000000000000
000030 0000000000000000 00000000644d5241
000040
== symbols ==
0000000000080000 T _start
0000000000081870 T kmain
00000000000815b0 T pi_secondary_entry
0000000000081528 T secondary_entry
== kernel8.img would be k_d4.bin: 24432 bytes ==
== sha256 of the F3-18 files compiled unchanged into this kernel ==
0f05480f59e5c62fba6c46c7eb88354eff26e1849465cfcfb6ed335e181f10a2  kformat.h
32c88a40dc7df302f3eae321cdee71cb57e349f1e7548125cc1756425be12b74  kprint.h
e3d856d699a5fc70e6149e1ddb3f6d0fbc55593987e8ec4d94b280e978d6d0da  serial.h
4f9765b9e48eb199eb169e266fe69d12aa32182834195284199c09d0ec30ba20  panic.h
37dfc7a46882eefd2b9f05b5a071c987b91d35c2868603e2f8cda493807e6ff7  kprint.cc
4de33cd1542310daa2e1533eaf0e996ac37f2237f8049bf9970be7049c1832c2  panic.cc
adfdedc4e7e274e34043e8ee6c2277e770a6a3c6618252f630d4c8d614316914  cxxrt.cc
