== qemu -d int (QEMU exits by itself: the panic path resets through the watchdog) ==
Exception return from AArch64 EL2 to AArch64 EL1 PC 0x80080
Taking exception 4 [Data Abort] on CPU 0
...from EL1 to EL1
...with ESR 0x25/0x96000010
...with FAR 0x7e200004
...with ELR 0x81b54
...to EL1 PC 0x80a00 PSTATE 0x3c5
== addr2line -f -C -e k_nr.elf 0x81b54 ==
kmain
pi_main.cc:192
== the /soc part of pi3.dtb (fdt_tool dump) ==
    soc {
        compatible = "simple-bus";
        #address-cells = <0x1>;
        #size-cells = <0x1>;
        ranges = <0x7e000000 0x3f000000 0x1000000>;
        serial@7e201000 {
            compatible = "arm,pl011", "arm,primecell";
            reg = <0x7e201000 0x200>;
            clock-frequency = <0x2dc6c00>;
        };
        watchdog@7e100000 {
            compatible = "brcm,bcm2835-pm-wdt";
            reg = <0x7e100000 0x28>;
        };
    };
