D4: platform from Raspberry Pi 3 (BCM2837, Cortex-A53)
no devicetree in x0 (x0 = 0x0000000000000100): board table chosen by MIDR part number
PL011 at 0x3f201000, clock 48000000 Hz, 115200 baud: IBRD 26 FBRD 3
entered at EL2, running at EL1
MIDR_EL1 0x410fd034 (part 0xd03)
CNTFRQ_EL0 62500000 Hz
neutral tests on aarch64: sizeof(void*) 8, sizeof(long) 8, page size 4096
  ok   global constructor ran before the tests
  ok   .bss reads as zero
  ok   kformat output identical to the x86-64 B1 line
  info this CPU is little-endian; be32(11 22 33 44) = 0x11223344
  ok   explicit byte-order reads
  ok   pointers round-trip through uintptr_t
  ok   frame allocator uses the arch page size
  ok   std::atomic fetch_add and CAS
  skip devicetree tests: this platform describes itself another way (ACPI)
neutral tests on aarch64: 7 passed, 0 failed
core 1: writing entry 0x815b0 to release address 0xe0
core 2: writing entry 0x815b0 to release address 0xe8
core 3: writing entry 0x815b0 to release address 0xf0
core 2 up: entered at EL2, running at EL1, MPIDR 0x80000002
core 3 up: entered at EL2, running at EL1, MPIDR 0x80000003
core 1 up: entered at EL2, running at EL1, MPIDR 0x80000001
3 of 3 other cores came up
lock test: 4 cores x 20000 rounds: counter 80000 (expected 80000)
generic timer: 6253244 ticks = 100 ms at CNTFRQ
D4 ok
exit: pass (code 0x10); watchdog reset at 0x3f100000
