world: room 4.0 x 3.0 m, box x 2.5..3.0 y 1.2..1.8; step 10 ms; rtf 1.00; controller clock: sim
teleop: v=0.40 m/s w=0.00 rad/s for 5.00 s (sim time)
  t=  0.50 wall=  0.50 truth (0.70, 1.50,    1 deg) odom (0.70, 1.50,    0 deg) scan: 1.80 2.09 1.50 0.97 0.70 1.00 1.50 2.15
  t=  1.00 wall=  1.00 truth (0.90, 1.51,    2 deg) odom (0.90, 1.50,    0 deg) scan: 1.60 2.06 1.50 1.23 0.90 1.30 1.51 2.19
  t=  1.50 wall=  1.50 truth (1.09, 1.51,    2 deg) odom (1.10, 1.50,    0 deg) scan: 1.41 2.03 1.49 1.49 1.09 1.61 1.51 2.23
  t=  2.00 wall=  2.00 truth (1.29, 1.52,    3 deg) odom (1.30, 1.50,    0 deg) scan: 1.21 1.99 1.48 1.74 1.29 1.93 1.52 2.28
  t=  2.50 wall=  2.50 truth (1.49, 1.53,    4 deg) odom (1.50, 1.50,    0 deg) scan: 1.01 1.95 1.47 1.98 1.49 2.04 1.54 2.33
  t=  3.00 wall=  3.00 truth (1.69, 1.55,    5 deg) odom (1.70, 1.50,    0 deg) scan: 0.82 1.91 1.46 2.22 1.69 2.03 1.55 2.39
  t=  3.50 wall=  3.50 truth (1.88, 1.56,    5 deg) odom (1.90, 1.50,    0 deg) scan: 0.62 1.86 1.44 2.25 1.89 2.03 1.57 2.45
  t=  4.00 wall=  4.00 truth (2.08, 1.58,    6 deg) odom (2.10, 1.50,    0 deg) scan: 0.42 1.82 1.42 2.26 2.09 2.04 1.59 0.54
  t=  4.19 safety stop: front range 0.346 m < 0.35 m
  t=  4.50 wall=  4.50 truth (2.16, 1.59,    6 deg) odom (2.18, 1.50,    0 deg) scan: 0.35 1.80 1.42 2.26 2.17 2.04 1.60 0.44
  t=  5.00 wall=  5.00 truth (2.16, 1.59,    6 deg) odom (2.18, 1.50,    0 deg) scan: 0.35 1.80 1.42 2.26 2.17 2.04 1.60 0.44
teleop: v=0.00 m/s w=0.50 rad/s for 3.14 s (sim time)
  t=  5.50 wall=  5.50 truth (2.16, 1.59,   21 deg) odom (2.18, 1.50,   14 deg) scan: 0.37 1.55 1.50 2.37 2.30 1.75 1.70 0.38
  t=  6.00 wall=  6.00 truth (2.16, 1.59,   35 deg) odom (2.18, 1.50,   29 deg) scan: 2.24 1.43 1.71 2.19 2.63 1.62 1.94 0.35
  t=  6.50 wall=  6.50 truth (2.16, 1.59,   49 deg) odom (2.18, 1.50,   43 deg) scan: 1.87 1.41 2.14 2.16 2.11 1.60 0.46 0.34
  t=  7.00 wall=  7.00 truth (2.16, 1.59,   63 deg) odom (2.18, 1.50,   57 deg) scan: 1.58 1.48 2.42 2.27 1.79 1.68 0.38 0.36
  t=  7.50 wall=  7.50 truth (2.16, 1.59,   77 deg) odom (2.18, 1.50,   72 deg) scan: 1.44 1.66 2.21 2.55 1.63 1.89 0.35 2.18
  t=  8.00 wall=  8.00 truth (2.16, 1.59,   91 deg) odom (2.18, 1.50,   86 deg) scan: 1.41 2.04 2.16 2.20 1.59 0.47 0.34 1.94
teleop: v=0.30 m/s w=0.00 rad/s for 3.00 s (sim time)
  t=  8.50 wall=  8.50 truth (2.15, 1.70,   96 deg) odom (2.18, 1.60,   90 deg) scan: 1.31 2.08 2.16 2.18 1.71 0.45 0.36 1.67
  t=  9.00 wall=  9.00 truth (2.13, 1.84,   97 deg) odom (2.17, 1.75,   90 deg) scan: 1.16 1.86 2.14 2.35 1.86 0.47 1.88 1.47
  t=  9.50 wall=  9.50 truth (2.11, 1.99,   97 deg) odom (2.17, 1.90,   90 deg) scan: 1.02 1.65 2.13 2.52 2.01 0.49 1.90 1.27
  t= 10.00 wall= 10.00 truth (2.09, 2.14,   98 deg) odom (2.17, 2.05,   90 deg) scan: 0.87 1.43 2.11 2.68 2.16 0.56 1.93 1.08
  t= 10.50 wall= 10.50 truth (2.07, 2.29,   98 deg) odom (2.17, 2.20,   90 deg) scan: 0.72 1.20 2.09 2.85 2.31 0.82 1.95 0.89
  t= 11.00 wall= 11.00 truth (2.05, 2.43,   99 deg) odom (2.17, 2.35,   90 deg) scan: 0.57 0.96 2.07 3.01 2.46 1.08 1.98 0.70
end: sim 11.15 s, wall 11.15 s; truth (2.042, 2.477); odom (2.172, 2.400); odom error 0.152 m
