171: * Threads within this this group are guaranteed to be co-resident on the
172- * same system, on multiple devices within the same launched kernels.
173- * To use this group, the kernel must have been launched with
174- * cuLaunchCooperativeKernelMultiDevice (or the CUDA Runtime equivalent),
--
314: * Threads within this this group are guaranteed to be co-resident on the
315- * same device within the same launched kernel. To use this group, the kernel
316- * must have been launched with cuLaunchCooperativeKernel (or the CUDA Runtime equivalent),
317- * and the device must support it (queryable device attribute).
335:        return (_data.grid.gridWs != NULL);
336-    }
337-
338-    _CG_QUALIFIER void sync() const {
339-        if (!is_valid()) {
340-            _CG_ABORT();
341-        }
970:    static_assert(details::_is_valid_single_warp_tile<Size>::value, "Size must be one of 1/2/4/8/16/32");
1291:    static_assert(details::_is_valid_multi_warp_tile<Size>::value, "Size must be one of 64/128/256/512");
1083:    _CG_STATIC_QUALIFIER unsigned int meta_group_rank() {
1084-        return ParentT::thread_rank() / Size;
194:# define _CG_ABORT() assert(0);
197:# define _CG_ABORT() __trap();
69:    __barrier_sync(0);
75:            nb = 0x80000000 - (expected - 1);
89:        asm volatile("atom.add.release.gpu.u32 %0,[%1],%2;" : "=r"(oldArrive) : _CG_ASM_PTR_CONSTRAINT((unsigned int*)arrived), "r"(nb) : "memory");
93:            asm volatile("ld.acquire.gpu.u32 %0,[%1];" : "=r"(current_arrive) : _CG_ASM_PTR_CONSTRAINT((unsigned int *)arrived) : "memory");
98:    __barrier_sync(0);
