BdsDxe: loading Boot0001 "UEFI QEMU HARDDISK QM00001 " from PciRoot(0x0)/Pci(0x1F,0x2)/Sata(0x0,0xFFFF,0x0)
BdsDxe: starting Boot0001 "UEFI QEMU HARDDISK QM00001 " from PciRoot(0x0)/Pci(0x1F,0x2)/Sata(0x0,0xFFFF,0x0)
F5-28 numa: start
SMBIOS inventory:
  type 4  processor socket 'CPU 0'
  type 4  processor socket 'CPU 1'
  type 17 memory device 'DIMM 0', size field 512 MiB
  processor sockets listed: 2
MADT: 4 processor local APIC entries
SRAT (checksum ok):
  CPU   APIC ID 0 -> node 0
  CPU   APIC ID 1 -> node 0
  CPU   APIC ID 2 -> node 1
  CPU   APIC ID 3 -> node 1
  MEM   0x000000000 + 0x0000a0000 (640 KiB) -> node 0
  MEM   0x000100000 + 0x01ff00000 (523264 KiB) -> node 0
  MEM   (unused entry, flags 0)
  MEM   (unused entry, flags 0)
SLIT (checksum ok):
  relative distance, row = from node, column = to node
  node 0: 10 21
  node 1: 21 10
node 0: 2 CPUs, 523904 KiB of memory
node 1: 2 CPUs, 0 KiB of memory
F5-28 numa: done
