1   0.000000         host → 0.1.0        USB 64 GET DESCRIPTOR Request DEVICE
2   0.000061        0.1.0 → host         USB 72 GET DESCRIPTOR Response DEVICE
3   0.000156         host → 0.1.0        USB 64 GET DESCRIPTOR Request CONFIGURATION
4   0.000159        0.1.0 → host         USB 73 GET DESCRIPTOR Response CONFIGURATION
5   0.000198         host → 0.1.0        USB 64 GET DESCRIPTOR Request CONFIGURATION
6   0.000236        0.1.0 → host         USB 98 GET DESCRIPTOR Response CONFIGURATION
7   0.000462         host → 0.1.0        USB 64 SET CONFIGURATION Request
8   0.000481        0.1.0 → host         USB 64 SET CONFIGURATION Response
9   0.000645         host → 0.1.0        USBHID 64 SET_PROTOCOL Request
10   0.000658        0.1.0 → host         USBHID 64 SET_PROTOCOL Response
11   0.000685         host → 0.1.0        USBHID 64 SET_IDLE Request
12   0.000710        0.1.0 → host         USBHID 64 SET_IDLE Response
13   0.054514         host → 0.1.1        USB 64 URB_INTERRUPT in
14   0.054557        0.1.1 → host         USB 72 URB_INTERRUPT in
15   0.110689         host → 0.1.1        USB 64 URB_INTERRUPT in
16   0.110746        0.1.1 → host         USB 72 URB_INTERRUPT in
17   0.158453         host → 0.1.1        USB 64 URB_INTERRUPT in
18   0.158491        0.1.1 → host         USB 72 URB_INTERRUPT in
19   0.326451         host → 0.1.1        USB 64 URB_INTERRUPT in
20   0.326502        0.1.1 → host         USB 72 URB_INTERRUPT in
