Design A: the healthy table (loop 400 Hz, fast loop 1100 us)
task            Hz  budget   want   runs  skipped     over    max gap
rc_input       400   100 us   4000   4000        0        0     2.5 ms
gps             50   200 us    500    500        0        0    20.0 ms
navigation     100   300 us   1000   1000        0        0    10.0 ms
compass        100   100 us   1000   1000        0        0    10.0 ms
baro            50   150 us    500    500        0        0    20.0 ms
telemetry       50   500 us    500    500        0        0    20.0 ms
logging        100   400 us   1000   1000        0        0    10.0 ms
battery         10   120 us    100    100        1        0   102.5 ms
arming           1    50 us     10     10        0        0  1000.0 ms
loops 4000, loop overruns 0, worst loop 2431 us of 2500 us

Design B: a new 400 Hz 'object_avoid' task (budget 1000 us) inserted after rc_input
task            Hz  budget   want   runs  skipped     over    max gap
rc_input       400   100 us   4000   4000        0        0     2.5 ms
object_avoid   400  1000 us   4000   4000        0        0     2.5 ms
gps             50   200 us    500    500        0        0    20.0 ms
navigation     100   300 us   1000   1000        1        0    12.5 ms
compass        100   100 us   1000   1000        0        0    10.0 ms
baro            50   150 us    500    500        2        0    22.5 ms
telemetry       50   500 us    500    166     2672        0   230.0 ms
logging        100   400 us   1000    649     1407        0    52.5 ms
battery         10   120 us    100    100        5        0   102.5 ms
arming           1    50 us     10     10        0        0  1000.0 ms
loops 4000, loop overruns 0, worst loop 2461 us of 2500 us
