--- countPlain
ld.global.u32 	%r6, [%rd5];
add.s32 	%r9, %r7, %r8;
ld.global.u32 	%r12, [%rd6];
add.s32 	%r13, %r12, 1;
st.global.u32 	[%rd6], %r13;
--- countAtomic
ld.global.u32 	%r6, [%rd5];
add.s32 	%r9, %r7, %r8;
atom.global.add.u32 	%r12, [%rd6], 1;
--- countWarpAgg
ld.global.u32 	%r7, [%rd5];
add.s32 	%r10, %r8, %r9;
vote.sync.ballot.b32 	%r3, %p8, %r13;
popc.b32 	%r17, %r3;
atom.global.add.u32 	%r18, [%rd6], %r17;
--- countBlockAgg
st.shared.u32 	[_ZZ13countBlockAggPKiiPiE10blockCount], %r4;
ld.global.u32 	%r7, [%rd5];
add.s32 	%r10, %r8, %r9;
atom.shared.add.u32 	%r14, [%r13], 1;
ld.shared.u32 	%r15, [_ZZ13countBlockAggPKiiPiE10blockCount];
atom.global.add.u32 	%r16, [%rd6], %r15;
--- scopes
atom.global.cta.add.u32 	%r1, [%rd2], 1;
atom.global.sys.add.u32 	%r2, [%rd3], 1;
