--- countPlain
0090  LDG.E R2, [R2.64]
0110  LDG.E R0, [R2.64]
0130  STG.E [R2.64], R5
--- countAtomic
0090  LDG.E R2, [R2.64]
0100  VOTEU.ANY UR6, UPT, PT
0130  POPC R5, UR6
0160  @P0 RED.E.ADD.STRONG.GPU [R2.64], R5
--- countWarpAgg
00b0  LDG.E R2, [R2.64]
0110  VOTE.ANY R4, PT, P0
0190  POPC R0, R4
01b0  VOTEU.ANY UR4, UPT, PT
01e0  REDUX.SUM UR5, R0
0220  @P0 RED.E.ADD.STRONG.GPU [R2.64], R5
--- countBlockAgg
00d0  LDG.E R2, [R2.64]
0130  ATOMS.POPC.INC.32 RZ, [URZ]
0180  VOTEU.ANY UR4, UPT, PT
01c0  UPOPC UR4, UR4
0200  @P0 RED.E.ADD.STRONG.GPU [R2.64], R5
