hsa_kernel_dispatch_packet_t: 64 bytes
  offset  0  header
  offset  2  setup
  offset  4  workgroup_size_x
  offset  6  workgroup_size_y
  offset  8  workgroup_size_z
  offset 12  grid_size_x
  offset 16  grid_size_y
  offset 20  grid_size_z
  offset 24  private_segment_size
  offset 28  group_segment_size
  offset 32  kernel_object
  offset 40  kernarg_address
  offset 56  completion_signal
header for KERNEL_DISPATCH, barrier, system-scope fences: 0x1502

enqueue A and B, then ring the doorbell once with the last id:
  [after doorbell] packet 0: launch kernel_object=0x7f00a000 grid=1048576 block=256 -> 4096 workgroups, kernarg=0x7f00b000
  [after doorbell] packet 1: launch kernel_object=0x7f00a100 grid=1000 block=64 -> 16 workgroups, kernarg=0x7f00b040
write_index=2 read_index=2

wrap-around: 10 more dispatches through the 8-slot ring
  [doorbell] packet 2: launch kernel_object=0x7f00a200 grid=64 block=64 -> 1 workgroups, kernarg=0x7f00c000
  [doorbell] packet 3: launch kernel_object=0x7f00a200 grid=128 block=64 -> 2 workgroups, kernarg=0x7f00c040
  [doorbell] packet 4: launch kernel_object=0x7f00a200 grid=192 block=64 -> 3 workgroups, kernarg=0x7f00c080
  [doorbell] packet 5: launch kernel_object=0x7f00a200 grid=256 block=64 -> 4 workgroups, kernarg=0x7f00c0c0
  [doorbell] packet 6: launch kernel_object=0x7f00a200 grid=320 block=64 -> 5 workgroups, kernarg=0x7f00c100
  [doorbell] packet 7: launch kernel_object=0x7f00a200 grid=384 block=64 -> 6 workgroups, kernarg=0x7f00c140
  [doorbell] packet 8: launch kernel_object=0x7f00a200 grid=448 block=64 -> 7 workgroups, kernarg=0x7f00c180
  [doorbell] packet 9: launch kernel_object=0x7f00a200 grid=512 block=64 -> 8 workgroups, kernarg=0x7f00c1c0
  [doorbell] packet 10: launch kernel_object=0x7f00a200 grid=576 block=64 -> 9 workgroups, kernarg=0x7f00c200
  [doorbell] packet 11: launch kernel_object=0x7f00a200 grid=640 block=64 -> 10 workgroups, kernarg=0x7f00c240
write_index=12 read_index=12 (slot of the last packet: 3)
