KFD interface version in this header: 1.14

Path 1: a compute dispatch through amdkfd (the ROCm runtime, below HIP)
  /dev/kfd     AMDKFD_IOC_GET_VERSION         0x80084b01  type 'K' nr 0x01 size   8 R     check the interface version
  /dev/kfd     AMDKFD_IOC_ACQUIRE_VM          0x40084b15  type 'K' nr 0x15 size   8 W     use the GPU address space of a DRM render node
  /dev/kfd     AMDKFD_IOC_ALLOC_MEMORY_OF_GPU 0xc0284b16  type 'K' nr 0x16 size  40 RW    allocate a buffer (VRAM or system memory)
  /dev/kfd     AMDKFD_IOC_MAP_MEMORY_TO_GPU   0xc0184b18  type 'K' nr 0x18 size  24 RW    enter it in the GPU page tables
  /dev/kfd     AMDKFD_IOC_CREATE_QUEUE        0xc0584b02  type 'K' nr 0x02 size  88 RW    create a user-mode queue, get its doorbell
  /dev/kfd     AMDKFD_IOC_CREATE_EVENT        0xc0204b08  type 'K' nr 0x08 size  32 RW    an event the GPU can signal
  /dev/kfd     AMDKFD_IOC_WAIT_EVENTS         0xc0184b0c  type 'K' nr 0x0c size  24 RW    sleep until the event fires
  (no ioctl)   write AQL packet + doorbell                    the dispatch itself is a memory write
  create_queue arguments: 88 bytes; queue type COMPUTE_AQL = 2

Path 2: a command submission through amdgpu (Mesa's OpenGL and Vulkan drivers)
  renderD*     DRM_IOCTL_AMDGPU_CTX           0xc0106442  type 'd' nr 0x42 size  16 RW    create a submission context
  renderD*     DRM_IOCTL_AMDGPU_GEM_CREATE    0xc0206440  type 'd' nr 0x40 size  32 RW    create a buffer object
  renderD*     DRM_IOCTL_AMDGPU_CS            0xc0186444  type 'd' nr 0x44 size  24 RW    submit command buffers (IBs) to a ring
  renderD*     DRM_IOCTL_AMDGPU_WAIT_CS       0xc0206449  type 'd' nr 0x49 size  32 RW    wait for the submission's fence
  hardware IP types: GFX=0 COMPUTE=1 DMA=2

Path 3: a page flip through KMS (a compositor)
  card*        DRM_IOCTL_MODE_GETRESOURCES    0xc04064a0  type 'd' nr 0xa0 size  64 RW    list CRTCs, encoders, connectors
  card*        DRM_IOCTL_MODE_ADDFB2          0xc06864b8  type 'd' nr 0xb8 size 104 RW    wrap a buffer object as a framebuffer
  card*        DRM_IOCTL_MODE_PAGE_FLIP       0xc01864b0  type 'd' nr 0xb0 size  24 RW    show it from the next vertical blank
  card*        DRM_IOCTL_MODE_ATOMIC          0xc03864bc  type 'd' nr 0xbc size  56 RW    the atomic form of the same change
  card*        DRM_IOCTL_WAIT_VBLANK          0xc018643a  type 'd' nr 0x3a size  24 RW    wait for a vertical blank
  page flip flags: EVENT=0x1 ASYNC=0x2; struct drm_mode_crtc_page_flip: 24 bytes
