K in use =
  [  -495.8883  -195.6104  -554.6103  -117.3768 ]
bump test: pole released at th = 0.15 rad; driver clamps |F| to 10 N
  t(s)     x(m)    v(m/s)   th(rad)  w(rad/s)  F_demand(N)  F_applied(N)
  0.00    0.000     0.000     0.150     0.000         83.2          10.0
  0.05    0.012     0.483     0.130    -0.816         76.6          10.0
  0.10    0.048     0.969     0.068    -1.683         53.5          10.0
  0.15    0.109     1.462    -0.040    -2.650          6.6           6.6
  0.20    0.179     1.180    -0.168    -2.198        -31.7         -10.0
  0.25    0.226     0.697    -0.259    -1.466        -67.5         -10.0
  0.30    0.249     0.228    -0.317    -0.847       -107.2         -10.0
  0.35    0.249    -0.233    -0.345    -0.298       -148.7         -10.0
  0.40    0.226    -0.688    -0.347     0.223       -189.0         -10.0
  0.45    0.180    -1.143    -0.323     0.758       -224.5         -10.0
  0.50    0.111    -1.603    -0.270     1.347       -250.3         -10.0
  0.55    0.020    -2.070    -0.187     2.031       -260.3         -10.0
  0.60   -0.096    -2.548    -0.065     2.852       -247.3         -10.0
  0.65   -0.235    -3.034     0.101     3.836       -203.6         -10.0
  0.70   -0.399    -3.512     0.321     4.971       -123.3         -10.0
  0.75   -0.586    -3.945     0.600     6.178         -4.4          -4.4
  0.80   -0.775    -3.526     0.913     6.265        167.6          10.0
