 working set    ns per load
        4 KiB           1.65
        8 KiB           1.65
       16 KiB           1.68
       32 KiB           2.01
       64 KiB           3.43
      128 KiB           3.88
      256 KiB           5.13
      512 KiB           5.63
        1 MiB          10.64
        2 MiB          23.46
        4 MiB          43.23
        8 MiB          69.04
       16 MiB         165.64
       32 MiB         183.78
       64 MiB         219.32
      128 MiB         243.89
      256 MiB         253.03
      512 MiB         285.09
     1024 MiB         318.75
