--- program output
n = 1024 (matrix of 4.0 MiB), median of 1 runs
sumRows:        8.172 ms   7.794 ns per element
sumColumns:    49.570 ms  47.273 ns per element
columns / rows = 6.1
--- cachegrind summary (stderr, process id replaced by PID)
==PID== Cachegrind, a high-precision tracing profiler
--PID-- warning: L3 cache found, using its data for the LL simulation.
--PID-- warning: specified LL cache: line_size 64  assoc 20  total_size 272,629,760
--PID-- warning: simulated LL cache: line_size 64  assoc 33  total_size 276,824,064
==PID== I refs:        13,541,987
==PID== I1  misses:         2,260
==PID== LLi misses:         2,159
==PID== I1  miss rate:       0.02%
==PID== LLi miss rate:       0.02%
==PID== D refs:         3,836,349  (2,617,402 rd   + 1,218,947 wr)
==PID== D1  misses:     1,194,408  (1,126,636 rd   +    67,772 wr)
==PID== LLd misses:        74,536  (    7,585 rd   +    66,951 wr)
==PID== D1  miss rate:       31.1% (     43.0%     +       5.6%  )
==PID== LLd miss rate:        1.9% (      0.3%     +       5.5%  )
==PID== LL refs:        1,196,668  (1,128,896 rd   +    67,772 wr)
==PID== LL misses:         76,695  (    9,744 rd   +    66,951 wr)
==PID== LL miss rate:         0.4% (      0.1%     +       5.5%  )
--- cg_annotate: per-function counts (columns as printed by cg_annotate)
Events shown: Ir I1mr ILmr Dr D1mr DLmr Dw D1mw DLmw
 6,300,679 (46.5%) 2 (0.1%) 2 (0.1%) 1,048,578 (40.1%) 1,048,577 (93.1%) 0 0 0 0 sumColumns(std::vector<float, std::allocator<float> > const&, unsigned long)
 2,629,642 (19.4%) 2 (0.1%) 2 (0.1%) 1,048,578 (40.1%) 65,538 (5.8%) 0 0 0 0 sumRows(std::vector<float, std::allocator<float> > const&, unsigned long)
