== checks
no problems found

== schedule (working days; L = likely, P = pessimistic)
id    start L  finish L  finish P  slack  on critical path
M0        0.0       5.0       8.0    0.0  yes
M1        5.0      15.0      24.0    0.0  yes
M2       15.0      21.0      34.0    0.0  yes
M3       21.0      29.0      49.0    2.0  
M4       21.0      31.0      52.0    0.0  yes
M5       31.0      37.0      64.0    0.0  yes
M6       37.0      45.0      78.0    0.0  yes
M7       45.0      50.0      87.0    0.0  yes
M8       50.0      55.0      95.0    0.0  yes
end: optimistic 37.0, likely 55.0, pessimistic 95.0 days
critical path (likely): M0 M1 M2 M4 M5 M6 M7 M8

== gates
R0 after M0: day 5.0 likely, 8.0 pessimistic
R1 after M1: day 15.0 likely, 24.0 pessimistic
R2 after M4: day 31.0 likely, 52.0 pessimistic
R3 after M6: day 45.0 likely, 78.0 pessimistic
R4 after M8: day 55.0 likely, 95.0 pessimistic
