F4-05 kernel: magic=0x2badb002
found virtio 00:01.0 device id 0x1042 (block, modern)
found virtio 00:02.0 device id 0x1041 (network, modern)
virtio 00:01.0: device offers 0x10130006e54, driver accepted 0x100000000
virtio queue 0: size 128 (device max 256), desc 0x136000 avail 0x136800 used 0x137000
virtio-blk: capacity 2097152 sectors (1024 MiB)
  BAD READ block 29395 (expected generation 0)
  BAD READ block 24893 (expected generation 0)
  BAD READ block 6453 (expected generation 0)
iotest qd=1: 2000 reads, 2000 writes over 1 GiB, 1999 bad reads, 0 errors, 5807 ms emulated
  BAD READ block 165140 (expected generation 0)
  BAD READ block 9365 (expected generation 0)
  BAD READ block 96979 (expected generation 0)
iotest qd=32: 1966 reads, 2034 writes over 1 GiB, 1938 bad reads, 0 errors, 342 ms emulated
block test: FAIL
virtio 00:02.0: device offers 0x10130bf8024, driver accepted 0x100000020
virtio queue 0: size 128 (device max 256), desc 0x145000 avail 0x145800 used 0x146000
virtio queue 1: size 128 (device max 256), desc 0x143000 avail 0x143800 used 0x144000
virtio-net: MAC 52:54:00:12:34:56, 16 receive buffers posted
arp: sent who-has 10.0.2.2 tell 10.0.2.15
arp: reply from 10.0.2.2 is-at 52:55:0a:00:02:02 (64 bytes)
F4-05 done
== QEMU trace (virtio_blk_req_complete), first 4 events of 8000 ==
virtio_blk_req_complete vdev 0x559a17f08510 req 0x559a171c0ab0 status 0
virtio_blk_req_complete vdev 0x559a17f08510 req 0x559a171c0ab0 status 0
virtio_blk_req_complete vdev 0x559a17f08510 req 0x559a171c0ab0 status 0
virtio_blk_req_complete vdev 0x559a17f08510 req 0x559a171c0ab0 status 0
