BLK_S_OK                   ours    0  linux    0  same
BLK_T_IN                   ours    0  linux    0  same
BLK_T_OUT                  ours    1  linux    1  same
CAP_COMMON                 ours    1  linux    1  same
CAP_DEVICE                 ours    4  linux    4  same
CAP_ISR                    ours    3  linux    3  same
CAP_NOTIFY                 ours    2  linux    2  same
DESC_NEXT                  ours    1  linux    1  same
DESC_WRITE                 ours    2  linux    2  same
F_VERSION_1                ours   32  linux   32  same
NET_F_MAC                  ours    5  linux    5  same
S_ACKNOWLEDGE              ours    1  linux    1  same
S_DRIVER                   ours    2  linux    2  same
S_DRIVER_OK                ours    4  linux    4  same
S_FAILED                   ours  128  linux  128  same
S_FEATURES_OK              ours    8  linux    8  same
S_NEEDS_RESET              ours   64  linux   64  same
cap_off_bar                ours    4  linux    4  same
cap_off_offset             ours    8  linux    8  same
notify_cap_off_multiplier  ours   16  linux   16  same
off_device_feature         ours    4  linux    4  same
off_device_feature_select  ours    0  linux    0  same
off_device_status          ours   20  linux   20  same
off_driver_feature         ours   12  linux   12  same
off_driver_feature_select  ours    8  linux    8  same
off_num_queues             ours   18  linux   18  same
off_queue_desc_lo          ours   32  linux   32  same
off_queue_device_lo        ours   48  linux   48  same
off_queue_driver_lo        ours   40  linux   40  same
off_queue_enable           ours   28  linux   28  same
off_queue_notify_off       ours   30  linux   30  same
off_queue_select           ours   22  linux   22  same
off_queue_size             ours   24  linux   24  same
sizeof_blk_header          ours   16  linux   16  same
sizeof_common_cfg          ours   56  linux   56  same
sizeof_desc                ours   16  linux   16  same
sizeof_net_hdr_v1          ours   12  linux   12  same
sizeof_used_elem           ours    8  linux    8  same
0 difference(s) in 38 values
