== evidence 1: BMC system event log (SEL)
  id | time      | sensor                  | event
   1 | Mon 17:05 | System Event            | OS-initiated warm reset
   2 | Tue 10:15 | PS2 Status              | power supply input lost, asserted
   3 | Tue 10:16 | PS2 Status              | power supply input lost, deasserted
   4 | Tue 15:12 | Fan 3                   | lower critical going low, asserted (0 rpm)
   5 | Wed 02:02 | CPU Temp                | upper non-critical going high, asserted
   6 | Wed 02:11 | CPU Temp                | upper critical going high, asserted
   7 | Wed 02:12 | System ACPI Power State | S5/G2 soft-off (thermal protection)
   8 | Wed 02:17 | System ACPI Power State | S0/G0 working (power restored by BMC policy)
   9 | Thu 02:02 | CPU Temp                | upper non-critical going high, asserted
  10 | Thu 02:11 | CPU Temp                | upper critical going high, asserted
  11 | Thu 02:12 | System ACPI Power State | S5/G2 soft-off (thermal protection)
  12 | Thu 02:17 | System ACPI Power State | S0/G0 working (power restored by BMC policy)

== evidence 2: BMC sensor history (C, C, rpm x4, % host load, host power)
time       inlet    cpu   fan1  fan2  fan3  fan4  load  power
Tue 01:30   26.0   60.2   5451  5451  5451  5451    20  on
Tue 01:40   26.0   60.2   5451  5451  5451  5451    20  on
Tue 01:50   26.0   60.2   5451  5451  5451  5451    20  on
Tue 02:00   26.0   72.1   5451  5451  5451  5451   100  on
Tue 02:10   26.0   81.4   9000  9000  9000  9000   100  on
Tue 02:20   26.0   81.9   9000  9000  9000  9000   100  on
Tue 02:30   26.0   82.0   9000  9000  9000  9000   100  on
Tue 02:40   26.0   82.0   9000  9000  9000  9000   100  on
Tue 02:50   26.0   73.8   9000  9000  9000  9000    20  on
Tue 03:00   26.0   60.2   5455  5455  5455  5455    20  on
Tue 03:10   26.0   60.2   5451  5451  5451  5451    20  on
Tue 03:20   26.0   60.2   5451  5451  5451  5451    20  on
Tue 03:30   26.0   60.2   5451  5451  5451  5451    20  on
Tue 15:00   22.0   64.6   6628  6628  6628  6628    45  on
Tue 15:10   22.0   64.6   6628  6628  6628  6628    45  on
Tue 15:20   22.0   68.8   7767  7767     0  7767    45  on
Tue 15:30   22.0   68.8   7769  7769     0  7769    45  on
Wed 01:30   26.0   63.5   6353  6353     0  6353    20  on
Wed 01:40   26.0   63.5   6353  6353     0  6353    20  on
Wed 01:50   26.0   63.5   6353  6353     0  6353    20  on
Wed 02:00   26.0   76.6   6353  6353     0  6353   100  on
Wed 02:10   26.0   94.9   9000  9000     0  9000   100  on
Wed 02:20   26.0   61.9   5369  5369     0  5369    20  on
Wed 02:30   26.0   63.5   6353  6353     0  6353    20  on
Wed 02:40   26.0   63.5   6353  6353     0  6353    20  on
Wed 02:50   26.0   63.5   6353  6353     0  6353    20  on
Wed 03:00   26.0   63.5   6353  6353     0  6353    20  on
Wed 03:10   26.0   63.5   6353  6353     0  6353    20  on
Wed 03:20   26.0   63.5   6353  6353     0  6353    20  on
Wed 03:30   26.0   63.5   6353  6353     0  6353    20  on
Thu 01:30   26.0   63.5   6353  6353     0  6353    20  on
Thu 01:40   26.0   63.5   6353  6353     0  6353    20  on
Thu 01:50   26.0   63.5   6353  6353     0  6353    20  on
Thu 02:00   26.0   76.6   6353  6353     0  6353   100  on
Thu 02:10   26.0   94.9   9000  9000     0  9000   100  on
Thu 02:20   26.0   61.9   5369  5369     0  5369    20  on
Thu 02:30   26.0   63.5   6353  6353     0  6353    20  on
Thu 02:40   26.0   63.5   6353  6353     0  6353    20  on
Thu 02:50   26.0   63.5   6353  6353     0  6353    20  on
Thu 03:00   26.0   63.5   6353  6353     0  6353    20  on
Thu 03:10   26.0   63.5   6353  6353     0  6353    20  on
Thu 03:20   26.0   63.5   6353  6353     0  6353    20  on
Thu 03:30   26.0   63.5   6353  6353     0  6353    20  on

== evidence 3: operating system boot log
Mon 17:05  os: clean reboot after a kernel package update
Wed 02:20  os: boot; previous shutdown was unexpected (no clean shutdown record)
Thu 02:20  os: boot; previous shutdown was unexpected (no clean shutdown record)

== evidence 4: crontab of the host
0 2 * * *  /usr/local/bin/backup-and-compress   (about 50 minutes at full load)
