== Midterm (practice paper) ==
M2: 250 mA for 120 s: Q = 30.000 C
M3: red B black A: -4.500 V; red A black GND: 12.000 V; across A-B: 4.500 V
M4: 4.95 V / 3.3 kohm = 1.500 mA; 2.5 mA x 2.2 kohm = 5.500 V
M5: per pair: 3333.3 3278.7 3352.0 ohms; sum(VI) = 0.016820, sum(II) = 5.052500e-06, fit = 3329.0 ohms
M6: 220 ohm at 40 mA: V = 8.800 V, P = 0.352 W = 140.800 % of 0.25 W; energy in 30 s = 10.560 J
M8: series 1.5k + 3k = 4500.000 ohms, I = 2.000 mA, V = 3.000 and 6.000 V; parallel I = 6.000 + 3.000 = 9.000 mA, Req = 1000.000 ohms
M9: 10k/10k on 9 V: 4.500 V; with 20 kohm load: bottom 6666.667 ohms, Vout = 3.600 V
M11: 35 - 12 = 23 mA; 9 V x 9 mA = 81.000 mW
== Final (practice paper) ==
F2: 120 mA for 45 s: Q = 5.400 C
F3: red GND black B: -5.500 V; red A black B: 3.500 V; drops 3.500 + 5.500 = 9.000 V
F4: per pair: 2352.9 2325.6 2352.9 ohms; sum(VI) = 0.023880, sum(II) = 1.018340e-05, fit = 2345.0 ohms
F5: part X: 500.0, 500.0, 500.0 ohms (ohmic); part Y: 10000.0 and 400.0 ohms (not ohmic)
F6: 9 V across 330 ohm: I = 27.273 mA, P = 0.2455 W = 98.2 % of 0.25 W; energy in 600 s = 147.3 J; with 680 ohm: P = 0.1191 W = 47.6 %
F8: series 2.2k + 3.3k = 5500.000 ohms, I = 2.182 mA, V = 4.800 and 7.200 V; parallel I = 5.455 + 3.636 = 9.091 mA, Req = 1320.000 ohms
F9: 4.7k/4.7k on 5 V: 2.500 V; load 4.7k: bottom 2350.000, Vout = 1.667 V (-33.3 %); load 47k: bottom 4272.7, Vout = 2.381 V (-4.8 %); divider current 0.532 mA
F10: tau = 1.034 s; Vc(tau) from 9 V = 5.689 V; t to 4.5 V = 0.717 s; after 5 tau 99.3 %
F12: 12 V, two LEDs 2 V, 15 mA: R = 533.333 ohms -> 560; I = 14.286 mA; P resistor = 0.1143 W; P each LED = 0.0286 W
F13: 220 ohm: curve 14.273 vs simple 13.636 mA: simple is 4.5 % low; 1 ohm: 143.7 and 150.0 times a 20 mA maximum
F15: 220k/220k on 6 V: Rm 1 M: bottom 180328, reading 2.703 V (-9.9 %); Rm 10 M: bottom 215264, reading 2.967 V (-1.1 %)
F16: 1.9 V / 0.625 = 3.040 -> code 3; 4.4 V / 0.625 = 7.040 -> code 7; 1-bit at 2.5 V: 0 and 1
F17: tH = 0.8243 s, tL = 0.9720 s, period 1.7964 s, first HIGH 1.8062 s
F19: predicted 7 V / 1 kohm = 7.000 mA; CH2 R = 100.000 ohms, P = 0.490 W; CH3 R = 10000 ohms, P = 0.0049 W; correct channel P = 0.0490 W; rating 0.25 W: CH2 196 %
F20: 9 V, VF 2 V, 10 mA: R = 700.000 ohms -> next above from {470, 560, 680, 820}: 820; I = 8.537 mA; P resistor = 0.0598 W
== Practical ==
P: minimum R = 400.000 -> 470; I = 8.511 mA; with 1 ohm burden 8.493 mA (-0.21 %); tau = 4.700 s; Vc(tau) = 3.793 V; t to 3 V = 3.258 s; metered final 5.972 V, metered tau 4.678 s, t to 3 V = 3.265 s
P case 2: minimum R = 466.667 -> 470; I = 14.894 mA; tau = 4.840 s; t to 4.5 V = 3.355 s
