uname -v: #1 SMP PREEMPT_DYNAMIC @0
CONFIG_IRQ_FORCED_THREADING=y
CONFIG_NO_HZ_COMMON=y
CONFIG_NO_HZ_IDLE=y
# CONFIG_NO_HZ_FULL is not set
CONFIG_NO_HZ=y
CONFIG_HIGH_RES_TIMERS=y
CONFIG_PREEMPT_BUILD=y
CONFIG_PREEMPT_NONE=y
# CONFIG_PREEMPT_VOLUNTARY is not set
# CONFIG_PREEMPT is not set
# CONFIG_PREEMPT_LAZY is not set
CONFIG_PREEMPT_COUNT=y
CONFIG_PREEMPTION=y
CONFIG_PREEMPT_DYNAMIC=y
CONFIG_CPU_ISOLATION=y
CONFIG_PREEMPT_RCU=y
CONFIG_RCU_NOCB_CPU=y
# CONFIG_EXPERT is not set
# CONFIG_HZ_100 is not set
CONFIG_HZ_250=y
# CONFIG_HZ_300 is not set
# CONFIG_HZ_1000 is not set
CONFIG_HZ=250
CONFIG_ARCH_SUPPORTS_RT=y
CONFIG_PREEMPT_NOTIFIERS=y
# CONFIG_PREEMPT_TRACER is not set
lines mentioning PREEMPT_RT: 0
current clock source: tsc
