toy model: 1 processor, timer release every 1000 us, 10 s; histogram: # = up to 200 wake-ups
configuration stock      wake-ups 9999  min 4  median 4  p99 1121  p99.9 1440  max 1976 us
      0-9     us   7188 ####################################
     10-19    us    213 ##
     20-49    us    434 ###
     50-99    us    229 ##
    100-199   us    402 ###
    200-499   us    844 #####
    500-999   us    525 ###
   1000-1999  us    164 #
  >= 2000     us      0 
  the 6 worst wake-ups and what was running at the release:
    t= 5079000 us  latency  1976 us  running: long kernel section
    t= 6627000 us  latency  1976 us  running: long kernel section
    t= 3166000 us  latency  1786 us  running: long kernel section
    t= 4425000 us  latency  1721 us  running: long kernel section
    t=  202000 us  latency  1689 us  running: long kernel section
    t= 1494000 us  latency  1622 us  running: long kernel section
configuration rt         wake-ups 9999  min 4  median 4  p99 8  p99.9 12  max 12 us
      0-9     us   9939 ##################################################
     10-19    us     60 #
     20-49    us      0 
     50-99    us      0 
    100-199   us      0 
    200-499   us      0 
    500-999   us      0 
   1000-1999  us      0 
  >= 2000     us      0 
  the 6 worst wake-ups and what was running at the release:
    t=  158000 us  latency    12 us  running: short kernel section
    t=  347000 us  latency    12 us  running: short kernel section
    t= 1405000 us  latency    12 us  running: short kernel section
    t= 1412000 us  latency    12 us  running: long kernel section
    t= 1452000 us  latency    12 us  running: short kernel section
    t= 1620000 us  latency    12 us  running: short kernel section
