loader debug dump (at start of main): objects in memory, and whether the lookup service knows them
  (the program)            in the port's table: yes
  linux-vdso.so.1          in the port's table: yes
  libstdc++.so.6           in the port's table: yes
  libgcc_s.so.1            in the port's table: yes
  libc.so.6                in the port's table: yes
  libm.so.6                in the port's table: yes
  ld-linux-x86-64.so.2     in the port's table: yes
caught: thrown inside the program
plugin loaded; throw_from_library at a valid address
loader debug dump (after dlopen): objects in memory, and whether the lookup service knows them
  (the program)            in the port's table: yes
  linux-vdso.so.1          in the port's table: yes
  libstdc++.so.6           in the port's table: yes
  libgcc_s.so.1            in the port's table: yes
  libc.so.6                in the port's table: yes
  libm.so.6                in the port's table: yes
  ld-linux-x86-64.so.2     in the port's table: yes
  libthrower.so            in the port's table: no
caught: thrown inside libthrower.so, code 7
end of main
