== evidence 1: benchmark log attached to pull request 4127 (night run)
01:58:00 run  1 variant A  13.60 ms
01:58:15 run  2 variant A  13.41 ms
01:58:30 run  3 variant A  14.08 ms
01:58:45 run  4 variant A  13.47 ms
01:59:00 run  5 variant A  13.53 ms
01:59:15 run  6 variant A  13.58 ms
01:59:30 run  7 variant A  13.94 ms
01:59:45 run  8 variant A  13.99 ms
02:00:00 run  9 variant A  13.82 ms
02:00:15 run 10 variant A  13.84 ms
02:00:30 run 11 variant A  13.83 ms
02:00:45 run 12 variant A  14.01 ms
02:01:00 run 13 variant A  13.60 ms
02:01:15 run 14 variant A  13.75 ms
02:01:30 run 15 variant A  13.47 ms
02:01:45 run 16 variant A  14.01 ms
02:02:00 run 17 variant A  13.59 ms
02:02:15 run 18 variant A  13.69 ms
02:02:30 run 19 variant A  13.66 ms
02:02:45 run 20 variant A  13.52 ms
02:03:00 run  1 variant B   9.99 ms
02:03:15 run  2 variant B   9.54 ms
02:03:30 run  3 variant B   9.55 ms
02:03:45 run  4 variant B   9.69 ms
02:04:00 run  5 variant B  10.09 ms
02:04:15 run  6 variant B   9.63 ms
02:04:30 run  7 variant B   9.58 ms
02:04:45 run  8 variant B   9.92 ms
02:05:00 run  9 variant B  10.04 ms
02:05:15 run 10 variant B  10.01 ms
02:05:30 run 11 variant B   9.96 ms
02:05:45 run 12 variant B   9.80 ms
02:06:00 run 13 variant B   9.76 ms
02:06:15 run 14 variant B   9.53 ms
02:06:30 run 15 variant B  10.02 ms
02:06:45 run 16 variant B  10.02 ms
02:07:00 run 17 variant B   9.82 ms
02:07:15 run 18 variant B  10.00 ms
02:07:30 run 19 variant B   9.88 ms
02:07:45 run 20 variant B   9.94 ms
summary in the PR: median A 13.67 ms, median B 9.90 ms, B is 28 % faster;
  ratio B/A 0.724, 95 % bootstrap interval [0.707, 0.733]

== evidence 2: the same benchmark re-run by CI the next afternoon, interleaved
21 rounds, order A B / B A alternating: median A 9.99 ms, median B 9.89 ms
  ratio B/A 0.989, 95 % bootstrap interval [0.976, 1.008]

== evidence 3: the benchmark machine's job scheduler log, that night
01:30:00 scheduler: job nightly-backup started (compress and upload, 4 threads)
01:45:00 scheduler: job metrics-export started
01:45:04 scheduler: job metrics-export finished
01:57:40 ci-runner: job bench-pr-4127 started
02:02:50 scheduler: job nightly-backup finished
02:05:00 scheduler: job log-rotate started
02:05:01 scheduler: job log-rotate finished
02:08:05 ci-runner: job bench-pr-4127 finished
