== serial log (from GET_DISPLAY_INFO on; EDID lines omitted) ==
GET_DISPLAY_INFO               -> OK_DISPLAY_INFO
scanout 0: enabled, 640x480 at (0,0)
GET_EDID scanout 0             -> OK_EDID, 1024 bytes
RESOURCE_CREATE_2D id 1        -> OK_NODATA
RESOURCE_ATTACH_BACKING id 1   -> OK_NODATA
SET_SCANOUT 0 -> id 1          -> OK_NODATA
TRANSFER_TO_HOST_2D full       -> OK_NODATA
RESOURCE_FLUSH                 -> OK_NODATA
frame 1 ready: 640x480, fnv1a 0x756c6605
damage: x=40 y=40 w=560 h=390 (218400 of 307200 pixels)
RESOURCE_FLUSH                 -> OK_NODATA
frame 2 ready: 640x480, fnv1a 0x05e8e1a5
RESOURCE_CREATE_2D id 2        -> OK_NODATA
RESOURCE_ATTACH_BACKING id 2   -> OK_NODATA
TRANSFER_TO_HOST_2D id 2       -> OK_NODATA
cursor: UPDATE_CURSOR at (100,100), MOVE_CURSOR to (300,250) consumed by the device
config: events_read=0x0
F4-43 done
== screen dumps compared with the reference renderer ==
frame 1: dump 640x480, 0 of 307200 pixels differ from the reference: MATCH
frame 2: dump 640x480, 70744 of 307200 pixels differ from the reference (inside x=200..599, y=150..429): MISMATCH
== QEMU trace: commands received for resource 0x1 ==
virtio_gpu_cmd_res_create_2d res 0x1, fmt 0x2, w 640, h 480
virtio_gpu_cmd_res_back_attach res 0x1
virtio_gpu_cmd_set_scanout id 0, res 0x1, w 640, h 480, x 0, y 0
virtio_gpu_cmd_res_xfer_toh_2d res 0x1
virtio_gpu_cmd_res_flush res 0x1, w 640, h 480, x 0, y 0
virtio_gpu_cmd_res_flush res 0x1, w 560, h 390, x 40, y 40
