VIRTIO_ID_GPU                                ours     16  linux     16  ok
VIRTIO_GPU_F_EDID                            ours      1  linux      1  ok
VIRTIO_GPU_EVENT_DISPLAY                     ours      1  linux      1  ok
VIRTIO_GPU_CMD_GET_DISPLAY_INFO              ours    256  linux    256  ok
VIRTIO_GPU_CMD_RESOURCE_CREATE_2D            ours    257  linux    257  ok
VIRTIO_GPU_CMD_RESOURCE_UNREF                ours    258  linux    258  ok
VIRTIO_GPU_CMD_SET_SCANOUT                   ours    259  linux    259  ok
VIRTIO_GPU_CMD_RESOURCE_FLUSH                ours    260  linux    260  ok
VIRTIO_GPU_CMD_TRANSFER_TO_HOST_2D           ours    261  linux    261  ok
VIRTIO_GPU_CMD_RESOURCE_ATTACH_BACKING       ours    262  linux    262  ok
VIRTIO_GPU_CMD_GET_EDID                      ours    266  linux    266  ok
VIRTIO_GPU_CMD_UPDATE_CURSOR                 ours    768  linux    768  ok
VIRTIO_GPU_CMD_MOVE_CURSOR                   ours    769  linux    769  ok
VIRTIO_GPU_RESP_OK_NODATA                    ours   4352  linux   4352  ok
VIRTIO_GPU_RESP_OK_DISPLAY_INFO              ours   4353  linux   4353  ok
VIRTIO_GPU_RESP_OK_EDID                      ours   4356  linux   4356  ok
VIRTIO_GPU_RESP_ERR_UNSPEC                   ours   4608  linux   4608  ok
VIRTIO_GPU_FORMAT_B8G8R8X8_UNORM             ours      2  linux      2  ok
VIRTIO_GPU_FORMAT_B8G8R8A8_UNORM             ours      1  linux      1  ok
VIRTIO_GPU_MAX_SCANOUTS                      ours     16  linux     16  ok
sizeof virtio_gpu_ctrl_hdr                   ours     24  linux     24  ok
offsetof virtio_gpu_ctrl_hdr.fence_id        ours      8  linux      8  ok
offsetof virtio_gpu_ctrl_hdr.ring_idx        ours     20  linux     20  ok
sizeof virtio_gpu_resp_display_info          ours    408  linux    408  ok
sizeof virtio_gpu_cmd_get_edid               ours     32  linux     32  ok
sizeof virtio_gpu_resp_edid                  ours   1056  linux   1056  ok
offsetof virtio_gpu_resp_edid.edid           ours     32  linux     32  ok
sizeof virtio_gpu_resource_create_2d         ours     40  linux     40  ok
sizeof virtio_gpu_mem_entry                  ours     16  linux     16  ok
sizeof virtio_gpu_resource_attach_backing    ours     32  linux     32  ok
sizeof virtio_gpu_set_scanout                ours     48  linux     48  ok
offsetof virtio_gpu_set_scanout.scanout_id   ours     40  linux     40  ok
sizeof virtio_gpu_transfer_to_host_2d        ours     56  linux     56  ok
offsetof virtio_gpu_transfer_to_host_2d.offset ours     40  linux     40  ok
sizeof virtio_gpu_resource_flush             ours     48  linux     48  ok
sizeof virtio_gpu_update_cursor              ours     56  linux     56  ok
offsetof virtio_gpu_update_cursor.resource_id ours     40  linux     40  ok
sizeof virtio_gpu_config                     ours     16  linux     16  ok
offsetof virtio_gpu_config.num_scanouts      ours      8  linux      8  ok
0 difference(s)
