F4-43 kernel: magic=0x2badb002
found virtio-gpu at 00:01.0
virtio 00:01.0: device offers 0x10130000002, driver accepted 0x100000002
virtio queue 0: size 64 (device max 64), desc 0x118000 avail 0x118800 used 0x119000
virtio queue 1: size 16 (device max 16), desc 0x116000 avail 0x116800 used 0x117000
config: num_scanouts=1 events_read=0x0
GET_DISPLAY_INFO               -> OK_DISPLAY_INFO
scanout 0: enabled, 640x480 at (0,0)
GET_EDID scanout 0             -> OK_EDID, 1024 bytes
edid 000: 00 ff ff ff ff ff ff 00 49 14 34 12 00 00 00 00
edid 010: 2a 18 01 04 a5 10 0c 78 06 ee 91 a3 54 4c 99 26
edid 020: 0f 50 54 21 08 00 e1 c0 d1 c0 d1 00 a9 40 b3 00
edid 030: 95 00 81 80 81 40 8e 0c 80 e0 20 e0 10 10 a0 13
edid 040: 22 00 a2 79 00 00 00 18 00 00 00 f7 00 0a 00 40
edid 050: 82 00 28 20 00 00 00 00 00 00 00 00 00 fd 00 32
edid 060: 7d 1e a0 ff 01 0a 20 20 20 20 20 20 00 00 00 fc
edid 070: 00 51 45 4d 55 20 4d 6f 6e 69 74 6f 72 0a 01 e2
edid 080: 02 03 0b 00 46 7d 65 60 59 1f 61 00 00 00 10 00
edid 090: 00 00 00 00 00 00 00 00 00 00 00 00 00 00 00 00
edid 0a0: 10 00 00 00 00 00 00 00 00 00 00 00 00 00 00 00
edid 0b0: 00 00 10 00 00 00 00 00 00 00 00 00 00 00 00 00
edid 0c0: 00 00 00 00 10 00 00 00 00 00 00 00 00 00 00 00
edid 0d0: 00 00 00 00 00 00 10 00 00 00 00 00 00 00 00 00
edid 0e0: 00 00 00 00 00 00 00 00 10 00 00 00 00 00 00 00
edid 0f0: 00 00 00 00 00 00 00 00 00 00 00 00 00 00 00 2f
RESOURCE_CREATE_2D id 1        -> OK_NODATA
RESOURCE_ATTACH_BACKING id 1   -> OK_NODATA
SET_SCANOUT 0 -> id 1          -> OK_NODATA
TRANSFER_TO_HOST_2D full       -> OK_NODATA
RESOURCE_FLUSH                 -> OK_NODATA
frame 1 ready: 640x480, fnv1a 0x756c6605
damage: x=40 y=40 w=560 h=390 (218400 of 307200 pixels)
TRANSFER_TO_HOST_2D damage     -> OK_NODATA
RESOURCE_FLUSH                 -> OK_NODATA
frame 2 ready: 640x480, fnv1a 0x05e8e1a5
RESOURCE_CREATE_2D id 2        -> OK_NODATA
RESOURCE_ATTACH_BACKING id 2   -> OK_NODATA
TRANSFER_TO_HOST_2D id 2       -> OK_NODATA
cursor: UPDATE_CURSOR at (100,100), MOVE_CURSOR to (300,250) consumed by the device
config: events_read=0x0
F4-43 done
== monitor steps (qmp_drive.py) ==
(qemu) screendump .f1.ppm
(qemu) sendkey spc
(qemu) screendump .f2.ppm
(qemu) sendkey spc
