detailed trace, 98-112 ms (every 0.5 ms):
   t ms   motor A    pack V  MCU in V    MCU    duty
   98.0      0.00     10.80     10.80   BOOT      0%
   98.5      0.00     10.80     10.80   BOOT      0%
   99.0      0.00     10.80     10.80   BOOT      0%
   99.5      0.00     10.80     10.80   BOOT      0%
  100.0      0.22     10.80     10.80    RUN    100%
  100.5      8.09      9.60      8.81    RUN    100%
  101.0     12.18      8.98      7.77    RUN    100%
  101.5     14.30      8.66      7.23    RUN    100%
  102.0     14.04      8.68      7.26   BOOT      0%
  102.5      9.37      9.38      8.44   BOOT      0%
  103.0      6.23      9.86      9.23   BOOT      0%
  103.5      4.13     10.18      9.76   BOOT      0%
  104.0      2.72     10.39     10.11   BOOT      0%
  104.5      1.78     10.53     10.35   BOOT      0%
  105.0      1.15     10.63     10.51   BOOT      0%
  105.5      0.73     10.69     10.62   BOOT      0%
  106.0      0.45     10.73     10.69   BOOT      0%
  106.5      0.26     10.76     10.73   BOOT      0%
  107.0      0.14     10.78     10.76   BOOT      0%
  107.5      0.06     10.79     10.78   BOOT      0%
  108.0      0.01     10.80     10.80   BOOT      0%
  108.5      0.00     10.80     10.80   BOOT      0%
  109.0      0.00     10.80     10.80   BOOT      0%
  109.5      0.00     10.80     10.80   BOOT      0%
  110.0      0.00     10.80     10.80   BOOT      0%
  110.5      0.00     10.80     10.80   BOOT      0%
  111.0      0.00     10.80     10.80   BOOT      0%
  111.5      0.00     10.80     10.80   BOOT      0%
  112.0      0.00     10.80     10.80   BOOT      0%

event list, whole 1.2 s run (first 12 resets):
   101.90 ms  RESET (MCU input 6.998 V, motor 15.21 A)
   203.82 ms  RESET (MCU input 6.998 V, motor 15.21 A)
   305.74 ms  RESET (MCU input 6.998 V, motor 15.21 A)
   407.66 ms  RESET (MCU input 6.998 V, motor 15.21 A)
   509.58 ms  RESET (MCU input 6.998 V, motor 15.21 A)
   611.50 ms  RESET (MCU input 6.998 V, motor 15.21 A)
   713.42 ms  RESET (MCU input 6.998 V, motor 15.21 A)
   815.34 ms  RESET (MCU input 6.998 V, motor 15.21 A)
   917.26 ms  RESET (MCU input 6.998 V, motor 15.21 A)
  1019.18 ms  RESET (MCU input 6.998 V, motor 15.21 A)
  1121.10 ms  RESET (MCU input 6.998 V, motor 15.21 A)
brown-out resets: 11, lowest MCU input voltage 6.99 V
