n         input      keys sorted  pairs stable (= std::stable_sort)
1         random     pass         pass
1         sorted     pass         pass
1         reverse    pass         pass
1         all-equal  pass         pass
2         random     pass         pass
2         sorted     pass         pass
2         reverse    pass         pass
2         all-equal  pass         pass
255       random     pass         pass
255       sorted     pass         pass
255       reverse    pass         pass
255       all-equal  pass         pass
257       random     pass         pass
257       sorted     pass         pass
257       reverse    pass         pass
257       all-equal  pass         pass
65535     random     pass         pass
65535     sorted     pass         pass
65535     reverse    pass         pass
65535     all-equal  pass         pass
65537     random     pass         pass
65537     sorted     pass         pass
65537     reverse    pass         pass
65537     all-equal  pass         pass
1000003   random     pass         pass
1000003   sorted     pass         pass
1000003   reverse    pass         pass
1000003   all-equal  pass         pass
signed keys sorted: -2147483648 -3 -1 0 3 5 2147483647
float keys sorted:  -7.25 -0.5 -1e-09 0 2.5 3 1e+09
failures: 0
