assumed offset(s)  RMS mismatch of turn rates (rad/s)
  -0.10             0.3104
  -0.05             0.2812
  +0.00             0.2455
  +0.05             0.2053
  +0.10             0.1569
  +0.13             0.1340
  +0.14             0.1297
  +0.15             0.1277
  +0.16             0.1288
  +0.17             0.1323
  +0.20             0.1530
  +0.25             0.2018
  +0.30             0.2420
best offset +0.15 s: scan stamps are that much later than the measurement
map with corrected stamps: wrong 'O' 262 (far from walls 0)
|        OOOOOOOOOOOOOOOOOOOOOOOOOOOOOOOO|
|        .O.........OO..................O|
|         O.........OO...............O.. |
|         O.........OO...............O   |
|         O.........OO...............O   |
|         O.........OO...............O   |
|O        O.........OO...............O   |
|OOOOOOOOOO.........OO..............OO   |
|O..................OO..............OO   |
|O..................OO..............OOOOO|
|O..................OO..................O|
|O..................OO..................O|
|OOOOOOOO....OOOOOOOOOOOOOOOO...OOOOOOOOO|
|OOOOOOO.....OOOO...OOOOOOOOO....O......O|
|O..................OO..................O|
|O..................OO..................O|
|O..................OO..................O|
|O..................OO..................O|
|O..................OO..................O|
|O..................O...................O|
|O............................OOOOOO....O|
|O............................OO    ....O|
|O............................OO    ....O|
|O............................OO     ...O|
|O..................OO........OO     ...O|
|O.OOOOOOOOOOO......OO..............  ..O|
|O..         O......OO..................O|
|O.          O......OO..................O|
|O.         .O......OO..................O|
|O         OOOOOOOOOOOOOOOOOOOOOOOOOOOOOO|
