bag summary
  /odom   4198 msgs  stamps 0.000 .. 83.940 s  mean (receive - stamp) 0.002 s
  /scan    840 msgs  stamps 0.150 .. 84.050 s  mean (receive - stamp) 0.010 s
excerpt (receive order) while odometry reports a turn:
  recv(s)   topic  stamp(s)  content
   33.002  /odom   33.000  x 4.600 y 4.800 th -2.023 rad
   33.042  /odom   33.040  x 4.600 y 4.800 th -1.983 rad
   33.060  /scan   33.050  360 ranges, beam 0 = 0.966 m
   33.082  /odom   33.080  x 4.600 y 4.800 th -1.943 rad
   33.122  /odom   33.120  x 4.600 y 4.800 th -1.903 rad
   33.160  /scan   33.150  360 ranges, beam 0 = 1.127 m
   33.162  /odom   33.160  x 4.600 y 4.800 th -1.863 rad
   33.202  /odom   33.200  x 4.600 y 4.800 th -1.823 rad
   33.242  /odom   33.240  x 4.600 y 4.800 th -1.783 rad
map from all scans:            wrong 'O' 303 (far from walls 21)
map from scans while straight: wrong 'O' 278 (far from walls 0)
map from all scans:
|        OOOOOOOOOOOOOOOOOOOOOOOOOOOOOOOO|
|       OO.........OOO...............OOOO|
|        .O..........O...................|
|         O.........OO..............O..O |
|         O.........OO..............O.OO |
|O.   OOO O.........OO..............O.O  |
|O.O.OOOOOO.........OO..............O..  |
|OOOOOOOOOO.........OO..............OOOO |
|O..................OO..............OO...|
|O..................OO..............OO...|
|O..................OO...............OOOO|
|OOOO...............OOOOO...............O|
|OOO.OOO....O.......OOOOOOOOO...OOOOOOO.O|
|OOOOOOOO...OOOOOOOOOOOOOOOO.....OO...OOO|
|O..................OO..................O|
|O..................OO..................O|
|O..................OO..................O|
|O..................OO..................O|
|O..................OO..................O|
|O..................O...................O|
|O............................O.........O|
|O............................OO........O|
|O............................OO.......OO|
|O............................OO.    ..OO|
|O..................O.........O.........O|
|O.OOOOOOOOOOO......O................ ..O|
|O....OOOOOO........O...................O|
|O..O.....O.........O...................O|
|O. ...OO  .........O...................O|
|O         OOOOOOOOOOOOOOOOOOOOOO..OOOOOO|
