 scan  dist(m)  odometry error(m)  slam error(m)  slam heading err(deg)
    0     0.00              0.000          0.000                   0.00
   12     3.01              0.095          0.077                   0.28
   24     6.36              0.232          0.080                   0.40
   36     9.48              0.242          0.074                   0.23
   48    12.49              0.264          0.072                  -0.31
   60    15.84              0.619          0.053                  -0.26
   72    18.86              0.992          0.067                  -0.19
   84    22.23              0.913          0.073                   0.11
   96    25.61              1.464          0.065                  -0.11
odometry only : RMS position error 0.634 m, worst 1.464 m; map: wrong 'O' 423 (far from walls 282), wrong '.' 401
scan matching : RMS position error 0.071 m, worst 0.086 m; map: wrong 'O' 252 (far from walls 0), wrong '.' 7
map from odometry only:
|                  OOOOOOOO........O.    |
|         ......   OOO.............OO    |
|         ...OOO.  O...............OO    |
|         .OOO.OO. OO..............OO    |
|       OOOO...OO..OO...............O    |
|     OOOO......OO. O...............O    |
|    OOO........OO  O...............O  OO|
|  OOOO..........O  O...............OO..O|
|  ....O.........OO OO..................O|
|   ...O..........O OO...............OOOO|
|    ...O.........OOOO...........OOOOOO.O|
|     .............O O.....OO....OO.....O|
|OOOOOOOOO.........OOOOOOOOOO............|
|OOOOOOOO..........OOO.OOOO..............|
|O.OOOO..........OOOOOOO.................|
|OOO..........OOOO..OOO..................|
|............OOO.....OO..................|
|O...................OO.............OO...|
|O.....OO.............OO........OOOOO....|
|OO..OOOOO............OO.........O   ....|
|OOOOOOO.........................O   ....|
|OOOO............................OO   ...|
|OOO..............................O......|
|O.O.....................O........O......|
|O.OO...................OO...............|
|O.OO....................O...............|
|O..OO...................OO...........OOO|
|O. OO....................O.......OOOOO..|
|O  OOO..........OO........O...OOOOOOOOOO|
|O   OO.......OOOOO......OOOOOOO         |
map from scan matching:
|        OOOOOOOOOOOOOOOOOOOOOOOOOOOOOOOO|
|        ...........OO..................O|
|         O.........OO..............O... |
|         O.........OO..............O    |
|         O.........OO..............OO   |
|         O.........OO..............O    |
|         O.........OO..............OO   |
|OOOOOOOOOO.........OO..............O    |
|O..................OO..............O    |
|O..................OO..............OO  O|
|O..................OO..............OO..O|
|O..................OO..................O|
|OOOOOOO.....OOOOOOOOOOOOOOO....OOOOOOOOO|
|OOOOOOOO...OOOOOOOOOOOOOOOOO...OOOOOOOOO|
|O..................OO..................O|
|O..................OO..................O|
|O..................OO..................O|
|O..................OO..................O|
|O..................OO..................O|
|O..................OO..................O|
|O............................OOOOOO....O|
|O............................OO   .....O|
|O............................OO    ....O|
|O............................O     ....O|
|O..................OO........OO     ...O|
|O.OOOOOOOOOOO......OO.............  ...O|
|O..  OOOOOO O......OO............... ..O|
|O.          O......OO..................O|
|O.          O......OO..................O|
|O         OOOOOOOOOOOOOOOOOOOOOOOOOOOOOO|
