--- labs/F3-18/kformat.h
+++ fixed/kformat.h
@@ -49,3 +49,3 @@
         int width = 0;
-        bool is_long = false;
+        int longs = 0;                   // 0: int, 1: long, 2: long long
         if (*p == '0') {
@@ -66,3 +66,3 @@
         while (*p == 'l') {
-            is_long = true;
+            ++longs;
             ++p;
@@ -72,3 +72,3 @@
         case 'i': {
-            int64_t v = is_long ? va_arg(ap, long) : va_arg(ap, int);
+            int64_t v = longs >= 2 ? va_arg(ap, long long) : longs == 1 ? va_arg(ap, long) : va_arg(ap, int);
             uint64_t mag = v < 0 ? 0 - static_cast<uint64_t>(v) : static_cast<uint64_t>(v);
@@ -79,3 +79,5 @@
         case 'x': {
-            uint64_t v = is_long ? va_arg(ap, unsigned long) : va_arg(ap, unsigned);
+            uint64_t v = longs >= 2   ? va_arg(ap, unsigned long long)
+                         : longs == 1 ? va_arg(ap, unsigned long)
+                                      : va_arg(ap, unsigned);
             kfmt_detail::emit_number(sink, ctx, v, *p == 'u' ? 10 : 16, false, width, pad);
--- labs/F4-23/neutral_tests.cc
+++ fixed/neutral_tests.cc
@@ -76,4 +76,4 @@
     char buf[96];
-    ksnprintf(buf, sizeof buf, "[%5d] [%05u] [%x] [%lx] [%s] [%c] [%%]", -42, 99u, 0xbeefu,
-              0xffffffff80000000ul, "str", 'k');
+    ksnprintf(buf, sizeof buf, "[%5d] [%05u] [%x] [%llx] [%s] [%c] [%%]", -42, 99u, 0xbeefu,
+              0xffffffff80000000ull, "str", 'k');
     check(same(buf, "[  -42] [00099] [beef] [ffffffff80000000] [str] [k] [%]"),
