CPU          build  exit  summary line (or the last line printed)
x86_64       ok     0     neutral tests on x86_64: 10 passed, 0 failed
i386         ok     139     ok   .bss reads as zero qemu: uncaught target signal 11 (Segmentation fault) - core dumped 
aarch64      ok     0     neutral tests on aarch64: 10 passed, 0 failed
arm          ok     139     ok   .bss reads as zero qemu: uncaught target signal 11 (Segmentation fault) - core dumped 
riscv64      ok     0     neutral tests on riscv64: 10 passed, 0 failed
riscv32      ok     139     ok   global constructor ran before the tests   ok   .bss reads as zero 
loongarch64  ok     0     neutral tests on loongarch64: 10 passed, 0 failed
mips         ok     139     ok   .bss reads as zero qemu: uncaught target signal 11 (Segmentation fault) - core dumped 
ppc          ok     139     ok   .bss reads as zero qemu: uncaught target signal 11 (Segmentation fault) - core dumped 
s390x        ok     0     neutral tests on s390x: 10 passed, 0 failed

== full output on two CPUs: s390x (big-endian, 64-bit) and arm (little-endian, 32-bit) ==
-- s390x
neutral tests on s390x: sizeof(void*) 8, sizeof(long) 8, page size 4096
  ok   global constructor ran before the tests
  ok   .bss reads as zero
  ok   kformat output identical to the x86-64 B1 line
  info this CPU is big-endian; be32(11 22 33 44) = 0x11223344
  ok   explicit byte-order reads
  ok   pointers round-trip through uintptr_t
  ok   frame allocator uses the arch page size
  ok   std::atomic fetch_add and CAS
  ok   devicetree header valid
  ok   devicetree memory node has a non-empty range
  info memory 0x0, 960 MiB
  ok   devicetree has /chosen
neutral tests on s390x: 10 passed, 0 failed
-- arm
neutral tests on arm: sizeof(void*) 4, sizeof(long) 4, page size 4096
  ok   global constructor ran before the tests
  ok   .bss reads as zero
qemu: uncaught target signal 11 (Segmentation fault) - core dumped
