event             node  true ms   clock ms  Lamport
a1 write x=1         A     1000       1000        1
a2 send m1 to B      A     1005       1005        2
c1 write y=7         C     1010       1035        1
b1 recv m1           B     1017        977        3
b2 write x=2         B     1020        980        4
b3 send m2 to C      B     1022        982        5
c2 recv m2           C     1030       1055        6
c3 send m3 to A      C     1031       1056        7
a3 read x            A     1040       1040        3
a4 recv m3           A     1045       1045        8
b4 send m4 to A      B     1050       1010        6
a5 recv m4           A     1063       1063        9

order by true time (only the simulator knows it):
  a1 a2 c1 b1 b2 b3 c2 c3 a3 a4 b4 a5
  receives placed before their send: none

order by the nodes' physical clocks:
  b1 b2 b3 a1 a2 b4 c1 a3 a4 c2 c3 a5
  receives placed before their send: m1 m3

order by (Lamport time, node name):
  a1 c1 a2 a3 b1 b2 b3 b4 c2 c3 a4 a5
  receives placed before their send: none
