=== node1.log ===
09:00:03.500 n1 heartbeat term 1 sent: m13->n2 m14->n3
09:00:04.500 n1 heartbeat term 1 sent: m15->n2 m16->n3
09:00:05.500 n1 heartbeat term 1 sent: m17->n2 m18->n3
09:00:06.500 n1 heartbeat term 1 sent: m19->n2 m20->n3
09:00:12.050 n1 client write x=1: ACCEPTED (I am leader, term 1)
09:00:12.050 n1 stepping down: saw term 2
09:00:12.050 n1 m21 vote request from n2 term 2: vote granted, reply m30
09:00:12.050 n1 m24 heartbeat from n2 term 2
09:00:12.050 n1 m26 heartbeat from n2 term 2
09:00:12.050 n1 m28 heartbeat from n2 term 2
09:00:13.009 n1 m31 heartbeat from n2 term 2

=== node2.log ===
09:00:06.509 n2 m13 heartbeat from n1 term 1
09:00:07.530 n2 m15 heartbeat from n1 term 1
09:00:08.513 n2 m17 heartbeat from n1 term 1
09:00:09.536 n2 m19 heartbeat from n1 term 1
09:00:12.500 n2 no heartbeat for 2.9 s: election for term 2, vote requests: m21->n1 m22->n3
09:00:12.517 n2 m23 vote from n3 for term 2
09:00:12.517 n2 became LEADER for term 2
09:00:12.517 n2 heartbeat term 2 sent: m24->n1 m25->n3
09:00:14.000 n2 heartbeat term 2 sent: m26->n1 m27->n3
09:00:14.200 n2 client write x=2: ACCEPTED (I am leader, term 2)
09:00:15.000 n2 heartbeat term 2 sent: m28->n1 m29->n3
09:00:15.068 n2 m30 vote from n1 for term 2 (already decided)
09:00:16.000 n2 heartbeat term 2 sent: m31->n1 m32->n3

=== node3.log ===
09:00:07.320 n3 m14 heartbeat from n1 term 1
09:00:08.338 n3 m16 heartbeat from n1 term 1
09:00:09.322 n3 m18 heartbeat from n1 term 1
09:00:10.325 n3 m20 heartbeat from n1 term 1
09:00:13.306 n3 m22 vote request from n2 term 2: vote granted, reply m23
09:00:13.343 n3 m25 heartbeat from n2 term 2
09:00:14.807 n3 m27 heartbeat from n2 term 2
09:00:15.822 n3 m29 heartbeat from n2 term 2
09:00:16.816 n3 m32 heartbeat from n2 term 2

