true time     wall clock       L  node and event
09:00:09.500  09:00:06.500    20  n1 heartbeat term 1 sent: m19->n2 m20->n3
09:00:09.525  09:00:10.325    21  n3 m20 heartbeat from n1 term 1
09:00:09.536  09:00:09.536    20  n2 m19 heartbeat from n1 term 1
09:00:12.500  09:00:12.500    23  n2 no heartbeat for 2.9 s: election for term 2, vote requests: m21->n1 m22->n3
09:00:12.506  09:00:13.306    25  n3 m22 vote request from n2 term 2: vote granted, reply m23
09:00:12.517  09:00:12.517    26  n2 m23 vote from n3 for term 2
09:00:12.517  09:00:12.517    26  n2 became LEADER for term 2
09:00:12.517  09:00:12.517    28  n2 heartbeat term 2 sent: m24->n1 m25->n3
09:00:12.543  09:00:13.343    29  n3 m25 heartbeat from n2 term 2
09:00:14.000  09:00:14.000    30  n2 heartbeat term 2 sent: m26->n1 m27->n3
09:00:14.007  09:00:14.807    31  n3 m27 heartbeat from n2 term 2
09:00:14.200  09:00:14.200    31  n2 client write x=2: ACCEPTED (I am leader, term 2)
09:00:15.000  09:00:15.000    33  n2 heartbeat term 2 sent: m28->n1 m29->n3
09:00:15.022  09:00:15.822    34  n3 m29 heartbeat from n2 term 2
09:00:15.050  09:00:12.050    21  n1 client write x=1: ACCEPTED (I am leader, term 1)
09:00:15.050  09:00:12.050    23  n1 stepping down: saw term 2
09:00:15.050  09:00:12.050    24  n1 m21 vote request from n2 term 2: vote granted, reply m30
09:00:15.050  09:00:12.050    28  n1 m24 heartbeat from n2 term 2
09:00:15.050  09:00:12.050    30  n1 m26 heartbeat from n2 term 2
09:00:15.050  09:00:12.050    33  n1 m28 heartbeat from n2 term 2
09:00:15.068  09:00:15.068    34  n2 m30 vote from n1 for term 2 (already decided)
09:00:16.000  09:00:16.000    36  n2 heartbeat term 2 sent: m31->n1 m32->n3
09:00:16.009  09:00:13.009    36  n1 m31 heartbeat from n2 term 2
09:00:16.016  09:00:16.816    37  n3 m32 heartbeat from n2 term 2
