function hipMalloc                  cudaMalloc                   line 1495
function hipFree                    cudaFree                     line 1511
function hipMemcpy                  cudaMemcpy                   line 1698
macro    hipMemcpyHostToDevice      cudaMemcpyHostToDevice       line   83
macro    hipMemcpyDeviceToHost      cudaMemcpyDeviceToHost       line   84
function hipMemset                  cudaMemset                   line 1927
function hipMemcpyAsync             cudaMemcpyAsync              line 1714
function hipMemcpyToSymbol          cudaMemcpyToSymbol           line 1720
function hipMallocManaged           cudaMallocManaged            line 1564
function hipHostMalloc              cudaHostAlloc                line 1528   <- name differs
function hipHostFree                cudaFreeHost                 line 1636   <- name differs
function hipDeviceSynchronize       cudaDeviceSynchronize        line 1852
function hipGetLastError            cudaGetLastError             line 1489
function hipPeekAtLastError         cudaPeekAtLastError          line 1491
function hipGetErrorString          cudaGetErrorString           line 1872
function hipGetErrorName            cudaGetErrorName             line 1876
function hipGetDeviceCount          cudaGetDeviceCount           line 1898
function hipSetDevice               cudaSetDevice                line 1640
function hipGetDeviceProperties     cudaGetDeviceProperties      line 1979
type     hipStream_t                cudaStream_t                 line  417
function hipStreamCreate            cudaStreamCreate             line 2491
function hipStreamSynchronize       cudaStreamSynchronize        line 2495
function hipStreamDestroy           cudaStreamDestroy            line 2499
type     hipEvent_t                 cudaEvent_t                  line  416
function hipEventCreate             cudaEventCreate              line 2459
function hipEventRecord             cudaEventRecord              line 2463
function hipEventSynchronize        cudaEventSynchronize         line 2467
function hipEventElapsedTime        cudaEventElapsedTime         line 2471
function hipEventDestroy            cudaEventDestroy             line 2475
-        hipError_t                 (not written as a CUDA name here)
-        hipDeviceProp_t            (not written as a CUDA name here)

HIP names mapped in this header: 665 (functions 338, macros 240, types 87)
of the 29 names shown, 27 differ only by the prefix
