== AMD (hipcc, gfx90a):
unchecked.hip:20:5: warning: ignoring return value of function declared with 'nodiscard' attribute [-Wunused-result]
   20 |     hipMalloc(&dX, n * sizeof(int));                                     // result ignored
      |     ^~~~~~~~~ ~~~~~~~~~~~~~~~~~~~~
unchecked.hip:22:5: warning: ignoring return value of function declared with 'nodiscard' attribute [-Wunused-result]
   22 |     hipMemcpy(hX.data(), dX, n * sizeof(int), hipMemcpyDeviceToHost);   // result ignored
      |     ^~~~~~~~~ ~~~~~~~~~~~~~~~~~~~~~~~~~~~~~~~~~~~~~~~~~~~~~~~~~~~~~
unchecked.hip:28:5: warning: ignoring return value of function declared with 'nodiscard' attribute [-Wunused-result]
   28 |     hipFree(dX);                                                         // result ignored
      |     ^~~~~~~ ~~
3 warnings generated when compiling for gfx90a.
unchecked.hip:20:5: warning: ignoring return value of function declared with 'nodiscard' attribute [-Wunused-result]
   20 |     hipMalloc(&dX, n * sizeof(int));                                     // result ignored
      |     ^~~~~~~~~ ~~~~~~~~~~~~~~~~~~~~
unchecked.hip:22:5: warning: ignoring return value of function declared with 'nodiscard' attribute [-Wunused-result]
   22 |     hipMemcpy(hX.data(), dX, n * sizeof(int), hipMemcpyDeviceToHost);   // result ignored
      |     ^~~~~~~~~ ~~~~~~~~~~~~~~~~~~~~~~~~~~~~~~~~~~~~~~~~~~~~~~~~~~~~~
unchecked.hip:28:5: warning: ignoring return value of function declared with 'nodiscard' attribute [-Wunused-result]
   28 |     hipFree(dX);                                                         // result ignored
      |     ^~~~~~~ ~~
3 warnings generated when compiling for host.
== NVIDIA back end:
Remark: The warnings can be suppressed with "-diag-suppress <warning-number>"
unchecked.hip(20): warning #2810-D: ignoring return value type with "nodiscard" attribute
unchecked.hip(22): warning #2810-D: ignoring return value type with "nodiscard" attribute
unchecked.hip(28): warning #2810-D: ignoring return value type with "nodiscard" attribute
unchecked.hip:20:10: warning: ignoring returned value of type 'hipError_t', declared with attribute 'nodiscard' [-Wunused-result]
unchecked.hip:22:10: warning: ignoring returned value of type 'hipError_t', declared with attribute 'nodiscard' [-Wunused-result]
unchecked.hip:28:8: warning: ignoring returned value of type 'hipError_t', declared with attribute 'nodiscard' [-Wunused-result]
