--cubin                                         (-cubin)                        
        Compile all .cu/.gpu/.ptx input files to device-only .cubin files.  This
        step discards the host code for each .cu input file.

--
--ptx                                           (-ptx)                          
        Compile all .cu input files to device-only .ptx files.  This step discards
        the host code for each of these input file.

--
--ptxas-options <options>,...                   (-Xptxas)                       
        Specify options directly to ptxas, the PTX optimizing assembler.

--nvlink-options <options>,...                  (-Xnvlink)                      
--
--gpu-architecture <arch>                       (-arch)                         
        Specify the name of the class of NVIDIA 'virtual' GPU architecture for which
        the CUDA input files must be compiled.
        With the exception as described for the shorthand below, the architecture
--
--generate-code <specification>,...             (-gencode)                      
        This option provides a generalization of the '--gpu-architecture=<arch> --gpu-code=<code>,
        ...' option combination for specifying nvcc behavior with respect to code
        generation.  Where use of the previous options generates code for different
--
--list-gpu-code                                 (-code-ls)                      
        List the gpu architectures (sm_XX) supported by the compiler and exit. If
        both --list-gpu-code and --list-gpu-arch are set, the list is displayed using
        the same format as the --generate-code value.
--fmad {true|false}                             (-fmad)                         
        This option enables (disables) the contraction of floating-point multiplies
        and adds/subtracts into floating-point multiply-add operations (FMAD, FFMA,
        or DFMA).  '--use_fast_math' implies '--fmad=true'.
        Default value:  true.
