cycle reset load  d  | q_reg | enable count wrap | in q_shift
    0   1    0    6  |   0   |   1      0    0  |  1  xxx1
    1   0    0    6  |   0   |   1      1    0  |  0  xx10
    2   0    1    9  |   9   |   1      2    0  |  1  x101
    3   0    0    6  |   9   |   1      3    0  |  1  1011
    4   0    0    6  |   9   |   0      3    0  |  0  0110
    5   0    0    6  |   9   |   0      3    0  |  0  1100
    6   0    1    6  |   6   |   1      4    0  |  1  1001
    7   0    0    6  |   6   |   1      5    0  |  0  0010
    8   0    0    6  |   6   |   1      6    0  |  0  0100
    9   0    0    6  |   6   |   1      7    0  |  0  1000
   10   0    0    6  |   6   |   1      8    0  |  0  0000
   11   0    0    6  |   6   |   1      9    0  |  0  0000
   12   0    0    6  |   6   |   1     10    0  |  0  0000
   13   0    0    6  |   6   |   1     11    0  |  0  0000
   14   0    0    6  |   6   |   1     12    0  |  0  0000
   15   0    0    6  |   6   |   1     13    0  |  0  0000
   16   0    0    6  |   6   |   1     14    0  |  0  0000
   17   0    0    6  |   6   |   1     15    1  |  0  0000
   18   0    0    6  |   6   |   1      0    0  |  0  0000
   19   0    0    6  |   6   |   1      1    0  |  0  0000
RESULT: PASS (20 cycles, all three parts match their rules)
