t=   2  count =  0  (0000)
t=  11  count =  1  (0001)
t=  31  count =  0  (0000)
t=  32  count =  2  (0010)
t=  51  count =  3  (0011)
t=  71  count =  2  (0010)
t=  72  count =  0  (0000)
t=  73  count =  4  (0100)
t=  91  count =  5  (0101)
t= 111  count =  4  (0100)
t= 112  count =  6  (0110)
t= 131  count =  7  (0111)
t= 151  count =  6  (0110)
t= 152  count =  4  (0100)
t= 153  count =  0  (0000)
t= 154  count =  8  (1000)
t= 171  count =  9  (1001)
t= 191  count =  8  (1000)
t= 192  count = 10  (1010)
t= 211  count = 11  (1011)
t= 231  count = 10  (1010)
t= 232  count =  8  (1000)
t= 233  count = 12  (1100)
t= 251  count = 13  (1101)
t= 271  count = 12  (1100)
t= 272  count = 14  (1110)
t= 291  count = 15  (1111)
t= 311  count = 14  (1110)
t= 312  count = 12  (1100)
t= 313  count =  8  (1000)
t= 314  count =  0  (0000)
t= 331  count =  1  (0001)
