--- mpirun -np 4 ./hier_allreduce 2
world 4 ranks; MPI_COMM_TYPE_SHARED groups 4 ranks per real node; simulated ppn 2; node sizes equal; checked
  n=1        int64 PASS (wrong elements per quarter, all ranks: 0 0 0 0)  float vs flat: max rel diff 0.00e+00, 0 of 4 values differ in bits
  n=7        int64 PASS (wrong elements per quarter, all ranks: 0 0 0 0)  float vs flat: max rel diff 0.00e+00, 0 of 28 values differ in bits
  n=1000     int64 PASS (wrong elements per quarter, all ranks: 0 0 0 0)  float vs flat: max rel diff 0.00e+00, 0 of 4000 values differ in bits
  n=1048576  int64 PASS (wrong elements per quarter, all ranks: 0 0 0 0)  float vs flat: max rel diff 0.00e+00, 0 of 4194304 values differ in bits
result: all integer checks PASS
--- mpirun -np 8 ./hier_allreduce 4
world 8 ranks; MPI_COMM_TYPE_SHARED groups 8 ranks per real node; simulated ppn 4; node sizes equal; checked
  n=1        int64 PASS (wrong elements per quarter, all ranks: 0 0 0 0)  float vs flat: max rel diff 0.00e+00, 0 of 8 values differ in bits
  n=7        int64 PASS (wrong elements per quarter, all ranks: 0 0 0 0)  float vs flat: max rel diff 0.00e+00, 0 of 56 values differ in bits
  n=1000     int64 PASS (wrong elements per quarter, all ranks: 0 0 0 0)  float vs flat: max rel diff 2.25e-07, 1624 of 8000 values differ in bits
  n=1048576  int64 PASS (wrong elements per quarter, all ranks: 0 0 0 0)  float vs flat: max rel diff 2.25e-07, 1577072 of 8388608 values differ in bits
result: all integer checks PASS
--- mpirun -np 8 ./hier_allreduce 2
world 8 ranks; MPI_COMM_TYPE_SHARED groups 8 ranks per real node; simulated ppn 2; node sizes equal; checked
  n=1        int64 PASS (wrong elements per quarter, all ranks: 0 0 0 0)  float vs flat: max rel diff 0.00e+00, 0 of 8 values differ in bits
  n=7        int64 PASS (wrong elements per quarter, all ranks: 0 0 0 0)  float vs flat: max rel diff 0.00e+00, 0 of 56 values differ in bits
  n=1000     int64 PASS (wrong elements per quarter, all ranks: 0 0 0 0)  float vs flat: max rel diff 0.00e+00, 0 of 8000 values differ in bits
  n=1048576  int64 PASS (wrong elements per quarter, all ranks: 0 0 0 0)  float vs flat: max rel diff 0.00e+00, 0 of 8388608 values differ in bits
result: all integer checks PASS
--- mpirun -np 6 ./hier_allreduce 4
world 6 ranks; MPI_COMM_TYPE_SHARED groups 6 ranks per real node; simulated ppn 4; node sizes UNEQUAL; checked
  n=1        int64 PASS (wrong elements per quarter, all ranks: 0 0 0 0)  float vs flat: max rel diff 0.00e+00, 0 of 6 values differ in bits
  n=7        int64 PASS (wrong elements per quarter, all ranks: 0 0 0 0)  float vs flat: max rel diff 1.18e-07, 12 of 42 values differ in bits
  n=1000     int64 PASS (wrong elements per quarter, all ranks: 0 0 0 0)  float vs flat: max rel diff 1.63e-07, 1068 of 6000 values differ in bits
  n=1048576  int64 PASS (wrong elements per quarter, all ranks: 0 0 0 0)  float vs flat: max rel diff 1.60e-07, 830568 of 6291456 values differ in bits
result: all integer checks PASS
