model input: TN-2_teaching_values_(invented,_not_any_real_product)
intra-node: alpha 2.0 us, 80.0 GB/s; inter-node: alpha 4.0 us, 20.0 GB/s per node
N = 2 nodes x G = 4 GPUs (P = 8)
     size     flat us     hier us    intra us    inter us  overlap us flat/hier
    8 KiB        56.7        20.6        12.2         8.4        12.2      2.76
    1 MiB       147.8        92.1        31.7        60.4        60.4      1.60
   64 MiB      5928.0      4633.7      1270.3      3363.4      3363.4      1.28
    1 GiB     94008.4     73839.8     20144.7     53695.1     53695.1      1.27
  bytes sent per NIC / S: flat 1.750, hierarchical 1.000
N = 2 nodes x G = 8 GPUs (P = 16)
     size     flat us     hier us    intra us    inter us  overlap us flat/hier
    8 KiB       120.8        36.6        28.2         8.4        28.2      3.30
    1 MiB       218.3       111.4        50.9        60.4        60.4      1.96
   64 MiB      6411.5      4859.4      1496.0      3363.4      3363.4      1.32
    1 GiB    100783.3     77211.2     23516.1     53695.1     53695.1      1.31
  bytes sent per NIC / S: flat 1.875, hierarchical 1.000
N = 4 nodes x G = 8 GPUs (P = 32)
     size     flat us     hier us    intra us    inter us  overlap us flat/hier
    8 KiB       248.8        52.8        28.2        24.6        28.2      4.71
    1 MiB       349.6       153.6        50.9       102.6       102.6      2.28
   64 MiB      6749.2      6553.2      1496.0      5057.2      5057.2      1.03
    1 GiB    104266.7    104070.7     23516.1     80554.6     80554.6      1.00
  bytes sent per NIC / S: flat 1.938, hierarchical 1.500
N = 8 nodes x G = 8 GPUs (P = 64)
     size     flat us     hier us    intra us    inter us  overlap us flat/hier
    8 KiB       504.8        84.9        28.2        56.7        56.7      5.95
    1 MiB       607.2       198.7        50.9       147.8       147.8      3.06
   64 MiB      7110.0      7424.0      1496.0      5928.0      5928.0      0.96
    1 GiB    106200.5    117524.5     23516.1     94008.4     94008.4      0.90
  bytes sent per NIC / S: flat 1.969, hierarchical 1.750
