BdsDxe: loading Boot0001 "UEFI QEMU HARDDISK QM00001 " from PciRoot(0x0)/Pci(0x1F,0x2)/Sata(0x0,0xFFFF,0x0)
BdsDxe: starting Boot0001 "UEFI QEMU HARDDISK QM00001 " from PciRoot(0x0)/Pci(0x1F,0x2)/Sata(0x0,0xFFFF,0x0)
A1: hello from a UEFI application written in C++
descriptor size 48 bytes, version 1, 128 descriptors
  #  type                 physical start      pages     attribute
  0  BootServicesCode     0x0000000000000000  0x00000001  0x000000000000000f
  1  Conventional         0x0000000000001000  0x0000009f  0x000000000000000f
  2  Conventional         0x0000000000100000  0x00000700  0x000000000000000f
  3  ACPINVS              0x0000000000800000  0x00000008  0x000000000000000f
  4  Conventional         0x0000000000808000  0x00000003  0x000000000000000f
  5  ACPINVS              0x000000000080b000  0x00000001  0x000000000000000f
  6  Conventional         0x000000000080c000  0x00000004  0x000000000000000f
  7  ACPINVS              0x0000000000810000  0x000000f0  0x000000000000000f
  8  BootServicesData     0x0000000000900000  0x00000e80  0x000000000000000f
  9  Conventional         0x0000000001780000  0x0000a3f5  0x000000000000000f
 10  BootServicesData     0x000000000bb75000  0x00000020  0x000000000000000f
 11  Conventional         0x000000000bb95000  0x0000243a  0x000000000000000f
 12  LoaderCode           0x000000000dfcf000  0x00000005  0x000000000000000f
 13  BootServicesData     0x000000000dfd4000  0x0000069e  0x000000000000000f
 14  BootServicesCode     0x000000000e672000  0x000000e1  0x000000000000000f
 15  Conventional         0x000000000e753000  0x00000003  0x000000000000000f
 16  BootServicesData     0x000000000e756000  0x0000000e  0x000000000000000f
 17  Conventional         0x000000000e764000  0x00000002  0x000000000000000f
 18  BootServicesData     0x000000000e766000  0x00000006  0x000000000000000f
 19  LoaderData           0x000000000e76c000  0x00000002  0x000000000000000f
 20  BootServicesData     0x000000000e76e000  0x0000004a  0x000000000000000f
 21  BootServicesCode     0x000000000e7b8000  0x00000009  0x000000000000000f
 22  BootServicesData     0x000000000e7c1000  0x00000005  0x000000000000000f
 23  BootServicesCode     0x000000000e7c6000  0x00000020  0x000000000000000f
 24  BootServicesData     0x000000000e7e6000  0x00000002  0x000000000000000f
 25  BootServicesCode     0x000000000e7e8000  0x0000000a  0x000000000000000f
 26  BootServicesData     0x000000000e7f2000  0x00000001  0x000000000000000f
 27  BootServicesCode     0x000000000e7f3000  0x00000008  0x000000000000000f
 28  BootServicesData     0x000000000e7fb000  0x00000001  0x000000000000000f
 29  BootServicesCode     0x000000000e7fc000  0x00000010  0x000000000000000f
 30  BootServicesData     0x000000000e80c000  0x00000003  0x000000000000000f
 31  BootServicesCode     0x000000000e80f000  0x00000003  0x000000000000000f
 32  BootServicesData     0x000000000e812000  0x00000007  0x000000000000000f
 33  BootServicesCode     0x000000000e819000  0x00000012  0x000000000000000f
 34  BootServicesData     0x000000000e82b000  0x00000009  0x000000000000000f
 35  BootServicesCode     0x000000000e834000  0x0000000e  0x000000000000000f
 36  BootServicesData     0x000000000e842000  0x0000000f  0x000000000000000f
 37  BootServicesCode     0x000000000e851000  0x0000000b  0x000000000000000f
 38  BootServicesData     0x000000000e85c000  0x0000000b  0x000000000000000f
 39  BootServicesCode     0x000000000e867000  0x00000016  0x000000000000000f
 40  BootServicesData     0x000000000e87d000  0x00000009  0x000000000000000f
 41  BootServicesCode     0x000000000e886000  0x00000024  0x000000000000000f
 42  BootServicesData     0x000000000e8aa000  0x00000003  0x000000000000000f
 43  BootServicesCode     0x000000000e8ad000  0x00000014  0x000000000000000f
 44  BootServicesData     0x000000000e8c1000  0x00000007  0x000000000000000f
 45  BootServicesCode     0x000000000e8c8000  0x00000019  0x000000000000000f
 46  BootServicesData     0x000000000e8e1000  0x00000003  0x000000000000000f
 47  BootServicesCode     0x000000000e8e4000  0x00000006  0x000000000000000f
 48  BootServicesData     0x000000000e8ea000  0x00000002  0x000000000000000f
 49  BootServicesCode     0x000000000e8ec000  0x00000013  0x000000000000000f
 50  BootServicesData     0x000000000e8ff000  0x00000005  0x000000000000000f
 51  BootServicesCode     0x000000000e904000  0x00000016  0x000000000000000f
 52  BootServicesData     0x000000000e91a000  0x00000002  0x000000000000000f
 53  BootServicesCode     0x000000000e91c000  0x0000000d  0x000000000000000f
 54  BootServicesData     0x000000000e929000  0x00000003  0x000000000000000f
 55  BootServicesCode     0x000000000e92c000  0x00000006  0x000000000000000f
 56  BootServicesData     0x000000000e932000  0x00000002  0x000000000000000f
 57  BootServicesCode     0x000000000e934000  0x00000001  0x000000000000000f
 58  BootServicesData     0x000000000e935000  0x00000001  0x000000000000000f
 59  BootServicesCode     0x000000000e936000  0x00000005  0x000000000000000f
 60  BootServicesData     0x000000000e93b000  0x00000005  0x000000000000000f
 61  BootServicesCode     0x000000000e940000  0x0000000c  0x000000000000000f
 62  BootServicesData     0x000000000e94c000  0x00000002  0x000000000000000f
 63  BootServicesCode     0x000000000e94e000  0x0000001d  0x000000000000000f
 64  BootServicesData     0x000000000e96b000  0x00000001  0x000000000000000f
 65  BootServicesCode     0x000000000e96c000  0x0000000a  0x000000000000000f
 66  BootServicesData     0x000000000e976000  0x00000001  0x000000000000000f
 67  BootServicesCode     0x000000000e977000  0x00000001  0x000000000000000f
 68  BootServicesData     0x000000000e978000  0x00000002  0x000000000000000f
 69  BootServicesCode     0x000000000e97a000  0x00000015  0x000000000000000f
 70  BootServicesData     0x000000000e98f000  0x00000003  0x000000000000000f
 71  BootServicesCode     0x000000000e992000  0x00000002  0x000000000000000f
 72  BootServicesData     0x000000000e994000  0x00000002  0x000000000000000f
 73  BootServicesCode     0x000000000e996000  0x00000007  0x000000000000000f
 74  BootServicesData     0x000000000e99d000  0x00000008  0x000000000000000f
 75  BootServicesCode     0x000000000e9a5000  0x00000004  0x000000000000000f
 76  BootServicesData     0x000000000e9a9000  0x00000006  0x000000000000000f
 77  BootServicesCode     0x000000000e9af000  0x00000001  0x000000000000000f
 78  BootServicesData     0x000000000e9b0000  0x00000001  0x000000000000000f
 79  BootServicesCode     0x000000000e9b1000  0x0000003e  0x000000000000000f
 80  BootServicesData     0x000000000e9ef000  0x00000003  0x000000000000000f
 81  BootServicesCode     0x000000000e9f2000  0x00000004  0x000000000000000f
 82  BootServicesData     0x000000000e9f6000  0x00000007  0x000000000000000f
 83  BootServicesCode     0x000000000e9fd000  0x00000003  0x000000000000000f
 84  BootServicesData     0x000000000ea00000  0x00000201  0x000000000000000f
 85  BootServicesCode     0x000000000ec01000  0x00000008  0x000000000000000f
 86  BootServicesData     0x000000000ec09000  0x00000005  0x000000000000000f
 87  RuntimeServicesData  0x000000000ec0e000  0x000000c1  0x800000000000000f
 88  BootServicesCode     0x000000000eccf000  0x00000015  0x000000000000000f
 89  BootServicesData     0x000000000ece4000  0x00000002  0x000000000000000f
 90  BootServicesCode     0x000000000ece6000  0x00000004  0x000000000000000f
 91  BootServicesData     0x000000000ecea000  0x00000002  0x000000000000000f
 92  BootServicesCode     0x000000000ecec000  0x00000008  0x000000000000000f
 93  BootServicesData     0x000000000ecf4000  0x00000001  0x000000000000000f
 94  BootServicesCode     0x000000000ecf5000  0x00000001  0x000000000000000f
 95  BootServicesData     0x000000000ecf6000  0x00000001  0x000000000000000f
 96  BootServicesCode     0x000000000ecf7000  0x00000001  0x000000000000000f
 97  BootServicesData     0x000000000ecf8000  0x00000001  0x000000000000000f
 98  BootServicesCode     0x000000000ecf9000  0x00000003  0x000000000000000f
 99  BootServicesData     0x000000000ecfc000  0x00000002  0x000000000000000f
100  BootServicesCode     0x000000000ecfe000  0x00000017  0x000000000000000f
101  BootServicesData     0x000000000ed15000  0x00000002  0x000000000000000f
102  BootServicesCode     0x000000000ed17000  0x00000002  0x000000000000000f
103  BootServicesData     0x000000000ed19000  0x00000412  0x000000000000000f
104  BootServicesCode     0x000000000f12b000  0x00000004  0x000000000000000f
105  BootServicesData     0x000000000f12f000  0x00000002  0x000000000000000f
106  BootServicesCode     0x000000000f131000  0x00000006  0x000000000000000f
107  BootServicesData     0x000000000f137000  0x00000006  0x000000000000000f
108  BootServicesCode     0x000000000f13d000  0x0000000a  0x000000000000000f
109  BootServicesData     0x000000000f147000  0x00000001  0x000000000000000f
110  BootServicesCode     0x000000000f148000  0x00000005  0x000000000000000f
111  BootServicesData     0x000000000f14d000  0x000003a0  0x000000000000000f
112  RuntimeServicesData  0x000000000f4ed000  0x00000100  0x800000000000000f
113  RuntimeServicesCode  0x000000000f5ed000  0x00000100  0x800000000000000f
114  Reserved             0x000000000f6ed000  0x00000080  0x000000000000000f
115  ACPIReclaim          0x000000000f76d000  0x00000012  0x000000000000000f
116  ACPINVS              0x000000000f77f000  0x00000080  0x000000000000000f
117  BootServicesData     0x000000000f7ff000  0x00000601  0x000000000000000f
118  Conventional         0x000000000fe00000  0x00000077  0x000000000000000f
119  BootServicesData     0x000000000fe77000  0x00000020  0x000000000000000f
120  BootServicesCode     0x000000000fe97000  0x00000033  0x000000000000000f
121  BootServicesData     0x000000000feca000  0x00000011  0x000000000000000f
122  BootServicesCode     0x000000000fedb000  0x00000019  0x000000000000000f
123  RuntimeServicesData  0x000000000fef4000  0x00000084  0x800000000000000f
124  ACPINVS              0x000000000ff78000  0x00000088  0x000000000000000f
125  Reserved             0x00000000e0000000  0x00010000  0x0000000000000001
126  MMIO                 0x00000000ffc00000  0x00000400  0x8000000000000001
127  Reserved             0x000000fd00000000  0x00300000  0x0000000000000000
totals per type:
  Reserved             3211392 pages = 12845568 KiB
  LoaderCode           5 pages = 20 KiB
  LoaderData           2 pages = 8 KiB
  BootServicesCode     850 pages = 3400 KiB
  BootServicesData     9758 pages = 39032 KiB
  RuntimeServicesCode  256 pages = 1024 KiB
  RuntimeServicesData  581 pages = 2324 KiB
  Conventional         53329 pages = 213316 KiB
  ACPIReclaim          18 pages = 72 KiB
  ACPINVS              513 pages = 2052 KiB
  MMIO                 1024 pages = 4096 KiB
conventional KiB: 213316
usable after ExitBootServices KiB: 255776
A1: done, returning to the firmware
BdsDxe: loading Boot0000 "UiApp" from Fv(7CB8BDC9-F8EB-4F34-AAEA-3EE4AF6516A1)/FvFile(462CAA21-7614-4503-836E-8AB6F4662331)
BdsDxe: starting Boot0000 "UiApp" from Fv(7CB8BDC9-F8EB-4F34-AAEA-3EE4AF6516A1)/FvFile(462CAA21-7614-4503-836E-8AB6F4662331)
