config: robot_radius 0.10 inflation_radius 0.25 max_vel 0.40 lookahead 0.50 xy_tol 0.15 yaw_tol 0.20
t=  0.00 goal 1 (5.20, 0.60, 0.00) accepted
t=  0.00   planner: path of 43 cells, cost 4.74
t= 12.05 goal 1 SUCCEEDED in 12.1 s, travelled 4.44 m, recoveries 0, collisions 0
t= 12.05 goal 2 (6.80, 4.80, 1.57) accepted
t= 12.05   planner: path of 42 cells, cost 4.85
t= 25.20 goal 2 SUCCEEDED in 13.2 s, travelled 4.45 m, recoveries 0, collisions 0
t= 25.20 goal 3 (3.20, 5.00, 3.14) accepted
t= 25.20   planner: path of 67 cells, cost 8.71
t= 30.00   (world: a box not in the map appears at x 2.2-2.8, y 2.5-2.9)
t= 31.15   BUMPER: contact at (5.70, 3.40), heading -2.18
t= 35.05   progress checker: no progress at (5.71, 3.41) -> recovery 1: back up 0.2 m
t= 35.55   planner: path of 56 cells, cost 7.24
t= 36.05   BUMPER: contact at (5.70, 3.39), heading -2.28
t= 39.90   progress checker: no progress at (5.71, 3.41) -> recovery 2: back up 0.2 m
t= 40.40   planner: path of 56 cells, cost 7.24
t= 40.90   BUMPER: contact at (5.70, 3.39), heading -2.36
t= 44.75   progress checker: no progress at (5.71, 3.41) -> recovery 3: back up 0.2 m
t= 45.25   planner: path of 56 cells, cost 7.24
t= 45.80   BUMPER: contact at (5.69, 3.38), heading -2.36
t= 49.60   progress checker: no progress at (5.70, 3.39) -> recovery 4: back up 0.2 m
t= 50.10 goal 3 ABORTED after 4 recoveries
t= 50.10 goal 4 (1.00, 1.90, 0.00) accepted
t= 50.10   planner: path of 50 cells, cost 5.56
t= 50.60   BUMPER: contact at (5.69, 3.37), heading -2.27
t= 54.45   progress checker: no progress at (5.70, 3.39) -> recovery 1: back up 0.2 m
t= 54.95   planner: path of 50 cells, cost 5.56
t= 55.45   BUMPER: contact at (5.69, 3.37), heading -2.24
t= 59.30   progress checker: no progress at (5.70, 3.39) -> recovery 2: back up 0.2 m
t= 59.80   planner: path of 50 cells, cost 5.56
t= 60.30   BUMPER: contact at (5.69, 3.37), heading -2.24
t= 64.15   progress checker: no progress at (5.70, 3.39) -> recovery 3: back up 0.2 m
t= 64.65   planner: path of 50 cells, cost 5.56
t= 65.15   BUMPER: contact at (5.69, 3.37), heading -2.24
t= 69.00   progress checker: no progress at (5.71, 3.39) -> recovery 4: back up 0.2 m
t= 69.50 goal 4 ABORTED after 4 recoveries
summary: 4 goals, 2 failed, 8 bumper contacts
