== normal cooling (thermal resistance 2.0 C/W) ==
  t=  0 s   41.1 C  3.0 GHz  41.0 W
  t= 55 s   80.9 C  2.5 GHz  30.0 W  (passive trip: one step down)
  t= 60 s   81.2 C  2.0 GHz  21.0 W  (passive trip: one step down)
  t= 65 s   80.0 C  1.5 GHz  14.0 W  (passive trip: one step down)
  t= 80 s   74.0 C  2.0 GHz  21.0 W  (below trip - hysteresis: one step up)
  t= 85 s   73.5 C  2.5 GHz  30.0 W  (below trip - hysteresis: one step up)
  t= 90 s   74.4 C  3.0 GHz  41.0 W  (below trip - hysteresis: one step up)
  t=100 s   79.4 C  3.0 GHz  41.0 W
  t=105 s   81.7 C  2.5 GHz  30.0 W  (passive trip: one step down)
  t=110 s   81.9 C  2.0 GHz  21.0 W  (passive trip: one step down)
  t=115 s   80.7 C  1.5 GHz  14.0 W  (passive trip: one step down)
  t=130 s   74.5 C  2.0 GHz  21.0 W  (below trip - hysteresis: one step up)
  t=135 s   73.9 C  2.5 GHz  30.0 W  (below trip - hysteresis: one step up)
  t=140 s   74.8 C  3.0 GHz  41.0 W  (below trip - hysteresis: one step up)
  t=155 s   82.0 C  2.5 GHz  30.0 W  (passive trip: one step down)
  t=160 s   82.2 C  2.0 GHz  21.0 W  (passive trip: one step down)
  t=165 s   81.0 C  1.5 GHz  14.0 W  (passive trip: one step down)
  t=180 s   74.8 C  2.0 GHz  21.0 W  (below trip - hysteresis: one step up)
  t=185 s   74.1 C  2.5 GHz  30.0 W  (below trip - hysteresis: one step up)
  t=200 s   76.6 C  2.5 GHz  30.0 W
  t=235 s   80.3 C  2.0 GHz  21.0 W  (passive trip: one step down)
  t=270 s   74.4 C  2.5 GHz  30.0 W  (below trip - hysteresis: one step up)
  t=300 s   78.6 C  2.5 GHz  30.0 W
  t=315 s   80.0 C  2.0 GHz  21.0 W  (passive trip: one step down)
  t=345 s   74.9 C  2.5 GHz  30.0 W  (below trip - hysteresis: one step up)
  t=390 s   80.2 C  2.0 GHz  21.0 W  (passive trip: one step down)
  t=400 s   78.2 C  2.0 GHz  21.0 W
  t=420 s   75.0 C  2.5 GHz  30.0 W  (below trip - hysteresis: one step up)
  t=465 s   80.3 C  2.0 GHz  21.0 W  (passive trip: one step down)
  t=500 s   74.4 C  2.5 GHz  30.0 W  (below trip - hysteresis: one step up)
  t=545 s   80.0 C  2.0 GHz  21.0 W  (passive trip: one step down)
  t=575 s   74.9 C  2.5 GHz  30.0 W  (below trip - hysteresis: one step up)
  t=600 s   78.3 C  2.5 GHz  30.0 W
  600 s: no critical trip; final 78.3 C at 2.5 GHz
== fan failed (thermal resistance 8.0 C/W) ==
  t=  0 s   41.3 C  3.0 GHz  41.0 W
  t= 35 s   83.7 C  2.5 GHz  30.0 W  (passive trip: one step down)
  t= 40 s   87.4 C  2.0 GHz  21.0 W  (passive trip: one step down)
  t= 45 s   89.6 C  1.5 GHz  14.0 W  (passive trip: one step down)
  t= 50 s   90.6 C  1.0 GHz   9.0 W  (passive trip: one step down)
  t=100 s   91.8 C  1.0 GHz   9.0 W
  t=200 s   93.6 C  1.0 GHz   9.0 W
  t=300 s   94.7 C  1.0 GHz   9.0 W
  t=329 s  95.0 C >= critical 95 C: orderly shutdown: stop new work, write caches back, power off
normal: kept running; fan failed: shut down
