3407 in parts: 3000 + 400 + 0 + 7 = 3407
whole tens in 3407: 340, ones left: 7
347 beans: bowls of 100 = 3, cups of 10 = 4, loose = 7
347 beans in cups of 10: full cups = 34, left over = 7, cups needed for all = 35
digit 7 as ones, tens, hundreds, thousands: 7 70 700 7000
a thousand thousands = 1000000
a thousand millions = 1000000000
one million seconds = 11 days 13 hours 46 minutes 40 seconds
4099 < 4100 is true
4100 - 4099 = 1
406 = 400 + 0 + 6 = 406
46 = 40 + 6 = 46
2,050,300 = 2050300
ordering: 980 < 1,004 < 1,040 < 1,400 is true
1,000,000 / 4 friends = 250000 each
seconds in a day: 24 x 60 x 60 = 86400
1000000 / 86400 = 11 r 49600
49600 / 3600 = 13 (46800 s) r 2800
2800 / 60 = 46 (2760 s) r 40
340 tens = 3400; 3400 + 7 = 3407; 34 + 1 = 35
with tens = 5: 3457
4050 = 4050; digit 6 in 5628 is worth 600
7099 < 7190 is true
128 marbles in boxes of 10: full = 12, left = 8, boxes needed = 13
340 beans in cups of 10: cups needed = 34
