Frame 1: 106 bytes on wire (848 bits), 106 bytes captured (848 bits)
Ethernet II, Src: 02:00:00:00:00:01 (02:00:00:00:00:01), Dst: 02:00:00:00:00:02 (02:00:00:00:00:02)
    Destination: 02:00:00:00:00:02 (02:00:00:00:00:02)
        Address: 02:00:00:00:00:02 (02:00:00:00:00:02)
        .... ..1. .... .... .... .... = LG bit: Locally administered address (this is NOT the factory default)
        .... ...0 .... .... .... .... = IG bit: Individual address (unicast)
    Source: 02:00:00:00:00:01 (02:00:00:00:00:01)
        Address: 02:00:00:00:00:01 (02:00:00:00:00:01)
        .... ..1. .... .... .... .... = LG bit: Locally administered address (this is NOT the factory default)
        .... ...0 .... .... .... .... = IG bit: Individual address (unicast)
    Type: IPv4 (0x0800)
Internet Protocol Version 4, Src: 10.0.0.1, Dst: 10.0.0.2
    0100 .... = Version: 4
    .... 0101 = Header Length: 20 bytes (5)
    Differentiated Services Field: 0x6a (DSCP: AF31, ECN: ECT(0))
        0110 10.. = Differentiated Services Codepoint: Assured Forwarding 31 (26)
        .... ..10 = Explicit Congestion Notification: ECN-Capable Transport codepoint '10' (2)
    Total Length: 92
    Identification: 0x0001 (1)
    010. .... = Flags: 0x2, Don't fragment
        0... .... = Reserved bit: Not set
        .1.. .... = Don't fragment: Set
        ..0. .... = More fragments: Not set
    ...0 0000 0000 0000 = Fragment Offset: 0
    Time to Live: 64
    Protocol: UDP (17)
    Header Checksum: 0x2624 [validation disabled]
    [Header checksum status: Unverified]
    Source Address: 10.0.0.1
    Destination Address: 10.0.0.2
User Datagram Protocol, Src Port: 49152, Dst Port: 4791
    Source Port: 49152
    Destination Port: 4791
    Length: 72
    Checksum: 0x0000 [zero-value ignored]
        [Checksum Status: Not present]
    [Stream index: 0]
    [Timestamps]
        [Time since first frame: 0.000000000 seconds]
        [Time since previous frame: 0.000000000 seconds]
    UDP payload (64 bytes)
InfiniBand
    Base Transport Header
        Opcode: Reliable Connection (RC) - RDMA WRITE Only (10)
        0... .... = Solicited Event: False
        .0.. .... = MigReq: False
        ..00 .... = Pad Count: 0
        .... 0000 = Header Version: 0
        Partition Key: 65535
        Reserved: 00
        Destination Queue Pair: 0x000011
        1... .... = Acknowledge Request: True
        .000 0000 = Reserved (7 bits): 0
        Packet Sequence Number: 5
    RETH - RDMA Extended Transport Header
        Virtual Address: 0x00007f0000001000
        Remote Key: 0x00001234
        DMA Length: 32 (0x00000020)
    Invariant CRC: 0x00000000
Data (32 bytes)

0000  44 53 34 30 31 3a 20 77 72 69 74 74 65 6e 20 62   DS401: written b
0010  79 20 61 6e 20 52 44 4d 41 20 57 52 49 54 45 2e   y an RDMA WRITE.
    Data: 44533430313a207772697474656e20627920616e2052444d412057524954452e
    [Length: 32]

Frame 2: 62 bytes on wire (496 bits), 62 bytes captured (496 bits)
Ethernet II, Src: 02:00:00:00:00:02 (02:00:00:00:00:02), Dst: 02:00:00:00:00:01 (02:00:00:00:00:01)
    Destination: 02:00:00:00:00:01 (02:00:00:00:00:01)
        Address: 02:00:00:00:00:01 (02:00:00:00:00:01)
        .... ..1. .... .... .... .... = LG bit: Locally administered address (this is NOT the factory default)
        .... ...0 .... .... .... .... = IG bit: Individual address (unicast)
    Source: 02:00:00:00:00:02 (02:00:00:00:00:02)
        Address: 02:00:00:00:00:02 (02:00:00:00:00:02)
        .... ..1. .... .... .... .... = LG bit: Locally administered address (this is NOT the factory default)
        .... ...0 .... .... .... .... = IG bit: Individual address (unicast)
    Type: IPv4 (0x0800)
Internet Protocol Version 4, Src: 10.0.0.2, Dst: 10.0.0.1
    0100 .... = Version: 4
    .... 0101 = Header Length: 20 bytes (5)
    Differentiated Services Field: 0x6a (DSCP: AF31, ECN: ECT(0))
        0110 10.. = Differentiated Services Codepoint: Assured Forwarding 31 (26)
        .... ..10 = Explicit Congestion Notification: ECN-Capable Transport codepoint '10' (2)
    Total Length: 48
    Identification: 0x0001 (1)
    010. .... = Flags: 0x2, Don't fragment
        0... .... = Reserved bit: Not set
        .1.. .... = Don't fragment: Set
        ..0. .... = More fragments: Not set
    ...0 0000 0000 0000 = Fragment Offset: 0
    Time to Live: 64
    Protocol: UDP (17)
    Header Checksum: 0x2650 [validation disabled]
    [Header checksum status: Unverified]
    Source Address: 10.0.0.2
    Destination Address: 10.0.0.1
User Datagram Protocol, Src Port: 49152, Dst Port: 4791
    Source Port: 49152
    Destination Port: 4791
    Length: 28
    Checksum: 0x0000 [zero-value ignored]
        [Checksum Status: Not present]
    [Stream index: 1]
    [Timestamps]
        [Time since first frame: 0.000000000 seconds]
        [Time since previous frame: 0.000000000 seconds]
    UDP payload (20 bytes)
InfiniBand
    Base Transport Header
        Opcode: Reliable Connection (RC) - Acknowledge (17)
        0... .... = Solicited Event: False
        .0.. .... = MigReq: False
        ..00 .... = Pad Count: 0
        .... 0000 = Header Version: 0
        Partition Key: 65535
        Reserved: 00
        Destination Queue Pair: 0x000022
        0... .... = Acknowledge Request: False
        .000 0000 = Reserved (7 bits): 0
        Packet Sequence Number: 5
    AETH - ACK Extended Transport Header
        Syndrome: 0, Ack
            0... .... = Reserved: 0
            .00. .... = OpCode: Ack (0)
            ...0 0000 = Credit Count: 0
        Message Sequence Number: 1
    Invariant CRC: 0x00000000

Frame 3: 86 bytes on wire (688 bits), 86 bytes captured (688 bits)
Ethernet II, Src: 02:00:00:00:00:01 (02:00:00:00:00:01), Dst: 02:00:00:00:00:02 (02:00:00:00:00:02)
    Destination: 02:00:00:00:00:02 (02:00:00:00:00:02)
        Address: 02:00:00:00:00:02 (02:00:00:00:00:02)
        .... ..1. .... .... .... .... = LG bit: Locally administered address (this is NOT the factory default)
        .... ...0 .... .... .... .... = IG bit: Individual address (unicast)
    Source: 02:00:00:00:00:01 (02:00:00:00:00:01)
        Address: 02:00:00:00:00:01 (02:00:00:00:00:01)
        .... ..1. .... .... .... .... = LG bit: Locally administered address (this is NOT the factory default)
        .... ...0 .... .... .... .... = IG bit: Individual address (unicast)
    Type: RDMA over Converged Ethernet (0x8915)
InfiniBand
    Global Route Header
        0110 .... = IP Version: 6
        .... 0000 0000 .... = Traffic Class: 0
        .... .... .... 0000 0000 0000 0000 0000 = Flow Label: 0
        Payload Length: 32
        Next Header: 27
        Hop Limit: 64
        Source GID: fe80::1
        Destination GID: fe80::2
    Base Transport Header
        Opcode: Reliable Connection (RC) - SEND Only (4)
        0... .... = Solicited Event: False
        .0.. .... = MigReq: False
        ..00 .... = Pad Count: 0
        .... 0000 = Header Version: 0
        Partition Key: 65535
        Reserved: 00
        Destination Queue Pair: 0x000011
        1... .... = Acknowledge Request: True
        .000 0000 = Reserved (7 bits): 0
        Packet Sequence Number: 6
    Invariant CRC: 0x00000000
Data (16 bytes)

0000  5a 5a 5a 5a 5a 5a 5a 5a 5a 5a 5a 5a 5a 5a 5a 5a   ZZZZZZZZZZZZZZZZ
    Data: 5a5a5a5a5a5a5a5a5a5a5a5a5a5a5a5a
    [Length: 16]

