Frame 14: 62 bytes on wire (496 bits), 62 bytes captured (496 bits)
Ethernet II, Src: 02:00:00:00:00:02 (02:00:00:00:00:02), Dst: 02:00:00:00:00:04 (02:00:00:00:00:04)
Internet Protocol Version 4, Src: 10.0.0.2, Dst: 10.0.0.4
User Datagram Protocol, Src Port: 49152, Dst Port: 4791
InfiniBand
    Base Transport Header
        Opcode: Reliable Connection (RC) - Acknowledge (17)
        0... .... = Solicited Event: False
        .0.. .... = MigReq: False
        ..00 .... = Pad Count: 0
        .... 0000 = Header Version: 0
        Partition Key: 65535
        Reserved: 00
        Destination Queue Pair: 0x000113
        0... .... = Acknowledge Request: False
        .000 0000 = Reserved (7 bits): 0
        Packet Sequence Number: 302
    AETH - ACK Extended Transport Header
        Syndrome: 96, Nak
            0... .... = Reserved: 0
            .11. .... = OpCode: Nak (3)
            ...0 0000 = Error Code: PSN Sequence Error (0)
        Message Sequence Number: 1
    Invariant CRC: 0x00000000

