frame 1: RoCE v2 RDMA WRITE Only (106 bytes)
  02 00 00 00 00 02 02 00 00 00 00 01 08 00 45 6a
  00 5c 00 01 40 00 40 11 26 24 0a 00 00 01 0a 00
  00 02 c0 00 12 b7 00 48 00 00 0a 00 ff ff 00 00
  00 11 80 00 00 05 00 00 7f 00 00 00 10 00 00 00
  12 34 00 00 00 20 44 53 34 30 31 3a 20 77 72 69
  74 74 65 6e 20 62 79 20 61 6e 20 52 44 4d 41 20
  57 52 49 54 45 2e 00 00 00 00
frame 2: RoCE v2 Acknowledge (62 bytes)
  02 00 00 00 00 01 02 00 00 00 00 02 08 00 45 6a
  00 30 00 01 40 00 40 11 26 50 0a 00 00 02 0a 00
  00 01 c0 00 12 b7 00 1c 00 00 11 00 ff ff 00 00
  00 22 00 00 00 05 00 00 00 01 00 00 00 00
frame 3: RoCE v1 SEND Only (86 bytes)
  02 00 00 00 00 02 02 00 00 00 00 01 89 15 60 00
  00 00 00 20 1b 40 fe 80 00 00 00 00 00 00 00 00
  00 00 00 00 00 01 fe 80 00 00 00 00 00 00 00 00
  00 00 00 00 00 02 04 00 ff ff 00 00 00 11 80 00
  00 06 5a 5a 5a 5a 5a 5a 5a 5a 5a 5a 5a 5a 5a 5a
  5a 5a 00 00 00 00

RoCE v2 header bytes per packet: Ethernet 14 + IPv4 20 + UDP 8 + BTH 12 + ICRC 4 = 58 (+ RETH 16 on the first packet of an RDMA WRITE)
path MTU   payload share  IP packet (1st/other)  fits Ethernet MTU 1500 fits 9000
256          81.5 %         316 / 300            yes                    yes
512          89.8 %         572 / 556            yes                    yes
1024         94.6 %        1084 / 1068           yes                    yes
2048         97.2 %        2108 / 2092           no                     yes
4096         98.6 %        4156 / 4140           no                     yes
