$ g++ -std=c++20 -c units.cpp -o units.o
$ g++ -std=c++20 -c main.cpp -o main.o
$ nm -C units.o | grep -E ' [TU] ' | grep -v 'std::'
0000000000000000 T print_banner()
0000000000000064 T grams_to_kilogram(double)
0000000000000024 T celsius_to_fahrenheit(float)
0000000000000084 T litres_to_millilitres(double)
$ nm -C main.o | grep -E ' [TU] ' | grep -v 'std::'
0000000000000000 T print_banner()
                 U grams_to_kilograms(double)
                 U celsius_to_fahrenheit(double)
                 U litres_to_millilitres(double)
0000000000000024 T main
$ nm units.o | grep -E 'celsius|kilogram'
0000000000000064 T _Z17grams_to_kilogramd
0000000000000024 T _Z21celsius_to_fahrenheitf
$ nm main.o | grep -E 'celsius|kilogram'
                 U _Z18grams_to_kilogramsd
                 U _Z21celsius_to_fahrenheitd
$ echo _Z21celsius_to_fahrenheitf _Z21celsius_to_fahrenheitd | c++filt
celsius_to_fahrenheit(float) celsius_to_fahrenheit(double)
