== kernels (size, Berkeley format) ==
   text	   data	    bss	    dec	    hex	filename
  60857	   4096	  20480	  85433	  14db9	mp1_x86.elf
  23780	   4064	  13360	  41204	   a0f4	mp1_a64.elf
  19364	   3224	    240	  22828	   592c	d1.elf
  21156	   3652	  33728	  58536	   e4a8	d3.elf
  46333	    912	1780960	1828205	 1be56d	os303/kernel.elf
== the two MP1 kernel images (sha256) ==
9934e3419929813410390149644aaefc3f60f87611f37795f0e98eed1fdbe245  mp1_x86.bin
a0aa328698a3200cbe563359f25162cf29ec952b1b6faf46f69dcd3b1d902493  mp1_a64.bin
== reused source files, compiled unchanged (sha256) ==
1e3e3354867dbc80d5f2de8edc30b98bd2b78f1adf693df90fca090521f4a05d  F3-18/boot.S
37dfc7a46882eefd2b9f05b5a071c987b91d35c2868603e2f8cda493807e6ff7  F3-18/kprint.cc
c0f01a855cb2f607381945add5445d003af4f9a1f71fc0e3ecf305936377b6c0  F3-18/serial.cc
4de33cd1542310daa2e1533eaf0e996ac37f2237f8049bf9970be7049c1832c2  F3-18/panic.cc
adfdedc4e7e274e34043e8ee6c2277e770a6a3c6618252f630d4c8d614316914  F3-18/cxxrt.cc
d13491035280f2d2e539dcab8bc4887571513b76d5f47db77e808486d72aee68  F3-24/madt.h
df514b8f36168721e9e3206bf0e3daa1fe407d935627e390cf872a6e11f0146d  F4-23/neutral_tests.cc
2447999aca5eb8ec5f984565415452e03f36f98cec0149ca8cd8c802e64c0a58  F4-24/boot.S
d113b3cf2f48ddd2dac9c68533c6c782f89493ddc547ca7245f8ae66d717a1c4  F4-24/psci.cc
97a52f27dfeb26892f5c4ce5329f9f2c34be865f5d9c5feec12fc6aa9aadf238  F4-26/virtio_mmio.cc
