     67.6 | MP1 starter kernel, AArch64 port (F4-24 boot path), entered at EL1
     69.2 | MP1 BEGIN arch=aarch64 boot=devicetree
     69.6 | bootargs: "cpus=4 rootwait=3000"
     70.4 | MP1 STAGE entry-to-core ticks=503456 us=6988
     71.7 | neutral tests on aarch64: sizeof(void*) 8, sizeof(long) 8, page size 4096
     72.6 |   ok   global constructor ran before the tests
     72.7 |   ok   .bss reads as zero
     73.5 |   ok   kformat output identical to the x86-64 B1 line
     73.7 |   info this CPU is little-endian; be32(11 22 33 44) = 0x11223344
     73.8 |   ok   explicit byte-order reads
     73.9 |   ok   pointers round-trip through uintptr_t
     74.1 |   ok   frame allocator uses the arch page size
     74.2 |   ok   std::atomic fetch_add and CAS
     74.4 |   ok   devicetree header valid
     79.4 |   ok   devicetree memory node has a non-empty range
     79.5 |   info memory 0x40000000, 256 MiB
     79.9 |   ok   devicetree has /chosen
     80.2 | neutral tests on aarch64: 10 passed, 0 failed
     80.3 | MP1 TEST neutral PASS F4-23 suite clean
     82.5 | MP1 STAGE neutral-tests ticks=1166462 us=17681
     83.1 | cpus: firmware lists 4, harness started 4, kernel tracks at most 16
     83.2 | MP1 TEST cpus PASS count matches
     83.4 | MP1 STAGE cpus ticks=1350467 us=20649
     84.4 | virtio-mmio: 32 slots in the devicetree, 0 with a device
     87.8 | storage: waiting for a root device (rootwait=3000 ms)
    587.9 | virtio-mmio: 32 slots in the devicetree, 0 with a device
   1088.2 | virtio-mmio: 32 slots in the devicetree, 0 with a device
   1088.3 | storage: waiting for a root device (rootwait=3000 ms)
   1588.7 | virtio-mmio: 32 slots in the devicetree, 0 with a device
   2088.9 | virtio-mmio: 32 slots in the devicetree, 0 with a device
   2089.0 | storage: waiting for a root device (rootwait=3000 ms)
   2589.2 | virtio-mmio: 32 slots in the devicetree, 0 with a device
   3083.9 | virtio-mmio: 32 slots in the devicetree, 0 with a device
   3084.1 | MP1 SKIP root-device no block device after waiting 3000 ms
   3084.3 | MP1 STAGE root-device ticks=188908127 us=3045773
   3084.4 | MP1 END pass=2 fail=0 skip=1
   3084.6 | exit: pass (code 0x10); PSCI SYSTEM_OFF through hvc
