     57.6 | MP1 starter kernel, AArch64 port (F4-24 boot path), entered at EL1
     58.3 | MP1 BEGIN arch=aarch64 boot=devicetree
     58.4 | bootargs: "cpus=4 rootwait=3000"
     58.7 | MP1 STAGE entry-to-core ticks=246808 us=2814
     59.0 | neutral tests on aarch64: sizeof(void*) 8, sizeof(long) 8, page size 4096
     59.2 |   ok   global constructor ran before the tests
     59.3 |   ok   .bss reads as zero
     60.1 |   ok   kformat output identical to the x86-64 B1 line
     60.4 |   info this CPU is little-endian; be32(11 22 33 44) = 0x11223344
     60.5 |   ok   explicit byte-order reads
     60.6 |   ok   pointers round-trip through uintptr_t
     61.1 |   ok   frame allocator uses the arch page size
     61.4 |   ok   std::atomic fetch_add and CAS
     61.6 |   ok   devicetree header valid
     62.4 |   ok   devicetree memory node has a non-empty range
     62.6 |   info memory 0x40000000, 256 MiB
     62.8 |   ok   devicetree has /chosen
     63.1 | neutral tests on aarch64: 10 passed, 0 failed
     63.2 | MP1 TEST neutral PASS F4-23 suite clean
     63.3 | MP1 STAGE neutral-tests ticks=540764 us=7555
     64.0 | cpus: firmware lists 4, harness started 4, kernel tracks at most 16
     64.6 | MP1 TEST cpus PASS count matches
     64.8 | MP1 STAGE cpus ticks=634959 us=9075
     65.9 | virtio-mmio slot virtio_mmio@a003e00: version 2, device 2 (block), vendor 0x554d4551
     66.4 | virtio-mmio: 32 slots in the devicetree, 1 with a device
     66.4 | MP1 TEST root-device PASS virtio-blk in the slot at 0xa003e00
     66.4 | MP1 STAGE root-device ticks=724697 us=10522
     66.4 | MP1 END pass=3 fail=0 skip=0
     66.4 | exit: pass (code 0x10); PSCI SYSTEM_OFF through hvc
