== stage host
host test exhaust_and_return     ok
host test refuses_bad_frees      ok
host test random_against_model   ok
host tests: 0 failed checks
CI stage host: PASS
== stage kernel
undefined symbols in kernel.elf: 0
CI stage kernel: PASS
== stage qemu
qemu test all [-machine q35 -m 64M -smp 1, limit 20 s, cmdline 'test=all']: PASS
qemu test bitmap [-machine q35 -m 64M -smp 1, limit 20 s, cmdline 'test=bitmap']: PASS
CI stage qemu: PASS
== stage harness
qemu test panic [-machine q35 -m 64M -smp 1, limit 20 s, cmdline 'test=panic']: FAIL (PANIC in the serial log; QEMU exit status 35)
qemu-system-x86_64: terminating on signal 15 from pid 30418 (timeout)
qemu test hang [-machine q35 -m 64M -smp 1, limit 10 s, cmdline 'test=hang']: FAIL (no result within 10 s: a hang is a failure)
qemu test none [-machine q35 -m 64M -smp 1, limit 20 s, cmdline '']: FAIL (QEMU exit status 35; last serial line: KTEST summary 0 passed 1 failed)
harness detected all three planted failures
CI stage harness: PASS
== stage gpu-build
		Function : _Z6vecAddPKfS0_Pfi
CI stage gpu-build: PASS
== stage gpu-run
cudaGetDeviceCount failed: no CUDA-capable device is detected
gpu: no usable CUDA device on this machine
CI stage gpu-run: SKIPPED (no GPU on this runner; the run is untested on hardware)
== stage robot
latency  old controller  compensating controller
    0 ms   0.497 m pass    0.497 m pass
  150 ms   0.497 m pass    0.497 m pass
  300 ms   0.401 m pass    0.497 m pass
  450 ms   0.253 m FAIL    0.471 m pass
  600 ms   0.103 m FAIL    0.289 m FAIL
compensating controller, latency up to 450 ms: 0 scenarios fail
CI stage robot: PASS
CI result: PASS with skipped stages: gpu-run
