Estimator log A: the club vehicle's configuration
config: gnss_gate_sigma = 100
  t(s) | gnss px | ekf px | innov px | ratio px | fused | ekf vx
  18.6 |   15.06 |  14.68 |     0.38 |      0.7 |   yes |   3.03
  18.8 |   15.59 |  15.33 |     0.26 |      0.5 |   yes |   3.45
  19.0 |   26.67 |  16.27 |    10.62 |     21.0 |   yes |   3.85
  19.2 |   29.19 |  17.50 |    11.91 |     23.6 |   yes |   4.23
  19.4 |   29.68 |  18.76 |    11.11 |     22.0 |   yes |   4.35
  19.6 |   31.11 |  20.04 |    11.29 |     22.4 |   yes |   4.28
  19.8 |   31.71 |  21.24 |    10.65 |     21.1 |   yes |   4.12
  20.0 |   32.31 |  22.41 |    10.08 |     20.0 |   yes |   4.00
  20.2 |   33.31 |  23.51 |     9.96 |     19.7 |   yes |   3.82
  20.4 |   32.91 |  24.55 |     8.50 |     16.8 |   yes |   3.63
  20.6 |   33.61 |  25.58 |     8.18 |     16.2 |   yes |   3.50
  20.8 |   34.95 |  26.54 |     8.54 |     16.9 |   yes |   3.33
  21.0 |   33.03 |  27.41 |     5.72 |     11.3 |   yes |   3.16
  21.2 |   23.79 |  27.82 |    -4.14 |      8.2 |   yes |   2.93
  21.4 |   24.57 |  28.25 |    -3.73 |      7.4 |   yes |   2.79
  21.6 |   24.40 |  28.63 |    -4.31 |      8.5 |   yes |   2.63
  21.8 |   25.66 |  29.04 |    -3.44 |      6.8 |   yes |   2.54
  22.0 |   26.16 |  29.44 |    -3.34 |      6.6 |   yes |   2.43
  22.2 |   25.98 |  29.80 |    -3.87 |      7.7 |   yes |   2.34
  22.4 |   27.73 |  30.19 |    -2.50 |      4.9 |   yes |   2.28
  22.6 |   27.63 |  30.54 |    -2.96 |      5.9 |   yes |   2.18
GNSS samples fused 250, rejected 0

Estimator log B: same flight data, university default configuration
config: gnss_gate_sigma = 5
  t(s) | gnss px | ekf px | innov px | ratio px | fused | ekf vx
  18.6 |   15.06 |  14.68 |     0.38 |      0.7 |   yes |   3.03
  18.8 |   15.59 |  15.33 |     0.26 |      0.5 |   yes |   3.45
  19.0 |   26.67 |  16.05 |    10.62 |     21.0 |    no |   3.80
  19.2 |   29.19 |  16.84 |    12.35 |     24.4 |    no |   4.12
  19.4 |   29.68 |  17.68 |    12.00 |     23.7 |    no |   4.22
  19.6 |   31.11 |  18.51 |    12.60 |     24.9 |    no |   4.10
  19.8 |   31.71 |  19.32 |    12.40 |     24.4 |    no |   3.94
  20.0 |   32.31 |  20.09 |    12.22 |     24.0 |    no |   3.78
  20.2 |   33.31 |  20.83 |    12.48 |     24.4 |    no |   3.63
  20.4 |   32.91 |  21.54 |    11.37 |     22.2 |    no |   3.47
  20.6 |   33.61 |  22.22 |    11.39 |     22.1 |    no |   3.33
  20.8 |   34.95 |  22.88 |    12.07 |     23.3 |    no |   3.21
  21.0 |   33.03 |  23.51 |     9.52 |     18.3 |    no |   3.09
  21.2 |   23.79 |  23.91 |    -0.21 |      0.4 |   yes |   2.84
  21.4 |   24.57 |  24.55 |     0.12 |      0.2 |   yes |   2.80
  21.6 |   24.40 |  25.03 |    -0.65 |      1.3 |   yes |   2.67
  21.8 |   25.66 |  25.59 |     0.07 |      0.1 |   yes |   2.63
  22.0 |   26.16 |  26.14 |     0.01 |      0.0 |   yes |   2.56
  22.2 |   25.98 |  26.62 |    -0.65 |      1.3 |   yes |   2.49
  22.4 |   27.73 |  27.14 |     0.60 |      1.2 |   yes |   2.44
  22.6 |   27.63 |  27.62 |     0.00 |      0.0 |   yes |   2.35
GNSS samples fused 229, rejected 21

