--- mpirun -np 1
ranks: 1
  Sendrecv ring                PASS
  Isend/Irecv neighbours       PASS
  Bcast                        PASS
  Allreduce (sum of rank+1)    PASS
  Allgather                    PASS
  Reduce_scatter_block         PASS
  Alltoall                     PASS
Allreduce result on every rank: 1 (expected 1)
--- mpirun -np 2
ranks: 2
  Sendrecv ring                PASS
  Isend/Irecv neighbours       PASS
  Bcast                        PASS
  Allreduce (sum of rank+1)    PASS
  Allgather                    PASS
  Reduce_scatter_block         PASS
  Alltoall                     PASS
Allreduce result on every rank: 3 (expected 3)
--- mpirun -np 4
ranks: 4
  Sendrecv ring                PASS
  Isend/Irecv neighbours       PASS
  Bcast                        PASS
  Allreduce (sum of rank+1)    PASS
  Allgather                    PASS
  Reduce_scatter_block         PASS
  Alltoall                     PASS
Allreduce result on every rank: 10 (expected 10)
