F4-13 kernel: magic=0x2badb002
acpi: RSDP at 0xf52c0 revision 0, using RSDT at 0x3fd2561
acpi: TPM2 table revision 4, 76 bytes: platform class 0, control area 0x0, start method 6 (TIS / FIFO), log area 65536 bytes at 0x3ff0000
tis: DID_VID 0x00011014 (vendor 0x1014), RID 0x01, INTERFACE_ID 0x00082100, ACCESS 0xa1, STS 0x04100040 (family bits 27-26 = 1: TPM 2.0)
log: header "Spec ID Event03", 1 algorithm(s): 0x000b (32-byte digests)
log: pcr 1 type 0x6 EV_EVENT_TAG digest 873ce8889572cda316936b04983a50ce5a873f75c2ccef9129806137226735ee data 0100000014000000fc0e26eedca83e4ed296305d498799f8...
log: pcr 2 type 0x5 EV_ACTION digest ceb1bb117d14a37f07e23c96e580729e3fcc12f749915bbdc8edadfc20e21acf data 5374617274204f7074696f6e20524f4d205363616e
log: pcr 2 type 0x6 EV_EVENT_TAG digest 31b7e33bbba99002cdaf129e557067d7282f2364d2e286f9b325bb4fdcdf1501 data 07000000180000000000000032ab1cf336b674bfb154eb7a...
log: pcr 2 type 0x6 EV_EVENT_TAG digest 5bd1d866c7756959f1d8e2576ffcdc752dcd827dd75ee8e53cf95a411b8fc76a data 070000001800000000000000681dd6b7d3c729753138f915...
log: pcr 4 type 0x5 EV_ACTION digest 7a19a5a56fd2c4a9c9dbd8c74537f34d0bc442a4a528c36fb44a3ccd858df12b data 43616c6c696e6720494e5420313968
log: pcr 0 type 0x4 EV_SEPARATOR digest ad95131bc0b799c0b1af477fb14fcf26a6a9f76079e48bf090acb7e8367bfd0e data ffffffff
log: pcr 1 type 0x4 EV_SEPARATOR digest ad95131bc0b799c0b1af477fb14fcf26a6a9f76079e48bf090acb7e8367bfd0e data ffffffff
log: pcr 2 type 0x4 EV_SEPARATOR digest ad95131bc0b799c0b1af477fb14fcf26a6a9f76079e48bf090acb7e8367bfd0e data ffffffff
log: pcr 3 type 0x4 EV_SEPARATOR digest ad95131bc0b799c0b1af477fb14fcf26a6a9f76079e48bf090acb7e8367bfd0e data ffffffff
log: pcr 4 type 0x4 EV_SEPARATOR digest ad95131bc0b799c0b1af477fb14fcf26a6a9f76079e48bf090acb7e8367bfd0e data ffffffff
log: pcr 5 type 0x4 EV_SEPARATOR digest ad95131bc0b799c0b1af477fb14fcf26a6a9f76079e48bf090acb7e8367bfd0e data ffffffff
log: pcr 6 type 0x4 EV_SEPARATOR digest ad95131bc0b799c0b1af477fb14fcf26a6a9f76079e48bf090acb7e8367bfd0e data ffffffff
log: pcr 7 type 0x4 EV_SEPARATOR digest ad95131bc0b799c0b1af477fb14fcf26a6a9f76079e48bf090acb7e8367bfd0e data ffffffff
log: 13 event(s) replayed
pcr 0: TPM e21b703ee69c77476bccb43ec0336a9a1b2914b378944f7b00a10214ca8fea93 = replay
pcr 1: TPM e6a8fd77f10cd646a5dd7d057e5be220443fc42f4a8cc14d0066460f176c1ce9 = replay
pcr 2: TPM e3e2c9cd6e1e466997ac95bb92cb824df5eecd632450a10bf742dfce9281f7ff = replay
pcr 3: TPM e21b703ee69c77476bccb43ec0336a9a1b2914b378944f7b00a10214ca8fea93 = replay
pcr 4: TPM 1eb9aa21337cc1fa31ce5f56900d7bf59b9dda366823095aed06544caa2557ca = replay
pcr 5: TPM e21b703ee69c77476bccb43ec0336a9a1b2914b378944f7b00a10214ca8fea93 = replay
pcr 6: TPM e21b703ee69c77476bccb43ec0336a9a1b2914b378944f7b00a10214ca8fea93 = replay
pcr 7: TPM e21b703ee69c77476bccb43ec0336a9a1b2914b378944f7b00a10214ca8fea93 = replay
firmware log replay matches the TPM for PCR 0-7
measure: "console=ttyS0 root=/dev/vda1 lockdown=integrity" (47 bytes) -> PCR 8, TPM2_PCR_Extend response code 0x0 = TPM_RC_SUCCESS
tpm: command 20 bytes:
     80 01 00 00 00 14 00 00 01 7e 00 00 00 01 00 0b 03 00 01 00
tpm: response 62 bytes:
     80 01 00 00 00 3e 00 00 00 00 00 00 00 01 00 00 00 01 00 0b 03 00 01 00 00 00 00 01 00 20 07 2b
     de a3 be af 06 87 a9 e0 f5 99 01 b7 77 3c 67 c3 bb 38 a0 05 5e 45 8b e6 66 da df e4 e3 b2
tpm: GetRandom(16) response code 0x0 = TPM_RC_SUCCESS, bytes 1ecfa4f7d0769bc1ccb5fcd15cd08d52
report: event pcr 1 type 0x6 digest 873ce8889572cda316936b04983a50ce5a873f75c2ccef9129806137226735ee data 0100000014000000fc0e26eedca83e4ed296305d498799f833c1547b
report: event pcr 2 type 0x5 digest ceb1bb117d14a37f07e23c96e580729e3fcc12f749915bbdc8edadfc20e21acf data 5374617274204f7074696f6e20524f4d205363616e
report: event pcr 2 type 0x6 digest 31b7e33bbba99002cdaf129e557067d7282f2364d2e286f9b325bb4fdcdf1501 data 07000000180000000000000032ab1cf336b674bfb154eb7a939a3e3275a92647
report: event pcr 2 type 0x6 digest 5bd1d866c7756959f1d8e2576ffcdc752dcd827dd75ee8e53cf95a411b8fc76a data 070000001800000000000000681dd6b7d3c729753138f915015082afac536767
report: event pcr 4 type 0x5 digest 7a19a5a56fd2c4a9c9dbd8c74537f34d0bc442a4a528c36fb44a3ccd858df12b data 43616c6c696e6720494e5420313968
report: event pcr 0 type 0x4 digest ad95131bc0b799c0b1af477fb14fcf26a6a9f76079e48bf090acb7e8367bfd0e data ffffffff
report: event pcr 1 type 0x4 digest ad95131bc0b799c0b1af477fb14fcf26a6a9f76079e48bf090acb7e8367bfd0e data ffffffff
report: event pcr 2 type 0x4 digest ad95131bc0b799c0b1af477fb14fcf26a6a9f76079e48bf090acb7e8367bfd0e data ffffffff
report: event pcr 3 type 0x4 digest ad95131bc0b799c0b1af477fb14fcf26a6a9f76079e48bf090acb7e8367bfd0e data ffffffff
report: event pcr 4 type 0x4 digest ad95131bc0b799c0b1af477fb14fcf26a6a9f76079e48bf090acb7e8367bfd0e data ffffffff
report: event pcr 5 type 0x4 digest ad95131bc0b799c0b1af477fb14fcf26a6a9f76079e48bf090acb7e8367bfd0e data ffffffff
report: event pcr 6 type 0x4 digest ad95131bc0b799c0b1af477fb14fcf26a6a9f76079e48bf090acb7e8367bfd0e data ffffffff
report: event pcr 7 type 0x4 digest ad95131bc0b799c0b1af477fb14fcf26a6a9f76079e48bf090acb7e8367bfd0e data ffffffff
report: event pcr 8 type 0xd digest 946ac9d19a3dc59c531a82b1cc5cea9aac22a9b1dc6068ffe4a37fa8269ff570 data 636f6e736f6c653d747479533020726f6f743d2f6465762f76646131206c6f636b646f776e3d696e74656772697479
report: pcr 0 e21b703ee69c77476bccb43ec0336a9a1b2914b378944f7b00a10214ca8fea93
report: pcr 1 e6a8fd77f10cd646a5dd7d057e5be220443fc42f4a8cc14d0066460f176c1ce9
report: pcr 2 e3e2c9cd6e1e466997ac95bb92cb824df5eecd632450a10bf742dfce9281f7ff
report: pcr 3 e21b703ee69c77476bccb43ec0336a9a1b2914b378944f7b00a10214ca8fea93
report: pcr 4 1eb9aa21337cc1fa31ce5f56900d7bf59b9dda366823095aed06544caa2557ca
report: pcr 5 e21b703ee69c77476bccb43ec0336a9a1b2914b378944f7b00a10214ca8fea93
report: pcr 6 e21b703ee69c77476bccb43ec0336a9a1b2914b378944f7b00a10214ca8fea93
report: pcr 7 e21b703ee69c77476bccb43ec0336a9a1b2914b378944f7b00a10214ca8fea93
report: pcr 8 072bdea3beaf0687a9e0f59901b7773c67c3bb38a0055e458be666dadfe4e3b2
F4-13 done
== mock_tpm.py (host side: what the TPM received) ==
mock-tpm: listening on the control socket
mock-tpm: control SET_DATAFD
mock-tpm: 0x181 before Startup -> TPM_RC_INITIALIZE
mock-tpm: control GET_CAPABILITY
mock-tpm: control STOP
mock-tpm: control SET_BUFFERSIZE
mock-tpm: control STOP
mock-tpm: control SET_BUFFERSIZE
mock-tpm: control INIT
mock-tpm: control GET_TPMESTABLISHED
mock-tpm: Startup(CLEAR)
mock-tpm: SelfTest
mock-tpm: GetCapability(cap 0x5, property 0x0, count 8)
mock-tpm: PCR_Extend(PCR 1, sha256 873ce8889572cda316936b04983a50ce5a873f75c2ccef9129806137226735ee) -> 591fed5bf05457a8a82207bfd81133780a63300898e02ace1f10af93f928a3e6
mock-tpm: PCR_Extend(PCR 2, sha256 ceb1bb117d14a37f07e23c96e580729e3fcc12f749915bbdc8edadfc20e21acf) -> adc7bb65502bc5b29be54d6c2a5b68d639970c725f79ee25b738221c23ac9f05
mock-tpm: PCR_Extend(PCR 2, sha256 31b7e33bbba99002cdaf129e557067d7282f2364d2e286f9b325bb4fdcdf1501) -> b3b1b12f7f465fdb952c2d89636d9d4f9b1564e5be3a11f373c68d2ff0f64eb2
mock-tpm: PCR_Extend(PCR 2, sha256 5bd1d866c7756959f1d8e2576ffcdc752dcd827dd75ee8e53cf95a411b8fc76a) -> d8f9bda80eaccacb000a2c85230150e383ac881c8ba024c8643f07a643911bd3
mock-tpm: StirRandom
mock-tpm: GetRandom(20)
mock-tpm: HierarchyChangeAuth -> success (not modelled)
mock-tpm: PCR_Extend(PCR 4, sha256 7a19a5a56fd2c4a9c9dbd8c74537f34d0bc442a4a528c36fb44a3ccd858df12b) -> fa6833d9d5d5ad011990e765bd4bb01f81c821854e19dae45453b41778b15c1e
mock-tpm: PCR_Extend(PCR 0, sha256 ad95131bc0b799c0b1af477fb14fcf26a6a9f76079e48bf090acb7e8367bfd0e) -> e21b703ee69c77476bccb43ec0336a9a1b2914b378944f7b00a10214ca8fea93
mock-tpm: PCR_Extend(PCR 1, sha256 ad95131bc0b799c0b1af477fb14fcf26a6a9f76079e48bf090acb7e8367bfd0e) -> e6a8fd77f10cd646a5dd7d057e5be220443fc42f4a8cc14d0066460f176c1ce9
mock-tpm: PCR_Extend(PCR 2, sha256 ad95131bc0b799c0b1af477fb14fcf26a6a9f76079e48bf090acb7e8367bfd0e) -> e3e2c9cd6e1e466997ac95bb92cb824df5eecd632450a10bf742dfce9281f7ff
mock-tpm: PCR_Extend(PCR 3, sha256 ad95131bc0b799c0b1af477fb14fcf26a6a9f76079e48bf090acb7e8367bfd0e) -> e21b703ee69c77476bccb43ec0336a9a1b2914b378944f7b00a10214ca8fea93
mock-tpm: PCR_Extend(PCR 4, sha256 ad95131bc0b799c0b1af477fb14fcf26a6a9f76079e48bf090acb7e8367bfd0e) -> 1eb9aa21337cc1fa31ce5f56900d7bf59b9dda366823095aed06544caa2557ca
mock-tpm: PCR_Extend(PCR 5, sha256 ad95131bc0b799c0b1af477fb14fcf26a6a9f76079e48bf090acb7e8367bfd0e) -> e21b703ee69c77476bccb43ec0336a9a1b2914b378944f7b00a10214ca8fea93
mock-tpm: PCR_Extend(PCR 6, sha256 ad95131bc0b799c0b1af477fb14fcf26a6a9f76079e48bf090acb7e8367bfd0e) -> e21b703ee69c77476bccb43ec0336a9a1b2914b378944f7b00a10214ca8fea93
mock-tpm: PCR_Extend(PCR 7, sha256 ad95131bc0b799c0b1af477fb14fcf26a6a9f76079e48bf090acb7e8367bfd0e) -> e21b703ee69c77476bccb43ec0336a9a1b2914b378944f7b00a10214ca8fea93
mock-tpm: PCR_Read(alg 0xb bits 010000) -> 1 digest(s)
mock-tpm: PCR_Read(alg 0xb bits 020000) -> 1 digest(s)
mock-tpm: PCR_Read(alg 0xb bits 040000) -> 1 digest(s)
mock-tpm: PCR_Read(alg 0xb bits 080000) -> 1 digest(s)
mock-tpm: PCR_Read(alg 0xb bits 100000) -> 1 digest(s)
mock-tpm: PCR_Read(alg 0xb bits 200000) -> 1 digest(s)
mock-tpm: PCR_Read(alg 0xb bits 400000) -> 1 digest(s)
mock-tpm: PCR_Read(alg 0xb bits 800000) -> 1 digest(s)
mock-tpm: PCR_Extend(PCR 8, sha256 578a034400af395edab396d76ef38097b474b0375a58ff9d3f7ed7de5b2fd1a1) -> 072bdea3beaf0687a9e0f59901b7773c67c3bb38a0055e458be666dadfe4e3b2
mock-tpm: PCR_Read(alg 0xb bits 000100) -> 1 digest(s)
mock-tpm: GetRandom(16)
mock-tpm: PCR_Read(alg 0xb bits 010000) -> 1 digest(s)
mock-tpm: PCR_Read(alg 0xb bits 020000) -> 1 digest(s)
mock-tpm: PCR_Read(alg 0xb bits 040000) -> 1 digest(s)
mock-tpm: PCR_Read(alg 0xb bits 080000) -> 1 digest(s)
mock-tpm: PCR_Read(alg 0xb bits 100000) -> 1 digest(s)
mock-tpm: PCR_Read(alg 0xb bits 200000) -> 1 digest(s)
mock-tpm: PCR_Read(alg 0xb bits 400000) -> 1 digest(s)
mock-tpm: PCR_Read(alg 0xb bits 800000) -> 1 digest(s)
mock-tpm: PCR_Read(alg 0xb bits 000100) -> 1 digest(s)
mock-tpm: QEMU closed the control socket; final SHA-256 PCRs 0-10:
mock-tpm:   PCR  0 e21b703ee69c77476bccb43ec0336a9a1b2914b378944f7b00a10214ca8fea93
mock-tpm:   PCR  1 e6a8fd77f10cd646a5dd7d057e5be220443fc42f4a8cc14d0066460f176c1ce9
mock-tpm:   PCR  2 e3e2c9cd6e1e466997ac95bb92cb824df5eecd632450a10bf742dfce9281f7ff
mock-tpm:   PCR  3 e21b703ee69c77476bccb43ec0336a9a1b2914b378944f7b00a10214ca8fea93
mock-tpm:   PCR  4 1eb9aa21337cc1fa31ce5f56900d7bf59b9dda366823095aed06544caa2557ca
mock-tpm:   PCR  5 e21b703ee69c77476bccb43ec0336a9a1b2914b378944f7b00a10214ca8fea93
mock-tpm:   PCR  6 e21b703ee69c77476bccb43ec0336a9a1b2914b378944f7b00a10214ca8fea93
mock-tpm:   PCR  7 e21b703ee69c77476bccb43ec0336a9a1b2914b378944f7b00a10214ca8fea93
mock-tpm:   PCR  8 072bdea3beaf0687a9e0f59901b7773c67c3bb38a0055e458be666dadfe4e3b2
mock-tpm:   PCR  9 0000000000000000000000000000000000000000000000000000000000000000
mock-tpm:   PCR 10 0000000000000000000000000000000000000000000000000000000000000000
