model: Plant-watering robot
elements: 1 external, 3 process, 2 store; flows: 7; zones: cloud home phone user
flows crossing a trust boundary:
  Gardener -> Phone app : taps                 [user|phone]
  Phone app -> Relay service : schedule        [phone|cloud]
  Relay service -> Robot controller : schedule [cloud|home]
  Robot controller -> Relay service : status   [home|cloud]
threats (STRIDE per element), boundary first:
  T01 S external Gardener                                     open
  T02 R external Gardener                                     open
  T03 S process  Phone app                                    open
  T04 T process  Phone app                                    open
  T05 R process  Phone app                                    open
  T06 I process  Phone app                                    open
  T07 D process  Phone app                                    open
  T08 E process  Phone app                                    open
  T09 S process  Relay service                                claimed: auth
  T10 T process  Relay service                                open
  T11 R process  Relay service                                open
  T12 I process  Relay service                                open
  T13 D process  Relay service                                open
  T14 E process  Relay service                                open
  T15 S process  Robot controller                             open
  T16 T process  Robot controller                             open
  T17 R process  Robot controller                             open
  T18 I process  Robot controller                             open
  T19 D process  Robot controller                             open
  T20 E process  Robot controller                             open
  T21 T flow     Gardener -> Phone app : taps                 open
  T22 I flow     Gardener -> Phone app : taps                 open
  T23 D flow     Gardener -> Phone app : taps                 open
  T24 T flow     Phone app -> Relay service : schedule        open
  T25 I flow     Phone app -> Relay service : schedule        claimed: enc
  T26 D flow     Phone app -> Relay service : schedule        open
  T27 T flow     Relay service -> Robot controller : schedule open
  T28 I flow     Relay service -> Robot controller : schedule claimed: enc
  T29 D flow     Relay service -> Robot controller : schedule open
  T30 T flow     Robot controller -> Relay service : status   open
  T31 I flow     Robot controller -> Relay service : status   claimed: enc
  T32 D flow     Robot controller -> Relay service : status   open
  T33 T store    Schedule store                               open
  T34 I store    Schedule store                               open
  T35 D store    Schedule store                               open
  T36 T store    Watering log                                 open
  T37 R store    Watering log                                 open
  T38 I store    Watering log                                 open
  T39 D store    Watering log                                 open
  T40 T flow     Relay service -> Schedule store : schedule   open
  T41 I flow     Relay service -> Schedule store : schedule   open
  T42 D flow     Relay service -> Schedule store : schedule   open
  T43 T flow     Schedule store -> Relay service : schedule   open
  T44 I flow     Schedule store -> Relay service : schedule   open
  T45 D flow     Schedule store -> Relay service : schedule   open
  T46 T flow     Robot controller -> Watering log : events    open
  T47 I flow     Robot controller -> Watering log : events    open
  T48 D flow     Robot controller -> Watering log : events    open
total: 48 threats, 44 open, 4 with a claimed control (verify each one)
