  t(s)  gyro_x  gyro_y  gyro_z (deg/s) |   roll  pitch    yaw (deg)
  0.00     0.0   -90.0     0.0        |    0.0    0.0    0.0
  0.20     0.0   -90.0     0.0        |    0.0  -18.0    0.0
  0.40     0.0   -90.0     0.0        |    0.0  -36.0    0.0
  0.60     0.0   -90.0     0.0        |    0.0  -54.0    0.0
  0.80     0.0   -90.0     0.0        |    0.0  -72.0    0.0
  1.00     0.0   -90.0     0.0        |    0.0  -90.0    0.0
  1.20     0.0   -90.0     0.0        |  180.0  -72.0  180.0
  1.40     0.0   -90.0     0.0        |  180.0  -54.0  180.0
  1.60     0.0   -90.0     0.0        |  180.0  -36.0  180.0
  1.80     0.0   -90.0     0.0        |  180.0  -18.0  180.0
  2.00     0.0   -90.0     0.0        |  180.0   -0.0  180.0
  2.20     0.0   -90.0     0.0        | -180.0   18.0 -180.0
  2.40     0.0   -90.0     0.0        | -180.0   36.0 -180.0
  2.60     0.0   -90.0     0.0        | -180.0   54.0 -180.0
  2.80     0.0   -90.0     0.0        | -180.0   72.0 -180.0
  3.00     0.0   -90.0     0.0        | -180.0   90.0 -180.0
  3.20     0.0   -90.0     0.0        |   -0.0   72.0   -0.0
  3.40     0.0   -90.0     0.0        |   -0.0   54.0   -0.0
  3.60     0.0   -90.0     0.0        |   -0.0   36.0   -0.0
  3.80     0.0   -90.0     0.0        |   -0.0   18.0   -0.0
  4.00     0.0   -90.0     0.0        |   -0.0    0.0   -0.0
