[t=000000 n1] DS403 cluster kernel (F5-47), node 1, mode raft
[t=000000 n1] e1000 up, MAC 52:54:00:44:03:01
[t=000000 n1] view 1: {1} (start)
[t=000000 n1] raft: 3 nodes, majority 2, follower in term 0
[t=000097 n1] view 2: {1,2,3} (was {1})
[t=000163 n1] raft: election timeout, candidate for term 1
[t=000164 n1] raft: LEADER for term 1 with votes from 2 nodes
[t=000164 n1] raft: leader appends index 1 (term 1): NOOP
[t=000166 n1] apply 1 (term 1): NOOP
[t=000275 n1] raft: leader appends index 2 (term 1): JOB_SUBMIT job 1 (400 ticks)
[t=000275 n1] raft: leader appends index 3 (term 1): JOB_SUBMIT job 2 (400 ticks)
[t=000275 n1] raft: leader appends index 4 (term 1): JOB_SUBMIT job 3 (400 ticks)
[t=000275 n1] raft: leader appends index 5 (term 1): JOB_SUBMIT job 4 (400 ticks)
[t=000285 n1] apply 2 (term 1): JOB_SUBMIT job 1 (400 ticks)
[t=000285 n1] apply 3 (term 1): JOB_SUBMIT job 2 (400 ticks)
[t=000285 n1] apply 4 (term 1): JOB_SUBMIT job 3 (400 ticks)
[t=000285 n1] apply 5 (term 1): JOB_SUBMIT job 4 (400 ticks)
[t=000285 n1] raft: leader appends index 6 (term 1): JOB_ASSIGN job 1 -> node 1
[t=000285 n1] raft: leader appends index 7 (term 1): JOB_ASSIGN job 2 -> node 2
[t=000285 n1] raft: leader appends index 8 (term 1): JOB_ASSIGN job 3 -> node 3
[t=000285 n1] raft: leader appends index 9 (term 1): JOB_ASSIGN job 4 -> node 1
[t=000305 n1] apply 6 (term 1): JOB_ASSIGN job 1 -> node 1
[t=000305 n1] worker: starting job 1 (400 ticks)
[t=000305 n1] apply 7 (term 1): JOB_ASSIGN job 2 -> node 2
[t=000305 n1] apply 8 (term 1): JOB_ASSIGN job 3 -> node 3
[t=000305 n1] apply 9 (term 1): JOB_ASSIGN job 4 -> node 1
[t=000305 n1] worker: starting job 4 (400 ticks)
[t=000705 n1] worker: job 1 finished, result 669
[t=000705 n1] raft: leader appends index 10 (term 1): JOB_DONE job 1 result 669
[t=000705 n1] worker: job 4 finished, result 2262
[t=000705 n1] raft: leader appends index 11 (term 1): JOB_DONE job 4 result 2262
[t=000724 n1] view 3: {1,2} (was {1,2,3})
[t=000724 n1] scheduler: node 3 left the view; job 3 must run again
[t=000724 n1] raft: leader appends index 12 (term 1): JOB_ASSIGN job 3 -> node 2
[t=000724 n1] apply 10 (term 1): JOB_DONE job 1 result 669
[t=000724 n1] apply 11 (term 1): JOB_DONE job 4 result 2262
[t=000743 n1] raft: leader appends index 13 (term 1): JOB_DONE job 2 result 1229
[t=000744 n1] apply 12 (term 1): JOB_ASSIGN job 3 -> node 2
[t=000744 n1] apply 13 (term 1): JOB_DONE job 2 result 1229
[t=001165 n1] raft: leader appends index 14 (term 1): JOB_DONE job 3 result 1754
[t=001184 n1] apply 14 (term 1): JOB_DONE job 3 result 1754
[t=001495 n1] state (final): job1=done(669) job2=done(1229) job3=done(1754) job4=done(2262)
[t=001500 n1] life of 1500 ticks reached, halting
