[switch      0 ms] 3 ports, run 60000 ms
[switch   2302 ms] n1 -> all VOTE_REQ   term 1
[switch   2314 ms] n3 -> n1 VOTE_REP   term 1
[switch   2318 ms] n2 -> n1 VOTE_REP   term 1
[switch   2323 ms] n1 -> n2 APPEND     term 1
[switch   2333 ms] n1 -> n3 APPEND     term 1
[switch   3732 ms] n2 -> all CLIENT     term 1
[switch   3836 ms] n1 -> n2 CLIENT_REP term 1
[switch   9054 ms] n1 -> n2 APPEND     term 1  (+2 similar since the last printed line)
[switch   9055 ms] n1 -> n3 APPEND     term 1  (+2 similar since the last printed line)
[switch   9248 ms] n2 -> all JOB_DONE   term 1
[switch  11140 ms] n1 -> n3 APPEND     term 1  (+9 similar since the last printed line)
[switch  13334 ms] n1 -> n3 APPEND     term 1  (+10 similar since the last printed line)
[switch  13538 ms] n2 -> all JOB_DONE   term 1
[switch  13716 ms] n1 -> n2 APPEND     term 1  (+1 similar since the last printed line)
[switch  15334 ms] n1 -> n3 APPEND     term 1  (+9 similar since the last printed line)
[switch  16900 ms] stop. heartbeats received: n1=149 n2=149 n3=69
frames forwarded / dropped (from -> to):
  n1 -> n2  288 / 0
  n1 -> n3  288 / 0
  n2 -> n1  222 / 0
  n2 -> n3  222 / 0
  n3 -> n1  96 / 0
  n3 -> n2  96 / 0
