[t=000000 n2] DS403 cluster kernel (F5-47), node 2, mode raft
[t=000000 n2] e1000 up, MAC 52:54:00:44:03:02
[t=000000 n2] view 1: {2} (start)
[t=000000 n2] raft: 3 nodes, majority 2, follower in term 0
[t=000092 n2] view 2: {1,2,3} (was {2})
[t=000165 n2] raft: term 0 -> 1 (saw a higher term), follower -> follower
[t=000165 n2] raft: vote for node 1 in term 1: yes
[t=000167 n2] raft: following leader 1 in term 1
[t=000186 n2] apply 1 (term 1): NOOP
[t=000300 n2] client: request 1: JOB_SUBMIT job 1 (400 ticks) (I am follower, leader I know: 1)
[t=000300 n2] client: request 2: JOB_SUBMIT job 2 (400 ticks) (I am follower, leader I know: 1)
[t=000300 n2] client: request 3: JOB_SUBMIT job 3 (400 ticks) (I am follower, leader I know: 1)
[t=000300 n2] client: request 4: JOB_SUBMIT job 4 (400 ticks) (I am follower, leader I know: 1)
[t=000310 n2] client: request 1 (JOB_SUBMIT job 1 (400 ticks)) committed at index 2: OK
[t=000311 n2] client: request 2 (JOB_SUBMIT job 2 (400 ticks)) committed at index 3: OK
[t=000311 n2] client: request 3 (JOB_SUBMIT job 3 (400 ticks)) committed at index 4: OK
[t=000311 n2] client: request 4 (JOB_SUBMIT job 4 (400 ticks)) committed at index 5: OK
[t=000332 n2] apply 2 (term 1): JOB_SUBMIT job 1 (400 ticks)
[t=000332 n2] apply 3 (term 1): JOB_SUBMIT job 2 (400 ticks)
[t=000332 n2] apply 4 (term 1): JOB_SUBMIT job 3 (400 ticks)
[t=000332 n2] apply 5 (term 1): JOB_SUBMIT job 4 (400 ticks)
[t=000368 n2] apply 6 (term 1): JOB_ASSIGN job 1 -> node 1
[t=000368 n2] apply 7 (term 1): JOB_ASSIGN job 2 -> node 2
[t=000368 n2] worker: starting job 2 (400 ticks)
[t=000368 n2] apply 8 (term 1): JOB_ASSIGN job 3 -> node 3
[t=000368 n2] apply 9 (term 1): JOB_ASSIGN job 4 -> node 1
[t=000751 n2] view 3: {1,2} (was {1,2,3})
[t=000768 n2] worker: job 2 finished, result 1229
[t=000769 n2] apply 10 (term 1): JOB_DONE job 1 result 669
[t=000769 n2] apply 11 (term 1): JOB_DONE job 4 result 2262
[t=000790 n2] apply 12 (term 1): JOB_ASSIGN job 3 -> node 2
[t=000790 n2] worker: starting job 3 (400 ticks)
[t=000790 n2] apply 13 (term 1): JOB_DONE job 2 result 1229
[t=001190 n2] worker: job 3 finished, result 1754
[t=001226 n2] apply 14 (term 1): JOB_DONE job 3 result 1754
[t=001495 n2] state (final): job1=done(669) job2=done(1229) job3=done(1754) job4=done(2262)
[t=001500 n2] life of 1500 ticks reached, halting
