[switch      0 ms] 3 ports, run 60000 ms, partition {1} | {23} from 6000 to 16000 ms
[switch   2252 ms] n1 -> all VOTE_REQ   term 1
[switch   2265 ms] n3 -> n1 VOTE_REP   term 1
[switch   2268 ms] n2 -> n1 VOTE_REP   term 1
[switch   2269 ms] n1 -> n2 APPEND     term 1
[switch   2273 ms] n1 -> n3 APPEND     term 1
[switch   6008 ms] partition STARTS
[switch   6008 ms]   group A {1}, group B {23}: no frames cross
[switch   7953 ms] n2 -> all VOTE_REQ   term 2  DROPPED for n1
[switch   7964 ms] n3 -> n2 VOTE_REP   term 2
[switch   7992 ms] n2 -> n1 APPEND     term 2  DROPPED for n1
[switch   7992 ms] n2 -> n3 APPEND     term 2
[switch  10233 ms] n2 -> n1 APPEND     term 2  DROPPED for n1  (+8 similar since the last printed line)
[switch  10611 ms] n3 -> all CLIENT     term 2  DROPPED for n1
[switch  10695 ms] n2 -> n3 APPEND     term 2
[switch  10698 ms] n1 -> n2 APPEND     term 1  DROPPED for n2
[switch  10702 ms] n1 -> n3 APPEND     term 1  DROPPED for n3
[switch  10702 ms] n2 -> n3 CLIENT_REP term 2
[switch  12512 ms] n2 -> n1 APPEND     term 2  DROPPED for n1  (+9 similar since the last printed line)
[switch  12891 ms] n1 -> n2 APPEND     term 1  DROPPED for n2  (+5 similar since the last printed line)
[switch  12893 ms] n1 -> n3 APPEND     term 1  DROPPED for n3  (+5 similar since the last printed line)
[switch  14644 ms] n2 -> n1 APPEND     term 2  DROPPED for n1  (+8 similar since the last printed line)
[switch  14974 ms] n1 -> n2 APPEND     term 1  DROPPED for n2  (+8 similar since the last printed line)
[switch  14983 ms] n1 -> n3 APPEND     term 1  DROPPED for n3  (+8 similar since the last printed line)
[switch  16002 ms] partition HEALED
[switch  16138 ms] n2 -> n1 APPEND     term 2
[switch  26786 ms] stop. heartbeats received: n1=219 n2=220 n3=219
frames forwarded / dropped (from -> to):
  n1 -> n2  218 / 160
  n1 -> n3  218 / 160
  n2 -> n1  241 / 157
  n2 -> n3  398 / 0
  n3 -> n1  184 / 129
  n3 -> n2  313 / 0
