[t=000000 n2] DS403 cluster kernel (F5-47), node 2, mode raft
[t=000000 n2] e1000 up, MAC 52:54:00:44:03:02
[t=000000 n2] view 1: {2} (start)
[t=000000 n2] raft: 3 nodes, majority 2, follower in term 0
[t=000098 n2] view 2: {1,2,3} (was {2})
[t=000161 n2] raft: term 0 -> 1 (saw a higher term), follower -> follower
[t=000161 n2] raft: vote for node 1 in term 1: yes
[t=000162 n2] raft: following leader 1 in term 1
[t=000182 n2] apply 1 (term 1): NOOP
[t=000522 n2] view 3: {2,3} (was {1,2,3})
[t=000634 n2] raft: election timeout, candidate for term 2
[t=000635 n2] raft: LEADER for term 2 with votes from 2 nodes
[t=000635 n2] raft: leader appends index 2 (term 2): NOOP
[t=000636 n2] apply 2 (term 2): NOOP
[t=000848 n2] raft: leader appends index 3 (term 2): CAS lock ''->n3
[t=000856 n2] apply 3 (term 2): CAS lock ''->n3
[t=001327 n2] view 4: {1,2,3} (was {2,3})
[t=002147 n2] view 5: {1,2} (was {1,2,3})
[t=002195 n2] state (final): lock=n3
[t=002200 n2] life of 2200 ticks reached, halting
