[t=000000 n3] DS403 cluster kernel (F5-47), node 3, mode raft
[t=000000 n3] e1000 up, MAC 52:54:00:44:03:03
[t=000000 n3] view 1: {3} (start)
[t=000000 n3] raft: 3 nodes, majority 2, follower in term 0
[t=000096 n3] view 2: {1,2,3} (was {3})
[t=000162 n3] raft: term 0 -> 1 (saw a higher term), follower -> follower
[t=000162 n3] raft: vote for node 1 in term 1: yes
[t=000164 n3] raft: following leader 1 in term 1
[t=000179 n3] apply 1 (term 1): NOOP
[t=000533 n3] view 3: {2,3} (was {1,2,3})
[t=000664 n3] raft: term 1 -> 2 (saw a higher term), follower -> follower
[t=000665 n3] raft: vote for node 2 in term 2: yes
[t=000667 n3] raft: following leader 2 in term 2
[t=000694 n3] apply 2 (term 2): NOOP
[t=000900 n3] client: request 1: CAS lock ''->n3 (I am follower, leader I know: 2)
[t=000904 n3] client: request 1 (CAS lock ''->n3) committed at index 3: OK
[t=000924 n3] apply 3 (term 2): CAS lock ''->n3
[t=001405 n3] view 4: {1,2,3} (was {2,3})
[t=002195 n3] state (final): lock=n3
[t=002200 n3] life of 2200 ticks reached, halting
