[t=000000 n1] DS403 cluster kernel (F5-47), node 1, mode raft
[t=000000 n1] e1000 up, MAC 52:54:00:44:03:01
[t=000000 n1] view 1: {1} (start)
[t=000000 n1] raft: 3 nodes, majority 2, follower in term 0
[t=000098 n1] view 2: {1,2,3} (was {1})
[t=000163 n1] raft: election timeout, candidate for term 1
[t=000163 n1] raft: LEADER for term 1 with votes from 2 nodes
[t=000164 n1] raft: leader appends index 1 (term 1): NOOP
[t=000164 n1] apply 1 (term 1): NOOP
[t=000536 n1] view 3: {1} (was {1,2,3})
[t=000900 n1] client: request 1: CAS lock ''->n1 (I am leader, leader I know: 1)
[t=000900 n1] raft: leader appends index 2 (term 1): CAS lock ''->n1
[t=001200 n1] client: request 1 (CAS lock ''->n1): no answer in time; outcome UNKNOWN
[t=001294 n1] view 4: {1,2} (was {1})
[t=001296 n1] view 5: {1,2,3} (was {1,2})
[t=001300 n1] raft: term 1 -> 2 (saw a higher term), leader -> follower
[t=001300 n1] raft: following leader 2 in term 2
[t=001300 n1] raft: conflict at index 2 (mine term 1, leader's term 2): truncating 1 entries
[t=001300 n1] apply 2 (term 2): NOOP
[t=001300 n1] apply 3 (term 2): CAS lock ''->n3
[t=002106 n1] view 6: {1,2} (was {1,2,3})
[t=002195 n1] state (final): lock=n3
[t=002200 n1] life of 2200 ticks reached, halting
