--- sha256sum -c manifest.txt (files read back from the disk image)
Image: OK
robot.dtb: OK
robot.cfg: OK
--- serial console of the boot
[    3624 us] console up (stage 1)
model: RB403 course robot (QEMU virt stand-in)
time base: architectural counter at 62500000 Hz (CNTFRQ_EL0), counting since reset
image options: period 1000 us, safe hold 300 cycles, e-stop y, require e-stop to arm y
  /pl011@9000000         arm,pl011              0x9000000  bound
  /pl031@9010000         arm,pl031              0x9010000  bound
  /pl061@9030000         arm,pl061              0x9030000  bound
  /camera@a100000        disabled in the devicetree: skipped
[    7958 us] drivers bound (stage 2)
wall clock from the RTC: 1791597028 s since 1970
e-stop: GPIO line 3, now released
[    9811 us] e-stop resolved (stage 3)
bootargs: "robot.cycles=500"
[   10731 us] ARMED: control loop starts (stage 4)
[  511009 us] loop ended after 500 cycles; worst lateness 760 us; cycles later than one period: 0
F9-67 image ok
--- host: QEMU process ran for 623 ms of wall-clock time
