0000000000001db0 <sumDiscarded(std::vector<double, std::allocator<double> > const&)>:
    1db0:	endbr64
    1db4:	ret
    1db5:	data16 cs nopw 0x0(%rax,%rax,1)

0000000000001dc0 <sumKept(std::vector<double, std::allocator<double> > const&)>:
    1dc0:	endbr64
    1dc4:	mov    (%rdi),%rax
    1dc7:	mov    0x8(%rdi),%rdx
    1dcb:	pxor   %xmm1,%xmm1
    1dcf:	cmp    %rax,%rdx
    1dd2:	je     1ded <sumKept(std::vector<double, std::allocator<double> > const&)+0x2d>
    1dd4:	nopl   0x0(%rax)
    1dd8:	movsd  (%rax),%xmm0
    1ddc:	add    $0x8,%rax
    1de0:	mulsd  %xmm0,%xmm0
    1de4:	addsd  %xmm0,%xmm1
    1de8:	cmp    %rdx,%rax
    1deb:	jne    1dd8 <sumKept(std::vector<double, std::allocator<double> > const&)+0x18>
    1ded:	movq   %xmm1,%rax
    1df2:	ret
    1df3:	cs nopw 0x0(%rax,%rax,1)
    1dfd:	nopl   (%rax)

