23 / 4 = 5 remainder 3; cars rounded up = 6
5 x 4 + 3 = 23
6 cars x 4 seats = 24 seats, empty seats = 1
2 + 3 x 4 = 14; (2 + 3) x 4 = 20
12 - 4 - 3 = 5; 12 - (4 - 3) = 11
24 / 4 / 2 = 3; 24 / (4 / 2) = 12
3 x 12 + 5 = 41; 3 x (12 + 5) = 51
398 + 205 = 603 (estimate 400 + 200 = 600)
48 x 21 = 1008 (estimate 50 x 20 = 1000)
87 x 64 = 5568 (estimate 90 x 60 = 5400)
difference 5568 - 5400 = 168
30 helpers, teams of 8: 4 teams, 2 empty places
40 helpers, teams of 8: 5 teams
41 helpers, teams of 8: 6 teams
7 + 5 = 12; 12 - 5 = 7; 6 x 7 = 42; 42 / 7 = 6
4 + 4 + 4 = 12 = 3 x 4 = 12
29 / 5: quotient 5 remainder 4; boxes rounded up 6
plates: 100 - 3 x 20 = 40
4 x 25 = 100
(6 + 2) x 5 = 40; 6 + 2 x 5 = 16
52 x 9 = 468 (estimate 50 x 10 = 500)
17 / 3 = 5 r 2; rounded up = 6
round to nearest 10: 87->90 64->60 48->50 21->20 52->50 9->10 45->50 44->40 3407->3410
round to nearest 100: 398->400 205->200 3407->3400; nearest 1000: 3407->3000
check 5 x 3 + 2 = 17; 17 chores, 3 each: people = 6
(1000 + 256 - 1) / 256 = 4; 1255 / 256 = 4
24 / 4 = 6 cars, (24 + 3) / 4 = 6
27 - 23 = 4; 23 - 4 = 19
26 / 4 = 6 r 2; 27 / 4 = 6 r 3
5 x 4 = 20; 6 x 4 = 24; 23 - 20 = 3
3 x 12 = 36; 36 + 5 = 41; 3 x 17 = 51
30 / 8 = 3 r 6; 3 x 8 = 24; 37 / 8 = 4; 4 x 8 = 32
estimate 3 x 10 + 5 = 35; 19 / 3 = 6; 3 x 20 = 60
2 x 5 = 10; 6 + 10 = 16; 6 + 2 + 5 = 13; 6 x 5 = 30
11 - 5 = 6; 2 + 12 = 14
