step  truth  z     estimate  distinct  ESS    mass within 1 m of truth
   1   9.02  wall     3-4         434  441.7     0.078
   2   9.83  wall    24-25        422  425.7     0.098
   3  10.20  wall    25-26        433  438.5     0.121
  16  21.89  door    21-22        206  187.4     0.748
  17  22.80  wall    22-23        430  440.1     0.760
  18  23.73  wall    23-24        482  482.4     0.758
  19  24.73  wall    24-25        477  478.4     0.746
  20   8.86  wall    25-26        489  491.2     0.045
  21   9.65  wall    26-27        482  484.8     0.048
  22  10.51  wall    27-28        481  482.4     0.029
  23  11.43  door    28-29        277   99.7     0.215
  24  13.09  wall    29-30        461  465.6     0.210
  25  13.80  door     1-2         199  170.3     0.040
  26  14.60  wall     2-3         434  441.7     0.041
  27  15.86  wall     3-4         453  460.8     0.039
  28  16.84  wall    24-25        364  373.4     0.050
  29  17.67  wall    25-26        437  444.1     0.062
  30  18.84  wall    26-27        479  480.0     0.041
  31  19.79  door    19-20        294  100.4     0.335
  32  20.70  wall    20-21        455  457.6     0.320
  33  22.14  wall    29-30        372  381.3     0.108
  34  22.94  wall     0-1         398  404.3     0.161
  35  24.01  wall     0-1         373  374.9     0.189
  36  25.07  wall    25-26        393  401.9     0.233
  37  25.92  wall    26-27        435  440.9     0.270
  38  26.88  wall    27-28        419  427.3     0.306
  39  28.01  wall    28-29        433  440.9     0.343
  40  28.86  wall    29-30        441  446.5     0.361
