step  truth  z     estimate  distinct  ESS    mass within 1 m of truth
   1   9.02  wall     3-4         446  449.6     0.079
   2   9.83  wall     7-8         364  412.2     0.092
   3  10.20  wall     8-9         310  424.9     0.113
  16  21.89  door    21-22         21  402.0     0.972
  17  22.80  wall    22-23         21  500.0     0.972
  18  23.73  wall    23-24         19  496.8     0.979
  19  24.73  wall    24-25         19  498.4     0.980
  20   8.86  wall    25-26         19  500.0     0.000
  21   9.65  wall    26-27         19  499.2     0.000
  22  10.51  wall    27-28         18  494.4     0.000
  23  11.43  door    28-29         18  500.0     0.000
  24  13.09  wall    29-30         16  497.6     0.000
  25  13.80  door     0-1          16  500.0     0.000
  26  14.60  wall     1-2          16  359.7     0.000
  27  15.86  wall     2-3          16  500.0     0.000
  28  16.84  wall     3-4          16  492.8     0.000
  29  17.67  wall     4-5          16  230.7     0.000
  30  18.84  wall     5-6          16  500.0     0.000
  31  19.79  door     6-7          16  105.1     0.000
  32  20.70  wall     7-8          16  500.0     0.000
  33  22.14  wall     8-9          16  500.0     0.000
  34  22.94  wall     9-10         16  455.2     0.000
  35  24.01  wall    10-11         16  500.0     0.000
  36  25.07  wall     9-10         15  273.6     0.000
  37  25.92  wall    10-11         15  490.4     0.000
  38  26.88  wall    28-29         15  326.2     0.000
  39  28.01  wall    29-30         15  500.0     0.000
  40  28.86  wall     0-1          15  500.0     0.000
