step  truth  z      mass within 1 m of truth   ESS before  resampled  distinct
                    PF (500)   grid
   1   9.02  wall     0.092     0.078         432.1        no       500
   2   9.83  wall     0.104     0.093         377.8        no       500
   3  10.20  wall     0.121     0.099         326.5        no       500
   4  10.93  wall     0.088     0.077         278.6        no       500
   5  12.12  wall     0.047     0.027         236.7       yes       240
   6  12.66  wall     0.044     0.040         404.3        no       500
   7  13.25  wall     0.043     0.050         314.0        no       500
   8  14.29  wall     0.068     0.071         246.6       yes       250
   9  15.26  wall     0.096     0.099         371.8        no       500
  10  15.91  wall     0.104     0.134         284.5        no       500
  11  17.22  wall     0.170     0.184         226.1       yes       242
  12  17.68  wall     0.197     0.231         384.4        no       500
  13  18.53  wall     0.227     0.222         303.7        no       500
  14  19.67  door     0.370     0.428         111.8       yes       165
  15  20.58  wall     0.346     0.403         433.7        no       500
  16  21.89  door     0.765     0.801         168.7       yes       195
  17  22.80  wall     0.779     0.812         442.5        no       500
  18  23.73  wall     0.759     0.812         434.9        no       500
  19  24.73  wall     0.735     0.787         427.4        no       500
  20  25.86  wall     0.715     0.725         424.2        no       500
  21  26.65  wall     0.719     0.739         415.7        no       500
  22  27.51  wall     0.711     0.728         406.0        no       500
  23  28.43  wall     0.704     0.718         390.0        no       500
  24   0.09  wall     0.677     0.657         368.8        no       500
  25   0.80  door     0.778     0.835         123.4       yes       167
  26   1.60  door     0.853     0.902         126.7       yes       195
  27   2.86  wall     0.917     0.953         450.4        no       500
  28   3.84  wall     0.873     0.908         320.4        no       500
  29   4.67  door     0.988     0.990         208.0       yes       205
  30   5.84  wall     0.985     0.987         461.6        no       500

particles  mean |PF mass - grid mass| over all steps
       50    0.1025
      500    0.0244
     5000    0.0121
