--- sm_60
0008  MOV R1, c[0x0][0x20]
0010  MOV32I R2, 0x0
0018  SSY 0x78
0028  MOV32I R3, 0x0
0030  MOV32I R5, 0x1
0048  MOV R4, RZ
0050  ATOM.E.CAS R0, [R2], R4, R5
0058  ISETP.NE.AND P0, PT, R0, RZ, PT
0068  @P0 BRA 0x40
0070  SYNC
0078  MOV32I R4, 0x0
0088  MOV32I R5, 0x0
0090  LDG.E.CV R0, [R4]
0098  IADD32I R6, R0, 0x1
00a8  STG.E.WT [R4], R6
00b0  MEMBAR.GL.IVALLD
00b8  ATOM.E.EXCH RZ, [R2], RZ
00c8  EXIT
--- sm_80
0000  IMAD.MOV.U32 R1, RZ, RZ, c[0x0][0x28]
0010  HFMA2.MMA R5, -RZ, RZ, 0, 5.9604644775390625e-08
0020  BSSY B0, 0xe0
0030  UMOV UR4, 0x0
0040  UMOV UR5, 0x0
0050  IMAD.U32 R2, RZ, RZ, UR4
0060  MOV R3, UR5
0070  ULDC.64 UR4, c[0x0][0x118]
0080  IMAD.MOV.U32 R4, RZ, RZ, RZ
0090  YIELD
00a0  ATOMG.E.CAS.STRONG.GPU PT, R0, [R2], R4, R5
00b0  ISETP.NE.AND P0, PT, R0, RZ, PT
00c0  @P0 BRA 0x80
00d0  BSYNC B0
00e0  UMOV UR6, 0x0
00f0  UMOV UR7, 0x0
0100  MOV R4, UR6
0110  IMAD.U32 R5, RZ, RZ, UR7
0120  LDG.E.STRONG.SYS R0, [R4.64]
0130  IADD3 R7, R0, 0x1, RZ
0140  STG.E.STRONG.SYS [R4.64], R7
0150  MEMBAR.SC.GPU
0160  ERRBAR
0170  CCTL.IVALL
0180  ATOMG.E.EXCH.STRONG.GPU PT, RZ, [R2.64], RZ
0190  EXIT
