e2fsck 1.47.0 (5-Feb-2023)
Pass 1: Checking inodes, blocks, and sizes

Running additional passes to resolve blocks claimed by more than one inode...
Pass 1B: Rescanning for multiply-claimed blocks
Multiply-claimed block(s) in inode 15: 282--302
Multiply-claimed block(s) in inode 16: 282--302
Pass 1C: Scanning directories for inodes with multiply-claimed blocks
Pass 1D: Reconciling multiply-claimed blocks
(There are 2 inodes containing multiply-claimed blocks.)

File /report-a.txt (inode #15, mod time Fri Oct  9 20:45:32 2026) 
  has 21 multiply-claimed block(s), shared with 1 file(s):
	/report-b.txt (inode #16, mod time Fri Oct  9 20:45:32 2026)
Clone multiply-claimed blocks? no

Delete file? no

File /report-b.txt (inode #16, mod time Fri Oct  9 20:45:32 2026) 
  has 21 multiply-claimed block(s), shared with 1 file(s):
	/report-a.txt (inode #15, mod time Fri Oct  9 20:45:32 2026)
Clone multiply-claimed blocks? no

Delete file? no

Pass 2: Checking directory structure
Pass 3: Checking directory connectivity
Pass 4: Checking reference counts
Pass 5: Checking group summary information

os304: ********** WARNING: Filesystem still has errors **********

os304: 16/512 files (0.0% non-contiguous), 402/16384 blocks
