== run 1: write /report-a.txt (20480 bytes of 'A'); power fails after write 26 ==
write  1: block   282  data, directory or indirect block  
write  2: block   283  data, directory or indirect block  
write  3: block   284  data, directory or indirect block  
write  4: block   285  data, directory or indirect block  
write  5: block   286  data, directory or indirect block  
write  6: block   287  data, directory or indirect block  
write  7: block   288  data, directory or indirect block  
write  8: block   289  data, directory or indirect block  
write  9: block   290  data, directory or indirect block  
write 10: block   291  data, directory or indirect block  
write 11: block   292  data, directory or indirect block  
write 12: block   293  data, directory or indirect block  
write 13: block   295  data, directory or indirect block  
write 14: block   296  data, directory or indirect block  
write 15: block   297  data, directory or indirect block  
write 16: block   298  data, directory or indirect block  
write 17: block   299  data, directory or indirect block  
write 18: block   300  data, directory or indirect block  
write 19: block   301  data, directory or indirect block  
write 20: block   302  data, directory or indirect block  
write 21: block   294  data, directory or indirect block  
write 22: block    67  inode bitmap, group 0              
write 23: block     2  group descriptors                  
write 24: block     1  superblock                         
write 25: block    69  inode table, group 0               
write 26: block   100  data, directory or indirect block  
write 27: block    66  block bitmap, group 0              LOST (no power)
write 28: block     2  group descriptors                  LOST (no power)
write 29: block     1  superblock                         LOST (no power)
== run 2 (after reboot, no fsck): write /report-b.txt (20480 bytes of 'B') ==
write /report-b.txt: ok
/report-a.txt: 20480 bytes, 0 of them still 'A'
