== same run, heartbeat restored ==
deployed options: electionMin 150 ms, electionMax 300 ms, heartbeat 50 ms, maxBatch 8, noopOnElection on
network: delay 2-10 ms, no loss; injected faults: none; load: 1 request per 200 ms from 400 ms
-- log slice (all servers, 2000-2400 ms) --
 2007 ms  n4  term 1  LEADER     appends entry 10: t1 put x=9
 2011 ms  n3  term 1  follower   stores entry 10 from n4
 2013 ms  n1  term 1  follower   stores entry 10 from n4
 2013 ms  n5  term 1  follower   stores entry 10 from n4
 2016 ms  n2  term 1  follower   stores entry 10 from n4
 2019 ms  n4  term 1  LEADER     commits up to entry 10 (t1 put x=9)
 2207 ms  n4  term 1  LEADER     appends entry 11: t1 get x
 2209 ms  n2  term 1  follower   stores entry 11 from n4
 2212 ms  n3  term 1  follower   stores entry 11 from n4
 2212 ms  n5  term 1  follower   stores entry 11 from n4
 2214 ms  n1  term 1  follower   stores entry 11 from n4
 2217 ms  n4  term 1  LEADER     commits up to entry 11 (t1 get x)
-- metrics, 500 ms windows (simulated time) --
window        elections  leaders  max term  sent  answered  no leader  p99 latency
   0- 500 ms          1        1         1     1         1          0        21 ms
 500-1000 ms          0        0         1     3         2          0        24 ms
1000-1500 ms          0        0         1     2         3          0        26 ms
1500-2000 ms          0        0         1     3         2          0        19 ms
2000-2500 ms          0        0         1     2         3          0        29 ms
2500-3000 ms          0        0         1     3         2          0        26 ms
3000-3500 ms          0        0         1     2         3          0        22 ms
3500-4000 ms          0        0         1     1         1          0        26 ms
-- SLO: 95 % of requests answered within 150 ms --
good 17 of 17 = 100.0 % -> met
-- checkers --
safety: no violation; linearizable: yes
