== game day 2, scenario 'quiet afternoon': SLO alert fired ==
deployed options: electionMin 150 ms, electionMax 300 ms, heartbeat 200 ms, maxBatch 8, noopOnElection on
network: delay 2-10 ms, no loss; injected faults: none; load: 1 request per 200 ms from 400 ms
-- log slice (all servers, 2000-2400 ms) --
 2005 ms  n3  term 8  LEADER     appends entry 15: t8 put x=9
 2007 ms  n2  term 8  follower   stores entry 15 from n3
 2008 ms  n5  term 8  follower   stores entry 15 from n3
 2012 ms  n4  term 8  follower   stores entry 15 from n3
 2014 ms  n3  term 8  LEADER     commits up to entry 15 (t8 put x=9)
 2015 ms  n1  term 8  follower   stores entry 15 from n3
 2206 ms  n3  term 8  LEADER     appends entry 16: t8 get x
 2210 ms  n1  term 8  follower   stores entry 16 from n3
 2211 ms  n5  term 8  follower   stores entry 16 from n3
 2212 ms  n2  term 8  follower   stores entry 16 from n3
 2213 ms  n4  term 8  follower   stores entry 16 from n3
 2215 ms  n3  term 8  LEADER     commits up to entry 16 (t8 get x)
 2365 ms  n5  term 9  candidate  election timeout -> candidate, asks for votes (last entry 16, term 8)
 2369 ms  n3  term 9  LEADER     -> follower
 2369 ms  n3  term 9  follower   votes for n5
 2370 ms  n4  term 9  follower   votes for n5
 2371 ms  n1  term 9  follower   votes for n5
 2371 ms  n2  term 9  follower   votes for n5
 2375 ms  n5  term 9  LEADER     WINS election with votes from n3 n4 n5
 2375 ms  n5  term 9  LEADER     appends entry 17: t9 no-op
 2377 ms  n2  term 9  follower   stores entry 17 from n5
 2378 ms  n4  term 9  follower   stores entry 17 from n5
 2385 ms  n1  term 9  follower   stores entry 17 from n5
 2385 ms  n3  term 9  follower   stores entry 17 from n5
 2386 ms  n5  term 9  LEADER     commits up to entry 17 (t9 no-op)
-- metrics, 500 ms windows (simulated time) --
window        elections  leaders  max term  sent  answered  no leader  p99 latency
   0- 500 ms          2        2         2     1         1          0        25 ms
 500-1000 ms          3        3         5     3         1          0        17 ms
1000-1500 ms          0        0         5     2         3          0        29 ms
1500-2000 ms          3        2         8     3         1          0        27 ms
2000-2500 ms          1        1         9     2         3          0        27 ms
2500-3000 ms          3        3        12     3         1          0        24 ms
3000-3500 ms          2        1        14     2         2          0        30 ms
3500-4000 ms          0        0        14     1         1          0        29 ms
-- SLO: 95 % of requests answered within 150 ms --
good 13 of 17 = 76.5 % -> MISSED
-- checkers --
safety: no violation; linearizable: yes
