replay: scenario leader-isolated, seed 12, variant readFromLocalState, trace 495-700 ms
  500 ms  *** fault: isolate n1
  560 ms  n1  term 1  LEADER     appends entry 10: t1 put x=9
  639 ms  n1  term 1  LEADER     appends entry 11: t1 put x=10
  659 ms  n3  term 2  candidate  election timeout -> candidate, asks for votes (last entry 9, term 1)
  664 ms  n4  term 2  follower   votes for n3
  664 ms  n5  term 2  follower   votes for n3
  668 ms  n2  term 2  follower   votes for n3
  670 ms  n3  term 2  LEADER     WINS election with votes from n3 n4 n5
  670 ms  n3  term 2  LEADER     appends entry 10: t2 no-op
  673 ms  n5  term 2  follower   stores entry 10 from n3
  676 ms  n2  term 2  follower   stores entry 10 from n3
  676 ms  n4  term 2  follower   stores entry 10 from n3
  682 ms  n3  term 2  LEADER     commits up to entry 10 (t2 no-op)
 1500 ms  *** fault: heal
 3000 ms  *** fault: heal
 3000 ms  *** fault: restart (nothing to do now)
verdict: client history not linearizable; 46 of 50 client operations answered; fingerprint 25b84833a8d98b7a
client operations called while the fault was active (500-1500 ms):
  process  operation      called   answered
      101  get x -> 8       520 ms     545 ms
      102  put x=9          542 ms   no reply
      101  get x -> 8       574 ms     599 ms
      101  put x=10         615 ms   no reply
      103  put x=11         952 ms   no reply
      104  get x -> 8      1025 ms    1042 ms
      104  get x -> 8      1063 ms    1085 ms
      104  get x -> 8      1100 ms    1123 ms
      104  put x=12        1144 ms    1183 ms
      104  put x=13        1200 ms    1236 ms
      104  get x -> 13     1264 ms    1291 ms
      104  get x -> 8      1312 ms    1328 ms
      104  put x=14        1353 ms    1383 ms
      105  put x=15        1362 ms    1401 ms
      104  get x -> 8      1410 ms    1420 ms
      105  put x=16        1416 ms    1454 ms
      104  put x=17        1446 ms    1473 ms
      105  put x=18        1457 ms   no reply
      104  put x=19        1479 ms    1512 ms
second run:  fingerprint 25b84833a8d98b7a (identical)
