set 1 under rate-monotonic priorities (units)
  U = 1.0000; Liu-Layland bound for n=2: 0.8284 -> test inconclusive
  hyperbolic bound: product of (Ui+1) = 2.2500 -> test inconclusive
  A          T=     4 C=     2 D=     4 B=   0 J=   0  R=     2  meets D (1 iterations)
  B          T=     6 C=     3 D=     6 B=   0 J=   0  R=     7  MISSES D (2 iterations)
set 1 under EDF (units)
  U = 1.0000, hyperperiod 12
  deadlines = periods: EDF schedulable if and only if U <= 1 -> schedulable

robot set, rate-monotonic (microseconds)
  U = 0.6400; Liu-Layland bound for n=3: 0.7798 -> schedulable (sufficient test)
  hyperbolic bound: product of (Ui+1) = 1.7856 -> schedulable (sufficient test)
  control    T=  1000 C=   200 D=  1000 B= 150 J= 100  R=   450  meets D (1 iterations)
  estimator  T=  5000 C=  1000 D=  5000 B= 150 J=   0  R=  1550  meets D (2 iterations)
  planner    T= 50000 C= 12000 D= 50000 B=   0 J=   0  R= 21400  meets D (7 iterations)

robot set, planner grows to 24 ms
  U = 0.8800; Liu-Layland bound for n=3: 0.7798 -> test inconclusive
  hyperbolic bound: product of (Ui+1) = 2.1312 -> test inconclusive
  control    T=  1000 C=   200 D=  1000 B= 150 J= 100  R=   450  meets D (1 iterations)
  estimator  T=  5000 C=  1000 D=  5000 B= 150 J=   0  R=  1550  meets D (2 iterations)
  planner    T= 50000 C= 24000 D= 50000 B=   0 J=   0  R= 41400  meets D (8 iterations)

constrained set X under EDF (units)
  U = 0.8750, hyperperiod 24
  L=  4  dbf=  2  ok
  L=  6  dbf=  5  ok
  L= 10  dbf=  7  ok
  L= 12  dbf=  9  ok
  L= 14  dbf= 12  ok
  L= 16  dbf= 14  ok
  L= 22  dbf= 19  ok
  L= 24  dbf= 21  ok
  processor-demand test for every L up to H + max D: schedulable

constrained set Y under EDF (units)
  U = 0.8750, hyperperiod 24
  L=  3  dbf=  2  ok
  L=  4  dbf=  5  DEMAND EXCEEDS TIME
  processor-demand test for every L up to H + max D: NOT schedulable
