set 1: U = 1.0000 (exactly 1)
set 1, rate-monotonic
  first 24 units of 24 (one character per unit, '.' = idle):
  t=  0 |AABBAABBAABBAABBAABB|
  t= 20 |AABB|
  task A  T= 4 C= 2  finished jobs  6  worst response   2  misses  0
  task B  T= 6 C= 3  finished jobs  4  worst response   7  misses  2
set 1, EDF
  first 24 units of 24 (one character per unit, '.' = idle):
  t=  0 |AABBBAABAABBAABBBAAB|
  t= 20 |AABB|
  task A  T= 4 C= 2  finished jobs  6  worst response   3  misses  0
  task B  T= 6 C= 3  finished jobs  4  worst response   6  misses  0

set 2 (overload): U = 1.1000
set 2, rate-monotonic
  first 40 units of 120 (one character per unit, '.' = idle):
  t=  0 |AABBBAABCCAABBBAABCC|
  t= 20 |AABBBAABCCAABBBAABCC|
  task A  T= 5 C= 2  finished jobs 24  worst response   2  misses  0
  task B  T=10 C= 4  finished jobs 12  worst response   8  misses  0
  task C  T=20 C= 6  finished jobs  4  worst response  60  misses  6
set 2, EDF
  first 40 units of 120 (one character per unit, '.' = idle):
  t=  0 |AABBBAABCCAABBBAABCC|
  t= 20 |CCAABAABBBAABBBAABCC|
  task A  T= 5 C= 2  finished jobs 23  worst response  12  misses 10
  task B  T=10 C= 4  finished jobs 11  worst response  18  misses  7
  task C  T=20 C= 6  finished jobs  5  worst response  30  misses  6
