0000000000001000-000000000000ffff (prio 0, rom): riscv.sifive.u.mrom
0000000002000000-0000000002003fff (prio 0, i/o): riscv.aclint.swi
0000000002004000-000000000200bfff (prio 0, i/o): riscv.aclint.mtimer
0000000002010000-0000000002010fff (prio -1000, i/o): riscv.sifive.u.l2cc
0000000003000000-00000000030fffff (prio 0, i/o): sifive.pdma
0000000008000000-0000000009ffffff (prio 0, ram): riscv.sifive.u.l2lim
000000000c000000-000000000fffffff (prio 0, i/o): riscv.sifive.plic
0000000010000000-0000000010000fff (prio 0, i/o): riscv.sifive.u.prci
0000000010010000-000000001001001f (prio 0, i/o): riscv.sifive.uart
0000000010011000-000000001001101f (prio 0, i/o): riscv.sifive.uart
0000000010020000-00000000100200ff (prio 0, i/o): sifive-pwm
0000000010021000-00000000100210ff (prio 0, i/o): sifive-pwm
0000000010040000-0000000010040fff (prio 0, i/o): sifive.spi
0000000010050000-0000000010050fff (prio 0, i/o): sifive.spi
0000000010060000-00000000100600ff (prio 0, i/o): sifive_soc.gpio
0000000010070000-0000000010070fff (prio 0, i/o): riscv.sifive.u.otp
0000000010090000-00000000100907ff (prio 0, i/o): enet
00000000100a0000-00000000100a0fff (prio -1000, i/o): riscv.sifive.u.gem-mgmt
00000000100b0000-00000000100bffff (prio -1000, i/o): riscv.sifive.u.dmc
0000000020000000-000000002fffffff (prio 0, ram): riscv.sifive.u.flash0
0000000080000000-000000008fffffff (prio 0, ram): riscv.sifive.u.ram
