model: linux,dummy-virt
console (/chosen stdout-path): /pl011@9000000

node                                       first compatible           status    CPU address  needs
/psci                                      arm,psci-1.0               (none)    -            -
/platform-bus@c000000                      qemu,platform              (none)    -            irq-parent intc@8000000
/fw-cfg@9020000                            qemu,fw-cfg-mmio           (none)    0x9020000    dma-coherent
/virtio_mmio@a000000                       virtio,mmio                (none)    0xa000000    irq-parent intc@8000000; dma-coherent
/gpio-keys                                 gpio-keys                  (none)    -            -
/pl061@9030000                             arm,pl061                  (none)    0x9030000    clock apb-pclk; irq-parent intc@8000000
/pcie@10000000                             pci-host-ecam-generic      (none)    0x4010000000 dma-coherent
/pl031@9010000                             arm,pl031                  (none)    0x9010000    clock apb-pclk; irq-parent intc@8000000
/pl011@9000000                             arm,pl011                  (none)    0x9000000    clock apb-pclk; clock apb-pclk; irq-parent intc@8000000
/pmu                                       arm,armv8-pmuv3            (none)    -            irq-parent intc@8000000
/intc@8000000                              arm,cortex-a15-gic         (none)    0x8000000    -
/intc@8000000/v2m@8020000                  arm,gic-v2m-frame          (none)    0x8020000    -
/flash@0                                   cfi-flash                  (none)    0x0          -
/cpus/cpu@0                                arm,cortex-a53             (none)    not mapped   -
/timer                                     arm,armv8-timer            (none)    -            irq-parent intc@8000000
/apb-pclk                                  fixed-clock                (none)    -            -

providers (what other nodes point at):
  /apb-pclk                                provides: clock
  /intc@8000000                            provides: irq-parent

bring-up order (providers first; nodes without a provider are stage 0):
  stage 0: psci fw-cfg@9020000 gpio-keys pcie@10000000 intc@8000000 v2m@8020000 flash@0 cpu@0 apb-pclk
  stage 1: platform-bus@c000000 virtio_mmio@a000000 [31 more virtio_mmio nodes] pl061@9030000 pl031@9010000 pl011@9000000 pmu timer

summary: 47 nodes with compatible; need a clock 3, a reset 0, pins 0, a supply 0, a power domain 0; dma-coherent 34; status disabled 0
[...] the rows of virtio_mmio@a000200 to virtio_mmio@a003e00 (31 nodes, each like virtio_mmio@a000000) are not shown
