model: SiFive HiFive Unleashed A00
console (/chosen stdout-path): /soc/serial@10010000

node                                       first compatible           status    CPU address  needs
/gpio-restart                              gpio-restart               (none)    -            gpio gpio@10060000 10 1
/cpus/cpu@0                                riscv                      okay      not mapped   -
/cpus/cpu@0/interrupt-controller           riscv,cpu-intc             (none)    -            -
/cpus/cpu@1                                riscv                      okay      not mapped   -
/cpus/cpu@1/interrupt-controller           riscv,cpu-intc             (none)    -            -
/rtcclk                                    fixed-clock                (none)    -            -
/hfclk                                     fixed-clock                (none)    -            -
/soc                                       simple-bus                 (none)    -            -
/soc/serial@10010000                       sifive,uart0               (none)    0x10010000   irq-parent interrupt-controller@c000000; clock clock-controller@10000000 3
/soc/serial@10011000                       sifive,uart0               (none)    0x10011000   irq-parent interrupt-controller@c000000; clock clock-controller@10000000 3
/soc/pwm@10021000                          sifive,pwm0                (none)    0x10021000   clock clock-controller@10000000 3; irq-parent interrupt-controller@c000000
/soc/pwm@10020000                          sifive,pwm0                (none)    0x10020000   clock clock-controller@10000000 3; irq-parent interrupt-controller@c000000
/soc/ethernet@10090000                     sifive,fu540-c000-gem      (none)    0x10090000   clock clock-controller@10000000 2; clock clock-controller@10000000 2; irq-parent interrupt-controller@c000000
/soc/spi@10040000                          sifive,spi0                (none)    0x10040000   irq-parent interrupt-controller@c000000; clock clock-controller@10000000 3
/soc/spi@10040000/flash@0                  jedec,spi-nor              (none)    not mapped   -
/soc/spi@10050000                          sifive,spi0                (none)    0x10050000   irq-parent interrupt-controller@c000000; clock clock-controller@10000000 3
/soc/spi@10050000/mmc@0                    mmc-spi-slot               (none)    not mapped   -
/soc/cache-controller@2010000              sifive,fu540-c000-ccache   (none)    0x2010000    irq-parent interrupt-controller@c000000
/soc/dma@3000000                           sifive,fu540-c000-pdma     (none)    0x3000000    irq-parent interrupt-controller@c000000
/soc/gpio@10060000                         sifive,gpio0               (none)    0x10060000   irq-parent interrupt-controller@c000000; clock clock-controller@10000000 3
/soc/interrupt-controller@c000000          sifive,plic-1.0.0          (none)    0xc000000    irq cpu@0/interrupt-controller 11; irq cpu@1/interrupt-controller 11; irq cpu@1/interrupt-controller 9
/soc/clock-controller@10000000             sifive,fu540-c000-prci     (none)    0x10000000   clock hfclk; clock rtcclk
/soc/otp@10070000                          sifive,fu540-c000-otp      (none)    0x10070000   -
/soc/clint@2000000                         sifive,clint0              (none)    0x2000000    irq cpu@0/interrupt-controller 3; irq cpu@0/interrupt-controller 7; irq cpu@1/interrupt-controller 3; irq cpu@1/interrupt-controller 7

providers (what other nodes point at):
  /cpus/cpu@0/interrupt-controller         provides: irq
  /cpus/cpu@1/interrupt-controller         provides: irq
  /hfclk                                   provides: clock
  /rtcclk                                  provides: clock
  /soc/clock-controller@10000000           provides: clock
  /soc/gpio@10060000                       provides: gpio
  /soc/interrupt-controller@c000000        provides: irq-parent

bring-up order (providers first; nodes without a provider are stage 0):
  stage 0: cpu@0 cpu@0/interrupt-controller cpu@1 cpu@1/interrupt-controller rtcclk hfclk soc flash@0 mmc@0 otp@10070000
  stage 1: interrupt-controller@c000000 clock-controller@10000000 clint@2000000
  stage 2: serial@10010000 serial@10011000 pwm@10021000 pwm@10020000 ethernet@10090000 spi@10040000 spi@10050000 cache-controller@2010000 dma@3000000 gpio@10060000
  stage 3: gpio-restart

summary: 24 nodes with compatible; need a clock 9, a reset 0, pins 0, a supply 0, a power domain 0; dma-coherent 0; status disabled 0
