model: BR-07 teaching board (imaginary)
console (/chosen stdout-path): serial0:115200n8

node                                       first compatible           status    CPU address  needs
/osc24m                                    fixed-clock                (none)    -            -
/vcc-3v3                                   regulator-fixed            (none)    -            -
/soc                                       simple-bus                 (none)    -            -
/soc/interrupt-controller@3020000          univ,br07-intc             (none)    0x3020000    -
/soc/clock-controller@3000000              univ,br07-ccu              (none)    0x3000000    clock osc24m
/soc/reset-controller@3001000              univ,br07-rcu              (none)    0x3001000    -
/soc/power-controller@3002000              univ,br07-power            (none)    0x3002000    -
/soc/pinctrl@3003000                       univ,br07-pinctrl          (none)    0x3003000    clock clock-controller@3000000 1
/soc/serial@4500000                        univ,br07-uart             okay      0x4500000    clock clock-controller@3000000 5; reset reset-controller@3001000 5; pins pinctrl@3003000/uart0-pins; irq-parent interrupt-controller@3020000
/soc/mmc@4020000                           univ,br07-mmc              okay      0x4020000    clock clock-controller@3000000 7; clock clock-controller@3000000 8; reset reset-controller@3001000 7; supply vcc-3v3; power-domain power-controller@3002000 1; irq-parent interrupt-controller@3020000
/soc/ethernet@4800000                      univ,br07-mac              disabled  0x4800000    clock clock-controller@3000000 12; reset reset-controller@3001000 12; power-domain power-controller@3002000 2; irq-parent interrupt-controller@3020000; dma-coherent

providers (what other nodes point at):
  /osc24m                                  provides: clock
  /soc/clock-controller@3000000            provides: clock
  /soc/interrupt-controller@3020000        provides: irq-parent
  /soc/pinctrl@3003000/uart0-pins          provides: pins
  /soc/power-controller@3002000            provides: power-domain
  /soc/reset-controller@3001000            provides: reset
  /vcc-3v3                                 provides: supply

bring-up order (providers first; nodes without a provider are stage 0):
  stage 0: osc24m vcc-3v3 soc interrupt-controller@3020000 reset-controller@3001000 power-controller@3002000
  stage 1: clock-controller@3000000
  stage 2: pinctrl@3003000 serial@4500000 mmc@4020000 ethernet@4800000

summary: 11 nodes with compatible; need a clock 5, a reset 3, pins 1, a supply 1, a power domain 2; dma-coherent 1; status disabled 1
