
OpenSBI v1.3
   ____                    _____ ____ _____
  / __ \                  / ____|  _ \_   _|
 | |  | |_ __   ___ _ __ | (___ | |_) || |
 | |  | | '_ \ / _ \ '_ \ \___ \|  _ < | |
 | |__| | |_) |  __/ | | |____) | |_) || |_
  \____/| .__/ \___|_| |_|_____/|___/_____|
        | |
        |_|

Platform Name             : SiFive HiFive Unleashed A00
Platform Features         : medeleg
Platform HART Count       : 2
Platform IPI Device       : aclint-mswi
Platform Timer Device     : aclint-mtimer @ 1000000Hz
Platform Console Device   : sifive_uart
Platform HSM Device       : ---
Platform PMU Device       : ---
Platform Reboot Device    : gpio-restart
Platform Shutdown Device  : ---
Platform Suspend Device   : ---
Platform CPPC Device      : ---
Firmware Base             : 0x80000000
Firmware Size             : 332 KB
Firmware RW Offset        : 0x40000
Firmware RW Size          : 76 KB
Firmware Heap Offset      : 0x4a000
Firmware Heap Size        : 36 KB (total), 2 KB (reserved), 9 KB (used), 24 KB (free)
Firmware Scratch Size     : 4096 B (total), 760 B (used), 3336 B (free)
Runtime SBI Version       : 1.0

Domain0 Name              : root
Domain0 Boot HART         : 1
Domain0 HARTs             : 0*,1*
Domain0 Region00          : 0x0000000002000000-0x000000000200ffff M: (I,R,W) S/U: ()
Domain0 Region01          : 0x0000000080040000-0x000000008005ffff M: (R,W) S/U: ()
Domain0 Region02          : 0x0000000080000000-0x000000008003ffff M: (R,X) S/U: ()
Domain0 Region03          : 0x0000000000000000-0xffffffffffffffff M: (R,W,X) S/U: (R,W,X)
Domain0 Next Address      : 0x0000000000000000
Domain0 Next Arg1         : 0x000000008fe00000
Domain0 Next Mode         : S-mode
Domain0 SysReset          : yes
Domain0 SysSuspend        : yes

Boot HART ID              : 1
Boot HART Domain          : root
Boot HART Priv Version    : v1.10
Boot HART Base ISA        : rv64imafdc
Boot HART ISA Extensions  : none
Boot HART PMP Count       : 16
Boot HART PMP Granularity : 4
Boot HART PMP Address Bits: 54
Boot HART MHPM Count      : 16
Boot HART MIDELEG         : 0x0000000000000222
Boot HART MEDELEG         : 0x000000000000b109
