cache: 64 sets x 12 ways x 64-byte lines = 49152 bytes
   #  address  set    tag       evicted tag
   1        0    0      0 MISS 
   2     1000    0      1 MISS 
   3     2000    0      2 MISS 
   4     3000    0      3 MISS 
   5     4000    0      4 MISS 
   6     5000    0      5 MISS 
   7     6000    0      6 MISS 
   8     7000    0      7 MISS 
   9     8000    0      8 MISS 
  10     9000    0      9 MISS 
  11     a000    0      a MISS 
  12     b000    0      b MISS 
  13     c000    0      c MISS  0
  14     d000    0      d MISS  1
  15     e000    0      e MISS  2
  16     f000    0      f MISS  3
  17        0    0      0 MISS  4
  18     1000    0      1 MISS  5
  19     2000    0      2 MISS  6
  20     3000    0      3 MISS  7
  21     4000    0      4 MISS  8
  22     5000    0      5 MISS  9
  23     6000    0      6 MISS  a
  24     7000    0      7 MISS  b
  25     8000    0      8 MISS  c
  26     9000    0      9 MISS  d
  27     a000    0      a MISS  e
  28     b000    0      b MISS  f
  29     c000    0      c MISS  0
  30     d000    0      d MISS  1
  31     e000    0      e MISS  2
  32     f000    0      f MISS  3
  33        0    0      0 MISS  4
  34     1000    0      1 MISS  5
  35     2000    0      2 MISS  6
  36     3000    0      3 MISS  7
  37     4000    0      4 MISS  8
  38     5000    0      5 MISS  9
  39     6000    0      6 MISS  a
  40     7000    0      7 MISS  b
  41     8000    0      8 MISS  c
  42     9000    0      9 MISS  d
  43     a000    0      a MISS  e
  44     b000    0      b MISS  f
  45     c000    0      c MISS  0
  46     d000    0      d MISS  1
  47     e000    0      e MISS  2
  48     f000    0      f MISS  3
hits 0, misses 48
