run 1: wrong map, innovation gate 9.21
  pickup  true stop error 0.097 m
  drop    true stop error 0.070 m
  dock    true stop error 0.091 m
post  map x  map y   seen  rejected  mean NIS  max NIS
L0     0.25   2.50    169         0      1.35      7.9
L1     3.80   0.30    166         1      1.66      9.8
L2     3.80   3.30    147         1      1.73      9.5
L3     4.20   0.30     68         0      1.61      7.6
L4     7.75   3.30     80        80     88.00    166.2
L5     4.20   3.70      0         0      0.00      0.0
L6     6.50   5.75      0         0      0.00      0.0
L7     0.25   3.70     91         0      1.74      9.1
L8     3.80   5.75    119         1      1.93     10.8
L9     7.75   0.30     13         0      2.61      9.0
  T1 PASS  [worst true stop error 0.097 m, 61.4 s]
  T2 PASS  [0 contacts]
  T3 PASS  [RMS 0.014 m, max 0.035 m, mean NEES 1.52]
  T4 PASS  [max true speed 0.302 m/s (0.1 s window)]

run 2: post 4 re-surveyed in the map, gate 9.21
  pickup  true stop error 0.107 m
  drop    true stop error 0.093 m
  dock    true stop error 0.077 m
post  map x  map y   seen  rejected  mean NIS  max NIS
L0     0.25   2.50    170         0      1.37      7.9
L1     3.80   0.30    166         0      1.60      8.4
L2     3.80   3.30    149         2      1.95      9.9
L3     4.20   0.30     67         0      1.58      7.3
L4     7.35   3.30     79         0      1.70      6.4
L5     4.20   3.70      0         0      0.00      0.0
L6     6.50   5.75      0         0      0.00      0.0
L7     0.25   3.70     91         1      1.48     11.8
L8     3.80   5.75    117         2      1.77     12.3
L9     7.75   0.30     12         0      2.26      8.6
  T1 PASS  [worst true stop error 0.107 m, 61.2 s]
  T2 PASS  [0 contacts]
  T3 PASS  [RMS 0.015 m, max 0.034 m, mean NEES 2.35]
  T4 PASS  [max true speed 0.302 m/s (0.1 s window)]

prevention alone: PASS; fix: PASS
