t=  0.00 task: leg 1 -> pickup
t= 14.60 task: at pickup (estimate says arrived); true position error 0.285 m
t= 16.60 task: leg 2 -> drop
t= 42.40 task: at drop (estimate says arrived); true position error 0.074 m
t= 44.40 task: leg 3 -> dock
t= 60.55 task: at dock (estimate says arrived); true position error 0.093 m
t= 60.60 task: all stops done

evidence 2: localisation posts (what the filter saw)
post  map x  map y   seen  rejected  mean NIS  max NIS
L0     0.25   2.50    170         0      2.17     22.4
L1     3.80   0.30    168         0      2.93     53.0
L2     3.80   3.30    151         0      3.09     33.9
L3     4.20   0.30     61         0     12.94     38.8
L4     7.75   3.30     72         0     55.30    156.3
L5     4.20   3.70      0         0      0.00      0.0
L6     6.50   5.75      0         0      0.00      0.0
L7     0.25   3.70     89         0      1.50     12.8
L8     3.80   5.75    119         0      1.76      9.0
L9     7.75   0.30     23         0     18.40     56.0

evidence 3: log excerpt, one row per second from 6 s to 15 s (columns of the log schema)
t,leg,state,x_true,y_true,th_true,x_est,y_est,th_est,sd_x,sd_y,sd_th,v_cmd,w_cmd,v_true
6.00,1,READY,2.744,1.846,-0.128,2.751,1.842,-0.120,0.015,0.004,0.009,0.300,-0.274,0.299
7.00,1,READY,3.038,1.784,-0.246,3.028,1.783,-0.238,0.014,0.005,0.009,0.300,-0.014,0.300
8.00,1,READY,3.330,1.715,-0.197,3.314,1.717,-0.199,0.014,0.005,0.009,0.300,0.084,0.297
9.00,1,READY,3.626,1.669,-0.111,3.613,1.669,-0.102,0.013,0.004,0.009,0.300,0.075,0.296
10.00,1,READY,3.925,1.647,-0.041,3.984,1.646,-0.053,0.012,0.004,0.008,0.300,0.064,0.301
11.00,1,READY,4.225,1.642,-0.030,4.330,1.644,-0.067,0.015,0.004,0.009,0.300,-0.126,0.304
12.00,1,READY,4.525,1.623,-0.073,4.693,1.615,-0.139,0.017,0.004,0.010,0.300,0.024,0.298
13.00,1,READY,4.825,1.608,-0.022,5.020,1.580,-0.109,0.018,0.005,0.010,0.300,0.055,0.296
14.00,1,READY,5.059,1.607,-0.003,5.262,1.569,-0.083,0.018,0.004,0.010,0.154,-0.054,0.137
15.00,1,READY,5.141,1.605,-0.091,5.346,1.571,-0.156,0.018,0.005,0.010,0.000,0.000,0.000

evidence 4: acceptance checks
  T1 task: every stop reached, true error <= task tolerance     FAIL  [worst true stop error 0.285 m, 60.6 s]
  T2 no bumper contact                                          PASS  [0 contacts]
  T3 localisation: RMS <= 0.10 m, max <= 0.30 m, mean NEES <= 6 FAIL  [RMS 0.090 m, max 0.223 m, mean NEES 68.80]
  T4 speed never above the limit (+0.01 m/s)                    PASS  [max true speed 0.302 m/s (0.1 s window)]
forensic run: FAIL (expected: FAIL; this is the incident)
