t=  0.00 task: leg 1 -> pickup
t= 15.05 task: at pickup (estimate says arrived); true position error 0.106 m
t= 17.05 task: leg 2 -> drop
t= 43.00 task: at drop (estimate says arrived); true position error 0.086 m
t= 45.00 task: leg 3 -> dock
t= 60.95 task: at dock (estimate says arrived); true position error 0.089 m
t= 61.00 task: all stops done

localisation posts (what the filter saw):
post  map x  map y   seen  rejected  mean NIS  max NIS
L0     0.25   2.50    168         1      1.59     13.2
L1     3.80   0.30    165         1      1.56      9.4
L2     3.80   3.30    146         0      1.96      9.1
L3     4.20   0.30     67         0      1.37      6.2
L4     7.75   3.30     65         0      1.27      8.0
L5     4.20   3.70      0         0      0.00      0.0
L6     6.50   5.75      0         0      0.00      0.0
L7     0.25   3.70     92         1      1.56      9.7
L8     3.80   5.75    119         0      1.73      8.5
L9     7.75   0.30     13         0      1.73      6.1

acceptance checks (lab plan values):
  T1 task: every stop reached, true error <= task tolerance     PASS  [worst true stop error 0.106 m, 61.0 s]
  T2 no bumper contact                                          PASS  [0 contacts]
  T3 localisation: RMS <= 0.10 m, max <= 0.30 m, mean NEES <= 6 PASS  [RMS 0.013 m, max 0.032 m, mean NEES 1.77]
  T4 speed never above the limit (+0.01 m/s)                    PASS  [max true speed 0.302 m/s (0.1 s window)]
M1 run: PASS (log: m1_log.csv, 7 event lines)
