A. nominal delivery, seeds 1-10
seed  end s  worst stop err  RMS err  max err  NEES  max v   T1 T2 T3 T4
   1   61.0           0.106    0.013    0.032  1.77  0.302   ok ok ok ok
   2   61.4           0.089    0.015    0.041  1.98  0.302   ok ok ok ok
   3   61.6           0.103    0.014    0.037  1.89  0.302   ok ok ok ok
   4   61.6           0.087    0.016    0.044  2.02  0.302   ok ok ok ok
   5   61.5           0.096    0.016    0.042  1.75  0.302   ok ok ok ok
   6   61.1           0.094    0.015    0.036  2.14  0.302   ok ok ok ok
   7   61.3           0.105    0.015    0.036  2.29  0.302   ok ok ok ok
   8   60.9           0.109    0.015    0.041  1.96  0.302   ok ok ok ok
   9   61.1           0.114    0.016    0.052  1.75  0.303   ok ok ok ok
  10   61.2           0.112    0.014    0.041  1.90  0.303   ok ok ok ok
task success: 10 of 10 (required: 10 of 10)

    t= 20.00 supervisor: SAFE STOP (latched): e-stop pressed
    t= 22.00 supervisor: reset refused: e-stop still pressed
    t= 26.00 supervisor: reset accepted -> READY
B1. e-stop pressed at 20.0 s, released at 23.0 s, reset at 22.0 s and 26.0 s
  E1 zero command within one supervisor cycle (10 ms)     PASS  [0.000 s]
  E2 wheels still within 0.6 s of the press               PASS  [0.48 s]
  E3 stopping distance <= 0.12 m                          PASS  [0.059 m]
  E4 no motion from press + 0.6 s until the accepted reset PASS  [0.000 m moved]
  E5 task completes after the reset                       PASS  [end 67.3 s]
    t= 30.21 supervisor: SAFE STOP (latched): watchdog: newest command is 0.26 s old
    t= 34.00 supervisor: reset accepted -> READY
B2. navigator silent from 30.0 s to 32.0 s, reset at 34.0 s
  W1 safe stop within watchdog + 20 ms of the stall       PASS  [0.21 s]
  W2 wheels still within watchdog + 0.6 s                 PASS  [0.59 s]
  W3 no motion from then until the reset                  PASS  [0.000 m moved]
  W4 task completes after the reset                       PASS  [end 64.8 s]
B3. navigator misconfigured to 0.45 m/s
  T1 task: every stop reached, true error <= task tolerance PASS  [worst true stop error 0.094 m, 61.1 s]
  T4 speed never above the limit (+0.01 m/s)              PASS  [max true speed 0.302 m/s (0.1 s window)]

C. mutants (each re-runs A seed 1 and B1-B3)
  no_speed_clamp   required  KILLED by S3:T4
  no_watchdog      required  KILLED by W1 W2 W3
  estop_unlatched  required  KILLED by E4
  bearing_sign     required  KILLED by T1 T2 T3 E5 W4 S3:T1
  radius_plus_2pc  info      SURVIVED (no check failed)
required mutants killed: 4 of 4

M1 suite: PASS
