targets in this file:
  sgemm 1024 fp32 ?
  sgemm 2048 fp32 ?
  sgemm 4096 fp32 ?
  hgemm 4096 fp16 ?
  attention 4096 fp16 ?
PROBLEM: 'author <your name>' is still a placeholder
PROBLEM: 'gpu <GPU name exactly as your device report prints it>' is still a placeholder
PROBLEM: 'driver <driver version as printed by the tools>' is still a placeholder
PROBLEM: 'toolkit <toolkit version as printed by nvcc --version>' is still a placeholder
PROBLEM: 'clocks <locked at which setting, or not-locked and why>' is still a placeholder
PROBLEM: 'reference hgemm <cuBLAS routine for FP16 inputs with FP32 accumulation, from the cuBLAS documentation>' is still a placeholder
PROBLEM: 'reference attention <the fused attention implementation available on your platform>' is still a placeholder
PROBLEM: 'target sgemm 1024 fp32 ?' is still a placeholder
PROBLEM: 'target sgemm 2048 fp32 ?' is still a placeholder
PROBLEM: 'target sgemm 4096 fp32 ?' is still a placeholder
PROBLEM: 'target hgemm 4096 fp16 ?' is still a placeholder
PROBLEM: 'target attention 4096 fp16 ?' is still a placeholder
PROBLEM: 'signed R1 <reviewer> <date>' is still a placeholder
PROBLEM: no independent R1 signature
fingerprint of the agreement: 889b01043221340f
R1 TARGETS NOT READY: fix every PROBLEM, then ask for signatures
