refresh log (first 12 ticks):
  tick  1: refreshed row 0
  tick  2: refreshed row 1
  tick  3: refreshed row 2
  tick  4: refreshed row 3
  tick  5: refreshed row 0
  tick  6: refreshed row 1
  tick  7: refreshed row 2
  tick  8: refreshed row 3
  tick  9: refreshed row 0
  tick 10: refreshed row 1
  tick 11: refreshed row 2
  tick 12: refreshed row 3
after 40 ticks, reading all rows:
  row 0: wrote 0xA5 read 0xA5 OK
  row 1: wrote 0xA4 read 0xA4 OK
  row 2: wrote 0xA7 read 0xA7 OK
  row 3: wrote 0xA6 read 0xA6 OK
  row 4: wrote 0xA1 read 0x00 LOST
  row 5: wrote 0xA0 read 0x00 LOST
  row 6: wrote 0xA3 read 0x00 LOST
  row 7: wrote 0xA2 read 0x00 LOST
rows lost: 4
