A: no refresh. Charge of row 0, bit 0 (a stored 1):
  tick  1: 0.950
  tick  2: 0.902
  tick  3: 0.857
  tick  4: 0.815
  tick  5: 0.774
  tick  6: 0.735
  tick  7: 0.698
  tick  8: 0.663
  tick  9: 0.630
  tick 10: 0.599
  tick 11: 0.569
  tick 12: 0.540
  tick 13: 0.513
  tick 14: 0.488  (below the threshold: reads as 0)
  tick 15: 0.463  (below the threshold: reads as 0)
  tick 16: 0.440  (below the threshold: reads as 0)
A: reading all rows after 16 ticks:
  row 0: wrote 0xA5 read 0x00 LOST
  row 1: wrote 0xA4 read 0x00 LOST
  row 2: wrote 0xA7 read 0x00 LOST
  row 3: wrote 0xA6 read 0x00 LOST
  row 4: wrote 0xA1 read 0x00 LOST
  row 5: wrote 0xA0 read 0x00 LOST
  row 6: wrote 0xA3 read 0x00 LOST
  row 7: wrote 0xA2 read 0x00 LOST
B: refresh one row per tick, 40 ticks. Reading all rows:
  row 0: wrote 0xA5 read 0xA5 OK
  row 1: wrote 0xA4 read 0xA4 OK
  row 2: wrote 0xA7 read 0xA7 OK
  row 3: wrote 0xA6 read 0xA6 OK
  row 4: wrote 0xA1 read 0xA1 OK
  row 5: wrote 0xA0 read 0xA0 OK
  row 6: wrote 0xA3 read 0xA3 OK
  row 7: wrote 0xA2 read 0xA2 OK
rows lost: A = 8, B = 0
