gdt: loaded 7 descriptors at 0xffffffff80121110, TSS at 0xffffffff801210a0, IST1 top 0xffffffff801190a0
idt: 256 gates at 0xffffffff80121980
idt[8] raw: low 80108e010008dd30 high 00000000ffffffff
idt[14] raw: low 80108e000008dd90 high 00000000ffffffff
tss: ist1 ffffffff801190a0 ist2 ffffffff8011d0a0 ist3 ffffffff801210a0
-- 1: divide by zero
EXCEPTION 0 #DE divide error, error code 0x0, at rip 0xffffffff8010f21c
  test fixup: resuming at 0xffffffff8010f21e
-- 2: invalid opcode
EXCEPTION 6 #UD invalid opcode, error code 0x0, at rip 0xffffffff8010f23a
  test fixup: resuming at 0xffffffff8010f23c
-- 3: breakpoint (a trap: execution continues by itself)
EXCEPTION 3 #BP breakpoint, error code 0x0, at rip 0xffffffff8010f24b
  breakpoint handled, resuming at 0xffffffff8010f24b
-- 4: general protection (non-canonical address)
EXCEPTION 13 #GP general protection, error code 0x0, at rip 0xffffffff8010f271
  test fixup: resuming at 0xffffffff8010f274
-- 5: page fault, read of an unmapped address
EXCEPTION 14 #PF page fault, error code 0x0, at rip 0xffffffff8010f29a
  page fault: cr2 0x0000000400000000: page not present, read, supervisor mode
  test fixup: resuming at 0xffffffff8010f29d
-- 6: page fault, write to an unmapped address
EXCEPTION 14 #PF page fault, error code 0x2, at rip 0xffffffff8010f2c3
  page fault: cr2 0x0000000400000000: page not present, write, supervisor mode
  test fixup: resuming at 0xffffffff8010f2ca
-- 7: kernel stack overflow into a guard page
stack overflow test: guard at phys 0x600000-0x7fffff, new stack top 0xffff800000804000
EXCEPTION 8 #DF double fault, error code 0x0, at rip 0xffffffff8010f132
  rax 000000000000003c rbx ffff800000804000 rcx 0000000000000010 rdx 00000000000003f8
  rsi 0000000000000000 rdi 000000000000003c rbp ffff800000800030 rsp ffff8000007fff30
  r8  000000000000000f r9  0000000000000020 r10 0000000000000010 r11 0000000000000010
  r12 ffffffff8010f120 r13 0000000000009500 r14 0000000000000000 r15 0000000000000000
  rip ffffffff8010f132 cs 0008 rflags 00000086 ss 0010
  cr0 0000000080000011 cr2 ffff8000007fff28 cr3 0000000000101000 cr4 0000000000000020
B2 double fault test: reported on the IST stack (frame at 0xffffffff80118ff0); B2 ok
