gdt: loaded 7 descriptors at 0xffffffff80121110, TSS at 0xffffffff801210a0, IST1 top 0x0000000000000000
idt: 256 gates at 0xffffffff80121980
idt[8] raw: low 80108e000008dd30 high 00000000ffffffff
idt[14] raw: low 80108e000008dd90 high 00000000ffffffff
tss: ist1 0000000000000000 ist2 0000000000000000 ist3 0000000000000000
-- 1: divide by zero
EXCEPTION 0 #DE divide error, error code 0x0, at rip 0xffffffff8010f216
  test fixup: resuming at 0xffffffff8010f218
-- 2: invalid opcode
EXCEPTION 6 #UD invalid opcode, error code 0x0, at rip 0xffffffff8010f234
  test fixup: resuming at 0xffffffff8010f236
-- 3: breakpoint (a trap: execution continues by itself)
EXCEPTION 3 #BP breakpoint, error code 0x0, at rip 0xffffffff8010f245
  breakpoint handled, resuming at 0xffffffff8010f245
-- 4: general protection (non-canonical address)
EXCEPTION 13 #GP general protection, error code 0x0, at rip 0xffffffff8010f26b
  test fixup: resuming at 0xffffffff8010f26e
-- 5: page fault, read of an unmapped address
EXCEPTION 14 #PF page fault, error code 0x0, at rip 0xffffffff8010f294
  page fault: cr2 0x0000000400000000: page not present, read, supervisor mode
  test fixup: resuming at 0xffffffff8010f297
-- 6: page fault, write to an unmapped address
EXCEPTION 14 #PF page fault, error code 0x2, at rip 0xffffffff8010f2bd
  page fault: cr2 0x0000000400000000: page not present, write, supervisor mode
  test fixup: resuming at 0xffffffff8010f2c4
-- 7: kernel stack overflow into a guard page
stack overflow test: guard at phys 0x600000-0x7fffff, new stack top 0xffff800000804000
