== QEMU log (-d int,cpu_reset), lines 226-271 of 271: the last three exceptions ==
check_exception old: 0xffffffff new 0xe
     6: v=0e e=0002 i=0 cpl=0 IP=0008:ffffffff8010f132 pc=ffffffff8010f132 SP=0010:ffff8000007fff30 CR2=ffff8000007fff30
RAX=000000000000003c RBX=ffff800000804000 RCX=0000000000000010 RDX=00000000000003f8
RSI=0000000000000000 RDI=000000000000003c RBP=ffff800000800030 RSP=ffff8000007fff30
R8 =0000000000000000 R9 =0000000000000020 R10=0000000000000010 R11=0000000000000001
R12=ffffffff8010f120 R13=0000000000009500 R14=0000000000000000 R15=0000000000000000
RIP=ffffffff8010f132 RFL=00000086 [--S--P-] CPL=0 II=0 A20=1 SMM=0 HLT=0
ES =0010 0000000000000000 ffffffff 00cf9300 DPL=0 DS   [-WA]
CS =0008 0000000000000000 ffffffff 00af9a00 DPL=0 CS64 [-R-]
SS =0010 0000000000000000 ffffffff 00cf9300 DPL=0 DS   [-WA]
DS =0010 0000000000000000 ffffffff 00cf9300 DPL=0 DS   [-WA]
FS =0000 0000000000000000 00000000 00000000
GS =0000 0000000000000000 00000000 00000000
LDT=0000 0000000000000000 0000ffff 00008200 DPL=0 LDT
TR =0028 ffffffff801210a0 00000067 00008900 DPL=0 TSS64-avl
GDT=     ffffffff80121110 00000037
IDT=     ffffffff80121980 00000fff
CR0=80000011 CR2=ffff8000007fff30 CR3=0000000000101000 CR4=00000020
DR0=0000000000000000 DR1=0000000000000000 DR2=0000000000000000 DR3=0000000000000000 
DR6=00000000ffff0ff0 DR7=0000000000000400
CCS=0000000000000100 CCD=ffff8000007fff30 CCO=SUBQ
EFER=0000000000000500
check_exception old: 0xe new 0xe
     7: v=08 e=0000 i=0 cpl=0 IP=0008:ffffffff8010f132 pc=ffffffff8010f132 SP=0010:ffff8000007fff30 env->regs[R_EAX]=000000000000003c
RAX=000000000000003c RBX=ffff800000804000 RCX=0000000000000010 RDX=00000000000003f8
RSI=0000000000000000 RDI=000000000000003c RBP=ffff800000800030 RSP=ffff8000007fff30
R8 =0000000000000000 R9 =0000000000000020 R10=0000000000000010 R11=0000000000000001
R12=ffffffff8010f120 R13=0000000000009500 R14=0000000000000000 R15=0000000000000000
RIP=ffffffff8010f132 RFL=00000086 [--S--P-] CPL=0 II=0 A20=1 SMM=0 HLT=0
ES =0010 0000000000000000 ffffffff 00cf9300 DPL=0 DS   [-WA]
CS =0008 0000000000000000 ffffffff 00af9a00 DPL=0 CS64 [-R-]
SS =0010 0000000000000000 ffffffff 00cf9300 DPL=0 DS   [-WA]
DS =0010 0000000000000000 ffffffff 00cf9300 DPL=0 DS   [-WA]
FS =0000 0000000000000000 00000000 00000000
GS =0000 0000000000000000 00000000 00000000
LDT=0000 0000000000000000 0000ffff 00008200 DPL=0 LDT
TR =0028 ffffffff801210a0 00000067 00008900 DPL=0 TSS64-avl
GDT=     ffffffff80121110 00000037
IDT=     ffffffff80121980 00000fff
CR0=80000011 CR2=ffff8000007fff28 CR3=0000000000101000 CR4=00000020
DR0=0000000000000000 DR1=0000000000000000 DR2=0000000000000000 DR3=0000000000000000 
DR6=00000000ffff0ff0 DR7=0000000000000400
CCS=0000000000000100 CCD=ffff8000007fff30 CCO=SUBQ
EFER=0000000000000500
check_exception old: 0x8 new 0xe
Triple fault
