A =
  [     0.0000     1.0000     0.0000     0.0000 ]
  [     0.0000    -0.1000    -1.9620     0.0000 ]
  [     0.0000     0.0000     0.0000     1.0000 ]
  [     0.0000     0.2000    23.5440     0.0000 ]
B =
  [     0.0000 ]
  [     1.0000 ]
  [     0.0000 ]
  [    -2.0000 ]
det(sI - A) = s^4 +0.1000 s^3 -23.5440 s^2 -1.9620 s -0.0000
open-loop poles s:  4.8440  0.0000  -0.0833  -4.8607
Ad (T = 0.01 s) =
  [     1.0000     0.0100    -0.0001    -0.0000 ]
  [     0.0000     0.9990    -0.0196    -0.0001 ]
  [     0.0000     0.0000     1.0012     0.0100 ]
  [     0.0000     0.0020     0.2355     1.0012 ]
Bd (T = 0.01 s) =
  [     0.0000 ]
  [     0.0100 ]
  [    -0.0001 ]
  [    -0.0200 ]
discrete poles z:  1.0496  1.0000  0.9992  0.9526
check z = e^(sT):  1.049633  1.000000  0.999167  0.952555
unstable pole doubles the lean every 0.143 s
