3/8 = 0.375 = 37.5 %
1/2 = 0.5, 2/4 = 0.5, 4/8 = 0.5
1/4 = 0.25, 3/4 = 0.75, 1/10 = 0.1, 7/10 = 0.7
3/4 of 20 = 20 / 4 x 3 = 15
1/2 + 1/4 = 2/4 + 1/4 = 3/4 = 0.75
wrong way (1+1)/(2+4) = 2/6 = 0.333333
25 % of 80 = 80 / 100 x 25 = 20
80 / 25 = 3.2
250 of 1000 jobs = 25 %
2.5 + 1.25 = 3.75
0.375 = 3 tenths + 7 hundredths + 5 thousandths = 0.375
5/8 = 0.625; 1 - 3/8 = 0.625
60 % of 30 = 18
12 out of 48 = 25 %
2/5 = 0.4 = 40 %
0.6 > 0.45 is true
1/3 of 12 = 4
1/8 = 0.125; 5/8 as percent = 62.5 %
20 / 4 = 5; 5 x 3 = 15; 80 - 20 = 60
3/4 = 6/8: 0.75; 1/2 = 50/100: 0.5
0.45 as percent = 45 %; 0.6 as percent = 60 %
30 / 100 x 60 = 18; 12 / 48 = 0.25
3/8 + 5/8 = 1; 150 % of 20 = 30
3 x 8 = 24; 4 x 6 = 24; 80 / 100 = 0.8; 0.8 x 25 = 20; 80 / 4 = 20
1000 / 8 = 125; 3 x 125 = 375; 375 / 1000 = 0.375
2/4 + 1/4 = 0.75; 1/4 = 2/8: 0.25
