-- bus reset; device answers at address 0, endpoint 0 --
SETUP addr 0 ep0 DATA0  8 bytes: 80 06 00 01 00 00 08 00   GET_DESCRIPTOR(DEVICE), first 8 bytes
IN    addr 0 ep0 DATA1  8 bytes: 12 01 00 02 00 00 00 08
OUT   addr 0 ep0 DATA1  0 bytes:   status stage (zero-length)
-- bMaxPacketSize0 = 8; now give the device address 5 --
SETUP addr 0 ep0 DATA0  8 bytes: 00 05 05 00 00 00 00 00   SET_ADDRESS(5)
IN    addr 0 ep0 DATA1  0 bytes:   status stage (zero-length)
SETUP addr 5 ep0 DATA0  8 bytes: 80 06 00 01 00 00 12 00   GET_DESCRIPTOR(DEVICE)
IN    addr 5 ep0 DATA1  8 bytes: 12 01 00 02 00 00 00 08
IN    addr 5 ep0 DATA0  8 bytes: ff ff 05 03 00 01 01 02
IN    addr 5 ep0 DATA1  2 bytes: 00 01
OUT   addr 5 ep0 DATA1  0 bytes:   status stage (zero-length)
SETUP addr 5 ep0 DATA0  8 bytes: 80 06 00 02 00 00 09 00   GET_DESCRIPTOR(CONFIG), header
IN    addr 5 ep0 DATA1  8 bytes: 09 02 12 00 01 01 00 80
IN    addr 5 ep0 DATA0  1 bytes: 32
OUT   addr 5 ep0 DATA1  0 bytes:   status stage (zero-length)
SETUP addr 5 ep0 DATA0  8 bytes: 80 06 00 02 00 00 12 00   GET_DESCRIPTOR(CONFIG), wTotalLength bytes
IN    addr 5 ep0 DATA1  8 bytes: 09 02 12 00 01 01 00 80
IN    addr 5 ep0 DATA0  8 bytes: 32 09 04 00 00 01 03 01
IN    addr 5 ep0 DATA1  2 bytes: 01 00
OUT   addr 5 ep0 DATA1  0 bytes:   status stage (zero-length)
SETUP addr 5 ep0 DATA0  8 bytes: 80 06 02 03 09 04 ff 00   GET_DESCRIPTOR(STRING 2)
IN    addr 5 ep0 DATA1  8 bytes: 1e 03 46 00 33 00 2d 00
IN    addr 5 ep0 DATA0  8 bytes: 33 00 38 00 20 00 6b 00
IN    addr 5 ep0 DATA1  8 bytes: 65 00 79 00 62 00 6f 00
IN    addr 5 ep0 DATA0  6 bytes: 61 00 72 00 64 00
OUT   addr 5 ep0 DATA1  0 bytes:   status stage (zero-length)
-- device ffff:0305 "F3-38 keyboard": 1 interface(s), class 3, 0 HID descriptor(s), 0 endpoint(s) --
-- ENUMERATION FAILED: configuration descriptor does not describe a usable HID interface --
-- result: device not usable, no driver bound --
