Part A: start known exactly, then four uncertain moves
start
  cell  2  1.000  ##################################################
  sum 1.000  mean 2.000  sd 0.000  most probable cell 2 (p 1.000)
after move 1
  cell  2  0.100  #####
  cell  3  0.800  ########################################
  cell  4  0.100  #####
  sum 1.000  mean 3.000  sd 0.447  most probable cell 3 (p 0.800)
after move 2
  cell  2  0.010  #
  cell  3  0.160  ########
  cell  4  0.660  #################################
  cell  5  0.160  ########
  cell  6  0.010  #
  sum 1.000  mean 4.000  sd 0.632  most probable cell 4 (p 0.660)
after move 3
  cell  2  0.001  
  cell  3  0.024  #
  cell  4  0.195  ##########
  cell  5  0.560  ############################
  cell  6  0.195  ##########
  cell  7  0.024  #
  cell  8  0.001  
  sum 1.000  mean 5.000  sd 0.775  most probable cell 5 (p 0.560)
after move 4
  cell  3  0.003  
  cell  4  0.039  ##
  cell  5  0.214  ###########
  cell  6  0.487  ########################
  cell  7  0.214  ###########
  cell  8  0.039  ##
  cell  9  0.003  
  sum 1.000  mean 6.000  sd 0.894  most probable cell 6 (p 0.487)

Part B: two equally likely places (in front of door 1 or door 2)
two peaks
  cell  3  0.100  #####
  cell  4  0.300  ###############
  cell  5  0.100  #####
  cell 13  0.100  #####
  cell 14  0.300  ###############
  cell 15  0.100  #####
  sum 1.000  mean 9.000  sd 5.040  most probable cell 4 (p 0.300)
  probability of the cell nearest the mean (cell 9): 0.000
