Dana's ALU: named vectors (op, a, b in binary)
000 ADD    | a=1001 b=0111 | expected y=0000 ZNCV=1010 | got y=0000 ZNCV=1010 |    ok
000 ADD    | a=0110 b=0010 | expected y=1000 ZNCV=0101 | got y=1000 ZNCV=0101 |    ok
001 SUB    | a=0101 b=0111 | expected y=1110 ZNCV=0100 | got y=0010 ZNCV=0000 | WRONG
001 SUB    | a=1001 b=0011 | expected y=0110 ZNCV=0011 | got y=1010 ZNCV=0111 | WRONG
010 AND    | a=1010 b=0101 | expected y=0000 ZNCV=1000 | got y=0000 ZNCV=1000 |    ok
010 AND    | a=1100 b=1010 | expected y=1000 ZNCV=0100 | got y=1000 ZNCV=0100 |    ok
011 OR     | a=1010 b=0101 | expected y=1111 ZNCV=0100 | got y=1010 ZNCV=0100 | WRONG
011 OR     | a=0110 b=0001 | expected y=0111 ZNCV=0000 | got y=0110 ZNCV=0000 | WRONG
100 XOR    | a=0111 b=0101 | expected y=0010 ZNCV=0000 | got y=1100 ZNCV=0100 | WRONG
100 XOR    | a=0011 b=0101 | expected y=0110 ZNCV=0000 | got y=1000 ZNCV=0100 | WRONG
101 NOT a  | a=0110 b=0000 | expected y=1001 ZNCV=0100 | got y=1001 ZNCV=0100 |    ok
101 NOT a  | a=1111 b=1010 | expected y=0000 ZNCV=1000 | got y=0000 ZNCV=1000 |    ok
110 PASS a | a=0101 b=1100 | expected y=0101 ZNCV=0000 | got y=1101 ZNCV=0100 | WRONG
110 PASS a | a=0011 b=0100 | expected y=0011 ZNCV=0000 | got y=0111 ZNCV=0000 | WRONG
111 PASS b | a=0101 b=1100 | expected y=1100 ZNCV=0100 | got y=1100 ZNCV=0100 |    ok
111 PASS b | a=0000 b=1000 | expected y=1000 ZNCV=0100 | got y=1000 ZNCV=0100 |    ok
wrong vectors per opcode, over all 256 (a, b) pairs:
  op=000 ADD   :   0 of 256 wrong
  op=001 SUB   : 148 of 256 wrong
  op=010 AND   :   0 of 256 wrong
  op=011 OR    : 175 of 256 wrong
  op=100 XOR   : 148 of 256 wrong
  op=101 NOT a :   0 of 256 wrong
  op=110 PASS a: 175 of 256 wrong
  op=111 PASS b:   0 of 256 wrong
FAIL: 646 of 2048 vectors wrong
