HW102 exam checks (rules of F1-09 to F1-15; every number below is recomputed here)

M2: inverter from two nMOS, top gate = NOT a, bottom gate = a
  a=0: top nMOS ON , bottom nMOS off -> y = 1
  a=1: top nMOS off, bottom nMOS ON  -> y = 0
  transistors: 2 (this stage) + 2 (the inverter making NOT a) = 4

  M4: y = NOT((a OR b) AND c); pull-down (nMOS a || nMOS b) in series with nMOS c; pull-up (pMOS a series pMOS b) parallel pMOS c; 6 transistors
  a b c | y
  0 0 0 | 1
  0 0 1 | 1
  0 1 0 | 1
  0 1 1 | 0
  1 0 0 | 1
  1 0 1 | 0
  1 1 0 | 1
  1 1 1 | 0
  check row a=1 b=0 c=1: y = 0

M6: a AND NOT b = NAND(NAND(a, NAND(b,b)), NAND(a, NAND(b,b)))  (3 NANDs)
  a b | nb t y | a AND NOT b
  0 0 |  1 1 0 | 0
  0 1 |  0 1 0 | 0
  1 0 |  1 0 1 | 1
  1 1 |  0 1 0 | 0
  Yosys report '2 NAND + 3 NOT' counts as 2 + 3 = 5 NAND-equivalents

  M9: buzz = 1 when en = 1 and s1 s0 is 10 or 11; simplifies to en AND s1
  en s1 s0 | y
  0 0 0 | 0
  0 0 1 | 0
  0 1 0 | 0
  0 1 1 | 0
  1 0 0 | 0
  1 0 1 | 0
  1 1 0 | 1
  1 1 1 | 1
  = OR of decoder outputs y2 and y3 (en included): (en AND s1 AND NOT s0) OR (en AND s1 AND s0) = en AND s1

M10: mux8 tree: 7 mux2 x 4 NAND = 28 NANDs; levels use s0, s1, s2 in that order
  d = 0010 0000 (d5 = 1), s = 101: level 1 (s0=1) passes d1,d3,d5,d7 = 0010; level 2 (s1=0) passes the first of each pair = 01; level 3 (s2=1) passes the upper half: y = 1 = d5

  F3: y = NOT(a AND (b OR c)); pull-down nMOS a in series with (nMOS b || nMOS c); pull-up pMOS a parallel (pMOS b series pMOS c); 6 transistors
  a b c | y
  0 0 0 | 1
  0 0 1 | 1
  0 1 0 | 1
  0 1 1 | 1
  1 0 0 | 1
  1 0 1 | 0
  1 1 0 | 0
  1 1 1 | 0
  check row a=1 b=0 c=0: y = 1

F5: NAND from NORs: t = NOR(NOR(a,a), NOR(b,b)) = a AND b; y = NOR(t,t)  (4 NORs)
  a b | t y | NAND
  0 0 | 0 1 |  1
  0 1 | 0 1 |  1
  1 0 | 0 1 |  1
  1 1 | 1 0 |  0

F6: Yosys full adder 7 NAND + 5 NOT: NAND-equivalents 7 + 5 = 12; transistors 7*4 + 5*2 = 38.  Hand 9-NAND: 9 NAND-equivalents, 9*4 = 36 transistors

F7: dec3to8: y5 = en AND s2 AND NOT s1 AND s0; 8 four-input ANDs; en=0 -> all 0; en=1, s=101 -> y5 only
  en=1 s=101 -> y5 = 1

F8: mux4 with d3 d2 d1 d0 = 1 0 0 1, select s1 s0 = a b:
  a=0 b=0 -> y = d0 = 1   (XNOR: 1)
  a=0 b=1 -> y = d1 = 0   (XNOR: 0)
  a=1 b=0 -> y = d2 = 0   (XNOR: 0)
  a=1 b=1 -> y = d3 = 1   (XNOR: 1)
  for y = a AND NOT b only index a b = 1 0 (d2) is 1: constants d3 d2 d1 d0 = 0 1 0 0

F9: 1101 + 0111 column by column (bit, a, b, cin, T, s, cout)
  bit 0: 1 + 1 + 0 = 2 -> s=0 cout=1
  bit 1: 0 + 1 + 1 = 2 -> s=0 cout=1
  bit 2: 1 + 1 + 1 = 3 -> s=1 cout=1
  bit 3: 1 + 0 + 1 = 2 -> s=0 cout=1
  result 1 0100 = 20 (13 + 7 = 20)

F11: full adder with cout = a AND b AND cin: failing rows (a b cin)
  0 1 1: cout 0 should be 1
  1 0 1: cout 0 should be 1
  1 1 0: cout 0 should be 1
  4-bit ripple adder of such full adders (cin = 0): 0011 + 0001 gives 0010 (2) instead of 0100 (4); 0001 + 0010 gives 0011 (right); 175 of 256 sums wrong

F12/F13: 4-bit ALU arithmetic with flags (C = carry out; V = carry into bit 3 XOR carry out)
  F12 SUB 3 - 9 (b = 1001 reads -7 as signed): a=0011 b=1001  NOT b=0110 (+1 as carry in)  -> y=1010 (10 unsigned, -6 signed)  Z=0 N=1 C=0 V=1  [V by range check: 1]
  F13a ADD 1001 + 1100 (9 + 12 unsigned; -7 + -4 signed): a=1001 b=1100  -> y=0101 (5 unsigned, 5 signed)  Z=0 N=0 C=1 V=1  [V by range check: 1]
  F13b ADD 0110 + 0010 (6 + 2): a=0110 b=0010  -> y=1000 (8 unsigned, -8 signed)  Z=0 N=1 C=0 V=1  [V by range check: 1]
  F14 ADD 0111 + 0001 (7 + 1, the chapter's example): a=0111 b=0001  -> y=1000 (8 unsigned, -8 signed)  Z=0 N=1 C=0 V=1  [V by range check: 1]
  practical named vectors:
  P ADD 9 + 7: a=1001 b=0111  -> y=0000 (0 unsigned, 0 signed)  Z=1 N=0 C=1 V=0  [V by range check: 0]
  P ADD 6 + 2: a=0110 b=0010  -> y=1000 (8 unsigned, -8 signed)  Z=0 N=1 C=0 V=1  [V by range check: 1]
  P SUB 3 - 9: a=0011 b=1001  NOT b=0110 (+1 as carry in)  -> y=1010 (10 unsigned, -6 signed)  Z=0 N=1 C=0 V=1  [V by range check: 1]
  P SUB 8 - 8: a=1000 b=1000  NOT b=0111 (+1 as carry in)  -> y=0000 (0 unsigned, 0 signed)  Z=1 N=0 C=1 V=0  [V by range check: 0]
  P SUB 0 - 1: a=0000 b=0001  NOT b=1110 (+1 as carry in)  -> y=1111 (15 unsigned, -1 signed)  Z=0 N=1 C=0 V=0  [V by range check: 0]
  forensic named vectors (what a correct ALU gives):
  SUB 5 - 7: a=0101 b=0111  NOT b=1000 (+1 as carry in)  -> y=1110 (14 unsigned, -2 signed)  Z=0 N=1 C=0 V=0  [V by range check: 0]
  SUB 9 - 3 (1001 reads -7; -7 - 3 = -10 overflows): a=1001 b=0011  NOT b=1100 (+1 as carry in)  -> y=0110 (6 unsigned, 6 signed)  Z=0 N=0 C=1 V=1  [V by range check: 1]
  check: V by carries equals V by range check in all 512 ADD/SUB cases: yes

F16: 2N + 1 model (1 unit per NAND, nine-NAND full adders): N=24 -> settle 49 units; carry out at 2N = 48; no-carry case 4 units; N=16 -> 33; N=8 -> 17
  16-bit exhaustive test size: 2^16 * 2^16 * 8 = 2^35 = 34359738368 vectors

P/project counts by construction: mux8 = 7 mux2 = 28 NAND; 4 result bits -> 112 NAND in the result multiplexer;
  4-bit ripple adder (Yosys, F1-14) 28 NAND + 20 NOT; 2^35 vectors at 16 bits cannot be run

checks done
