
5. Printing statistics.

=== alu_n ===

   Number of wires:                155
   Number of wire bits:            315
   Number of public wires:          18
   Number of public wire bits:     178
   Number of memories:               0
   Number of memory bits:            0
   Number of processes:              0
   Number of cells:                253
     $_NAND_                       118
     $_NOT_                        103
     fa_g                           16
     mux8_g                         16

=== fa_g ===

   Number of wires:                 15
   Number of wire bits:             15
   Number of public wires:           5
   Number of public wire bits:       5
   Number of memories:               0
   Number of memory bits:            0
   Number of processes:              0
   Number of cells:                 12
     $_NAND_                         7
     $_NOT_                          5

=== mux2_g ===

   Number of wires:                  7
   Number of wire bits:              7
   Number of public wires:           4
   Number of public wire bits:       4
   Number of memories:               0
   Number of memory bits:            0
   Number of processes:              0
   Number of cells:                  4
     $_NAND_                         3
     $_NOT_                          1

=== mux8_g ===

   Number of wires:                  9
   Number of wire bits:             18
   Number of public wires:           9
   Number of public wire bits:      18
   Number of memories:               0
   Number of memory bits:            0
   Number of processes:              0
   Number of cells:                  7
     mux2_g                          7

=== design hierarchy ===

   alu_n                             1
     fa_g                           16
     mux8_g                         16
       mux2_g                        7

   Number of wires:               1323
   Number of wire bits:           1627
   Number of public wires:         690
   Number of public wire bits:     994
   Number of memories:               0
   Number of memory bits:            0
   Number of processes:              0
   Number of cells:                861
     $_NAND_                       566
     $_NOT_                        295

