
6. Printing statistics.

=== alu4 ===

   Number of wires:                 60
   Number of wire bits:             89
   Number of public wires:          19
   Number of public wire bits:      48
   Number of memories:               0
   Number of memory bits:            0
   Number of processes:              0
   Number of cells:                 73
     $_NAND_                        34
     $_NOT_                         31
     full_adder                      4
     mux8                            4

=== full_adder ===

   Number of wires:                 15
   Number of wire bits:             15
   Number of public wires:           5
   Number of public wire bits:       5
   Number of memories:               0
   Number of memory bits:            0
   Number of processes:              0
   Number of cells:                 12
     $_NAND_                         7
     $_NOT_                          5

=== mux2 ===

   Number of wires:                  7
   Number of wire bits:              7
   Number of public wires:           4
   Number of public wire bits:       4
   Number of memories:               0
   Number of memory bits:            0
   Number of processes:              0
   Number of cells:                  4
     $_NAND_                         3
     $_NOT_                          1

=== mux8 ===

   Number of wires:                  9
   Number of wire bits:             18
   Number of public wires:           9
   Number of public wire bits:      18
   Number of memories:               0
   Number of memory bits:            0
   Number of processes:              0
   Number of cells:                  7
     mux2                            7

=== design hierarchy ===

   alu4                              1
     full_adder                      4
     mux8                            4
       mux2                          7

   Number of wires:                352
   Number of wire bits:            417
   Number of public wires:         187
   Number of public wire bits:     252
   Number of memories:               0
   Number of memory bits:            0
   Number of processes:              0
   Number of cells:                225
     $_NAND_                       146
     $_NOT_                         79

