# columns: t (s), setpoint (rad/s), measured speed (rad/s), command (V)
0.0    100       0.0   -5.00
0.1    100    -419.6  -12.00
0.2    100    -722.6  -12.00
0.3    100    -904.3  -12.00
0.4    100   -1013.2  -12.00
0.5    100   -1078.6  -12.00
0.6    100   -1117.8  -12.00
0.7    100   -1141.3  -12.00
0.8    100   -1155.4  -12.00
0.9    100   -1163.8  -12.00
1.0   -300   -1168.9  -12.00
1.1   -300   -1171.9  -12.00
1.2   -300   -1173.7  -12.00
1.3   -300   -1174.8  -12.00
1.4   -300   -1175.5  -12.00
1.5   -300   -1175.9  -12.00
1.6   -300   -1176.1  -12.00
1.7   -300   -1176.3  -12.00
1.8   -300   -1176.3  -12.00
1.9   -300   -1176.4  -12.00
2.0   -300   -1176.4  -12.00
