last week's build: loop period 1 ms, dt in code 1 ms
  t ms    theta     u V     
  0       0.0000    8.00    
  10      0.1309    4.29    
  20      0.4009    1.33    
  30      0.6765    -0.46   
  40      0.8900    -1.25   
  50      1.0222    -1.34   
  60      1.0827    -1.07   
  70      1.0934    -0.69   
  80      1.0767    -0.33   
  90      1.0503    -0.08   
  100     1.0253    0.07    
  110     1.0069    0.12    
  120     0.9961    0.12    
  130     0.9917    0.09    
  140     0.9914    0.06    
  150     0.9933    0.02    
this week's build: loop period 10 ms, dt in code 1 ms
  t ms    theta     u V     
  0       0.0000    8.00    
  10      0.1498    -11.18  
  20      0.2033    -0.04   
  30      0.0504    12.00   
  40      0.1492    -5.06   
  50      0.3457    -12.00  
  60      0.1932    12.00   
  70      0.0829    12.00   
  80      0.4275    -12.00  
  90      0.6952    -12.00  
  100     0.4794    12.00   
  110     0.3171    12.00   
  120     0.6193    -12.00  
  130     0.8523    -12.00  
  140     0.6079    12.00   
  150     0.4224    12.00   
