0000000080020000 <user_main>:
    80020000:	auipc	a0,0x0
    80020004:	addi	a0,a0,80 # 80020050 <_ZL9msg_hello>
    80020008:	li	a1,27
    8002000a:	li	a7,1
    8002000c:	ecall
    80020010:	li	a0,0
    80020012:	li	a1,0
    80020014:	li	a7,2
    80020016:	ecall
    8002001a:	auipc	a0,0xfffe0
    8002001e:	addi	a0,a0,1878 # 80000770 <_ZN12_GLOBAL__N_1L11kernel_noteE>
    80020022:	li	a1,45
    80020026:	li	a7,1
    80020028:	ecall
    8002002c:	li	a5,-1
    8002002e:	bne	a0,a5,80020042 <user_main+0x42>
    80020032:	auipc	a0,0x0
    80020036:	addi	a0,a0,62 # 80020070 <_ZL11msg_refused>
    8002003a:	li	a1,55
    8002003e:	ecall
    80020042:	li	a0,0
    80020044:	li	a1,0
    80020046:	li	a7,3
    80020048:	ecall
    8002004c:	j	8002004c <user_main+0x4c>
	...

