F4-17 driver run
edu4: probe 00:01.0: ok
compute(0) = 1  (= n! modulo 2^32)
compute(1) = 1  (= n! modulo 2^32)
compute(2) = 2  (= n! modulo 2^32)
compute(3) = 6  (= n! modulo 2^32)
fault injection: memory decoding switched off (the device is "gone")
compute(4) = 0  DIFFERS from n! modulo 2^32
compute(5) = 0  DIFFERS from n! modulo 2^32
compute(6) = 0  DIFFERS from n! modulo 2^32
compute(7) = 0  DIFFERS from n! modulo 2^32
compute(8) = 0  DIFFERS from n! modulo 2^32
compute(9) = 0  DIFFERS from n! modulo 2^32
compute(10) = 0  DIFFERS from n! modulo 2^32
compute(11) = 0  DIFFERS from n! modulo 2^32
compute(12) = 0  DIFFERS from n! modulo 2^32
compute(13) = 0  DIFFERS from n! modulo 2^32
compute(14) = 0  DIFFERS from n! modulo 2^32
edu4: regs id=0x00000000 status=0x00000000 irq_status=0x00000000 | computes 15 polls 15 timeouts 0 gone 0
result: 11 problem(s)
