aspect Bus binding: 252 characters, has "Where found"
aspect Resources: 272 characters, has "Where found"
aspect Initialization sequence: 493 characters, has "Where found"
aspect Register model: 394 characters, has "Where found"
aspect Interrupts: 308 characters, has "Where found"
aspect DMA and cache coherency: 213 characters, has "Where found"
aspect Power states: 240 characters, has "Where found"
aspect Error handling: 612 characters, has "Where found"
aspect Hot-plug and lifetime: 181 characters, has "Where found"
aspect Upper interface: 185 characters, has "Where found"
aspect Trust: 212 characters, has "Where found"
aspect Observability: 116 characters, has "Where found"
registers the driver touches: 9, rows in the register table: 9
  PCI_BASE_ADDRESS_0: listed, source <linux/pci_regs.h> (this build); PCI Local Bus Specification...
  PCI_COMMAND: listed, source <linux/pci_regs.h> (this build); PCI Local Bus Specification...
  kCheck: listed, source F4-16 spec_observed.txt row 0x04; QEMU edu device documentat...
  kCompute: listed, source F4-16 spec_observed.txt row 0x08; QEMU edu device documentat...
  kId: listed, source F4-16 spec_observed.txt row 0x00; QEMU edu device documentat...
  kIrqAck: listed, source F4-16 spec_observed.txt row 0x64; QEMU edu device documentat...
  kIrqRaise: listed, source F4-16 spec_observed.txt row 0x60; QEMU edu device documentat...
  kIrqStatus: listed, source F4-16 spec_observed.txt row 0x24; QEMU edu device documentat...
  kStatus: listed, source F4-16 spec_observed.txt row 0x20; QEMU edu device documentat...
PASS: 0 problem(s)
