=== configuration (excerpt) ===
replication_target = 3
heartbeat_interval_ms = 1000
dead_after_ms = 10000
client_location_cache_ttl_s = 120
client_read_preference = same_rack_first
chunkserver_check_lease_before_read = false

=== client-report.log ===
10:14:02.000 open /reports/daily: master says chunk 7731 v4 at cs2,cs5,cs7
10:14:02.001 location cache: chunk 7731 -> cs2,cs5,cs7 (v4), ttl 120 s
10:14:02.010 read chunk 7731 from cs5 (same rack): total=1712
10:15:05.000 open /reports/daily: location cache hit for chunk 7731 (age 63 s)
10:15:05.001 read chunk 7731 from cs5 (same rack)
10:15:05.010 report built: total=1712
10:15:05.011 report published to dashboard
10:16:10.000 open /reports/daily: cache expired, master says chunk 7731 v5 at cs2,cs7,cs8
10:16:10.010 read chunk 7731 from cs7: total=1840 (corrected)

=== client-writer.log ===
10:14:50.000 append to /reports/daily: master grants lease
10:14:50.031 append ok: total=1840 (corrected) written at offset 4096

=== cs2.log ===
10:14:50.003 chunk 7731 now v5 (lease granted)
10:14:50.020 append chunk 7731 v5 offset 4096 len 512 (primary): ok, forwarded to cs7,cs8

=== cs5.log ===
10:14:02.011 read chunk 7731 v4 offset 0 len 4096 for client-report
10:14:40.000 heartbeat to master: last 10 sends failed (no route), retrying every 1 s
10:14:50.000 heartbeat to master: last 10 sends failed (no route), retrying every 1 s
10:15:00.000 heartbeat to master: last 10 sends failed (no route), retrying every 1 s
10:15:05.003 read chunk 7731 v4 offset 0 len 8192 for client-report: returned 4096 bytes (end of chunk)
10:15:10.000 heartbeat to master: last 10 sends failed (no route), retrying every 1 s
10:15:20.000 heartbeat to master: last 10 sends failed (no route), retrying every 1 s
10:15:30.000 heartbeat to master: last 10 sends failed (no route), retrying every 1 s
10:15:40.000 heartbeat to master: last 10 sends failed (no route), retrying every 1 s
10:15:40.500 heartbeat to master: ok; reporting chunks 7731 v4, 7802 v2, 7810 v1
10:15:40.520 deleted chunk 7731 (master: stale)

=== cs7.log ===
10:14:50.003 chunk 7731 now v5 (lease granted)
10:14:50.024 append chunk 7731 v5 offset 4096 len 512: ok

=== cs8.log ===
10:14:41.300 received chunk 7731 v4 from cs2 (clone)
10:14:50.004 chunk 7731 now v5 (lease granted)
10:14:50.025 append chunk 7731 v5 offset 4096 len 512: ok

=== master.log ===
10:14:41.000 cs5: no heartbeat for 11000 ms (limit 10000): marked dead
10:14:41.002 chunk 7731: replicas cs2,cs7 (1 below target 3): re-replicate cs2 -> cs8
10:14:50.001 chunk 7731: lease to cs2, version 4 -> 5, replicas cs2,cs7,cs8
10:15:40.502 cs5 reports chunk 7731 v4 < current v5: stale replica, delete
10:15:40.503 cs5 back: chunks 7802, 7810 current

