== without forwarding: a reader waits until the writer's WB cycle ==
cycle:                1  2  3  4  5  6  7  8  9 10 11 12 13 14 15 16 17 18 19 20 21 22 23 24 25 26
addi r1, r0, 0       IF ID EX ME WB  .  .  .  .  .  .  .  .  .  .  .  .  .  .  .  .  .  .  .  .  .
addi r2, r0, 8        . IF ID EX ME WB  .  .  .  .  .  .  .  .  .  .  .  .  .  .  .  .  .  .  .  .
addi r3, r0, 0        .  . IF ID EX ME WB  .  .  .  .  .  .  .  .  .  .  .  .  .  .  .  .  .  .  .
addi r6, r0, 31       .  .  . IF ID EX ME WB  .  .  .  .  .  .  .  .  .  .  .  .  .  .  .  .  .  .
addi r6, r6, 19       .  .  .  . IF ID id id EX ME WB  .  .  .  .  .  .  .  .  .  .  .  .  .  .  .
lw r4, 0(r1)          .  .  .  .  . IF if if ID EX ME WB  .  .  .  .  .  .  .  .  .  .  .  .  .  .
slt r5, r6, r4        .  .  .  .  .  .  .  . IF ID id id EX ME WB  .  .  .  .  .  .  .  .  .  .  .
add r3, r3, r5        .  .  .  .  .  .  .  .  . IF if if ID id id EX ME WB  .  .  .  .  .  .  .  .
addi r1, r1, 1        .  .  .  .  .  .  .  .  .  .  .  . IF if if ID EX ME WB  .  .  .  .  .  .  .
addi r2, r2, -1       .  .  .  .  .  .  .  .  .  .  .  .  .  .  . IF ID EX ME WB  .  .  .  .  .  .
bne r2, r0, -6        .  .  .  .  .  .  .  .  .  .  .  .  .  .  .  . IF ID id id EX ME WB  .  .  .
  (flushed) out r3    .  .  .  .  .  .  .  .  .  .  .  .  .  .  .  .  . xx xx xx xx  .  .  .  .  .
  (flushed) halt      .  .  .  .  .  .  .  .  .  .  .  .  .  .  .  .  .  .  .  . xx  .  .  .  .  .
lw r4, 0(r1)          .  .  .  .  .  .  .  .  .  .  .  .  .  .  .  .  .  .  .  .  . IF ID EX ME WB
instructions 55, cycles 123, CPI 2.24, data-stall cycles 50, cycles lost to taken branches 14
== with forwarding: results go straight from EX or MEM to the next EX ==
cycle:                1  2  3  4  5  6  7  8  9 10 11 12 13 14 15 16 17 18 19
addi r1, r0, 0       IF ID EX ME WB  .  .  .  .  .  .  .  .  .  .  .  .  .  .
addi r2, r0, 8        . IF ID EX ME WB  .  .  .  .  .  .  .  .  .  .  .  .  .
addi r3, r0, 0        .  . IF ID EX ME WB  .  .  .  .  .  .  .  .  .  .  .  .
addi r6, r0, 31       .  .  . IF ID EX ME WB  .  .  .  .  .  .  .  .  .  .  .
addi r6, r6, 19       .  .  .  . IF ID EX ME WB  .  .  .  .  .  .  .  .  .  .
lw r4, 0(r1)          .  .  .  .  . IF ID EX ME WB  .  .  .  .  .  .  .  .  .
slt r5, r6, r4        .  .  .  .  .  . IF ID id EX ME WB  .  .  .  .  .  .  .
add r3, r3, r5        .  .  .  .  .  .  . IF if ID EX ME WB  .  .  .  .  .  .
addi r1, r1, 1        .  .  .  .  .  .  .  .  . IF ID EX ME WB  .  .  .  .  .
addi r2, r2, -1       .  .  .  .  .  .  .  .  .  . IF ID EX ME WB  .  .  .  .
bne r2, r0, -6        .  .  .  .  .  .  .  .  .  .  . IF ID EX ME WB  .  .  .
  (flushed) out r3    .  .  .  .  .  .  .  .  .  .  .  . xx xx  .  .  .  .  .
  (flushed) halt      .  .  .  .  .  .  .  .  .  .  .  .  . xx  .  .  .  .  .
lw r4, 0(r1)          .  .  .  .  .  .  .  .  .  .  .  .  .  . IF ID EX ME WB
instructions 55, cycles 81, CPI 1.47, data-stall cycles 8, cycles lost to taken branches 14
