== without forwarding: a reader waits until the writer's WB cycle ==
cycle:                1  2  3  4  5  6  7  8  9 10 11 12 13 14 15 16
addi r1, r0, 0       IF ID EX ME WB  .  .  .  .  .  .  .  .  .  .  .
addi r2, r0, 5        . IF ID EX ME WB  .  .  .  .  .  .  .  .  .  .
addi r3, r0, 0        .  . IF ID EX ME WB  .  .  .  .  .  .  .  .  .
lw r4, 0(r1)          .  .  . IF ID EX ME WB  .  .  .  .  .  .  .  .
add r3, r3, r4        .  .  .  . IF ID id id EX ME WB  .  .  .  .  .
addi r1, r1, 1        .  .  .  .  . IF if if ID EX ME WB  .  .  .  .
addi r2, r2, -1       .  .  .  .  .  .  .  . IF ID EX ME WB  .  .  .
bne r2, r0, -5        .  .  .  .  .  .  .  .  . IF ID id id EX ME WB
  (flushed) out r3    .  .  .  .  .  .  .  .  .  . xx xx xx xx  .  .
  (flushed) halt      .  .  .  .  .  .  .  .  .  .  .  .  . xx  .  .
instructions 30, cycles 62, CPI 2.07, data-stall cycles 20, cycles lost to taken branches 8
== with forwarding: results go straight from EX or MEM to the next EX ==
cycle:                1  2  3  4  5  6  7  8  9 10 11 12 13
addi r1, r0, 0       IF ID EX ME WB  .  .  .  .  .  .  .  .
addi r2, r0, 5        . IF ID EX ME WB  .  .  .  .  .  .  .
addi r3, r0, 0        .  . IF ID EX ME WB  .  .  .  .  .  .
lw r4, 0(r1)          .  .  . IF ID EX ME WB  .  .  .  .  .
add r3, r3, r4        .  .  .  . IF ID id EX ME WB  .  .  .
addi r1, r1, 1        .  .  .  .  . IF if ID EX ME WB  .  .
addi r2, r2, -1       .  .  .  .  .  .  . IF ID EX ME WB  .
bne r2, r0, -5        .  .  .  .  .  .  .  . IF ID EX ME WB
  (flushed) out r3    .  .  .  .  .  .  .  .  . xx xx  .  .
  (flushed) halt      .  .  .  .  .  .  .  .  .  . xx  .  .
instructions 30, cycles 47, CPI 1.57, data-stall cycles 5, cycles lost to taken branches 8
