target: amdgcn-amd-amdhsa--gfx90a
_Z6vecAddPKfS0_Pfi:
	s_load_dword s9, s[4:5], 0x4
	s_load_dwordx4 s[0:3], s[6:7], 0x0
	s_load_dwordx2 s[10:11], s[6:7], 0x10
	s_waitcnt lgkmcnt(0)
	s_and_b32 s4, s9, 0xffff
	s_mul_i32 s8, s8, s4
	v_add_u32_e32 v0, s8, v0
	v_ashrrev_i32_e32 v1, 31, v0
	v_lshlrev_b64 v[0:1], 2, v[0:1]
	v_mov_b32_e32 v3, s1
	v_add_co_u32_e32 v2, vcc, s0, v0
	v_addc_co_u32_e32 v3, vcc, v3, v1, vcc
	global_load_dword v4, v[2:3], off
	v_mov_b32_e32 v3, s3
	v_add_co_u32_e32 v2, vcc, s2, v0
	v_addc_co_u32_e32 v3, vcc, v3, v1, vcc
	global_load_dword v2, v[2:3], off
	v_mov_b32_e32 v3, s11
	v_add_co_u32_e32 v0, vcc, s10, v0
	v_addc_co_u32_e32 v1, vcc, v3, v1, vcc
	s_waitcnt vmcnt(0)
	v_add_f32_e32 v2, v4, v2
	global_store_dword v[0:1], v2, off
	s_endpgm
metadata:
  .kernarg_segment_size: 28
  .name: _Z6vecAddPKfS0_Pfi
  .private_segment_fixed_size: 0
  .sgpr_count: 16
  .vgpr_count: 5
  .wavefront_size: 64
