G G0   the course robot's arm is acceptably safe to operate in the lab under supervision (scope: any)
  C C0   context: course robot: wheeled base with a small arm; modes operate, teach, charge, maintenance
  C C2   context: scope: the arm's hazards H2, H3, H4, H5; the base (H1, H6, H7) has its own case
  C C1   context: acceptably safe = every hazard of the hazard log is mitigated to its course target (CT)
  A A0   assumption: the robot is operated only in the university lab, by trained learners, with a supervisor
  S S0   argue over every hazard identified in the hazard log
    G G1   the hazard log is complete for the robot's modes (scope: any)
      E E1   analysis evidence ../F11-19/hazard_log.out  [ok]
    G G2   H2 overspeed: the speed monitor stops the arm before it reaches the hazardous speed (scope: any)
      E E2   sim evidence ../F11-18/safety_function.out  [ok]
    G G3   H3 e-stop: the arm is at rest before the relay removes drive power (scope: any)
      S S3   argue over the software ramp and the hard-wired chain separately
        G G31  the control thread brings the arm to rest within the relay delay (scope: sim)
          E E31  sim evidence ../F11-21/estop_fixed.out  [ok]
        G G32  the hard-wired chain removes drive power on the real robot within the relay delay (scope: hw)
          OPEN: untested on hardware in this build: needs the robot, a timer on the drive enable and a supervisor
    G G4   H5 unexpected start: after a stop the arm cannot start by itself (scope: any)
      E E4   sim evidence ../F11-21/watchdog_test.out  [ok]
    G G5   every safety requirement is traced to a passing test on this build, except G32's test (scope: any)
      E E5   analysis evidence ../F11-22/trace_check.out  [ok]
    G G6   the drive-enable decision is tested to MC/DC (scope: any)
      E E6   analysis evidence ../F11-22/mcdc.out  [ok]
    G G7   H4 teach mode: fingers cannot be pinched while guiding the arm by hand (scope: any)
      OPEN: safety functions SF5 and SF6 (reduced speed and force in teach mode) are the F11-23 mini-project

open goals 2, defects 0: the argument is sound so far; open goals must be closed before the claim holds
