  100 ms  n1  term 1  candidate  election timeout -> candidate, asks for votes (last entry 0, term 0)
  105 ms  n2  term 1  follower   votes for n1
  105 ms  n3  term 1  follower   votes for n1
  105 ms  n4  term 1  follower   votes for n1
  105 ms  n5  term 1  follower   votes for n1
  110 ms  n1  term 1  LEADER     WINS election with votes from n1 n2 n3
  110 ms  n1  term 1  LEADER     appends entry 1: t1 no-op
  115 ms  n2  term 1  follower   stores entry 1 from n1
  115 ms  n3  term 1  follower   stores entry 1 from n1
  115 ms  n4  term 1  follower   stores entry 1 from n1
  115 ms  n5  term 1  follower   stores entry 1 from n1
  120 ms  n1  term 1  LEADER     commits up to entry 1 (t1 no-op)
  200 ms  client -> n1: put x=1
  205 ms  n1  term 1  LEADER     appends entry 2: t1 put x=1
  210 ms  n2  term 1  follower   stores entry 2 from n1
  210 ms  n3  term 1  follower   stores entry 2 from n1
  210 ms  n4  term 1  follower   stores entry 2 from n1
  210 ms  n5  term 1  follower   stores entry 2 from n1
  215 ms  n1  term 1  LEADER     commits up to entry 2 (t1 put x=1)
  220 ms  client <- n1: put x=1 done
  300 ms  *** network: partition {1,2} | rest ***
  560 ms  n3  term 2  candidate  election timeout -> candidate, asks for votes (last entry 2, term 1)
  565 ms  n4  term 2  follower   votes for n3
  565 ms  n5  term 2  follower   votes for n3
  570 ms  n3  term 2  LEADER     WINS election with votes from n3 n4 n5
  570 ms  n3  term 2  LEADER     appends entry 3: t2 no-op
  575 ms  n4  term 2  follower   stores entry 3 from n3
  575 ms  n5  term 2  follower   stores entry 3 from n3
  580 ms  n3  term 2  LEADER     commits up to entry 3 (t2 no-op)
  700 ms  client -> n3: put x=2
  705 ms  n3  term 2  LEADER     appends entry 4: t2 put x=2
  710 ms  n4  term 2  follower   stores entry 4 from n3
  710 ms  n5  term 2  follower   stores entry 4 from n3
  715 ms  n3  term 2  LEADER     commits up to entry 4 (t2 put x=2)
  720 ms  client <- n3: put x=2 done
  800 ms  client -> n1: get x
  805 ms  n1  term 1  LEADER     appends entry 3: t1 get x
  810 ms  n2  term 1  follower   stores entry 3 from n1
  900 ms  client -> n3: get x
  905 ms  n3  term 2  LEADER     appends entry 5: t2 get x
  910 ms  n4  term 2  follower   stores entry 5 from n3
  910 ms  n5  term 2  follower   stores entry 5 from n3
  915 ms  n3  term 2  LEADER     commits up to entry 5 (t2 get x)
  920 ms  client <- n3: get x done, value 2
 1000 ms  *** network: healed ***
 1010 ms  n1  term 2  LEADER     -> follower
 1010 ms  n1  term 2  follower   conflict at entry 3 (have t1 get x, leader has t2 no-op): deletes 1 entry
 1010 ms  n1  term 2  follower   stores entries 3-5 from n3
 1010 ms  n2  term 2  follower   conflict at entry 3 (have t1 get x, leader has t2 no-op): deletes 1 entry
 1010 ms  n2  term 2  follower   stores entries 3-5 from n3
checker: no safety violation
client history:
  process  operation      called   answered
      201  put x=1          200 ms     220 ms
      202  put x=2          700 ms     720 ms
      203  get x -> ?       800 ms   no reply
      204  get x -> 2       900 ms     920 ms
linearizable; one valid order: put 1 put 2 get->2
