program: FFFFRFFRFFLFFLFFFFLFFFFRFFRFFFF
  ###########
  #S****#***#
  #.###*#*#*#
  #.#***#*#*#
  #.#*###*#*#
  #.#*****#G#
  ###########
robot at row 5, column 9, facing south
GOAL reached at step 31

program: FFFFF
  ###########
  #S****#...#
  #.###.#.#.#
  #.#...#.#.#
  #.#.###.#.#
  #.#.....#G#
  ###########
robot at row 1, column 5, facing east
BUMP at step 5: wall ahead at row 1, column 6 while facing east

program: FFFFRFFLFF
  ###########
  #S****#...#
  #.###*#.#.#
  #.#..*#.#.#
  #.#.###.#.#
  #.#.....#G#
  ###########
robot at row 3, column 5, facing east
BUMP at step 9: wall ahead at row 3, column 6 while facing east

program: RRRRRRRRRRRRRRRRRRRRRRRRRRRRRRRRRRRRRRRRRRRR
  ###########
  #S....#...#
  #.###.#.#.#
  #.#...#.#.#
  #.#.###.#.#
  #.#.....#G#
  ###########
robot at row 1, column 1, facing east
safety limit: stopped after 40 steps, goal not reached

