0x000000000000fff0 in ?? ()
== registers at power-on, as QEMU's monitor shows them (CS has a hidden base) ==

CPU#0
EAX=00000000 EBX=00000000 ECX=00000000 EDX=00060fb1
ESI=00000000 EDI=00000000 EBP=00000000 ESP=00000000
EIP=0000fff0 EFL=00000002 [-------] CPL=0 II=0 A20=1 SMM=0 HLT=0
ES =0000 00000000 0000ffff 00009300
CS =f000 ffff0000 0000ffff 00009b00
SS =0000 00000000 0000ffff 00009300
DS =0000 00000000 0000ffff 00009300
FS =0000 00000000 0000ffff 00009300
GS =0000 00000000 0000ffff 00009300
LDT=0000 00000000 0000ffff 00008200
TR =0000 00000000 0000ffff 00008b00
GDT=     00000000 0000ffff
IDT=     00000000 0000ffff
CR0=60000010 CR2=00000000 CR3=00000000 CR4=00000000
EFER=0000000000000000
[...] (FPU, SSE and debug registers trimmed)
== the 16 bytes at the reset vector ==
0xfffffff0:	0x00	0x00	0x00	0x00	0x00	0x00	0x00	0x00
0xfffffff8:	0x00	0x00	0x00	0x00	0x00	0x00	0x00	0x00
== eight single steps: instruction pointer and code segment after each ==
0x000000000000fff2 in ?? ()
rip            0xfff2              0xfff2
cs             0xf000              61440
0x000000000000fff4 in ?? ()
rip            0xfff4              0xfff4
cs             0xf000              61440
0x000000000000fff6 in ?? ()
rip            0xfff6              0xfff6
cs             0xf000              61440
0x000000000000fff8 in ?? ()
rip            0xfff8              0xfff8
cs             0xf000              61440
0x000000000000fffa in ?? ()
rip            0xfffa              0xfffa
cs             0xf000              61440
0x000000000000fffc in ?? ()
rip            0xfffc              0xfffc
cs             0xf000              61440
0x000000000000fffe in ?? ()
rip            0xfffe              0xfffe
cs             0xf000              61440
0x0000000000000000 in ?? ()
rip            0x0                 0x0
cs             0xf000              61440
== registers after eight steps ==

CPU#0
EAX=00000000 EBX=00000000 ECX=00000000 EDX=00060fb1
ESI=00000000 EDI=00000000 EBP=00000000 ESP=00000000
EIP=00000000 EFL=00000046 [---Z-P-] CPL=0 II=0 A20=1 SMM=0 HLT=0
ES =0000 00000000 0000ffff 00009300
CS =f000 ffff0000 0000ffff 00009b00
SS =0000 00000000 0000ffff 00009300
DS =0000 00000000 0000ffff 00009300
FS =0000 00000000 0000ffff 00009300
GS =0000 00000000 0000ffff 00009300
LDT=0000 00000000 0000ffff 00008200
TR =0000 00000000 0000ffff 00008b00
GDT=     00000000 0000ffff
IDT=     00000000 0000ffff
CR0=60000010 CR2=00000000 CR3=00000000 CR4=00000000
EFER=0000000000000000
[...] (FPU, SSE and debug registers trimmed)
