0x000000000000fff0 in ?? ()
== registers at power-on, as QEMU's monitor shows them (CS has a hidden base) ==

CPU#0
EAX=00000000 EBX=00000000 ECX=00000000 EDX=00060fb1
ESI=00000000 EDI=00000000 EBP=00000000 ESP=00000000
EIP=0000fff0 EFL=00000002 [-------] CPL=0 II=0 A20=1 SMM=0 HLT=0
ES =0000 00000000 0000ffff 00009300
CS =f000 ffff0000 0000ffff 00009b00
SS =0000 00000000 0000ffff 00009300
DS =0000 00000000 0000ffff 00009300
FS =0000 00000000 0000ffff 00009300
GS =0000 00000000 0000ffff 00009300
LDT=0000 00000000 0000ffff 00008200
TR =0000 00000000 0000ffff 00008b00
GDT=     00000000 0000ffff
IDT=     00000000 0000ffff
CR0=60000010 CR2=00000000 CR3=00000000 CR4=00000000
EFER=0000000000000000
[...] (FPU, SSE and debug registers trimmed)
== the 16 bytes at the reset vector ==
0xfffffff0:	0x0f	0x20	0xc0	0xa8	0x01	0x74	0x05	0xe9
0xfffffff8:	0x2c	0xff	0xff	0xff	0xe9	0x11	0xff	0x90
== eight single steps: instruction pointer and code segment after each ==
0x000000000000fff3 in ?? ()
rip            0xfff3              0xfff3
cs             0xf000              61440
0x000000000000fff5 in ?? ()
rip            0xfff5              0xfff5
cs             0xf000              61440
0x000000000000fffc in ?? ()
rip            0xfffc              0xfffc
cs             0xf000              61440
0x000000000000ff10 in ?? ()
rip            0xff10              0xff10
cs             0xf000              61440
0x000000000000ff13 in ?? ()
rip            0xff13              0xff13
cs             0xf000              61440
0x000000000000ff1a in ?? ()
rip            0xff1a              0xff1a
cs             0xf000              61440
0x000000000000ff15 in ?? ()
rip            0xff15              0xff15
cs             0xf000              61440
0x000000000000ff18 in ?? ()
rip            0xff18              0xff18
cs             0xf000              61440
== registers after eight steps ==

CPU#0
EAX=60000010 EBX=00000000 ECX=00000000 EDX=00060fb1
ESI=00000000 EDI=00005042 EBP=00000000 ESP=60000010
EIP=0000ff18 EFL=00000046 [---Z-P-] CPL=0 II=0 A20=1 SMM=0 HLT=0
ES =0000 00000000 0000ffff 00009300
CS =f000 ffff0000 0000ffff 00009b00
SS =0000 00000000 0000ffff 00009300
DS =0000 00000000 0000ffff 00009300
FS =0000 00000000 0000ffff 00009300
GS =0000 00000000 0000ffff 00009300
LDT=0000 00000000 0000ffff 00008200
TR =0000 00000000 0000ffff 00008b00
GDT=     00000000 0000ffff
IDT=     00000000 0000ffff
CR0=60000010 CR2=00000000 CR3=00000000 CR4=00000000
EFER=0000000000000000
[...] (FPU, SSE and debug registers trimmed)
