FIFO
  timeline: AAAAAAAABBBBCC......
  A: arrival  0  first run  0  finish  8  turnaround  8  response  0
  B: arrival  1  first run  8  finish 12  turnaround 11  response  7
  C: arrival  2  first run 12  finish 14  turnaround 12  response 10
  average turnaround 10.33  average response 5.67  (3 jobs finished)

SJF
  timeline: AAAAAAAACCBBBB......
  A: arrival  0  first run  0  finish  8  turnaround  8  response  0
  B: arrival  1  first run 10  finish 14  turnaround 13  response  9
  C: arrival  2  first run  8  finish 10  turnaround  8  response  6
  average turnaround 9.67  average response 5.00  (3 jobs finished)

STCF
  timeline: ABCCBBBAAAAAAA......
  A: arrival  0  first run  0  finish 14  turnaround 14  response  0
  B: arrival  1  first run  1  finish  7  turnaround  6  response  0
  C: arrival  2  first run  2  finish  4  turnaround  2  response  0
  average turnaround 7.33  average response 0.00  (3 jobs finished)

RR (time slice 2)
  timeline: AABBCCAABBAAAA......
  A: arrival  0  first run  0  finish 14  turnaround 14  response  0
  B: arrival  1  first run  2  finish 10  turnaround  9  response  1
  C: arrival  2  first run  4  finish  6  turnaround  4  response  2
  average turnaround 9.00  average response 1.00  (3 jobs finished)

