PRIO (no aging)
  timeline: 0000111122223333444455556666777788889999
  R: NOT FINISHED after 40 ticks (ran 0 of 3)
  0: arrival  0  first run  0  finish  4  turnaround  4  response  0
  1: arrival  4  first run  4  finish  8  turnaround  4  response  0
  2: arrival  8  first run  8  finish 12  turnaround  4  response  0
  3: arrival 12  first run 12  finish 16  turnaround  4  response  0
  4: arrival 16  first run 16  finish 20  turnaround  4  response  0
  5: arrival 20  first run 20  finish 24  turnaround  4  response  0
  6: arrival 24  first run 24  finish 28  turnaround  4  response  0
  7: arrival 28  first run 28  finish 32  turnaround  4  response  0
  8: arrival 32  first run 32  finish 36  turnaround  4  response  0
  9: arrival 36  first run 36  finish 40  turnaround  4  response  0
  average turnaround 4.00  average response 0.00  (10 jobs finished)

PRIO (aging every 4 ticks)
  timeline: 00001111R2R2R322343345445655676678778988
  R: arrival  0  first run  8  finish 13  turnaround 13  response  8
  0: arrival  0  first run  0  finish  4  turnaround  4  response  0
  1: arrival  4  first run  4  finish  8  turnaround  4  response  0
  2: arrival  8  first run  9  finish 16  turnaround  8  response  1
  3: arrival 12  first run 13  finish 20  turnaround  8  response  1
  4: arrival 16  first run 17  finish 24  turnaround  8  response  1
  5: arrival 20  first run 21  finish 28  turnaround  8  response  1
  6: arrival 24  first run 25  finish 32  turnaround  8  response  1
  7: arrival 28  first run 29  finish 36  turnaround  8  response  1
  8: arrival 32  first run 33  finish 40  turnaround  8  response  1
  9: NOT FINISHED after 40 ticks (ran 1 of 4)
  average turnaround 7.70  average response 1.50  (10 jobs finished)

