ms  0  0.00 V  low 
ms  1  0.62 V  low 
ms  2  0.00 V  low 
ms  3  0.52 V  low 
ms  4  1.14 V  low 
ms  5  0.41 V  low 
ms  6  1.03 V  low 
ms  7  1.66 V  low 
ms  8  0.93 V  low 
ms  9  1.55 V  low 
ms 10  2.17 V  low 
ms 11  1.45 V  low 
ms 12  2.07 V  low 
ms 13  2.69 V  HIGH  <- rising edge, count = 1
ms 14  1.96 V  low 
ms 15  2.59 V  HIGH  <- rising edge, count = 2
ms 16  3.21 V  HIGH
ms 17  2.48 V  low 
ms 18  3.10 V  HIGH  <- rising edge, count = 3
ms 19  3.73 V  HIGH
ms 20  3.00 V  HIGH
ms 21  3.62 V  HIGH
ms 22  4.24 V  HIGH
ms 23  3.52 V  HIGH
ms 24  4.14 V  HIGH
ms 25  4.76 V  HIGH
ms 26  4.03 V  HIGH
ms 27  4.66 V  HIGH
ms 28  5.00 V  HIGH
ms 29  4.55 V  HIGH
events counted: 3
