1000 samples, fs = 1000.0 Hz, bin width 1.00 Hz, highest frequency 500.0 Hz

== motors off
largest peaks:
   445.0 Hz  amplitude 0.0015 g
   490.0 Hz  amplitude 0.0014 g
   493.0 Hz  amplitude 0.0014 g
   144.0 Hz  amplitude 0.0014 g
band maxima (each # = 0.01 g, bands of 25 Hz):
    0- 24 Hz 0.0010 
   25- 49 Hz 0.0013 
   50- 74 Hz 0.0013 
   75- 99 Hz 0.0010 
  100-124 Hz 0.0011 
  125-149 Hz 0.0014 
  150-174 Hz 0.0012 
  175-199 Hz 0.0012 
  200-224 Hz 0.0011 
  225-249 Hz 0.0012 
  250-274 Hz 0.0011 
  275-299 Hz 0.0010 
  300-324 Hz 0.0013 
  325-349 Hz 0.0009 
  350-374 Hz 0.0013 
  375-399 Hz 0.0011 
  400-424 Hz 0.0013 
  425-449 Hz 0.0015 
  450-474 Hz 0.0011 
  475-499 Hz 0.0014 
== motors on
largest peaks:
    87.0 Hz  amplitude 0.2995 g
   174.0 Hz  amplitude 0.0795 g
   377.0 Hz  amplitude 0.0015 g
   111.0 Hz  amplitude 0.0014 g
band maxima (each # = 0.01 g, bands of 25 Hz):
    0- 24 Hz 0.0013 
   25- 49 Hz 0.0013 
   50- 74 Hz 0.0010 
   75- 99 Hz 0.2995 ##############################
  100-124 Hz 0.0014 
  125-149 Hz 0.0010 
  150-174 Hz 0.0795 ########
  175-199 Hz 0.0013 
  200-224 Hz 0.0011 
  225-249 Hz 0.0013 
  250-274 Hz 0.0013 
  275-299 Hz 0.0010 
  300-324 Hz 0.0014 
  325-349 Hz 0.0013 
  350-374 Hz 0.0014 
  375-399 Hz 0.0015 
  400-424 Hz 0.0011 
  425-449 Hz 0.0013 
  450-474 Hz 0.0010 
  475-499 Hz 0.0010 
