roofs: 1 core  100.5 GFLOP/s, 12.4 GB/s, ridge point 8.09 FLOP/byte
       4 cores 168.8 GFLOP/s, 12.6 GB/s, ridge point 13.44 FLOP/byte

id  kernel               thr         AI       roof   measured of roof  bound by
a   triad_scalar           1       0.17        2.1        1.8     86 %  memory
b   triad_avx2             1       0.17        2.1        2.1    100 %  memory
c   sgemm512_step1         1      85.33      100.5        2.0      2 %  compute
d   sgemm512_step2         1      85.33      100.5       19.3     19 %  compute
e   sgemm512_step3         1      85.33      100.5       20.3     20 %  compute
f   sgemm512_step4         1      85.33      100.5       38.9     39 %  compute
g   sgemm512_step5         4      85.33      168.8       49.0     29 %  compute
h   sgemm1024_step2        1     170.67      100.5       11.1     11 %  compute
i   sgemm1024_step3        1     170.67      100.5       15.7     16 %  compute
j   sgemm1024_step4        1     170.67      100.5       33.0     33 %  compute
k   sgemm1024_step5        4     170.67      168.8       39.0     23 %  compute

GFLOP/s (log2 scale; '*' = single-core roof; letters = kernels above;
         a later letter overwrites an earlier one at the same spot: the table rules)
  512.0 |                                                                
  340.6 |                                                                
  226.5 |                                                                
  150.7 |                                                                
  100.2 |                                 *******************************
   66.7 |                              ***                               
   44.3 |                           ***                        g     k   
   29.5 |                       ****                                 j   
   19.6 |                    ***                               e         
   13.0 |                ****                                        i   
    8.7 |             ***                                                
    5.8 |          ***                                                   
    3.8 |      ****                                                      
    2.6 |   ***                                                          
    1.7 |**b                                                   c         
    1.1 |                                                                
    0.8 |                                                                
    0.5 |                                                                
        +----------------------------------------------------------------
         0.125     arithmetic intensity (FLOP/byte, log2 scale)        256
