correctness (worst error / bound; pass if <= 1)
  M=  1 N=  1 K=  1: 0.102 0.102 0.102 0.102 0.102
  M=  7 N=  5 K=  3: 0.159 0.159 0.159 0.159 0.159
  M=100 N= 37 K= 61: 0.020 0.028 0.028 0.028 0.028
  M=513 N= 17 K=300: 0.005 0.005 0.005 0.005 0.005
  M= 17 N=600 K=513: 0.004 0.003 0.003 0.003 0.003
  M=128 N=128 K=128: 0.012 0.013 0.013 0.013 0.013
  M=300 N=301 K=302: 0.007 0.007 0.007 0.007 0.007
all shapes, all steps: PASS

M = N = K = 512, median of 21 runs (3 warm-ups)
  step                       ms    GFLOP/s   speed-up
  1 naive ijk            133.07       2.02        1.0
KERNEL sgemm512_step1 1 268435456 3145728 2.017
  2 loop order ikj        13.93      19.27        9.6
KERNEL sgemm512_step2 1 268435456 3145728 19.274
  3 cache blocked         13.22      20.30       10.1
KERNEL sgemm512_step3 1 268435456 3145728 20.298
  4 register tiled         6.90      38.91       19.3
KERNEL sgemm512_step4 1 268435456 3145728 38.912
  5 threads                5.48      48.98       24.3
KERNEL sgemm512_step5 4 268435456 3145728 48.978

M = N = K = 1024, median of 21 runs (3 warm-ups)
  step                       ms    GFLOP/s   speed-up
  1 naive ijk           skipped          -          -
  2 loop order ikj       194.06      11.07        1.0
KERNEL sgemm1024_step2 1 2147483648 12582912 11.066
  3 cache blocked        136.99      15.68        1.4
KERNEL sgemm1024_step3 1 2147483648 12582912 15.676
  4 register tiled        65.11      32.98        3.0
KERNEL sgemm1024_step4 1 2147483648 12582912 32.983
  5 threads               55.00      39.04        3.5
KERNEL sgemm1024_step5 4 2147483648 12582912 39.043

