 sample  t (s)    Kp   speed (rad/s)  error  command (V)
     97   0.97  0.20           285.4   14.6         2.91
     98   0.98  0.20           285.4   14.6         2.91
     99   0.99  0.20           285.4   14.6         2.91
    100   1.00  0.45           285.4   14.6         6.55
    101   1.01  0.45           303.2   -3.2        -1.43
    102   1.02  0.45           281.1   18.9         8.50
    103   1.03  0.45           308.6   -8.6        -3.86
    104   1.04  0.45           274.4   25.6        11.51
    105   1.05  0.45           316.9  -16.9        -7.60
    106   1.06  0.45           264.1   35.9        12.00
    107   1.07  0.45           309.4   -9.4        -4.25
    108   1.08  0.45           273.3   26.7        12.00
    109   1.09  0.45           318.2  -18.2        -8.21
    110   1.10  0.45           262.4   37.6        12.00
    111   1.11  0.45           307.9   -7.9        -3.53
    112   1.12  0.45           275.3   24.7        11.11
    113   1.13  0.45           315.8  -15.8        -7.10
    114   1.14  0.45           265.4   34.6        12.00
    115   1.15  0.45           310.8  -10.8        -4.84
    116   1.16  0.45           271.7   28.3        12.00
    117   1.17  0.45           316.7  -16.7        -7.52
    118   1.18  0.45           264.3   35.7        12.00
    119   1.19  0.45           309.7   -9.7        -4.35
    120   1.20  0.45           273.1   26.9        12.00
    121   1.21  0.45           318.0  -18.0        -8.09
    122   1.22  0.45           262.7   37.3        12.00
    123   1.23  0.45           308.2   -8.2        -3.67
    124   1.24  0.45           274.9   25.1        11.28
    125   1.25  0.45           316.3  -16.3        -7.32
    126   1.26  0.45           264.9   35.1        12.00
    127   1.27  0.45           310.2  -10.2        -4.59
    128   1.28  0.45           272.4   27.6        12.00
    129   1.29  0.45           317.4  -17.4        -7.81
    130   1.30  0.45           263.5   36.5        12.00
