  t (s)   Kp=0.02   Kp=0.1   Kp=0.3   (speed in rad/s, setpoint 300)
   0.00       0.0      0.0      0.0
   0.01      29.3     58.5     58.5
   0.02      54.2    114.1    114.1
   0.03      75.5    166.9    166.9
   0.04      93.6    217.2    217.2
   0.05     109.1    246.7    264.9
   0.06     122.3    260.4    303.1
   0.07     133.5    266.8    283.5
   0.08     143.1    269.7    293.5
   0.09     151.3    271.1    288.4
   0.10     158.3    271.7    291.0
   0.11     164.2    272.0    289.7
   0.12     169.3    272.1    290.4
   0.13     173.6    272.2    290.0
   0.14     177.3    272.2    290.2
   0.15     180.5    272.2    290.1
   0.16     183.1    272.2    290.2
   0.17     185.4    272.2    290.1
   0.18     187.4    272.2    290.1
   0.19     189.0    272.2    290.1
   0.20     190.5    272.2    290.1
   0.21     191.7    272.2    290.1
   0.22     192.7    272.2    290.1
   0.23     193.6    272.2    290.1
   0.24     194.3    272.2    290.1
   0.25     195.0    272.2    290.1
