==================
WARNING: ThreadSanitizer: data race (pid=26550)
  Read of size 8 at 0x55848d0ca028 by thread T1:
    #0 std::__cxx11::basic_string<char, std::char_traits<char>, std::allocator<char> >::size() const /usr/include/c++/13/bits/basic_string.h:1072 (mp_tsan+0x24e7)
    #1 std::basic_ostream<char, std::char_traits<char> >& std::operator<< <char, std::char_traits<char>, std::allocator<char> >(std::basic_ostream<char, std::char_traits<char> >&, std::__cxx11::basic_string<char, std::char_traits<char>, std::allocator<char> > const&) /usr/include/c++/13/bits/basic_string.h:4037 (mp_tsan+0x24e7)
    #2 consume(std::memory_order) message_passing.cpp:30 (mp_tsan+0x24e7)
    #3 void std::__invoke_impl<void, void (*)(std::memory_order), std::memory_order>(std::__invoke_other, void (*&&)(std::memory_order), std::memory_order&&) /usr/include/c++/13/bits/invoke.h:61 (mp_tsan+0x2a07)
    #4 std::__invoke_result<void (*)(std::memory_order), std::memory_order>::type std::__invoke<void (*)(std::memory_order), std::memory_order>(void (*&&)(std::memory_order), std::memory_order&&) /usr/include/c++/13/bits/invoke.h:96 (mp_tsan+0x2a07)
    #5 void std::thread::_Invoker<std::tuple<void (*)(std::memory_order), std::memory_order> >::_M_invoke<0ul, 1ul>(std::_Index_tuple<0ul, 1ul>) /usr/include/c++/13/bits/std_thread.h:292 (mp_tsan+0x2a07)
    #6 std::thread::_Invoker<std::tuple<void (*)(std::memory_order), std::memory_order> >::operator()() /usr/include/c++/13/bits/std_thread.h:299 (mp_tsan+0x2a07)
    #7 std::thread::_State_impl<std::thread::_Invoker<std::tuple<void (*)(std::memory_order), std::memory_order> > >::_M_run() /usr/include/c++/13/bits/std_thread.h:244 (mp_tsan+0x2a07)
    #8 <null> <null> (libstdc++.so.6+0xecdb3)

  Previous write of size 8 at 0x55848d0ca028 by thread T2:
    #0 std::__cxx11::basic_string<char, std::char_traits<char>, std::allocator<char> >::_M_length(unsigned long) /usr/include/c++/13/bits/basic_string.h:218 (mp_tsan+0x268a)
    #1 std::__cxx11::basic_string<char, std::char_traits<char>, std::allocator<char> >::_M_set_length(unsigned long) /usr/include/c++/13/bits/basic_string.h:256 (mp_tsan+0x268a)
    #2 std::__cxx11::basic_string<char, std::char_traits<char>, std::allocator<char> >::_M_replace(unsigned long, unsigned long, char const*, unsigned long) /usr/include/c++/13/bits/basic_string.tcc:550 (mp_tsan+0x268a)
    #3 std::__cxx11::basic_string<char, std::char_traits<char>, std::allocator<char> >::assign(char const*) /usr/include/c++/13/bits/basic_string.h:1684 (mp_tsan+0x268a)
    #4 std::__cxx11::basic_string<char, std::char_traits<char>, std::allocator<char> >::operator=(char const*) /usr/include/c++/13/bits/basic_string.h:824 (mp_tsan+0x268a)
    #5 produce(std::memory_order) message_passing.cpp:21 (mp_tsan+0x268a)
    #6 void std::__invoke_impl<void, void (*)(std::memory_order), std::memory_order>(std::__invoke_other, void (*&&)(std::memory_order), std::memory_order&&) /usr/include/c++/13/bits/invoke.h:61 (mp_tsan+0x2a07)
    #7 std::__invoke_result<void (*)(std::memory_order), std::memory_order>::type std::__invoke<void (*)(std::memory_order), std::memory_order>(void (*&&)(std::memory_order), std::memory_order&&) /usr/include/c++/13/bits/invoke.h:96 (mp_tsan+0x2a07)
    #8 void std::thread::_Invoker<std::tuple<void (*)(std::memory_order), std::memory_order> >::_M_invoke<0ul, 1ul>(std::_Index_tuple<0ul, 1ul>) /usr/include/c++/13/bits/std_thread.h:292 (mp_tsan+0x2a07)
    #9 std::thread::_Invoker<std::tuple<void (*)(std::memory_order), std::memory_order> >::operator()() /usr/include/c++/13/bits/std_thread.h:299 (mp_tsan+0x2a07)
    #10 std::thread::_State_impl<std::thread::_Invoker<std::tuple<void (*)(std::memory_order), std::memory_order> > >::_M_run() /usr/include/c++/13/bits/std_thread.h:244 (mp_tsan+0x2a07)
    #11 <null> <null> (libstdc++.so.6+0xecdb3)

  Location is global 'payload' of size 40 at 0x55848d0ca020 (mp_tsan+0x5028)

  Thread T1 (tid=26552, running) created by main thread at:
    #0 pthread_create ../../../../src/libsanitizer/tsan/tsan_interceptors_posix.cpp:1022 (libtsan.so.2+0x5ac1a)
    #1 std::thread::_M_start_thread(std::unique_ptr<std::thread::_State, std::default_delete<std::thread::_State> >, void (*)()) <null> (libstdc++.so.6+0xeceb0)
    #2 main message_passing.cpp:39 (mp_tsan+0x28a7)

  Thread T2 (tid=26553, finished) created by main thread at:
    #0 pthread_create ../../../../src/libsanitizer/tsan/tsan_interceptors_posix.cpp:1022 (libtsan.so.2+0x5ac1a)
    #1 std::thread::_M_start_thread(std::unique_ptr<std::thread::_State, std::default_delete<std::thread::_State> >, void (*)()) <null> (libstdc++.so.6+0xeceb0)
    #2 main message_passing.cpp:40 (mp_tsan+0x28bb)

SUMMARY: ThreadSanitizer: data race /usr/include/c++/13/bits/basic_string.h:1072 in std::__cxx11::basic_string<char, std::char_traits<char>, std::allocator<char> >::size() const
==================
==================
WARNING: ThreadSanitizer: data race (pid=26550)
  Read of size 4 at 0x55848d0ca040 by thread T1:
    #0 consume(std::memory_order) message_passing.cpp:30 (mp_tsan+0x2533)
    #1 void std::__invoke_impl<void, void (*)(std::memory_order), std::memory_order>(std::__invoke_other, void (*&&)(std::memory_order), std::memory_order&&) /usr/include/c++/13/bits/invoke.h:61 (mp_tsan+0x2a07)
    #2 std::__invoke_result<void (*)(std::memory_order), std::memory_order>::type std::__invoke<void (*)(std::memory_order), std::memory_order>(void (*&&)(std::memory_order), std::memory_order&&) /usr/include/c++/13/bits/invoke.h:96 (mp_tsan+0x2a07)
    #3 void std::thread::_Invoker<std::tuple<void (*)(std::memory_order), std::memory_order> >::_M_invoke<0ul, 1ul>(std::_Index_tuple<0ul, 1ul>) /usr/include/c++/13/bits/std_thread.h:292 (mp_tsan+0x2a07)
    #4 std::thread::_Invoker<std::tuple<void (*)(std::memory_order), std::memory_order> >::operator()() /usr/include/c++/13/bits/std_thread.h:299 (mp_tsan+0x2a07)
    #5 std::thread::_State_impl<std::thread::_Invoker<std::tuple<void (*)(std::memory_order), std::memory_order> > >::_M_run() /usr/include/c++/13/bits/std_thread.h:244 (mp_tsan+0x2a07)
    #6 <null> <null> (libstdc++.so.6+0xecdb3)

  Previous write of size 4 at 0x55848d0ca040 by thread T2:
    #0 produce(std::memory_order) message_passing.cpp:22 (mp_tsan+0x26c1)
    #1 void std::__invoke_impl<void, void (*)(std::memory_order), std::memory_order>(std::__invoke_other, void (*&&)(std::memory_order), std::memory_order&&) /usr/include/c++/13/bits/invoke.h:61 (mp_tsan+0x2a07)
    #2 std::__invoke_result<void (*)(std::memory_order), std::memory_order>::type std::__invoke<void (*)(std::memory_order), std::memory_order>(void (*&&)(std::memory_order), std::memory_order&&) /usr/include/c++/13/bits/invoke.h:96 (mp_tsan+0x2a07)
    #3 void std::thread::_Invoker<std::tuple<void (*)(std::memory_order), std::memory_order> >::_M_invoke<0ul, 1ul>(std::_Index_tuple<0ul, 1ul>) /usr/include/c++/13/bits/std_thread.h:292 (mp_tsan+0x2a07)
    #4 std::thread::_Invoker<std::tuple<void (*)(std::memory_order), std::memory_order> >::operator()() /usr/include/c++/13/bits/std_thread.h:299 (mp_tsan+0x2a07)
    #5 std::thread::_State_impl<std::thread::_Invoker<std::tuple<void (*)(std::memory_order), std::memory_order> > >::_M_run() /usr/include/c++/13/bits/std_thread.h:244 (mp_tsan+0x2a07)
    #6 <null> <null> (libstdc++.so.6+0xecdb3)

  Location is global 'payload' of size 40 at 0x55848d0ca020 (mp_tsan+0x5040)

  Thread T1 (tid=26552, running) created by main thread at:
    #0 pthread_create ../../../../src/libsanitizer/tsan/tsan_interceptors_posix.cpp:1022 (libtsan.so.2+0x5ac1a)
    #1 std::thread::_M_start_thread(std::unique_ptr<std::thread::_State, std::default_delete<std::thread::_State> >, void (*)()) <null> (libstdc++.so.6+0xeceb0)
    #2 main message_passing.cpp:39 (mp_tsan+0x28a7)

  Thread T2 (tid=26553, finished) created by main thread at:
    #0 pthread_create ../../../../src/libsanitizer/tsan/tsan_interceptors_posix.cpp:1022 (libtsan.so.2+0x5ac1a)
    #1 std::thread::_M_start_thread(std::unique_ptr<std::thread::_State, std::default_delete<std::thread::_State> >, void (*)()) <null> (libstdc++.so.6+0xeceb0)
    #2 main message_passing.cpp:40 (mp_tsan+0x28bb)

SUMMARY: ThreadSanitizer: data race message_passing.cpp:30 in consume(std::memory_order)
==================
flag orders: relaxed / relaxed
consumer read: dumplings for table 7
ThreadSanitizer: reported 2 warnings
