_Z12storeRelaxedv:
	adrp	x0, .LANCHOR0
	mov	w1, 1
	add	x0, x0, :lo12:.LANCHOR0
	str	w1, [x0]
	ret
	.global	_Z12storeReleasev
_Z12storeReleasev:
	adrp	x0, .LANCHOR0
	add	x0, x0, :lo12:.LANCHOR0
	mov	w1, 1
	stlr	w1, [x0]
	ret
	.global	_Z11storeSeqCstv
_Z11storeSeqCstv:
	adrp	x0, .LANCHOR0
	add	x0, x0, :lo12:.LANCHOR0
	mov	w1, 1
	stlr	w1, [x0]
	ret
	.global	_Z11loadRelaxedv
_Z11loadRelaxedv:
	adrp	x0, .LANCHOR0
	add	x0, x0, :lo12:.LANCHOR0
	ldr	w0, [x0]
	ret
	.global	_Z11loadAcquirev
_Z11loadAcquirev:
	adrp	x0, .LANCHOR0
	add	x0, x0, :lo12:.LANCHOR0
	ldar	w0, [x0]
	ret
	.global	_Z10loadSeqCstv
_Z10loadSeqCstv:
	adrp	x0, .LANCHOR0
	add	x0, x0, :lo12:.LANCHOR0
	ldar	w0, [x0]
	ret
	.global	_Z11fenceSeqCstv
_Z11fenceSeqCstv:
	dmb	ish
	ret
