==================
WARNING: ThreadSanitizer: data race (pid=26771)
  Read of size 4 at 0x564c64aa2160 by thread T1:
    #0 controlLoop() publish_config.cc:29 (cfg_tsan+0x149e)
    #1 void std::__invoke_impl<void, void (*)()>(std::__invoke_other, void (*&&)()) /usr/include/c++/13/bits/invoke.h:61 (cfg_tsan+0x16c9)
    #2 std::__invoke_result<void (*)()>::type std::__invoke<void (*)()>(void (*&&)()) /usr/include/c++/13/bits/invoke.h:96 (cfg_tsan+0x16c9)
    #3 void std::thread::_Invoker<std::tuple<void (*)()> >::_M_invoke<0ul>(std::_Index_tuple<0ul>) /usr/include/c++/13/bits/std_thread.h:292 (cfg_tsan+0x16c9)
    #4 std::thread::_Invoker<std::tuple<void (*)()> >::operator()() /usr/include/c++/13/bits/std_thread.h:299 (cfg_tsan+0x16c9)
    #5 std::thread::_State_impl<std::thread::_Invoker<std::tuple<void (*)()> > >::_M_run() /usr/include/c++/13/bits/std_thread.h:244 (cfg_tsan+0x16c9)
    #6 <null> <null> (libstdc++.so.6+0xecdb3)

  Previous write of size 4 at 0x564c64aa2160 by thread T2:
    #0 settingsThread() publish_config.cc:19 (cfg_tsan+0x1406)
    #1 void std::__invoke_impl<void, void (*)()>(std::__invoke_other, void (*&&)()) /usr/include/c++/13/bits/invoke.h:61 (cfg_tsan+0x16c9)
    #2 std::__invoke_result<void (*)()>::type std::__invoke<void (*)()>(void (*&&)()) /usr/include/c++/13/bits/invoke.h:96 (cfg_tsan+0x16c9)
    #3 void std::thread::_Invoker<std::tuple<void (*)()> >::_M_invoke<0ul>(std::_Index_tuple<0ul>) /usr/include/c++/13/bits/std_thread.h:292 (cfg_tsan+0x16c9)
    #4 std::thread::_Invoker<std::tuple<void (*)()> >::operator()() /usr/include/c++/13/bits/std_thread.h:299 (cfg_tsan+0x16c9)
    #5 std::thread::_State_impl<std::thread::_Invoker<std::tuple<void (*)()> > >::_M_run() /usr/include/c++/13/bits/std_thread.h:244 (cfg_tsan+0x16c9)
    #6 <null> <null> (libstdc++.so.6+0xecdb3)

  Location is global 'storage' of size 8 at 0x564c64aa2160 (cfg_tsan+0x4160)

  Thread T1 (tid=26773, running) created by main thread at:
    #0 pthread_create ../../../../src/libsanitizer/tsan/tsan_interceptors_posix.cpp:1022 (libtsan.so.2+0x5ac1a)
    #1 std::thread::_M_start_thread(std::unique_ptr<std::thread::_State, std::default_delete<std::thread::_State> >, void (*)()) <null> (libstdc++.so.6+0xeceb0)
    #2 main publish_config.cc:35 (cfg_tsan+0x15b6)

  Thread T2 (tid=26774, finished) created by main thread at:
    #0 pthread_create ../../../../src/libsanitizer/tsan/tsan_interceptors_posix.cpp:1022 (libtsan.so.2+0x5ac1a)
    #1 std::thread::_M_start_thread(std::unique_ptr<std::thread::_State, std::default_delete<std::thread::_State> >, void (*)()) <null> (libstdc++.so.6+0xeceb0)
    #2 main publish_config.cc:36 (cfg_tsan+0x15c7)

SUMMARY: ThreadSanitizer: data race publish_config.cc:29 in controlLoop()
==================
control loop: speed limit 30, max temperature 85
ThreadSanitizer: reported 1 warnings
