touchpad model uses the descriptor at file offset 13113760 (80 bytes)
== probe ==
probe 0x2d: read HID descriptor (register 0x0001)
    i2c S  0x2d W len 2 -> NACK
  no answer (NACK): nothing at this address
probe 0x2c: read HID descriptor (register 0x0001)
    i2c S  0x2c W len 2 : 01 00
    i2c Sr 0x2c R len 30 : 1e 00 00 01 50 00 02 00 03 00 08 00 ...
    i2c P
  descriptor: report descriptor 80 bytes at 0x0002, input 0x0003 max 8, command 0x0005, vendor 1234 product 5678
    i2c S  0x2c W len 2 : 02 00
    i2c Sr 0x2c R len 80 : 05 01 09 02 a1 01 09 01 a1 00 05 09 ...
    i2c P
  report descriptor parsed: X bits 8+16, Y bits 24+16, button 1 bit 0
== reset and power on ==
    i2c S  0x2c W len 4 : 05 00 00 01
    i2c P
  interrupt line after RESET: asserted
    i2c S  0x2c R len 8 : 00 00 00 00 00 00 00 00
    i2c P
  reset answer: length 0; line now released
    i2c S  0x2c W len 4 : 05 00 00 08
    i2c P
== 200 ticks ==
interrupts 180 (of them on ticks with no touch: 173), reports read 0
FAIL: see the counts above
