== descriptor at file offset 13113760, 80 bytes ==
  collection depth 0: type 1, usage Mouse
  collection depth 1: type 0, usage Pointer
  input id 0 bits   0..  2  3 x  1 bits  absolute   Button 1 .. Button 3       logical 0..1
  input id 0 bits   3..  7  1 x  5 bits  constant   (padding)                  logical 0..1
  input id 0 bits   8.. 39  2 x 16 bits  absolute   X .. Y                     logical 0..32767
  input id 0 bits  40.. 47  1 x  8 bits  relative   Wheel                      logical -127..127
  input report id 0: 48 bits = 6 bytes
== descriptor at file offset 13113840, 64 bytes ==
  collection depth 0: type 1, usage Keyboard
  input id 0 bits   0..  7  8 x  1 bits  absolute   Key 224 .. Key 231         logical 0..1
  input id 0 bits   8.. 15  1 x  8 bits  constant   (padding)                  logical 0..1
  input id 0 bits  16.. 33  6 x  3 bits  absolute   Key 0 .. Key 255           logical 0..255
  input report id 0: 34 bits = 4 bytes  NOT A WHOLE NUMBER OF BYTES
  warning: logical maximum 255 read unsigned (signed value was below the minimum)
  items (offset: bytes, type, tag):
      0: 05 01          global tag 0x0
      2: 09 06          local  tag 0x0
      4: a1 01          main   tag 0xa
      6: 75 01          global tag 0x7
      8: 95 08          global tag 0x9
     10: 05 07          global tag 0x0
     12: 19 e0          local  tag 0x1
     14: 29 e7          local  tag 0x2
     16: 15 00          global tag 0x1
     18: 25 01          global tag 0x2
     20: 81 02          main   tag 0x8
     22: 95 01          global tag 0x9
     24: 75 08          global tag 0x7
     26: 81 01          main   tag 0x8
     28: 95 05          global tag 0x9
     30: 75 01          global tag 0x7
     32: 05 08          global tag 0x0
     34: 19 01          local  tag 0x1
     36: 29 05          local  tag 0x2
     38: 91 02          main   tag 0x9
     40: 95 01          global tag 0x9
     42: 75 03          global tag 0x7
     44: 91 01          main   tag 0x9
     46: 95 06          global tag 0x9
     48: 06 75 08       global tag 0x0
     51: 15 00          global tag 0x1
     53: 25 ff          global tag 0x2
     55: 05 07          global tag 0x0
     57: 19 00          local  tag 0x1
     59: 29 ff          local  tag 0x2
     61: 81 00          main   tag 0x8
     63: c0             main   tag 0xc
== descriptor at file offset 13113904, 58 bytes ==
  collection depth 0: type 1, usage Mouse
  collection depth 1: type 0, usage Pointer
  input id 1 bits   0..  2  3 x  1 bits  absolute   Button 1 .. Button 3       logical 0..1
  input id 1 bits   3..  7  1 x  5 bits  constant   (padding)                  logical 0..1
  input id 1 bits   8.. 31  3 x  8 bits  relative   X .. Wheel                 logical -127..127
  input id 1 bits  32.. 55  3 x  8 bits  constant   (padding)                  logical -127..127
  input report id 1: 56 bits = 7 bytes + 1 report-ID byte
3 descriptors, 1 problems
