header                  ioctls  submission-like ioctls (name contains SUBMIT, EXEC or _CS)
amdgpu_drm.h                16  AMDGPU_CS AMDGPU_WAIT_CS
armada_drm.h                 3  -
etnaviv_drm.h               11  ETNAVIV_GEM_SUBMIT
exynos_drm.h                11  EXYNOS_G2D_EXEC
habanalabs_accel.h           6  HL_CS HL_WAIT_CS
i915_drm.h                  62  I915_GEM_EXECBUFFER I915_GEM_EXECBUFFER2 I915_GEM_EXECBUFFER2_WR
ivpu_accel.h                 6  IVPU_SUBMIT
lima_drm.h                   7  LIMA_GEM_SUBMIT
msm_drm.h                   12  MSM_GEM_SUBMIT MSM_SUBMITQUEUE_NEW MSM_SUBMITQUEUE_CLOSE MSM_SUBMITQUEUE_QUERY
nouveau_drm.h               13  NOUVEAU_EXEC
omap_drm.h                   6  -
panfrost_drm.h               9  PANFROST_SUBMIT
pvr_drm.h                   14  PVR_SUBMIT_JOBS
qaic_accel.h                 9  QAIC_EXECUTE_BO QAIC_PARTIAL_EXECUTE_BO
qxl_drm.h                    7  QXL_EXECBUFFER
radeon_drm.h                42  RADEON_CS
tegra_drm.h                 22  TEGRA_SUBMIT TEGRA_CHANNEL_SUBMIT
v3d_drm.h                   12  V3D_SUBMIT_CL V3D_SUBMIT_TFU V3D_SUBMIT_CSD V3D_SUBMIT_CPU
vc4_drm.h                   15  VC4_SUBMIT_CL
vgem_drm.h                   2  -
virtgpu_drm.h               11  VIRTGPU_EXECBUFFER
vmwgfx_drm.h                 0  -
xe_drm.h                    11  XE_EXEC_QUEUE_CREATE XE_EXEC_QUEUE_DESTROY XE_EXEC_QUEUE_GET_PROPERTY XE_EXEC

headers for the drivers named in curriculum 16.1 (present in this kernel's UAPI?)
  i915      present
  xe        present
  amdgpu    present
  radeon    present
  nouveau   present
  lima      present
  panfrost  present
  panthor   ABSENT
  msm       present
  vc4       present
  v3d       present
  pvr       present
  etnaviv   present
  asahi     ABSENT

GPU firmware files under /lib/firmware
  /lib/firmware/nvidia/580.178.04/gsp_ga10x.bin        75028464 bytes
  /lib/firmware/nvidia/580.178.04/gsp_tu10x.bin        30483544 bytes
  (2 files)
