(qemu) info registers   [only the control-register line is shown]
CR0=80010011 CR2=ffffc00123456000 CR3=0000000000133000 CR4=000000a0
(qemu) info mem
ffff800000000000-ffff8000000a0000 00000000000a0000 -rw
ffff8000000e0000-ffff800000100000 0000000000020000 -r-
ffff800000100000-ffff800007fe0000 0000000007ee0000 -rw
ffff800007fe0000-ffff800008000000 0000000000020000 -r-
ffff8000fffc0000-ffff800100000000 0000000000040000 -r-
ffffff0000001000-ffffff0000005000 0000000000004000 -rw
ffffffff8010d000-ffffffff80114000 0000000000007000 -r-
ffffffff80114000-ffffffff8012b000 0000000000017000 -rw
== walk of virtual address ffffffff80114008 by hand ==
-- PML4 index = (virt >> 39) & 511 = 511; entry at 0x133000 + 8 * 511 = 0x133ff8
(qemu) xp /1gx 0x133ff8
0000000000133ff8: 0x0000000000134027
-- PDPT index = (virt >> 30) & 511 = 510; entry at 0x134000 + 8 * 510 = 0x134ff0
(qemu) xp /1gx 0x134ff0
0000000000134ff0: 0x0000000000135027
-- PD index = (virt >> 21) & 511 = 0; entry at 0x135000 + 8 * 0 = 0x135000
(qemu) xp /1gx 0x135000
0000000000135000: 0x0000000000136027
-- PT index = (virt >> 12) & 511 = 276; entry at 0x136000 + 8 * 276 = 0x1368a0
(qemu) xp /1gx 0x1368a0
00000000001368a0: 0x8000000000114163
-- frame 0x114000 + offset 0x8 = physical 0x114008
(qemu) xp /1gx 0x114008
0000000000114008: 0x5452414e534c4154
(qemu) gva2gpa 0xffffffff80114008
gpa: 0x114008
