--- step5_kernel.cu
+++ break1_no_qualifier.cu
@@ -1,2 +1,2 @@
-// BR-01 Listing 5: the finished port. The loop became a grid of GPU threads.
+// BR-01 break 1 (does not compile, on purpose): Listing 5 with the specifiers removed from add().
 #include <cstddef>
@@ -8,3 +8,3 @@
 template <typename T>
-__host__ __device__ T add(T a, T b)
+T add(T a, T b)                                    // BREAK 1: no __host__ __device__
 {
--- step5_kernel.cu
+++ break2_exception.cu
@@ -1,2 +1,2 @@
-// BR-01 Listing 5: the finished port. The loop became a grid of GPU threads.
+// BR-01 break 2 (does not compile, on purpose): a CPU habit, an exception, inside the kernel.
 #include <cstddef>
@@ -4,2 +4,3 @@
 #include <exception>
+#include <stdexcept>
 #include <vector>
@@ -17,5 +18,6 @@
     const std::size_t i = blockIdx.x * static_cast<std::size_t>(blockDim.x) + threadIdx.x;
-    if (i < n) {                                    // the bounds check
-        c[i] = add(a[i], b[i]);
+    if (i >= n) {                                   // BREAK 2: "report" the bad index
+        throw std::out_of_range("index past the end");
     }
+    c[i] = add(a[i], b[i]);
 }
--- step5_kernel.cu
+++ break_host_pointer.cu
@@ -1,2 +1,2 @@
-// BR-01 Listing 5: the finished port. The loop became a grid of GPU threads.
+// BR-01 trap: a host pointer passed to a kernel. It compiles without a single warning.
 #include <cstddef>
@@ -46,3 +46,3 @@
         const unsigned blocks = static_cast<unsigned>((n + threadsPerBlock - 1) / threadsPerBlock);
-        vecAdd<<<blocks, threadsPerBlock>>>(dA.get(), dB.get(), dC.get(), n);
+        vecAdd<<<blocks, threadsPerBlock>>>(hA.data(), hB.data(), hC.data(), n);  // TRAP
         CUDA_CHECK(cudaGetLastError());             // was the launch accepted?
