n = 1000, blocks = 4, threads = 1024, extra threads = 24
with the bounds check:    c[999] = 3.0, no out-of-range access
without the bounds check: (AddressSanitizer's report follows)
=================================================================
==6615==ERROR: AddressSanitizer: heap-buffer-overflow on address 0x5210000010a0 at pc 0x55a0e8d5c53c bp 0x7ffc099f6330 sp 0x7ffc099f6320
READ of size 4 at 0x5210000010a0 thread T0
    #0 0x55a0e8d5c53b in vecAddBody(unsigned int, unsigned int, unsigned int, float const*, float const*, float*, unsigned long, bool) grid_model.cpp:16
    #1 0x55a0e8d5c712 in launchModel(unsigned int, unsigned int, float const*, float const*, float*, unsigned long, bool) grid_model.cpp:24
    #2 0x55a0e8d5ccfe in main grid_model.cpp:44
    #3 0x7fe45462a1c9 in __libc_start_call_main ../sysdeps/nptl/libc_start_call_main.h:58
    #4 0x7fe45462a28a in __libc_start_main_impl ../csu/libc-start.c:360
    #5 0x55a0e8d5c384 in _start (.bin_grid_model+0x5384) (BuildId: 3fb90b2b0a2f29b75efb2715320a6dfd987943be)

0x5210000010a0 is located 0 bytes after 4000-byte region [0x521000000100,0x5210000010a0)
allocated by thread T0 here:
    #0 0x7fe4556fe548 in operator new(unsigned long) ../../../../src/libsanitizer/asan/asan_new_delete.cpp:95
    #1 0x55a0e8d5e35a in std::__new_allocator<float>::allocate(unsigned long, void const*) /usr/include/c++/13/bits/new_allocator.h:151
    #2 0x55a0e8d5dda5 in std::allocator<float>::allocate(unsigned long) /usr/include/c++/13/bits/allocator.h:198
    #3 0x55a0e8d5dda5 in std::allocator_traits<std::allocator<float> >::allocate(std::allocator<float>&, unsigned long) /usr/include/c++/13/bits/alloc_traits.h:482
    #4 0x55a0e8d5dda5 in std::_Vector_base<float, std::allocator<float> >::_M_allocate(unsigned long) /usr/include/c++/13/bits/stl_vector.h:381
    #5 0x55a0e8d5d947 in std::_Vector_base<float, std::allocator<float> >::_M_create_storage(unsigned long) /usr/include/c++/13/bits/stl_vector.h:398
    #6 0x55a0e8d5d614 in std::_Vector_base<float, std::allocator<float> >::_Vector_base(unsigned long, std::allocator<float> const&) /usr/include/c++/13/bits/stl_vector.h:335
    #7 0x55a0e8d5cfd0 in std::vector<float, std::allocator<float> >::vector(unsigned long, float const&, std::allocator<float> const&) /usr/include/c++/13/bits/stl_vector.h:571
    #8 0x55a0e8d5c8e7 in main grid_model.cpp:34
    #9 0x7fe45462a1c9 in __libc_start_call_main ../sysdeps/nptl/libc_start_call_main.h:58
    #10 0x7fe45462a28a in __libc_start_main_impl ../csu/libc-start.c:360
    #11 0x55a0e8d5c384 in _start (.bin_grid_model+0x5384) (BuildId: 3fb90b2b0a2f29b75efb2715320a6dfd987943be)

SUMMARY: AddressSanitizer: heap-buffer-overflow grid_model.cpp:16 in vecAddBody(unsigned int, unsigned int, unsigned int, float const*, float const*, float*, unsigned long, bool)
Shadow bytes around the buggy address:
  0x521000000e00: 00 00 00 00 00 00 00 00 00 00 00 00 00 00 00 00
  0x521000000e80: 00 00 00 00 00 00 00 00 00 00 00 00 00 00 00 00
  0x521000000f00: 00 00 00 00 00 00 00 00 00 00 00 00 00 00 00 00
  0x521000000f80: 00 00 00 00 00 00 00 00 00 00 00 00 00 00 00 00
  0x521000001000: 00 00 00 00 00 00 00 00 00 00 00 00 00 00 00 00
=>0x521000001080: 00 00 00 00[fa]fa fa fa fa fa fa fa fa fa fa fa
  0x521000001100: fa fa fa fa fa fa fa fa fa fa fa fa fa fa fa fa
  0x521000001180: fa fa fa fa fa fa fa fa fa fa fa fa fa fa fa fa
  0x521000001200: fa fa fa fa fa fa fa fa fa fa fa fa fa fa fa fa
  0x521000001280: fa fa fa fa fa fa fa fa fa fa fa fa fa fa fa fa
  0x521000001300: fa fa fa fa fa fa fa fa fa fa fa fa fa fa fa fa
Shadow byte legend (one shadow byte represents 8 application bytes):
  Addressable:           00
  Partially addressable: 01 02 03 04 05 06 07 
  Heap left redzone:       fa
  Freed heap region:       fd
  Stack left redzone:      f1
  Stack mid redzone:       f2
  Stack right redzone:     f3
  Stack after return:      f5
  Stack use after scope:   f8
  Global redzone:          f9
  Global init order:       f6
  Poisoned by user:        f7
  Container overflow:      fc
  Array cookie:            ac
  Intra object redzone:    bb
  ASan internal:           fe
  Left alloca redzone:     ca
  Right alloca redzone:    cb
==6615==ABORTING
