[  time ms ] thread   event (e-stop handled in: comms)
[   980.000] control  cycle: angle  58.860 deg, speed  60.0 deg/s
[  1000.000] comms    job queued: log_flush (150 ms of work)
[  1000.000] control  cycle: angle  60.060 deg, speed  60.0 deg/s
[  1020.000] hw       E-STOP pressed; safety relay will cut drive power at 1220.000 ms
[  1020.000] comms    job queued: estop_msg (queue length 2)
[  1020.000] control  cycle: angle  61.260 deg, speed  60.0 deg/s
[  1040.000] control  cycle: angle  62.460 deg, speed  60.0 deg/s
[  1060.000] control  cycle: angle  63.660 deg, speed  60.0 deg/s
[  1080.000] control  cycle: angle  64.860 deg, speed  60.0 deg/s
[  1100.000] control  cycle: angle  66.060 deg, speed  60.0 deg/s
[  1120.000] control  cycle: angle  67.260 deg, speed  60.0 deg/s
[  1140.000] control  cycle: angle  68.460 deg, speed  60.0 deg/s
[  1160.000] control  cycle: angle  69.660 deg, speed  60.0 deg/s
[  1180.000] control  cycle: angle  70.860 deg, speed  60.0 deg/s
[  1187.600] comms    job done: log_flush
[  1187.650] comms    job done: estop_msg
[  1187.650] comms    stop_flag set for the control thread (167.650 ms after the press)
[  1200.000] control  cycle: angle  72.005 deg, speed  52.2 deg/s  (stopping)
[  1220.000] hw       relay opened: drive power OFF (arm speed was 40.8 deg/s)
[  1220.000] control  cycle: angle  72.883 deg, speed   0.0 deg/s  (stopping)
[  1220.000] control  arm at rest; moved 11.683 deg after the e-stop
summary: arm moved 11.683 deg after the e-stop; the relay cut power while it was still moving
