[  time ms ] thread   event (e-stop handled in: control)
[   980.000] control  cycle: angle  58.860 deg, speed  60.0 deg/s
[  1000.000] comms    job queued: log_flush (150 ms of work)
[  1000.000] control  cycle: angle  60.060 deg, speed  60.0 deg/s
[  1020.000] hw       E-STOP pressed; safety relay will cut drive power at 1220.000 ms
[  1020.000] control  cycle: angle  61.259 deg, speed  59.4 deg/s  (stopping)
[  1040.000] control  cycle: angle  62.321 deg, speed  47.4 deg/s  (stopping)
[  1060.000] control  cycle: angle  63.143 deg, speed  35.4 deg/s  (stopping)
[  1080.000] control  cycle: angle  63.725 deg, speed  23.4 deg/s  (stopping)
[  1100.000] control  cycle: angle  64.067 deg, speed  11.4 deg/s  (stopping)
[  1119.000] control  arm at rest; moved 2.970 deg after the e-stop
[  1120.000] control  cycle: angle  64.170 deg, speed   0.0 deg/s  (stopping)
[  1140.000] control  cycle: angle  64.170 deg, speed   0.0 deg/s  (stopping)
[  1160.000] control  cycle: angle  64.170 deg, speed   0.0 deg/s  (stopping)
[  1180.000] control  cycle: angle  64.170 deg, speed   0.0 deg/s  (stopping)
[  1187.600] comms    job done: log_flush
[  1200.000] control  cycle: angle  64.170 deg, speed   0.0 deg/s  (stopping)
[  1220.000] hw       relay opened: drive power OFF (arm speed was 0.0 deg/s)
[  1220.000] control  cycle: angle  64.170 deg, speed   0.0 deg/s  (stopping)
summary: arm moved 2.970 deg after the e-stop; software brought it to rest before the relay
