[t=000000 n2] DS403 cluster kernel (F5-44), node 2 of 3
[t=000001 n2] e1000 up, MAC 52:54:00:44:03:02
[t=000001 n2] view 1: {2} (start)
[t=000101 n2] view 2: {1,2,3} (was {2})
[t=000169 n2] view 3: {2,3} (was {1,2,3})
[t=000170 n2] view 4: {2} (was {2,3})
[t=000178 n2] view 5: {1,2} (was {2})
[t=000179 n2] view 6: {1,2,3} (was {1,2})
[t=000229 n2] view 7: {2,3} (was {1,2,3})
[t=000230 n2] view 8: {2} (was {2,3})
[t=000238 n2] view 9: {1,2} (was {2})
[t=000239 n2] view 10: {1,2,3} (was {1,2})
[t=000289 n2] view 11: {2,3} (was {1,2,3})
[t=000290 n2] view 12: {2} (was {2,3})
[t=000297 n2] view 13: {1,2} (was {2})
[t=000301 n2] view 14: {1,2,3} (was {1,2})
[t=000348 n2] view 15: {2,3} (was {1,2,3})
[t=000352 n2] view 16: {2} (was {2,3})
[t=000354 n2] view 17: {1,2} (was {2})
[t=000360 n2] view 18: {1,2,3} (was {1,2})
[t=000405 n2] view 19: {2,3} (was {1,2,3})
[t=000411 n2] view 20: {2} (was {2,3})
[t=000411 n2] view 21: {1,2} (was {2})
[t=000416 n2] view 22: {1,2,3} (was {1,2})
[t=000447 n2] running job 1 for node 1: primes<=20000 = 2262
[t=000467 n2] view 23: {1,2} (was {1,2,3})
[t=000478 n2] view 24: {1,2,3} (was {1,2})
[t=000528 n2] view 25: {2,3} (was {1,2,3})
[t=000529 n2] view 26: {2} (was {2,3})
[t=000537 n2] view 27: {1,2} (was {2})
[t=000543 n2] view 28: {1,2,3} (was {1,2})
[t=000588 n2] view 29: {2,3} (was {1,2,3})
[t=000594 n2] view 30: {2} (was {2,3})
[t=000603 n2] view 31: {1,2} (was {2})
[t=000603 n2] view 32: {1,2,3} (was {1,2})
[t=000654 n2] view 33: {2} (was {1,2,3})
[t=000661 n2] view 34: {1,2} (was {2})
[t=000664 n2] view 35: {1,2,3} (was {1,2})
[t=000712 n2] view 36: {2,3} (was {1,2,3})
[t=000715 n2] view 37: {2} (was {2,3})
[t=000720 n2] view 38: {1,2} (was {2})
[t=000721 n2] view 39: {1,2,3} (was {1,2})
[t=000772 n2] view 40: {1,2} (was {1,2,3})
[t=000775 n2] view 41: {1,2,3} (was {1,2})
[t=000820 n2] view 42: {2,3} (was {1,2,3})
[t=000826 n2] view 43: {2} (was {2,3})
[t=000830 n2] view 44: {1,2} (was {2})
[t=000846 n2] view 45: {1,2,3} (was {1,2})
[t=000881 n2] view 46: {2,3} (was {1,2,3})
[t=000888 n2] view 47: {1,2,3} (was {2,3})
[t=000897 n2] view 48: {1,2} (was {1,2,3})
[t=000913 n2] view 49: {1,2,3} (was {1,2})
[t=000976 n2] view 50: {2,3} (was {1,2,3})
[t=000994 n2] view 51: {1,2,3} (was {2,3})
[t=001009 n2] view 52: {1,2} (was {1,2,3})
[t=001020 n2] view 53: {1,2,3} (was {1,2})
[t=001071 n2] view 54: {1,2} (was {1,2,3})
[t=001077 n2] view 55: {1,2,3} (was {1,2})
[t=001090 n2] view 56: {2,3} (was {1,2,3})
[t=001109 n2] view 57: {1,2,3} (was {2,3})
[t=001128 n2] view 58: {1,2} (was {1,2,3})
[t=001135 n2] view 59: {1,2,3} (was {1,2})
[t=001160 n2] view 60: {2,3} (was {1,2,3})
[t=001169 n2] view 61: {1,2,3} (was {2,3})
[t=001186 n2] view 62: {1,2} (was {1,2,3})
[t=001200 n2] life of 1200 ticks reached, halting
