view changes per node (a stable cluster has 2: start, then everyone joined):
  node 1: 56 lines with 'view'
  node 2: 62 lines with 'view'
  node 3: 67 lines with 'view'
first 24 lines of flap_n1.out:
[t=000000 n1] DS403 cluster kernel (F5-44), node 1 of 3
[t=000000 n1] e1000 up, MAC 52:54:00:44:03:01
[t=000000 n1] view 1: {1} (start)
[t=000096 n1] view 2: {1,2,3} (was {1})
[t=000172 n1] view 3: {1} (was {1,2,3})
[t=000181 n1] view 4: {1,3} (was {1})
[t=000181 n1] view 5: {1,2,3} (was {1,3})
[t=000232 n1] view 6: {1} (was {1,2,3})
[t=000241 n1] view 7: {1,3} (was {1})
[t=000241 n1] view 8: {1,2,3} (was {1,3})
[t=000292 n1] view 9: {1} (was {1,2,3})
[t=000300 n1] cps #1: asking every node
  GPID   NODE PID NAME
  1.1    1    1   init
  1.2    1    2   memberd
  1.3    1    3   ssid
  1.7    1    7   worker
  2.1    2    1   init
  2.2    2    2   memberd
  2.3    2    3   ssid
  2.7    2    7   worker
  3.1    3    1   init
  3.2    3    2   memberd
  3.3    3    3   ssid
lines of flap_n1.out about remote runs:
[t=000450 n1] rrun job 1 (primes<=20000) -> node 2 (view {1,2,3}, load 1)
[t=000450 n1] rrun job 2 (primes<=30000) -> node 3 (view {1,2,3}, load 1)
[t=000450 n1] job 1 ran on node 2: primes<=20000 = 2262 (remote compute 0 ticks, round trip 0 ticks)
[t=000451 n1] job 2 ran on node 3: primes<=30000 = 3245 (remote compute 0 ticks, round trip 1 ticks)
[t=001050 n1] rrun job 3: no other node in view {1}, running here
[t=001050 n1] job 3 ran on node 1: primes<=10000 = 1229
