[t=000000 n1] DS403 cluster kernel (F5-44), node 1 of 3
[t=000000 n1] e1000 up, MAC 52:54:00:44:03:01
[t=000000 n1] view 1: {1} (start)
[t=000096 n1] view 2: {1,2,3} (was {1})
[t=000172 n1] view 3: {1} (was {1,2,3})
[t=000181 n1] view 4: {1,3} (was {1})
[t=000181 n1] view 5: {1,2,3} (was {1,3})
[t=000232 n1] view 6: {1} (was {1,2,3})
[t=000241 n1] view 7: {1,3} (was {1})
[t=000241 n1] view 8: {1,2,3} (was {1,3})
[t=000292 n1] view 9: {1} (was {1,2,3})
[t=000300 n1] cps #1: asking every node
  GPID   NODE PID NAME
  1.1    1    1   init
  1.2    1    2   memberd
  1.3    1    3   ssid
  1.7    1    7   worker
  2.1    2    1   init
  2.2    2    2   memberd
  2.3    2    3   ssid
  2.7    2    7   worker
  3.1    3    1   init
  3.2    3    2   memberd
  3.3    3    3   ssid
  3.7    3    7   worker
[t=000300 n1] view 10: {1,2,3} (was {1})
[t=000354 n1] view 11: {1,3} (was {1,2,3})
[t=000355 n1] view 12: {1} (was {1,3})
[t=000365 n1] view 13: {1,2} (was {1})
[t=000366 n1] view 14: {1,2,3} (was {1,2})
[t=000400 n1] cps #1 done: answers from {1,2,3}
[t=000416 n1] view 15: {1,3} (was {1,2,3})
[t=000417 n1] view 16: {1} (was {1,3})
[t=000425 n1] view 17: {1,3} (was {1})
[t=000428 n1] view 18: {1,2,3} (was {1,3})
[t=000450 n1] rrun job 1 (primes<=20000) -> node 2 (view {1,2,3}, load 1)
[t=000450 n1] rrun job 2 (primes<=30000) -> node 3 (view {1,2,3}, load 1)
[t=000450 n1] job 1 ran on node 2: primes<=20000 = 2262 (remote compute 0 ticks, round trip 0 ticks)
[t=000451 n1] job 2 ran on node 3: primes<=30000 = 3245 (remote compute 0 ticks, round trip 1 ticks)
[t=000532 n1] view 19: {1,2} (was {1,2,3})
[t=000533 n1] view 20: {1} (was {1,2})
[t=000542 n1] view 21: {1,2} (was {1})
[t=000546 n1] view 22: {1,2,3} (was {1,2})
[t=000593 n1] view 23: {1,3} (was {1,2,3})
[t=000596 n1] view 24: {1,2,3} (was {1,3})
[t=000597 n1] view 25: {1,2} (was {1,2,3})
[t=000600 n1] view 26: {1,2,3} (was {1,2})
[t=000647 n1] view 27: {1,3} (was {1,2,3})
[t=000651 n1] view 28: {1} (was {1,3})
[t=000659 n1] view 29: {1,2} (was {1})
[t=000663 n1] view 30: {1,2,3} (was {1,2})
[t=000710 n1] view 31: {1,3} (was {1,2,3})
[t=000714 n1] view 32: {1} (was {1,3})
[t=000719 n1] view 33: {1,2} (was {1})
[t=000721 n1] view 34: {1,2,3} (was {1,2})
[t=000770 n1] view 35: {1,3} (was {1,2,3})
[t=000772 n1] view 36: {1} (was {1,3})
[t=000785 n1] view 37: {1,3} (was {1})
[t=000792 n1] view 38: {1,2,3} (was {1,3})
[t=000836 n1] view 39: {1,2} (was {1,2,3})
[t=000843 n1] view 40: {1} (was {1,2})
[t=000850 n1] view 41: {1,2} (was {1})
[t=000856 n1] view 42: {1,2,3} (was {1,2})
[t=000900 n1] cps #2: asking every node
  GPID   NODE PID NAME
  1.1    1    1   init
  1.2    1    2   memberd
  1.3    1    3   ssid
  1.7    1    7   worker
  2.1    2    1   init
  2.2    2    2   memberd
  2.3    2    3   ssid
  2.7    2    7   worker
  3.1    3    1   init
  3.2    3    2   memberd
  3.3    3    3   ssid
  3.7    3    7   worker
[t=000963 n1] view 43: {1,3} (was {1,2,3})
[t=000981 n1] view 44: {1} (was {1,3})
[t=000996 n1] view 45: {1,3} (was {1})
[t=000997 n1] view 46: {1,2,3} (was {1,3})
[t=001000 n1] cps #2 done: answers from {1,2,3}
[t=001047 n1] view 47: {1,2} (was {1,2,3})
[t=001048 n1] view 48: {1} (was {1,2})
[t=001050 n1] rrun job 3: no other node in view {1}, running here
[t=001050 n1] job 3 ran on node 1: primes<=10000 = 1229
[t=001055 n1] view 49: {1,2,3} (was {1})
[t=001106 n1] view 50: {1} (was {1,2,3})
[t=001112 n1] view 51: {1,3} (was {1})
[t=001114 n1] view 52: {1,2,3} (was {1,3})
[t=001163 n1] view 53: {1,2} (was {1,2,3})
[t=001165 n1] view 54: {1} (was {1,2})
[t=001168 n1] view 55: {1,3} (was {1})
[t=001174 n1] view 56: {1,2,3} (was {1,3})
[t=001200 n1] life of 1200 ticks reached, halting
