[t=000000 n1] DS403 cluster kernel (F5-44), node 1 of 3
[t=000000 n1] e1000 up, MAC 52:54:00:44:03:01
[t=000000 n1] view 1: {1} (start)
[t=000100 n1] view 2: {1,2,3} (was {1})
[t=000300 n1] cps #1: asking every node
  GPID   NODE PID NAME
  1.1    1    1   init
  1.2    1    2   memberd
  1.3    1    3   ssid
  1.7    1    7   worker
  2.1    2    1   init
  2.2    2    2   memberd
  2.3    2    3   ssid
  2.7    2    7   worker
  3.1    3    1   init
  3.2    3    2   memberd
  3.3    3    3   ssid
  3.7    3    7   worker
[t=000400 n1] cps #1 done: answers from {1,2,3}
[t=000450 n1] rrun job 1 (primes<=20000) -> node 2 (view {1,2,3}, load 1)
[t=000450 n1] rrun job 2 (primes<=30000) -> node 3 (view {1,2,3}, load 1)
[t=000450 n1] job 1 ran on node 2: primes<=20000 = 2262 (remote compute 0 ticks, round trip 0 ticks)
[t=000450 n1] job 2 ran on node 3: primes<=30000 = 3245 (remote compute 0 ticks, round trip 0 ticks)
[t=000651 n1] view 3: {1,2} (was {1,2,3})
[t=000900 n1] cps #2: asking every node
  GPID   NODE PID NAME
  1.1    1    1   init
  1.2    1    2   memberd
  1.3    1    3   ssid
  1.7    1    7   worker
  2.1    2    1   init
  2.2    2    2   memberd
  2.3    2    3   ssid
  2.7    2    7   worker
[t=001000 n1] cps #2 done: answers from {1,2}
[t=001000 n1] cps #2: node 3 not in the view, its processes are missing from the list
[t=001050 n1] rrun job 3 (primes<=10000) -> node 2 (view {1,2}, load 1)
[t=001050 n1] job 3 ran on node 2: primes<=10000 = 1229 (remote compute 0 ticks, round trip 0 ticks)
[t=001200 n1] life of 1200 ticks reached, halting
