[switch      0 ms] 3 ports, run 40000 ms
[switch   3615 ms] n1 -> all PS_REQ     term 0
[switch   3626 ms] n2 -> n1 PS_REP     term 0
[switch   3626 ms] n3 -> n1 PS_REP     term 0
[switch   5110 ms] n1 -> n2 RUN_REQ    term 0
[switch   5124 ms] n1 -> n3 RUN_REQ    term 0
[switch   5125 ms] n2 -> n1 RUN_REP    term 0
[switch   5126 ms] n3 -> n1 RUN_REP    term 0
[switch   9610 ms] n1 -> all PS_REQ     term 0
[switch   9624 ms] n2 -> n1 PS_REP     term 0
[switch  11110 ms] n1 -> n2 RUN_REQ    term 0
[switch  11124 ms] n2 -> n1 RUN_REP    term 0
[switch  12673 ms] stop. heartbeats received: n1=120 n2=119 n3=60
frames forwarded / dropped (from -> to):
  n1 -> n2  125 / 0
  n1 -> n3  125 / 0
  n2 -> n1  123 / 0
  n2 -> n3  123 / 0
  n3 -> n1  62 / 0
  n3 -> n2  62 / 0
