% time     seconds  usecs/call     calls    errors syscall
------ ----------- ----------- --------- --------- ----------------
 52.45    0.196866      196866         1           wait4
 47.54    0.178436          16     10932           clock_nanosleep
  0.00    0.000013           4         3           write
  0.00    0.000013          13         1           getrusage
  0.00    0.000000           0         4           read
  0.00    0.000000           0         5           close
  0.00    0.000000           0         6           fstat
  0.00    0.000000           0        24           mmap
  0.00    0.000000           0         6           mprotect
  0.00    0.000000           0         3           munmap
  0.00    0.000000           0         3           brk
  0.00    0.000000           0         1         1 ioctl
  0.00    0.000000           0         2           pread64
  0.00    0.000000           0         1         1 access
  0.00    0.000000           0         1           clone
  0.00    0.000000           0         1           execve
  0.00    0.000000           0         1           arch_prctl
  0.00    0.000000           0         1           futex
  0.00    0.000000           0         1           set_tid_address
  0.00    0.000000           0         5           openat
  0.00    0.000000           0         2           set_robust_list
  0.00    0.000000           0         1           prlimit64
  0.00    0.000000           0         1           getrandom
  0.00    0.000000           0         1           rseq
------ ----------- ----------- --------- --------- ----------------
100.00    0.375328          34     11007         2 total
