write-back + write-allocate:
  R   0  miss
  W   0  hit
  W  10  miss
  R  40  miss, dirty victim written back
  W  44  hit
  R   0  miss, dirty victim written back
  W   4  hit
  R  80  miss, dirty victim written back
  W  84  hit
  R   0  miss, dirty victim written back
  R  10  hit
  W  40  miss
  block reads 7, block write-backs 6, single writes 0
write-through + no-write-allocate:
  R   0  miss
  W   0  hit
  W  10  miss
  R  40  miss
  W  44  hit
  R   0  miss
  W   4  hit
  R  80  miss
  W  84  hit
  R   0  miss
  R  10  miss
  W  40  miss
  block reads 6, block write-backs 0, single writes 6
