t1 store acknowledges after: one
t2 telemetry 1 ok
t3 telemetry 2 ok
t4 write wp1=north-gate ACK (stored on 1 of 3)
t5 write wp2=orchard ACK (stored on 1 of 3)
t6 replicate: 4 queued copies delivered
t7 telemetry 3 ok
t8 telemetry 5 GAP of 1
t9 write wp3=landing-pad ACK (stored on 1 of 3)
t10 replica 0 CRASHED (2 queued copies lost with it)
t11 failover: replica 1 is primary (has the first 2 of 3 writes)
t12 read wp3 -> NOT FOUND (from replica 1)
t13 write wp4=home ACK (stored on 1 of 3)
t14 check A1 FAIL: 3 of 4 acknowledged writes readable; telemetry gaps reported: 1
    lost: acknowledged wp3=landing-pad is not on the primary
t15 replica 1 CRASHED (1 queued copy lost with it)
t16 failover: replica 2 is primary (has the first 2 of 4 writes)
t17 write wp5=field-edge ACK (stored on 1 of 3)
t18 read wp4 -> NOT FOUND (from replica 2)
t19 check A1 FAIL: 3 of 5 acknowledged writes readable; telemetry gaps reported: 1
    lost: acknowledged wp3=landing-pad is not on the primary
    lost: acknowledged wp4=home is not on the primary
result: CHECK FAILED
