run.sh: first run, 45 steps
no usable checkpoint (ckpt.bin: missing); starting at step 0
t=  0.024 step  0 loss 5.692798
t=  0.235 checkpoint written: next step 10
t=  0.257 step 10 loss 4.341431
t=  0.471 checkpoint written: next step 20
t=  0.493 step 20 loss 3.253850
t=  0.697 checkpoint written: next step 30
t=  0.719 step 30 loss 1.638130
t=  0.923 checkpoint written: next step 40
t=  0.944 step 40 loss 1.611634
t=  1.039 step 44 loss 1.172328
finished 45 steps; parameter checksum 146435021550cc8a
run.sh: ckpt.bin cut to 100 bytes (as if the machine lost power while copying it)
run.sh: second run, 60 steps
ckpt.bin rejected (short file (100 of 272 bytes)); resuming from ckpt.prev at step 30
t=  0.023 step 30 loss 1.638130
t=  0.241 checkpoint written: next step 40
t=  0.262 step 40 loss 1.611634
t=  0.482 checkpoint written: next step 50
t=  0.504 step 50 loss 0.808349
t=  0.716 step 59 loss 0.958169
t=  0.718 checkpoint written: next step 60
finished 60 steps; parameter checksum e31e3fa0a92a7485
run.sh: final checksum e31e3fa0a92a7485 equals the uninterrupted run's checksum e31e3fa0a92a7485
