restart.sh: attempt 1 of 3, 4 processes, time limit 60 s
no usable checkpoint (ckpt.bin: missing); starting at step 0
t=  0.025 step  0 loss 5.692798
t=  0.236 checkpoint written: next step 10
t=  0.258 step 10 loss 4.341431
t=  0.477 checkpoint written: next step 20
t=  0.500 step 20 loss 3.253850
t=  0.714 checkpoint written: next step 30
t=  0.736 step 30 loss 1.638130
t=  1.898 rank 0 step 37: allreduce not complete after 1 s
t=  1.898 rank 1 step 37: allreduce not complete after 1 s
t=  1.898 rank 3 step 37: allreduce not complete after 1 s
t=  2.898 rank 1 step 37: allreduce not complete after 2 s
t=  2.898 rank 1 step 37: WATCHDOG: no progress for 2.0 s, calling MPI_Abort
--------------------------------------------------------------------------
MPI_ABORT was invoked on rank 1 in communicator MPI_COMM_WORLD
with errorcode 42.

NOTE: invoking MPI_ABORT causes Open MPI to kill all MPI processes.
You may or may not see output from other processes, depending on
exactly when Open MPI kills them.
--------------------------------------------------------------------------
t=  2.898 rank 0 step 37: allreduce not complete after 2 s
t=  2.898 rank 0 step 37: WATCHDOG: no progress for 2.0 s, calling MPI_Abort
t=  2.898 rank 3 step 37: allreduce not complete after 2 s
t=  2.898 rank 3 step 37: WATCHDOG: no progress for 2.0 s, calling MPI_Abort
[<host>:<pid>] 2 more processes have sent help message help-mpi-api.txt / mpi-abort
[<host>:<pid>] Set MCA parameter "orte_base_help_aggregate" to 0 to see all help / error messages
restart.sh: attempt 1 failed with exit code 42
restart.sh: attempt 2 of 3, 4 processes, time limit 60 s
resuming from ckpt.bin at step 30
t=  0.023 step 30 loss 1.638130
t=  0.236 checkpoint written: next step 40
t=  0.258 step 40 loss 1.611634
t=  0.478 checkpoint written: next step 50
t=  0.501 step 50 loss 0.808349
t=  0.718 step 59 loss 0.958169
t=  0.719 checkpoint written: next step 60
finished 60 steps; parameter checksum e31e3fa0a92a7485
restart.sh: attempt 2 succeeded
run.sh: final checksum e31e3fa0a92a7485 equals the uninterrupted run's checksum e31e3fa0a92a7485
