restart.sh: attempt 1 of 3, 4 processes, time limit 60 s
no usable checkpoint (ckpt.bin: missing); starting at step 0
t=  0.024 step  0 loss 5.692798
t=  0.243 checkpoint written: next step 10
t=  0.268 step 10 loss 4.341431
t=  0.485 checkpoint written: next step 20
t=  0.507 step 20 loss 3.253850
--------------------------------------------------------------------------
Primary job  terminated normally, but 1 process returned
a non-zero exit code. Per user-direction, the job has been aborted.
--------------------------------------------------------------------------
--------------------------------------------------------------------------
mpirun noticed that process rank 1 with PID <pid> on node <host> exited on signal 9 (Killed).
--------------------------------------------------------------------------
restart.sh: attempt 1 failed with exit code 137
restart.sh: attempt 2 of 3, 4 processes, time limit 60 s
resuming from ckpt.bin at step 20
t=  0.022 step 20 loss 3.253850
t=  0.235 checkpoint written: next step 30
t=  0.256 step 30 loss 1.638130
t=  0.467 checkpoint written: next step 40
t=  0.489 step 40 loss 1.611634
t=  0.705 checkpoint written: next step 50
t=  0.726 step 50 loss 0.808349
t=  0.939 step 59 loss 0.958169
t=  0.941 checkpoint written: next step 60
finished 60 steps; parameter checksum e31e3fa0a92a7485
restart.sh: attempt 2 succeeded
run.sh: final checksum e31e3fa0a92a7485 equals the uninterrupted run's checksum e31e3fa0a92a7485
