no usable checkpoint (ckpt.bin: missing); starting at step 0
t=  0.021 step  0 loss 5.692798
t=  0.238 checkpoint written: next step 10
t=  0.259 step 10 loss 4.341431
t=  0.479 checkpoint written: next step 20
t=  0.501 step 20 loss 3.253850
t=  0.715 checkpoint written: next step 30
t=  0.738 step 30 loss 1.638130
t=  0.953 checkpoint written: next step 40
t=  0.975 step 40 loss 1.611634
t=  1.996 rank 0 step 41: allreduce not complete after 1 s
t=  1.996 rank 1 step 41: allreduce not complete after 1 s
t=  1.997 rank 2 step 41: allreduce not complete after 1 s
t=  2.996 rank 1 step 41: allreduce not complete after 2 s
t=  2.995 rank 0 step 41: allreduce not complete after 2 s
t=  2.997 rank 2 step 41: allreduce not complete after 2 s
t=  3.996 rank 1 step 41: allreduce not complete after 3 s
t=  3.996 rank 0 step 41: allreduce not complete after 3 s
t=  3.996 rank 2 step 41: allreduce not complete after 3 s
t=  4.995 rank 0 step 41: allreduce not complete after 4 s
t=  4.996 rank 1 step 41: allreduce not complete after 4 s
t=  4.997 rank 2 step 41: allreduce not complete after 4 s
=== scheduler record: job killed by the 6 s time limit, exit code 137 ===
=== last 7 lines of rank0.trace ===
t=  0.975 rank 0 step 41 begin
t=  0.995 rank 0 step 41 allreduce posted
t=  1.996 rank 0 step 41 still waiting
t=  2.995 rank 0 step 41 still waiting
t=  3.996 rank 0 step 41 still waiting
t=  4.996 rank 0 step 41 still waiting
t=  5.996 rank 0 step 41 still waiting
=== last 7 lines of rank1.trace ===
t=  0.975 rank 1 step 41 begin
t=  0.996 rank 1 step 41 allreduce posted
t=  1.996 rank 1 step 41 still waiting
t=  2.996 rank 1 step 41 still waiting
t=  3.996 rank 1 step 41 still waiting
t=  4.996 rank 1 step 41 still waiting
t=  5.997 rank 1 step 41 still waiting
=== last 7 lines of rank2.trace ===
t=  0.976 rank 2 step 41 begin
t=  0.996 rank 2 step 41 allreduce posted
t=  1.997 rank 2 step 41 still waiting
t=  2.997 rank 2 step 41 still waiting
t=  3.996 rank 2 step 41 still waiting
t=  4.997 rank 2 step 41 still waiting
t=  5.996 rank 2 step 41 still waiting
=== last 7 lines of rank3.trace ===
t=  0.930 rank 3 step 39 begin
t=  0.950 rank 3 step 39 allreduce posted
t=  0.952 rank 3 step 39 allreduce done
t=  0.952 rank 3 step 40 begin
t=  0.972 rank 3 step 40 allreduce posted
t=  0.976 rank 3 step 40 allreduce done
t=  0.976 rank 3 step 41 begin
