00000040 <Reset_Handler>:
      40:      	push	{r7, lr}
      42:      	mov	r7, sp
      44:      	movw	r0, #0x4
      48:      	movw	r1, #0x0
      4c:      	movt	r0, #0x2000
      50:      	movt	r1, #0x2000
      54:      	cmp	r1, r0
      56:      	bhs	0x74 <Reset_Handler+0x34> @ imm = #0x1a
      58:      	movw	r1, #0x348
      5c:      	movw	r2, #0x0
      60:      	movt	r1, #0x0
      64:      	movt	r2, #0x2000
      68:      	ldr	r3, [r1], #4
      6c:      	str	r3, [r2], #4
      70:      	cmp	r2, r0
      72:      	blo	0x68 <Reset_Handler+0x28> @ imm = #-0xe
      74:      	movw	r0, #0x8
      78:      	movw	r1, #0x4
      7c:      	movt	r0, #0x2000
      80:      	movt	r1, #0x2000
      84:      	cmp	r1, r0
      86:      	bhs	0x94 <Reset_Handler+0x54> @ imm = #0xa
      88:      	movs	r2, #0x0
      8a:      	nop
      8c:      	str	r2, [r1], #4
      90:      	cmp	r1, r0
      92:      	blo	0x8c <Reset_Handler+0x4c> @ imm = #-0xa
      94:      	bl	0x9c <_Z4mainv>         @ imm = #0x4

