  0000000000000000-00000000003fffff (prio 0, ram): mps.ssram1
  0000000000400000-00000000007fffff (prio 0, ram): mps.ssram1
  0000000000800000-0000000000ffffff (prio -1000, i/o): RESERVED 1
  0000000001000000-0000000001003fff (prio 0, ram): mps.blockram
  0000000001004000-0000000001007fff (prio 0, ram): mps.blockram
  0000000001008000-000000000100bfff (prio 0, ram): mps.blockram
  000000000100c000-000000000100ffff (prio 0, ram): mps.blockram
  0000000001010000-000000001fffffff (prio -1000, i/o): RESERVED 2
  0000000020000000-00000000203fffff (prio 0, ram): mps.ssram23
  0000000020400000-00000000207fffff (prio 0, ram): mps.ssram23
  0000000020800000-0000000020ffffff (prio -1000, i/o): RESERVED 3
  0000000021000000-0000000021ffffff (prio 0, ram): mps.ram
  0000000040000000-0000000040000fff (prio 0, i/o): cmsdk-apb-timer
  0000000040001000-0000000040001fff (prio 0, i/o): cmsdk-apb-timer
  0000000040002000-0000000040002fff (prio 0, i/o): cmsdk-apb-dualtimer
  0000000040003000-0000000040003fff (prio -1000, i/o): CMSDK APB peripheral region @0x40000000 @0000000000003000
  0000000040004000-0000000040004fff (prio 0, i/o): uart
  0000000040005000-0000000040005fff (prio 0, i/o): uart
  0000000040006000-0000000040006fff (prio 0, i/o): uart
  0000000040007000-0000000040007fff (prio 0, i/o): uart
  0000000040008000-0000000040008fff (prio 0, i/o): cmsdk-apb-watchdog
  0000000040009000-0000000040009fff (prio 0, i/o): uart
  000000004000a000-000000004000ffff (prio -1000, i/o): CMSDK APB peripheral region @0x40000000 @000000000000a000
  0000000040010000-0000000040010fff (prio -1000, i/o): cmsdk-ahb-gpio
  0000000040011000-0000000040011fff (prio -1000, i/o): cmsdk-ahb-gpio
  0000000040012000-0000000040012fff (prio -1000, i/o): cmsdk-ahb-gpio
  0000000040013000-0000000040013fff (prio -1000, i/o): cmsdk-ahb-gpio
  0000000040014000-000000004001ffff (prio -1000, i/o): CMSDK AHB peripheral region @0x40010000 @0000000000004000
  0000000040020000-0000000040020fff (prio 0, i/o): pl022
  0000000040021000-0000000040021fff (prio 0, i/o): pl022
  0000000040022000-0000000040022fff (prio 0, i/o): arm_sbcon_i2c
  0000000040023000-0000000040023fff (prio 0, i/o): arm_sbcon_i2c
  0000000040024000-00000000400243ff (prio -1000, i/o): i2s
  0000000040024400-0000000040024fff (prio -1000, i/o): Extra peripheral region @0x40020000 @0000000000004400
  0000000040025000-0000000040025fff (prio 0, i/o): pl022
  0000000040026000-0000000040026fff (prio 0, i/o): pl022
  0000000040027000-0000000040027fff (prio 0, i/o): pl022
  0000000040028000-0000000040028fff (prio 0, i/o): mps2-fpgaio
  0000000040029000-0000000040029fff (prio 0, i/o): arm_sbcon_i2c
  000000004002a000-000000004002afff (prio 0, i/o): arm_sbcon_i2c
  000000004002b000-000000004002efff (prio -1000, i/o): Extra peripheral region @0x40020000 @000000000000b000
  000000004002f000-000000004002ffff (prio 0, i/o): mps2-scc
  0000000040030000-00000000401fffff (prio -1000, i/o): RESERVED 4
  0000000040200000-00000000402000ff (prio 0, i/o): lan9118-mmio
  0000000041000000-00000000411fffff (prio -1000, i/o): VGA
