
firmware.elf:	file format elf32-littlearm
Contents of section .text:
 0000 00000120 41000000 9d000000 9d000000  ... A...........
 0010 9d000000 9d000000 9d000000 00000000  ................
 0020 00000000 00000000 00000000 9d000000  ................
 0030 9d000000 00000000 9d000000 9d000000  ................
 0040 80b56f46 40f20400 40f20001 c2f20000  ..oF@...@.......
 0050 c2f20001 81420dd2 40f24c31 40f20002  .....B..@.L1@...
 0060 c0f20001 c2f20002 51f8043b 42f8043b  ........Q..;B..;
 0070 8242f9d3 40f20800 40f20401 c2f20000  .B..@...@.......
 0080 c2f20001 814205d2 002200bf 41f8042b  .....B..."..A..+
 0090 8142fbd3 00f004f8 30bffde7 00befde7  .B......0.......
 00a0 f0b503af 4df804bd 44f20405 c4f20005  ....M...D.......
 00b0 012040f2 c6226860 00204821 c0f20002  . @.."h`. H!....
 00c0 4ff04023 2c68e407 fcd10130 1960115c  O.@#,h.....0.`.\
 00d0 2528f7d1 40f2ec22 00207621 c0f20002  %(..@..". v!....
 00e0 4ff04023 2c68e407 fcd10130 1960115c  O.@#,h.....0.`.\
 00f0 1028f7d1 40f20006 c0f20006 304600f0  .(..@.......0F..
 0100 83f840f2 fd220020 2c21c0f2 00024ff0  ..@..". ,!....O.
 0110 402300bf 2c68e407 fcd10130 1960115c  @#..,h.....0.`.\
 0120 0d28f7d1 306800f0 6ff840f2 9d220020  .(..0h..o.@..". 
 0130 2c21c0f2 00024ff0 402300bf 2c68e407  ,!....O.@#..,h..
 0140 fcd10130 1960115c 1028f7d1 706800f0  ...0.`.\.(..ph..
 0150 5bf840f2 0b320020 0a21c0f2 00024ff0  [.@..2. .!....O.
 0160 402300bf 2e68f607 fcd10130 1960115c  @#...h.....0.`.\
 0170 1928f7d1 40f20000 c2f20000 006800f0  .(..@........h..
 0180 43f840f2 36320020 0a21c0f2 00024ff0  C.@.62. .!....O.
 0190 402300bf 2e68f607 fcd10130 1960115c  @#...h.....0.`.\
 01a0 1428f7d1 40f20400 c2f20000 006800f0  .(..@........h..
 01b0 2bf840f2 ae220020 0a21c0f2 00024ff0  +.@..". .!....O.
 01c0 402300bf 2e68f607 fcd10130 1960115c  @#...h.....0.`.\
 01d0 1428f7d1 40f20000 c2f20100 00f014f8  .(..@...........
 01e0 40f26a22 00200a21 c0f20002 4ff04023  @.j". .!....O.@#
 01f0 2e68f607 fcd10130 1960115c 3228f7d1  .h.....0.`.\2(..
 0200 00205df8 04bbf0bd d0b502af 44f20401  . ].........D...
 0210 40f2c32c 00223023 c4f20001 c0f2000c  @..,."0#........
 0220 4ff0402e 0c68e407 fcd10132 cef80030  O.@..h.....2...0
 0230 1cf80230 022af5d1 40f2253c 1c22c0f2  ...0.*..@.%<."..
 0240 000c4ff0 402e00bf 20fa02f3 03f00f03  ..O.@... .......
 0250 1cf80330 0c68e407 fcd1002a cef80030  ...0.h.....*...0
 0260 a2f10402 08bfd0bd eee70a6d 61696e28  ...........main(
 0270 2920646f 6e653b20 74686520 72657365  ) done; the rese
 0280 74206861 6e646c65 72206e6f 77207761  t handler now wa
 0290 69747320 666f7265 7665720a 002c2072  its forever.., r
 02a0 65736574 2068616e 646c6572 20000a73  eset handler ..s
 02b0 7461636b 20746f70 2073796d 626f6c20  tack top symbol 
 02c0 3d200030 78004857 33303320 6c616220  = .0x.HW303 lab 
 02d0 4d43553a 2068656c 6c6f2066 726f6d20  MCU: hello from 
 02e0 62617265 206d6574 616c0a00 76656374  bare metal..vect
 02f0 6f722074 61626c65 20617420 002c2069  or table at ., i
 0300 6e697469 616c2053 5020000a 626f6f74  nitial SP ..boot
 0310 5f636f75 6e742028 65787065 63742037  _count (expect 7
 0320 29203d20 00303132 33343536 37383961  ) = .0123456789a
 0330 62636465 66000a74 69636b73 20286578  bcdef..ticks (ex
 0340 70656374 20302920 3d2000             pect 0) = .
