== processes: programs started by the compiler driver (successful execve calls) ==
      1 g++
      1 cc1plus
      1 as
== system calls: total and the 20 most frequent names ==
total system calls traced: 8591
    5654 readlink
    1042 openat
     416 read
     386 close
     379 fstat
     220 mmap
      95 brk
      92 write
      71 newfstatat
      66 lseek
      43 access
      20 mprotect
      19 rt_sigaction
      15 execve
      11 prlimit64
      11 munmap
       6 pread64
       6 ioctl
       5 faccessat2
       3 sysinfo
== distinct system-call names used: 33 ==
access arch_prctl brk close execve exit_group faccessat2 fcntl fstat getcwd getrandom getrusage 
ioctl lseek mmap mprotect munmap newfstatat openat pipe2 pread64 prlimit64 read readlink rseq 
rt_sigaction set_robust_list set_tid_address sysinfo unlink vfork wait4 write 
== files: successful openat calls 380, failed 662 ==
