== programs run, in order, from successful execve lines ==
program 1: g++
program 2: cc1plus
program 3: as
== failed system calls per program (name and error), counted ==
    12  (a child, before its exec)  execve  ENOENT
     1  as  access  ENOENT
     2  as  lseek  ENOSYS
     3  as  newfstatat  ENOENT
     1  cc1plus  access  ENOENT
     3  cc1plus  ioctl  ENOTTY
    13  cc1plus  newfstatat  ENOENT
   662  cc1plus  openat  ENOENT
  4964  cc1plus  readlink  EINVAL
   666  cc1plus  readlink  ENOENT
    29  g++  access  ENOENT
     3  g++  ioctl  ENOTTY
    17  g++  newfstatat  ENOENT
    17  g++  readlink  EINVAL
     1  g++  readlink  ENOENT
