  .text
  .globl _start
_start:
  push $6
  pop %rax
  mov %rax, var_a(%rip)
  push $7
  pop %rax
  mov %rax, var_b(%rip)
  push var_a(%rip)
  push var_b(%rip)
  pop %rcx
  pop %rax
  imul %rcx, %rax
  push %rax
  pop %rax
  call print_rax
  push var_a(%rip)
  push var_b(%rip)
  pop %rcx
  pop %rax
  add %rcx, %rax
  push %rax
  push var_a(%rip)
  push var_b(%rip)
  pop %rcx
  pop %rax
  sub %rcx, %rax
  push %rax
  pop %rcx
  pop %rax
  imul %rcx, %rax
  push %rax
  pop %rax
  call print_rax
  push var_a(%rip)
  push var_a(%rip)
  pop %rcx
  pop %rax
  imul %rcx, %rax
  push %rax
  push var_a(%rip)
  pop %rcx
  pop %rax
  imul %rcx, %rax
  push %rax
  push $200
  pop %rcx
  pop %rax
  sub %rcx, %rax
  push %rax
  pop %rax
  mov %rax, var_c(%rip)
  push var_c(%rip)
  pop %rax
  call print_rax
  push $1
  push $2
  pop %rcx
  pop %rax
  sub %rcx, %rax
  push %rax
  push $3
  pop %rcx
  pop %rax
  sub %rcx, %rax
  push %rax
  pop %rax
  call print_rax
  mov $60, %eax
  xor %edi, %edi
  syscall
print_rax:
  sub $32, %rsp
  lea 31(%rsp), %rsi
  movb $10, (%rsi)
  mov $1, %r8
  mov %rax, %r9
  test %rax, %rax
  jns 1f
  neg %rax
1:
  mov $10, %rcx
2:
  xor %rdx, %rdx
  div %rcx
  add $48, %dl
  dec %rsi
  mov %dl, (%rsi)
  inc %r8
  test %rax, %rax
  jnz 2b
  test %r9, %r9
  jns 3f
  dec %rsi
  movb $45, (%rsi)
  inc %r8
3:
  mov $1, %eax
  mov $1, %edi
  mov %r8, %rdx
  syscall
  add $32, %rsp
  ret
  .bss
var_a: .quad 0
var_b: .quad 0
var_c: .quad 0
