course defaults: attP 6.0 | rateP 20.0 (roll and pitch) rateI 5.0 rateD 0.30
this flight:     attP 9.0 | roll rateP 120.0, pitch rateP 20.0, rateI 5.0 rateD 0.30

 t(s)  | roll_sp roll  | p_sp   p     | pitch_sp pitch | q_sp   q     | m1   m2   m3   m4
 0.700 |   0.00  -0.01 |  0.00 -0.01 |    0.00  -0.03 |  0.00  0.00 |  511  474  489  505
 0.704 |   0.00  -0.01 |  0.00  0.00 |    0.00  -0.03 |  0.00  0.00 |  499  490  480  511
 0.708 |   0.00  -0.01 |  0.00  0.01 |    0.00  -0.02 |  0.00  0.01 |  488  505  481  506
 0.712 |   0.00  -0.01 |  0.00  0.02 |    0.00  -0.02 |  0.00  0.01 |  506  486  500  489
 0.716 |   0.00  -0.00 |  0.00  0.03 |    0.00  -0.02 |  0.00  0.01 |  499  492  497  494
 0.720 |   0.00   0.00 |  0.00  0.03 |    0.00  -0.02 |  0.00  0.01 |  482  511  504  484
 0.724 |   0.00   0.01 |  0.00  0.04 |    0.00  -0.02 |  0.00  0.01 |  480  506  494  500
 0.728 |   0.00   0.02 | -0.00  0.04 |    0.00  -0.02 |  0.00  0.01 |  495  493  504  490
 0.732 |   0.00   0.03 | -0.00  0.04 |    0.00  -0.02 |  0.00  0.01 |  482  519  504  474
 0.736 |   0.00   0.04 | -0.00  0.04 |    0.00  -0.02 |  0.00  0.00 |  468  515  527  468
 0.740 |   0.00   0.05 | -0.01  0.03 |    0.00  -0.01 |  0.00  0.00 |  492  497  498  494
 0.744 |   0.00   0.05 | -0.01  0.02 |    0.00  -0.01 |  0.00  0.00 |  493  498  504  486
 0.748 |   0.00   0.06 | -0.01  0.01 |    0.00  -0.01 |  0.00  0.00 |  489  503  505  483
 0.752 |   0.00   0.06 | -0.01  0.00 |    0.00  -0.01 |  0.00  0.00 |  493  501  505  481
 0.756 |   0.00   0.06 | -0.01 -0.01 |    0.00  -0.01 |  0.00  0.00 |  501  489  499  491
 0.760 |   0.00   0.06 | -0.01 -0.02 |    0.00  -0.01 |  0.00  0.00 |  496  490  488  506
 0.764 |   0.00   0.05 | -0.01 -0.03 |    0.00  -0.01 |  0.00  0.00 |  505  487  486  503
 0.768 |   0.00   0.04 | -0.01 -0.04 |    0.00  -0.01 |  0.00  0.00 |  496  490  485  509
 0.772 |   0.00   0.03 | -0.01 -0.04 |    0.00  -0.01 |  0.00  0.00 |  512  481  483  504
 0.776 |   0.00   0.02 | -0.01 -0.04 |    0.00  -0.01 |  0.00  0.00 |  501  488  481  510
 0.780 |   0.00   0.02 | -0.00 -0.03 |    0.00  -0.01 |  0.00  0.00 |  503  485  494  499
 0.784 |   0.00   0.01 | -0.00 -0.03 |    0.00  -0.01 |  0.00  0.00 |  516  483  478  503
 0.788 |   0.00   0.00 | -0.00 -0.02 |    0.00  -0.01 |  0.00  0.00 |  505  488  484  503
 0.792 |   0.00  -0.00 | -0.00 -0.01 |    0.00  -0.01 |  0.00  0.00 |  498  496  463  522
 0.796 |   0.00  -0.00 | -0.00 -0.00 |    0.00  -0.00 |  0.00  0.00 |  500  494  501  486
  ...  (0.800 s to 1.500 s not shown; roll input 1.0-1.3 s)
 1.500 |   0.00   0.68 | -0.10  0.17 |    0.00  -0.02 |  0.00 -0.00 |  448  532  555  436
 1.504 |   0.00   0.71 | -0.10  0.15 |    0.00  -0.03 |  0.00 -0.00 |  429  555  551  430
 1.508 |   0.00   0.74 | -0.11  0.11 |    0.00  -0.03 |  0.00 -0.00 |  436  552  545  435
 1.512 |   0.00   0.77 | -0.11  0.06 |    0.00  -0.03 |  0.00 -0.00 |  439  548  540  444
 1.516 |   0.00   0.77 | -0.12  0.00 |    0.00  -0.03 |  0.00  0.00 |  441  544  544  441
 1.520 |   0.00   0.77 | -0.12 -0.06 |    0.00  -0.03 |  0.00  0.00 |  461  531  525  459
 1.524 |   0.00   0.75 | -0.12 -0.13 |    0.00  -0.03 |  0.00  0.00 |  489  504  505  481
 1.528 |   0.00   0.71 | -0.12 -0.19 |    0.00  -0.03 |  0.00  0.00 |  496  495  493  497
 1.532 |   0.00   0.66 | -0.12 -0.24 |    0.00  -0.02 |  0.00  0.00 |  507  492  483  498
 1.536 |   0.00   0.60 | -0.11 -0.28 |    0.00  -0.02 |  0.00  0.00 |  520  467  480  513
 1.540 |   0.00   0.53 | -0.10 -0.31 |    0.00  -0.02 |  0.00  0.00 |  537  447  460  531
 1.544 |   0.00   0.46 | -0.09 -0.33 |    0.00  -0.02 |  0.00  0.00 |  537  448  443  543
 1.548 |   0.00   0.38 | -0.08 -0.33 |    0.00  -0.02 |  0.00  0.00 |  551  432  439  545
 1.552 |   0.00   0.31 | -0.07 -0.31 |    0.00  -0.02 |  0.00  0.00 |  550  439  431  548
 1.556 |   0.00   0.24 | -0.06 -0.28 |    0.00  -0.02 |  0.00  0.00 |  548  436  443  543
 1.560 |   0.00   0.18 | -0.05 -0.24 |    0.00  -0.02 |  0.00  0.00 |  543  448  444  537
 1.564 |   0.00   0.13 | -0.04 -0.19 |    0.00  -0.02 |  0.00  0.00 |  544  440  443  543
 1.568 |   0.00   0.09 | -0.03 -0.13 |    0.00  -0.02 |  0.00  0.00 |  514  479  465  521
 1.572 |   0.00   0.07 | -0.02 -0.07 |    0.00  -0.02 |  0.00  0.00 |  515  479  461  523
 1.576 |   0.00   0.06 | -0.01 -0.01 |    0.00  -0.02 |  0.00  0.00 |  506  478  472  523
 1.580 |   0.00   0.07 | -0.01  0.05 |    0.00  -0.02 |  0.00  0.00 |  503  483  489  507
 1.584 |   0.00   0.08 | -0.01  0.10 |    0.00  -0.02 |  0.00  0.00 |  481  520  499  480
 1.588 |   0.00   0.11 | -0.01  0.14 |    0.00  -0.02 |  0.00  0.00 |  479  516  503  482
 1.592 |   0.00   0.15 | -0.01  0.17 |    0.00  -0.02 |  0.00 -0.00 |  474  519  521  464
 1.596 |   0.00   0.19 | -0.02  0.19 |    0.00  -0.02 |  0.00 -0.00 |  443  546  546  435

RMS body rates 0.5 s to 1.0 s: roll rate p 0.027 rad/s, pitch rate q 0.003 rad/s
RMS body rates 1.5 s to 2.0 s: roll rate p 0.144 rad/s, pitch rate q 0.003 rad/s
Pilot: 'Since the tuning session it buzzes in hover, worse after any roll input.'
