Run A: integrators running on the ground
  t(s) | on ground | roll (deg) | p_sp  p (rad/s) | roll torque (N m)
  0.50 |       yes |       8.00 | -0.84   0.00     |  -0.1883
  1.00 |       yes |       8.00 | -0.84   0.00     |  -0.2092
  1.50 |       yes |       8.00 | -0.84   0.00     |  -0.2301
  2.00 |       yes |       8.00 | -0.84   0.00     |  -0.2510
  2.50 |       yes |       8.00 | -0.84   0.00     |  -0.2720
  3.00 |       yes |       8.00 | -0.84   0.00     |  -0.2929
  3.50 |       yes |       8.00 | -0.84   0.00     |  -0.3138
  4.00 |       yes |       8.00 | -0.84   0.00     |  -0.3347
  4.10 |        no |       0.96 | -0.11  -1.62     |   0.1266
  4.20 |        no |      -5.70 |  0.59  -0.67     |   0.0709
  4.30 |        no |      -7.63 |  0.80  -0.10     |   0.0181
  4.40 |        no |      -7.63 |  0.80   0.05     |   0.0003
  4.50 |        no |      -7.29 |  0.76   0.06     |  -0.0020
  4.60 |        no |      -7.01 |  0.73   0.04     |  -0.0011
  5.00 |        no |      -6.32 |  0.66   0.03     |  -0.0001
  5.50 |        no |      -5.58 |  0.58   0.02     |  -0.0001
  most negative roll after lift-off (leaning the other way): -7.74 deg

Run B: integrators held at zero until lift-off
  t(s) | on ground | roll (deg) | p_sp  p (rad/s) | roll torque (N m)
  0.50 |       yes |       8.00 | -0.84   0.00     |  -0.1675
  1.00 |       yes |       8.00 | -0.84   0.00     |  -0.1675
  1.50 |       yes |       8.00 | -0.84   0.00     |  -0.1675
  2.00 |       yes |       8.00 | -0.84   0.00     |  -0.1675
  2.50 |       yes |       8.00 | -0.84   0.00     |  -0.1675
  3.00 |       yes |       8.00 | -0.84   0.00     |  -0.1675
  3.50 |       yes |       8.00 | -0.84   0.00     |  -0.1675
  4.00 |       yes |       8.00 | -0.84   0.00     |  -0.1675
  4.10 |        no |       5.84 | -0.62  -0.67     |   0.0179
  4.20 |        no |       2.25 | -0.24  -0.49     |   0.0388
  4.30 |        no |       0.44 | -0.05  -0.17     |   0.0173
  4.40 |        no |      -0.04 |  0.00  -0.03     |   0.0039
  4.50 |        no |      -0.06 |  0.01   0.01     |  -0.0001
  4.60 |        no |      -0.01 |  0.00   0.01     |  -0.0005
  5.00 |        no |       0.02 | -0.00  -0.00     |   0.0000
  5.50 |        no |       0.01 | -0.00  -0.00     |   0.0000
  most negative roll after lift-off (leaning the other way): -0.07 deg

