scenario pageable-8-chunks  (copy engines: 2)
  copy-in   stream 1  in0                  0.0 ->    10.0
  compute   stream 1  k0                  10.0 ->    20.0
  copy-out  stream 1  out0                20.0 ->    30.0
  copy-in   stream 2  in1                 30.0 ->    40.0
  compute   stream 2  k1                  40.0 ->    50.0
  copy-out  stream 2  out1                50.0 ->    60.0
  copy-in   stream 3  in2                 60.0 ->    70.0
  compute   stream 3  k2                  70.0 ->    80.0
  copy-out  stream 3  out2                80.0 ->    90.0
  copy-in   stream 4  in3                 90.0 ->   100.0
  compute   stream 4  k3                 100.0 ->   110.0
  copy-out  stream 4  out3               110.0 ->   120.0
  copy-in   stream 1  in4                120.0 ->   130.0
  compute   stream 1  k4                 130.0 ->   140.0
  copy-out  stream 1  out4               140.0 ->   150.0
  copy-in   stream 2  in5                150.0 ->   160.0
  compute   stream 2  k5                 160.0 ->   170.0
  copy-out  stream 2  out5               170.0 ->   180.0
  copy-in   stream 3  in6                180.0 ->   190.0
  compute   stream 3  k6                 190.0 ->   200.0
  copy-out  stream 3  out6               200.0 ->   210.0
  copy-in   stream 4  in7                210.0 ->   220.0
  compute   stream 4  k7                 220.0 ->   230.0
  copy-out  stream 4  out7               230.0 ->   240.0
  timeline (digit = stream id, H = host work), total 240.0
  compute  |..111.....222.....333.....444.....111.....222.....333.....444...|
  copy-in  |11......22......33......44......11......22......33......44......|
  copy-out |.....111.....222.....333.....444.....111.....222.....333.....444|
  busy compute      80.0 ( 33.3 %)
  busy copy-in      80.0 ( 33.3 %)
  busy copy-out     80.0 ( 33.3 %)
  copy/compute overlap 0.0; total 240.0
  csv: lane,start,end,stream,label
  csv: copy-in,0.0,10.0,1,in0
  csv: compute,10.0,20.0,1,k0
  csv: copy-out,20.0,30.0,1,out0
  csv: copy-in,30.0,40.0,2,in1
  csv: compute,40.0,50.0,2,k1
  csv: copy-out,50.0,60.0,2,out1
  csv: copy-in,60.0,70.0,3,in2
  csv: compute,70.0,80.0,3,k2
  csv: copy-out,80.0,90.0,3,out2
  csv: copy-in,90.0,100.0,4,in3
  csv: compute,100.0,110.0,4,k3
  csv: copy-out,110.0,120.0,4,out3
  csv: copy-in,120.0,130.0,1,in4
  csv: compute,130.0,140.0,1,k4
  csv: copy-out,140.0,150.0,1,out4
  csv: copy-in,150.0,160.0,2,in5
  csv: compute,160.0,170.0,2,k5
  csv: copy-out,170.0,180.0,2,out5
  csv: copy-in,180.0,190.0,3,in6
  csv: compute,190.0,200.0,3,k6
  csv: copy-out,200.0,210.0,3,out6
  csv: copy-in,210.0,220.0,4,in7
  csv: compute,220.0,230.0,4,k7
  csv: copy-out,230.0,240.0,4,out7

