scenario pinned-8-chunks  (copy engines: 2)
  copy-in   stream 1  in0                  0.0 ->    10.0
  compute   stream 1  k0                  10.0 ->    20.0
  copy-out  stream 1  out0                20.0 ->    30.0
  copy-in   stream 2  in1                 10.0 ->    20.0
  compute   stream 2  k1                  20.0 ->    30.0
  copy-out  stream 2  out1                30.0 ->    40.0
  copy-in   stream 3  in2                 20.0 ->    30.0
  compute   stream 3  k2                  30.0 ->    40.0
  copy-out  stream 3  out2                40.0 ->    50.0
  copy-in   stream 4  in3                 30.0 ->    40.0
  compute   stream 4  k3                  40.0 ->    50.0
  copy-out  stream 4  out3                50.0 ->    60.0
  copy-in   stream 1  in4                 40.0 ->    50.0
  compute   stream 1  k4                  50.0 ->    60.0
  copy-out  stream 1  out4                60.0 ->    70.0
  copy-in   stream 2  in5                 50.0 ->    60.0
  compute   stream 2  k5                  60.0 ->    70.0
  copy-out  stream 2  out5                70.0 ->    80.0
  copy-in   stream 3  in6                 60.0 ->    70.0
  compute   stream 3  k6                  70.0 ->    80.0
  copy-out  stream 3  out6                80.0 ->    90.0
  copy-in   stream 4  in7                 70.0 ->    80.0
  compute   stream 4  k7                  80.0 ->    90.0
  copy-out  stream 4  out7                90.0 ->   100.0
  timeline (digit = stream id, H = host work), total 100.0
  compute  |......111111222222233333344444441111112222223333333444444.......|
  copy-in  |111111222222333333344444411111112222223333334444444.............|
  copy-out |............1111111222222333333344444411111122222223333334444444|
  busy compute      80.0 ( 80.0 %)
  busy copy-in      80.0 ( 80.0 %)
  busy copy-out     80.0 ( 80.0 %)
  copy/compute overlap 80.0; total 100.0
  csv: lane,start,end,stream,label
  csv: copy-in,0.0,10.0,1,in0
  csv: compute,10.0,20.0,1,k0
  csv: copy-out,20.0,30.0,1,out0
  csv: copy-in,10.0,20.0,2,in1
  csv: compute,20.0,30.0,2,k1
  csv: copy-out,30.0,40.0,2,out1
  csv: copy-in,20.0,30.0,3,in2
  csv: compute,30.0,40.0,3,k2
  csv: copy-out,40.0,50.0,3,out2
  csv: copy-in,30.0,40.0,4,in3
  csv: compute,40.0,50.0,4,k3
  csv: copy-out,50.0,60.0,4,out3
  csv: copy-in,40.0,50.0,1,in4
  csv: compute,50.0,60.0,1,k4
  csv: copy-out,60.0,70.0,1,out4
  csv: copy-in,50.0,60.0,2,in5
  csv: compute,60.0,70.0,2,k5
  csv: copy-out,70.0,80.0,2,out5
  csv: copy-in,60.0,70.0,3,in6
  csv: compute,70.0,80.0,3,k6
  csv: copy-out,80.0,90.0,3,out6
  csv: copy-in,70.0,80.0,4,in7
  csv: compute,80.0,90.0,4,k7
  csv: copy-out,90.0,100.0,4,out7

