no_less_concept.cpp: In function 'int main()':
no_less_concept.cpp:20:18: error: no matching function for call to 'larger(Order&, Order&)'
   20 |     return larger(x, y).table;
      |            ~~~~~~^~~~~~
no_less_concept.cpp:5:3: note: candidate: 'template<class T>  requires  totally_ordered<T> T larger(T, T)'
    5 | T larger(T a, T b)
      |   ^~~~~~
no_less_concept.cpp:5:3: note:   template argument deduction/substitution failed:
no_less_concept.cpp:5:3: note: constraints not satisfied
In file included from no_less_concept.cpp:1:
/usr/include/c++/13/concepts: In substitution of 'template<class T>  requires  totally_ordered<T> T larger(T, T) [with T = Order]':
no_less_concept.cpp:20:18:   required from here
/usr/include/c++/13/concepts:294:15:   required for the satisfaction of '__weakly_eq_cmp_with<_Tp, _Tp>' [with _Tp = Order]
/usr/include/c++/13/concepts:304:13:   required for the satisfaction of 'equality_comparable<_Tp>' [with _Tp = Order]
/usr/include/c++/13/concepts:333:13:   required for the satisfaction of 'totally_ordered<T>' [with T = Order]
/usr/include/c++/13/concepts:295:4:   in requirements with 'std::remove_reference_t<_Tp>& __t', 'std::remove_reference_t<_Up>& __u' [with _Tp = Order; _Up = Order]
/usr/include/c++/13/concepts:296:17: note: the required expression '(__t == __u)' is invalid
  296 |           { __t == __u } -> __boolean_testable;
      |             ~~~~^~~~~~
/usr/include/c++/13/concepts:297:17: note: the required expression '(__t != __u)' is invalid
  297 |           { __t != __u } -> __boolean_testable;
      |             ~~~~^~~~~~
/usr/include/c++/13/concepts:298:17: note: the required expression '(__u == __t)' is invalid
  298 |           { __u == __t } -> __boolean_testable;
      |             ~~~~^~~~~~
/usr/include/c++/13/concepts:299:17: note: the required expression '(__u != __t)' is invalid
  299 |           { __u != __t } -> __boolean_testable;
      |             ~~~~^~~~~~
cc1plus: note: set '-fconcepts-diagnostics-depth=' to at least 2 for more detail
