minifuzz guided: seed 1, start corpus 1 input
  exec     2114  new coverage, corpus 2, input 9 bytes, first bytes 53 68 6d 10
  exec     3631  new coverage, corpus 3, input 22 bytes, first bytes 53 50 6d 10
  exec    18528  new coverage, corpus 4, input 21 bytes, first bytes 53 50 01 10
  exec    20584  new coverage, corpus 5, input 21 bytes, first bytes 53 50 02 10
=================================================================
==30130==ERROR: AddressSanitizer: stack-buffer-overflow on address 0x7f6fbe014058 at pc 0x7f6fc0afb303 bp 0x7ffd76ba5bc0 sp 0x7ffd76ba5368
WRITE of size 48 at 0x7f6fbe014058 thread T0
    #0 0x7f6fc0afb302 in memcpy ../../../../src/libsanitizer/sanitizer_common/sanitizer_common_interceptors_memintrinsics.inc:115
    #1 0x55c63c6fd946 in memcpy /usr/include/x86_64-linux-gnu/bits/string_fortified.h:29
    #2 0x55c63c6fd946 in parse_frame(unsigned char const*, unsigned long, Frame&) pkt.cc:32
    #3 0x55c63c6fe600 in run_one minifuzz.cc:49
    #4 0x55c63c701f15 in main minifuzz.cc:125
    #5 0x7f6fbfa2a1c9 in __libc_start_call_main ../sysdeps/nptl/libc_start_call_main.h:58
    #6 0x7f6fbfa2a28a in __libc_start_main_impl ../csu/libc-start.c:360
    #7 0x55c63c6fd684 in _start (.build/minifuzz+0x20684) (BuildId: 30ecec99adc8553a8efef52fcf0336771971b228)

Address 0x7f6fbe014058 is located in stack of thread T0 at offset 88 in frame
    #0 0x55c63c6fe2f5 in run_one minifuzz.cc:44

  This frame has 2 object(s):
    [48, 88) 'f' (line 48)
    [128, 4224) 'before' (line 45) <== Memory access at offset 88 partially underflows this variable
HINT: this may be a false positive if your program uses some custom stack unwind mechanism, swapcontext or vfork
      (longjmp and C++ exceptions *are* supported)
SUMMARY: AddressSanitizer: stack-buffer-overflow ../../../../src/libsanitizer/sanitizer_common/sanitizer_common_interceptors_memintrinsics.inc:115 in memcpy
Shadow bytes around the buggy address:
  0x7f6fbe013d80: 00 00 00 00 00 00 00 00 00 00 00 00 00 00 00 00
  0x7f6fbe013e00: 00 00 00 00 00 00 00 00 00 00 00 00 00 00 00 00
  0x7f6fbe013e80: 00 00 00 00 00 00 00 00 00 00 00 00 00 00 00 00
  0x7f6fbe013f00: 00 00 00 00 00 00 00 00 00 00 00 00 00 00 00 00
  0x7f6fbe013f80: 00 00 00 00 00 00 00 00 00 00 00 00 00 00 00 00
=>0x7f6fbe014000: f1 f1 f1 f1 f1 f1 00 00 00 00 00[f2]f2 f2 f2 f2
  0x7f6fbe014080: 00 00 00 00 00 00 00 00 00 00 00 00 00 00 00 00
  0x7f6fbe014100: 00 00 00 00 00 00 00 00 00 00 00 00 00 00 00 00
  0x7f6fbe014180: 00 00 00 00 00 00 00 00 00 00 00 00 00 00 00 00
  0x7f6fbe014200: 00 00 00 00 00 00 00 00 00 00 00 00 00 00 00 00
  0x7f6fbe014280: 00 00 00 00 00 00 00 00 00 00 00 00 00 00 00 00
==30130==ABORTING
minifuzz: crash on execution 38745; input (60 bytes, hex):
53 50 02 30 6c 6c 6f 68 6d 6d 10 6c 6d 10 6c 6c
6f 68 6d 6d 10 6f 68 6d 6d 10 6c 6d 10 6c 6c 6f
68 6d 6d 6d 6d 10 6c 6d 10 6c 6c 6f 68 6d 6d 10
6f 68 6d 6d 10 6c 6d 10 6c 6c 6f 68 
