# t (s), speed (rad/s), command (V)
2.000    65.7  -9.38
2.005    39.6  -1.95
2.010    22.3   6.27
2.015    18.2  12.00
2.020    26.9  12.00
2.025    43.4  12.00
2.030    64.4  12.00
2.035    87.8  12.00
2.040   112.4  12.00
2.045   137.5   9.32
2.050   159.4   1.79
2.055   172.1  -6.02
2.060   171.9 -12.00
2.065   159.0 -12.00
2.070   138.1 -12.00
2.075   112.7 -12.00
2.080    85.0 -12.00
2.085    56.5  -7.11
2.090    32.7   0.72
2.095    19.4   8.89
2.100    19.9  12.00
2.105    31.6  12.00
2.110    49.9  12.00
2.115    71.8  12.00
2.120    95.7  12.00
2.125   120.6  12.00
2.130   145.3   6.96
2.135   164.8  -0.79
2.140   173.6  -8.40
2.145   168.8 -12.00
2.150   152.8 -12.00
2.155   130.2 -12.00
2.160   103.9 -12.00
2.165    75.6 -11.56
2.170    47.9  -4.68
2.175    27.0   3.42
2.180    18.0  11.39
2.185    22.7  12.00
2.190    37.0  12.00
2.195    56.7  12.00
2.200    79.5  12.00
