The task: end with exactly 5 beans in the right cup, then STOP.
At the start: left cup 10, right cup 2, hand: empty
The helper read 4 steps.

step 1: PICK UP ONE BEAN FROM THE LEFT CUP -> left cup 9, right cup 2, hand: one bean
step 2: PUT THE BEAN IN THE RIGHT CUP -> left cup 9, right cup 3, hand: empty
step 3: IF THE RIGHT CUP HAS 5 BEANS, STOP -> no, the right cup has 3
step 4: GO BACK TO STEP 1 -> going to step 1
step 1: PICK UP ONE BEAN FROM THE LEFT CUP -> left cup 8, right cup 3, hand: one bean
step 2: PUT THE BEAN IN THE RIGHT CUP -> left cup 8, right cup 4, hand: empty
step 3: IF THE RIGHT CUP HAS 5 BEANS, STOP -> no, the right cup has 4
step 4: GO BACK TO STEP 1 -> going to step 1
step 1: PICK UP ONE BEAN FROM THE LEFT CUP -> left cup 7, right cup 4, hand: one bean
step 2: PUT THE BEAN IN THE RIGHT CUP -> left cup 7, right cup 5, hand: empty
step 3: IF THE RIGHT CUP HAS 5 BEANS, STOP -> yes, the right cup has 5: the helper stops

What happened at the end:
  beans in the left cup:         7
  beans in the right cup:        5
  bean still in the hand:        no
  the helper reached STOP:       yes
  steps the helper did:          11
  steps it did not understand:   0
  steps where nothing happened:  0
  task passed:                   yes
