The task: end with exactly 5 beans in the right cup, then STOP.
At the start: left cup 10, right cup 0, hand: empty
The helper read 11 steps.

step 1: PICK UP ONE BEAN FROM THE LEFT CUP -> left cup 9, right cup 0, hand: one bean
step 2: PUT THE BEAN IN THE RIGHT CUP -> left cup 9, right cup 1, hand: empty
step 3: PICK UP ONE BEAN FROM THE LEFT CUP -> left cup 8, right cup 1, hand: one bean
step 4: PUT THE BEAN IN THE RIGHT CUP -> left cup 8, right cup 2, hand: empty
step 5: PICK UP ONE BEAN FROM THE LEFT CUP -> left cup 7, right cup 2, hand: one bean
step 6: PUT THE BEAN IN THE RIGHT CUP -> left cup 7, right cup 3, hand: empty
step 7: PICK UP ONE BEAN FROM THE LEFT CUP -> left cup 6, right cup 3, hand: one bean
step 8: PUT THE BEAN IN THE RIGHT CUP -> left cup 6, right cup 4, hand: empty
step 9: PICK UP ONE BEAN FROM THE LEFT CUP -> left cup 5, right cup 4, hand: one bean
step 10: PUT THE BEAN IN THE RIGHT CUP -> left cup 5, right cup 5, hand: empty
step 11: STOP -> the helper stops

What happened at the end:
  beans in the left cup:         5
  beans in the right cup:        5
  bean still in the hand:        no
  the helper reached STOP:       yes
  steps the helper did:          11
  steps it did not understand:   0
  steps where nothing happened:  0
  task passed:                   yes
