The task: end with exactly 5 beans in the right cup, then STOP.
At the start: left cup 10, right cup 0, hand: empty
The helper read 4 steps.

step 1: PICK UP ONE BEAN FROM THE LEFT CUP -> left cup 9, right cup 0, hand: one bean
step 2: PUT THE BEAN IN THE RIGHT CUP -> left cup 9, right cup 1, hand: empty
step 3: IF THE RIGHT CUP HAS 5 BEANS, STOP -> no, the right cup has 1
step 4: GO BACK TO STEP 2 -> going to step 2
step 2: PUT THE BEAN IN THE RIGHT CUP -> nothing happened: the hand is empty
step 3: IF THE RIGHT CUP HAS 5 BEANS, STOP -> no, the right cup has 1
step 4: GO BACK TO STEP 2 -> going to step 2
step 2: PUT THE BEAN IN THE RIGHT CUP -> nothing happened: the hand is empty
step 3: IF THE RIGHT CUP HAS 5 BEANS, STOP -> no, the right cup has 1
step 4: GO BACK TO STEP 2 -> going to step 2
step 2: PUT THE BEAN IN THE RIGHT CUP -> nothing happened: the hand is empty
step 3: IF THE RIGHT CUP HAS 5 BEANS, STOP -> no, the right cup has 1
step 4: GO BACK TO STEP 2 -> going to step 2
step 2: PUT THE BEAN IN THE RIGHT CUP -> nothing happened: the hand is empty
step 3: IF THE RIGHT CUP HAS 5 BEANS, STOP -> no, the right cup has 1
step 4: GO BACK TO STEP 2 -> going to step 2
step 2: PUT THE BEAN IN THE RIGHT CUP -> nothing happened: the hand is empty
step 3: IF THE RIGHT CUP HAS 5 BEANS, STOP -> no, the right cup has 1
step 4: GO BACK TO STEP 2 -> going to step 2
step 2: PUT THE BEAN IN THE RIGHT CUP -> nothing happened: the hand is empty
step 3: IF THE RIGHT CUP HAS 5 BEANS, STOP -> no, the right cup has 1
step 4: GO BACK TO STEP 2 -> going to step 2
step 2: PUT THE BEAN IN THE RIGHT CUP -> nothing happened: the hand is empty
step 3: IF THE RIGHT CUP HAS 5 BEANS, STOP -> no, the right cup has 1
step 4: GO BACK TO STEP 2 -> going to step 2
step 2: PUT THE BEAN IN THE RIGHT CUP -> nothing happened: the hand is empty
step 3: IF THE RIGHT CUP HAS 5 BEANS, STOP -> no, the right cup has 1
step 4: GO BACK TO STEP 2 -> going to step 2
step 2: PUT THE BEAN IN THE RIGHT CUP -> nothing happened: the hand is empty
step 3: IF THE RIGHT CUP HAS 5 BEANS, STOP -> no, the right cup has 1

What happened at the end:
  beans in the left cup:         9
  beans in the right cup:        1
  bean still in the hand:        no
  the helper reached STOP:       no
  gave up after 30 steps:        yes (the steps never reached STOP)
  steps the helper did:          30
  steps it did not understand:   0
  steps where nothing happened:  9
  task passed:                   no
