== E1  Team B's own unit tests (their selection)
unit tests: est_guard_teamb.h (EstGuardTeamB)
  U1 hover 60 s, healthy sensors -> no fault                         PASS  (innov at end 0.15 m)
  U3 field strength 0.6 for 0.40 s (shorter than hold) -> no fault   PASS  (none)
  U4 field strength 0.6 held -> MAG_FIELD after 0.50 s               PASS  (MAG_FIELD, latency 0.51 s)
  U5 GNSS jump of 10 m -> GNSS_JUMP within 0.35 s                    PASS  (GNSS_JUMP, latency 0.31 s)
  U7 GNSS frozen -> GNSS_STALE after 0.50 s                          PASS  (GNSS_JUMP GNSS_STALE, latency 0.51 s)
  U8 fault stays latched after the input recovers                    PASS  (MAG_FIELD)
6 of 6 tests passed

== E2  SITL hover, 60 s, no mission (Team B's 'bench' check)
faults: none; max innovation 0.62 m

== E3  first SITL mission: 2 laps of a 40 m square, wind (1.3, -0.3) m/s
event    0.00 s  DISARMED -> TAKEOFF (armed)
event    6.28 s  TAKEOFF -> MISSION (take-off altitude reached)
event   10.47 s  MISSION -> LAND (failsafe: estimator unhealthy: GNSS_JUMP)
event   28.02 s  LAND -> DISARMED (landed)

  t[s] mode     speed[m/s]  pos_innov[m]  mag_dev
  0.00 TAKEOFF        0.07          0.00    0.000
  0.50 TAKEOFF        0.04          0.11    0.073
  1.00 TAKEOFF        0.02          0.31    0.062
  1.50 TAKEOFF        0.11          0.11    0.058
  2.00 TAKEOFF        0.04          0.09    0.057
  2.50 TAKEOFF        0.04          0.03    0.057
  3.00 TAKEOFF        0.09          0.14    0.058
  3.50 TAKEOFF        0.02          0.22    0.058
  4.00 TAKEOFF        0.03          0.29    0.057
  4.50 TAKEOFF        0.04          0.03    0.058
  5.00 TAKEOFF        0.06          0.30    0.057
  5.50 TAKEOFF        0.05          0.18    0.053
  6.00 TAKEOFF        0.04          0.04    0.048
  6.50 MISSION        0.41          0.28    0.052
  7.00 MISSION        2.31          0.38    0.056
  7.50 MISSION        3.77          1.19    0.054
  8.00 MISSION        4.33          1.73    0.052
  8.50 MISSION        4.43          1.94    0.053
  9.00 MISSION        4.42          2.17    0.053
  9.50 MISSION        4.40          2.31    0.053
 10.00 MISSION        4.43          1.98    0.053
 10.50 LAND           4.38          2.13    0.051
 11.00 LAND           4.00          1.85    0.047
 11.50 LAND           3.63          1.94    0.050
 12.00 LAND           3.21          1.86    0.051
 12.50 LAND           2.91          1.84    0.051
 13.00 LAND           2.67          1.45    0.051
 13.50 LAND           2.42          1.26    0.051
 14.00 LAND           2.19          1.28    0.051
 14.50 LAND           2.14          1.04    0.051
 15.00 LAND           2.03          1.05    0.051
 15.50 LAND           1.94          1.10    0.051
 16.00 LAND           1.76          0.96    0.051
parameters: EG_POS_GATE 2.0 m, EG_POS_HOLD 0.3 s, EG_FILT_TAU 0.5 s; SITL step 10 ms (lockstep)
