MP7 SITL TEST REPORT - milestone 1 (estimator guard)
configuration under test (short SHA-256 of each source):
  est_guard.h                5d868413c2af
  mp7_sitl.h                 d4236ee2d8d9
  sitl_feature.cpp           ab68efa1312b
  ../F10-33/dronesim.hpp     5ba30441d504
simulator: DN401 course simulator, lockstep, 10 ms step; NOT PX4, NOT ArduPilot

TEST      9 rows: PASS x9
CONTROL   2 rows: PASS x2
GAP       1 rows: GAP-CONFIRMED x1

margins (limit written before the run minus what was measured):
  M1  detection 0.51 s, limit 1.0 s, margin 0.49 s
  G1  detection 0.50 s, limit 0.55 s, margin 0.05 s
  G1  drift 24.8 m, limit 30 m, margin 5.2 m
  G2  detection 0.30 s, limit 0.35 s, margin 0.05 s
  G2  drift 24.7 m, limit 30 m, margin 5.3 m
  N*  largest innovation in nominal flight 0.73 m against the 2.0 m gate (ratio 0.36)

open items for the R2 review:
  K1: compass mounted 70 deg rotated, field normal, guard ON -> fault none, landed NO, t_end 400.01 s

R2 entry evidence (SITL part): COMPLETE - every test and control passed; gaps listed above
