id  kind     scenario                                             fault        lat[s] landed  max[m]  drift verdict
N1  TEST     nominal laps, seed 1, wind 1 of 5                    none          -1.00    yes    56.3    0.0 PASS
    expect: no fault; mission done; lands < 2 m from home
    events: 0.00 DISARMED -> TAKEOFF (armed) | 6.28 TAKEOFF -> MISSION (take-off altitude reached) | 89.90 MISSION -> RTL (mission complete) | 93.31 RTL -> LAN...
N2  TEST     nominal laps, seed 2, wind 2 of 5                    none          -1.00    yes    56.4    0.0 PASS
    expect: no fault; mission done; lands < 2 m from home
    events: 0.00 DISARMED -> TAKEOFF (armed) | 6.40 TAKEOFF -> MISSION (take-off altitude reached) | 90.08 MISSION -> RTL (mission complete) | 94.01 RTL -> LAN...
N3  TEST     nominal laps, seed 3, wind 3 of 5                    none          -1.00    yes    56.5    0.0 PASS
    expect: no fault; mission done; lands < 2 m from home
    events: 0.00 DISARMED -> TAKEOFF (armed) | 6.39 TAKEOFF -> MISSION (take-off altitude reached) | 90.24 MISSION -> RTL (mission complete) | 93.67 RTL -> LAN...
N4  TEST     nominal laps, seed 4, wind 4 of 5                    none          -1.00    yes    56.6    0.0 PASS
    expect: no fault; mission done; lands < 2 m from home
    events: 0.00 DISARMED -> TAKEOFF (armed) | 6.28 TAKEOFF -> MISSION (take-off altitude reached) | 90.56 MISSION -> RTL (mission complete) | 94.61 RTL -> LAN...
N5  TEST     nominal laps, seed 5, wind 5 of 5                    none          -1.00    yes    56.8    0.0 PASS
    expect: no fault; mission done; lands < 2 m from home
    events: 0.00 DISARMED -> TAKEOFF (armed) | 6.33 TAKEOFF -> MISSION (take-off altitude reached) | 91.03 MISSION -> RTL (mission complete) | 95.46 RTL -> LAN...
M0  CONTROL  Log A compass interference, guard OFF                none          -1.00    yes   179.6    0.0 PASS
    expect: harm reproduced: vehicle > 100 m from home
    events: 0.00 DISARMED -> TAKEOFF (armed) | 6.34 TAKEOFF -> MISSION (take-off altitude reached) | 187.12 MISSION -> RTL (failsafe: battery low) | 224.52 RTL...
M1  TEST     Log A compass interference, guard ON                 MAG_FIELD      0.51    yes     1.1    1.1 PASS
    expect: MAG_FIELD <= 1.0 s after arming; lands; never > 5 m out
    events: 0.00 DISARMED -> TAKEOFF (armed) | 0.51 TAKEOFF -> LAND (failsafe: estimator unhealthy: MAG_FIELD) | 2.40 LAND -> DISARMED (landed)
G0  CONTROL  GNSS frozen at 20 s, guard OFF                       none          -1.00     no  1660.3    0.0 PASS
    expect: harm reproduced: vehicle > 200 m from home
    events: 0.00 DISARMED -> TAKEOFF (armed) | 6.34 TAKEOFF -> MISSION (take-off altitude reached)
G1  TEST     GNSS frozen at 20 s, guard ON                        GNSS_STALE     0.50    yes    65.2   24.8 PASS
    expect: GNSS_STALE <= 0.55 s after; lands; drift <= 30 m
    events: 0.00 DISARMED -> TAKEOFF (armed) | 6.34 TAKEOFF -> MISSION (take-off altitude reached) | 20.50 MISSION -> LAND (failsafe: estimator unhealthy: GNSS...
G2  TEST     GNSS jump 15 m east at 20 s, guard ON                GNSS_JUMP      0.30    yes    64.7   24.7 PASS
    expect: GNSS_JUMP <= 0.35 s after; lands; drift <= 30 m
    events: 0.00 DISARMED -> TAKEOFF (armed) | 6.34 TAKEOFF -> MISSION (take-off altitude reached) | 20.30 MISSION -> LAND (failsafe: estimator unhealthy: GNSS...
G3  TEST     GNSS jump 1 m east at 20 s (inside gate), guard ON   none          -1.00    yes    55.6    0.0 PASS
    expect: no fault; mission done; lands
    events: 0.00 DISARMED -> TAKEOFF (armed) | 6.34 TAKEOFF -> MISSION (take-off altitude reached) | 89.57 MISSION -> RTL (mission complete) | 92.95 RTL -> LAN...
K1  GAP      compass mounted 70 deg rotated, field normal, guard ON none          -1.00     no    56.5    0.0 GAP-CONFIRMED
    expect: known gap: no heading check, so no fault (see landed)
    events: 0.00 DISARMED -> TAKEOFF (armed) | 6.34 TAKEOFF -> MISSION (take-off altitude reached) | 76.69 MISSION -> RTL (mission complete)
0 scenario(s) did not meet the expectation written before the run
