portions: =================================================================
==29594==ERROR: AddressSanitizer: stack-use-after-return on address 0x7fd7c88000b0 at pc 0x55e3a53a84a2 bp 0x7fffc56140a0 sp 0x7fffc5614090
READ of size 4 at 0x7fd7c88000b0 thread T0
    #0 0x55e3a53a84a1 in operator() dangling_capture.cpp:8
    #1 0x55e3a53a9550 in __invoke_impl<int, make_reader()::<lambda()>&> /usr/include/c++/13/bits/invoke.h:61
    #2 0x55e3a53a91e7 in __invoke_r<int, make_reader()::<lambda()>&> /usr/include/c++/13/bits/invoke.h:114
    #3 0x55e3a53a8eb0 in _M_invoke /usr/include/c++/13/bits/std_function.h:290
    #4 0x55e3a53aa244 in std::function<int ()>::operator()() const /usr/include/c++/13/bits/std_function.h:591
    #5 0x55e3a53a8991 in main dangling_capture.cpp:15
    #6 0x7fd7ca82a1c9 in __libc_start_call_main ../sysdeps/nptl/libc_start_call_main.h:58
    #7 0x7fd7ca82a28a in __libc_start_main_impl ../csu/libc-start.c:360
    #8 0x55e3a53a8324 in _start (.bin_dangling_capture+0x5324) (BuildId: f89a495f607ed9baf41ef012cdb7b95fbd0d6a9e)

Address 0x7fd7c88000b0 is located in stack of thread T0 at offset 48 in frame
    #0 0x55e3a53a84b9 in make_reader() dangling_capture.cpp:6

  This frame has 2 object(s):
    [48, 52) 'portions' (line 7) <== Memory access at offset 48 is inside this variable
    [64, 72) '<unknown>'
HINT: this may be a false positive if your program uses some custom stack unwind mechanism, swapcontext or vfork
      (longjmp and C++ exceptions *are* supported)
SUMMARY: AddressSanitizer: stack-use-after-return dangling_capture.cpp:8 in operator()
Shadow bytes around the buggy address:
  0x7fd7c87ffe00: 00 00 00 00 00 00 00 00 00 00 00 00 00 00 00 00
  0x7fd7c87ffe80: 00 00 00 00 00 00 00 00 00 00 00 00 00 00 00 00
  0x7fd7c87fff00: 00 00 00 00 00 00 00 00 00 00 00 00 00 00 00 00
  0x7fd7c87fff80: 00 00 00 00 00 00 00 00 00 00 00 00 00 00 00 00
  0x7fd7c8800000: f1 f1 f1 f1 00 00 00 00 f3 f3 f3 f3 00 00 00 00
=>0x7fd7c8800080: f5 f5 f5 f5 f5 f5[f5]f5 f5 f5 f5 f5 00 00 00 00
  0x7fd7c8800100: 00 00 00 00 00 00 00 00 00 00 00 00 00 00 00 00
  0x7fd7c8800180: 00 00 00 00 00 00 00 00 00 00 00 00 00 00 00 00
  0x7fd7c8800200: 00 00 00 00 00 00 00 00 00 00 00 00 00 00 00 00
  0x7fd7c8800280: 00 00 00 00 00 00 00 00 00 00 00 00 00 00 00 00
  0x7fd7c8800300: 00 00 00 00 00 00 00 00 00 00 00 00 00 00 00 00
Shadow byte legend (one shadow byte represents 8 application bytes):
  Addressable:           00
  Partially addressable: 01 02 03 04 05 06 07 
  Heap left redzone:       fa
  Freed heap region:       fd
  Stack left redzone:      f1
  Stack mid redzone:       f2
  Stack right redzone:     f3
  Stack after return:      f5
  Stack use after scope:   f8
  Global redzone:          f9
  Global init order:       f6
  Poisoned by user:        f7
  Container overflow:      fc
  Array cookie:            ac
  Intra object redzone:    bb
  ASan internal:           fe
  Left alloca redzone:     ca
  Right alloca redzone:    cb
==29594==ABORTING
