good.ulg
  t_s  yaw_deg  innov_n_m  innov_e_m  max_ratio  fused/samples
    1      0.0      -0.04       0.11       0.12  5/5
    2      0.0       0.01      -0.15       0.26  5/5
    3      0.0      -0.10       0.01       0.16  5/5
    4      0.0      -0.05      -0.17       0.17  5/5
    5      0.0      -0.25       0.11       0.25  5/5
    6      0.0       0.05       0.33       0.31  5/5
    7      0.0      -0.06       0.03       0.12  5/5
    8      0.0       0.02       0.11       0.18  5/5
    9      0.0      -0.07       0.17       0.22  5/5
   10      0.0       0.10       0.08       0.18  5/5
   11     90.0      -0.08       0.23       0.24  5/5
   12    180.0       0.06      -0.11       0.22  5/5
   13    180.0      -0.23      -0.17       0.24  5/5
   14    180.0      -0.04       0.03       0.28  5/5
   15    180.0      -0.14      -0.20       0.24  5/5
   16    180.0       0.35      -0.00       0.45  5/5
   17    180.0       0.11       0.29       0.15  5/5
   18    180.0      -0.24      -0.10       0.28  5/5
   19    180.0       0.10       0.08       0.15  5/5
   20    180.0      -0.26       0.06       0.22  5/5
   21    180.0      -0.04      -0.05       0.36  5/5
   22    180.0       0.23       0.06       0.21  5/5
   23     90.0       0.07       0.02       0.22  5/5
   24      0.0       0.11       0.17       0.13  5/5
   25      0.0      -0.02      -0.11       0.40  5/5
   26      0.0       0.12       0.12       0.21  5/5
   27      0.0      -0.00       0.00       0.50  5/5
   28      0.0      -0.25       0.13       0.15  5/5
   29      0.0      -0.28      -0.08       0.21  5/5
   30      0.0      -0.02      -0.14       0.13  5/5
   31      0.0       0.02      -0.07       0.17  5/5
   32      0.0       0.16       0.07       0.30  5/5
   33      0.0       0.17      -0.10       0.14  5/5
   34      0.0      -0.06      -0.18       0.13  5/5
least-squares fit innov_n = a * cos(yaw) + b over 170 samples: a = -0.01 m
