bad.ulg
  t_s  yaw_deg  innov_n_m  innov_e_m  max_ratio  fused/samples
    1      0.0      -0.29       0.11       0.16  5/5
    2      0.0       0.06      -0.15       0.22  5/5
    3      0.0      -0.08       0.01       0.16  5/5
    4      0.0      -0.03      -0.17       0.17  5/5
    5      0.0      -0.23       0.11       0.25  5/5
    6      0.0       0.06       0.33       0.31  5/5
    7      0.0      -0.05       0.03       0.12  5/5
    8      0.0       0.03       0.11       0.18  5/5
    9      0.0      -0.07       0.17       0.22  5/5
   10      0.0       0.11       0.08       0.18  5/5
   11     90.0       0.51      -0.64       1.13  3/5
   12    180.0       2.33      -0.58       5.87  0/5
   13    180.0       2.35       0.03       3.56  0/5
   14    180.0       2.46       0.24       4.97  0/5
   15    180.0       2.29      -0.02       3.46  0/5
   16    180.0       1.60       0.22       3.91  2/5
   17    180.0      -0.12       0.28       0.20  5/5
   18    180.0      -0.31      -0.16       0.36  5/5
   19    180.0       0.10       0.04       0.14  5/5
   20    180.0      -0.22       0.01       0.19  5/5
   21    180.0       0.02      -0.10       0.30  5/5
   22    180.0       0.29       0.03       0.26  5/5
   23     90.0      -0.46      -0.88       1.61  3/5
   24      0.0      -1.86      -0.27       3.21  1/5
   25      0.0      -2.23       0.27       3.70  0/5
   26      0.0      -2.00       0.52       3.91  0/5
   27      0.0      -1.73       0.45       2.45  1/5
   28      0.0      -1.65       0.52       1.85  1/5
   29      0.0      -0.74       0.14       0.87  5/5
   30      0.0       0.08      -0.03       0.12  5/5
   31      0.0       0.32      -0.02       0.42  5/5
   32      0.0       0.56       0.09       0.70  5/5
   33      0.0       0.61      -0.11       0.53  5/5
   34      0.0       0.36      -0.21       0.20  5/5
least-squares fit innov_n = a * cos(yaw) + b over 170 samples: a = -0.66 m
