file bad.ulg: version 1, start 0 us
messages by type: 'A' 4 'D' 1020 'F' 4 'I' 2 'L' 11 'P' 8

formats and record counts:
  est_innov_model        170 records: uint64_t timestamp; float innov_n; float innov_e; float test_ratio; uint8_t fused;
  est_pos_model          340 records: uint64_t timestamp; float pos_n; float pos_e; float vel_n; float vel_e;
  gnss_model             170 records: uint64_t timestamp; float ant_n; float ant_e;
  vehicle_state_model    340 records: uint64_t timestamp; float yaw_deg; float true_n; float true_e;

information:
  sys_name = dn302-flight-sim
  ver_note = course model, not PX4

parameters:
  UNI_ACC_NOISE       0.150
  UNI_BARO_OFF_Z      0.000
  UNI_GATE            4.000
  UNI_GPS_NOISE       0.300
  UNI_GPS_OFF_X       1.500
  UNI_GPS_OFF_Y       0.000
  UNI_GPS_TOUT        5.000
  UNI_IMU_OFF_X       0.000

logged messages:
     10.80 s  GNSS fusion stopped: test ratio 1.10
     15.60 s  position reset to GNSS after timeout
     15.80 s  GNSS fusion resumed
     22.80 s  GNSS fusion stopped: test ratio 1.61
     23.20 s  GNSS fusion resumed
     23.40 s  GNSS fusion stopped: test ratio 1.40
     26.40 s  GNSS fusion resumed
     26.60 s  GNSS fusion stopped: test ratio 2.02
     27.80 s  GNSS fusion resumed
     28.00 s  GNSS fusion stopped: test ratio 1.00
     28.20 s  GNSS fusion resumed
