trial   old   new   (simulated time units, not measurements)
    1 101.7  91.2
    2  98.5  90.1
    3 145.6  86.7
    4 215.7  86.2
    5 104.2  83.8
    6  99.7  85.0
    7  95.1 113.5
    8  99.9  91.5
    9 218.9 186.9
   10 101.2 124.2
   11 104.6  92.2
   12 103.9  90.8
   13 100.2  91.2
   14 101.3 167.8
   15 103.5  85.7
   16 102.9 163.5
   17 115.9  90.7
   18 102.0 190.0
   19  97.9  86.8
   20 104.8  86.2

median old 102.46, median new 91.00 -> new is 1.13x faster by medians
best old 95.06, best new 83.82 -> 1.13x by best runs
worst old 218.90, best new 83.82 -> 2.61x (worst old against best new: a cherry-picked comparison)
trials in which new beat old (paired by trial number): 15 of 20
