_Z4fma3PKfS0_S0_Pfi:
	s_load_dword s0, s[4:5], 0x4
	s_load_dword s1, s[6:7], 0x20
	s_waitcnt lgkmcnt(0)
	s_and_b32 s0, s0, 0xffff
	s_mul_i32 s8, s8, s0
	v_add_u32_e32 v0, s8, v0
	v_cmp_gt_i32_e32 vcc, s1, v0
	s_and_saveexec_b64 s[0:1], vcc
	s_cbranch_execz .LBB0_2
	s_load_dwordx8 s[0:7], s[6:7], 0x0
	v_ashrrev_i32_e32 v1, 31, v0
	v_lshlrev_b64 v[0:1], 2, v[0:1]
	s_waitcnt lgkmcnt(0)
	v_mov_b32_e32 v3, s1
	v_add_co_u32_e32 v2, vcc, s0, v0
	v_addc_co_u32_e32 v3, vcc, v3, v1, vcc
	global_load_dword v4, v[2:3], off
	v_mov_b32_e32 v3, s3
	v_add_co_u32_e32 v2, vcc, s2, v0
	v_addc_co_u32_e32 v3, vcc, v3, v1, vcc
	global_load_dword v5, v[2:3], off
	v_mov_b32_e32 v3, s5
	v_add_co_u32_e32 v2, vcc, s4, v0
	v_addc_co_u32_e32 v3, vcc, v3, v1, vcc
	global_load_dword v2, v[2:3], off
	v_mov_b32_e32 v3, s7
	v_add_co_u32_e32 v0, vcc, s6, v0
	v_addc_co_u32_e32 v1, vcc, v3, v1, vcc
	s_waitcnt vmcnt(0)
	v_fmac_f32_e32 v2, v4, v5
	global_store_dword v[0:1], v2, off
.LBB0_2:
	s_endpgm
