model: 1 issue per cycle, compute latency 4 cycles
  cycle    0         10        20        30        40        50        60        70        80        90
  issue    0...................0...0...0...00...................0...0...0...00...................0...0...0...00
  warp 0   LmmmmmmmmmmmmmmmmmmmcaaacaaacaaacLmmmmmmmmmmmmmmmmmmmcaaacaaacaaacLmmmmmmmmmmmmmmmmmmmcaaacaaacaaacL
timeline_1_warp      warps  1 ahead 0 compute 4 mem  20 iters 16 | cycles   528 issued   80 busy  15.2 % | idle: memory  304, compute 144
  cycle    0         10        20        30        40        50        60        70        80        90
  issue    0123................01230123012301230123................01230123012301230123................01230123
  warp 0   LmmmmmmmmmmmmmmmmmmmcaaacaaacaaacrrrLmmmmmmmmmmmmmmmmmmmcaaacaaacaaacrrrLmmmmmmmmmmmmmmmmmmmcaaacaaa
  warp 1   rLmmmmmmmmmmmmmmmmmmmcaaacaaacaaacrrrLmmmmmmmmmmmmmmmmmmmcaaacaaacaaacrrrLmmmmmmmmmmmmmmmmmmmcaaacaa
  warp 2   rrLmmmmmmmmmmmmmmmmmmmcaaacaaacaaacrrrLmmmmmmmmmmmmmmmmmmmcaaacaaacaaacrrrLmmmmmmmmmmmmmmmmmmmcaaaca
  warp 3   rrrLmmmmmmmmmmmmmmmmmmmcaaacaaacaaacrrrLmmmmmmmmmmmmmmmmmmmcaaacaaacaaacrrrLmmmmmmmmmmmmmmmmmmmcaaac
timeline_4_warps     warps  4 ahead 0 compute 4 mem  20 iters 16 | cycles   576 issued  320 busy  55.6 % | idle: memory  256, compute   0
w1                   warps  1 ahead 0 compute 8 mem 100 iters 16 | cycles  2064 issued  144 busy   7.0 % | idle: memory 1584, compute 336
w2                   warps  2 ahead 0 compute 8 mem 100 iters 16 | cycles  2080 issued  288 busy  13.8 % | idle: memory 1568, compute 224
w4                   warps  4 ahead 0 compute 8 mem 100 iters 16 | cycles  2112 issued  576 busy  27.3 % | idle: memory 1536, compute   0
w8                   warps  8 ahead 0 compute 8 mem 100 iters 16 | cycles  2624 issued 1152 busy  43.9 % | idle: memory 1472, compute   0
w12                  warps 12 ahead 0 compute 8 mem 100 iters 16 | cycles  3136 issued 1728 busy  55.1 % | idle: memory 1408, compute   0
w16                  warps 16 ahead 0 compute 8 mem 100 iters 16 | cycles  3648 issued 2304 busy  63.2 % | idle: memory 1344, compute   0
w24                  warps 24 ahead 0 compute 8 mem 100 iters 16 | cycles  4672 issued 3456 busy  74.0 % | idle: memory 1216, compute   0
w4_ahead1            warps  4 ahead 1 compute 8 mem 100 iters 16 | cycles  1092 issued  576 busy  52.7 % | idle: memory  516, compute   0
w4_ahead3            warps  4 ahead 3 compute 8 mem 100 iters 16 | cycles   660 issued  576 busy  87.3 % | idle: memory   84, compute   0
w8_ahead1            warps  8 ahead 1 compute 8 mem 100 iters 16 | cycles  1384 issued 1152 busy  83.2 % | idle: memory  232, compute   0
