> mkdir /home
  directory inode 1
> create /home/grades.txt
  file inode 2
> write /home/grades.txt Bo:64,Amara:71
  step 1: bitmap marks block 0 used
  step 2: data written into block 0
  step 3: inode points to block 0, size 14
> rm /home/grades.txt
  removed
> create /home/notes.txt
  file inode 2
> crashwrite /home/notes.txt Bring-a-pencil inode-first 2
  step 1: bitmap marks block 0 used
  step 2: inode points to block 0, size 14
  CRASH
> fsck
  fsck: 0 problem(s) found
> cat /home/notes.txt
  /home/notes.txt (14 bytes): "Bo:64,Amara:71"
