> mkdir /home
  directory inode 1
> create /home/grades.txt
  file inode 2
> write /home/grades.txt Bo:64,Amara:71
  step 1: bitmap marks block 0 used
  step 2: data written into block 0
  step 3: inode points to block 0, size 14
> rm /home/grades.txt
  removed
> create /home/notes.txt
  file inode 2
> crashwrite /home/notes.txt Bring-a-pencil data-first 2
  step 1: bitmap marks block 0 used
  step 2: data written into block 0
  CRASH
> fsck
  block 0 marked used but no inode points to it (leaked)
  fsck: 1 problem(s) found
> cat /home/notes.txt
  /home/notes.txt (0 bytes): ""
