> mkdir /home
  directory inode 1
> create /home/notes.txt
  file inode 2
> write /home/notes.txt Room-12:maths
  step 1: bitmap marks block 0 used
  step 2: data written into block 0
  step 3: inode points to block 0, size 13
> lookup /home/notes.txt
  '/' is inode 0
  look up 'home' in directory inode 0 -> inode 1
  look up 'notes.txt' in directory inode 1 -> inode 2
  -> inode 2
> cat /home/notes.txt
  /home/notes.txt (13 bytes): "Room-12:maths"
> crashwrite /home/notes.txt Room-14:art data-first 1
  step 1: bitmap marks block 1 used
  CRASH
> fsck
  block 1 marked used but no inode points to it (leaked)
  fsck: 1 problem(s) found
> cat /home/notes.txt
  /home/notes.txt (13 bytes): "Room-12:maths"
