D2: entered at EL1, console at 0x9000000
MMU on: MAIR 0xff00 TCR 0x400803519 TTBR0 0x4008b000 SCTLR 0xc5183d (PARange 4)
walk 0x400831d0: indexes L1 1, L2 0, L3 131, offset 0x1d0
  L1[1] = 0x000000004008a003  table
  L2[0] = 0x0000000040089003  table
  L3[131] = 0x0040000040083787  page
  -> PA 0x400831d0, AttrIdx 1, read-only, executable
walk 0x40088008: indexes L1 1, L2 0, L3 136, offset 0x8
  L1[1] = 0x000000004008a003  table
  L2[0] = 0x0000000040089003  table
  L3[136] = 0x0060000040088707  page
  -> PA 0x40088008, AttrIdx 1, read-write, not executable
walk 0x9000000: indexes L1 0, L2 72, L3 0, offset 0x0
  L1[0] = 0x0060000000000401  block
  -> PA 0x9000000, AttrIdx 0, read-write, not executable
walk 0x80000000: indexes L1 2, L2 0, L3 0, offset 0x0
  L1[2] = 0x0000000000000000  invalid
  -> translation fault at level 1
neutral tests on aarch64: sizeof(void*) 8, sizeof(long) 8, page size 4096
  ok   global constructor ran before the tests
  ok   .bss reads as zero
  ok   kformat output identical to the x86-64 B1 line
  info this CPU is little-endian; be32(11 22 33 44) = 0x11223344
  ok   explicit byte-order reads
  ok   pointers round-trip through uintptr_t
  ok   frame allocator uses the arch page size
  ok   std::atomic fetch_add and CAS
  ok   devicetree header valid
  ok   devicetree memory node has a non-empty range
  info memory 0x40000000, 256 MiB
  ok   devicetree has /chosen
neutral tests on aarch64: 10 passed, 0 failed
test: write to the kernel's own code page
exception: synchronous from current EL, SP_ELx (vector entry 4, offset 0x200)
  ESR_EL1 0x9600004f: EC 0x25 = data abort, same EL, IL 1, ISS 0x4f
  fault status 0xf = permission fault; write; FAR_EL1 0x400831d0
  ELR_EL1 0x40082ff8, SPSR_EL1 0x600003c5
test: fault reported as expected
test: read 0x80000000 (no level-1 entry)
exception: synchronous from current EL, SP_ELx (vector entry 4, offset 0x200)
  ESR_EL1 0x96000005: EC 0x25 = data abort, same EL, IL 1, ISS 0x5
  fault status 0x5 = translation fault; read or fetch; FAR_EL1 0x80000000
  ELR_EL1 0x40083004, SPSR_EL1 0x600003c5
test: fault reported as expected
test: call code placed in a data page
exception: synchronous from current EL, SP_ELx (vector entry 4, offset 0x200)
  ESR_EL1 0x8600000f: EC 0x21 = instruction abort, same EL, IL 1, ISS 0xf
  fault status 0xf = permission fault; read or fetch; FAR_EL1 0x40088008
  ELR_EL1 0x40088008, SPSR_EL1 0x600003c5
test: fault reported as expected
GICD at 0x8000000: TYPER 0x37a0008 -> 288 interrupt IDs; GICR region 0x80a0000 (0xf60000 bytes)
generic timer: CNTFRQ_EL0 62500000 Hz; tick every 625000 counts; timer INTID 30; UART INTID 33
ticks: 50 in 32079182 counts = 513 ms of counter time
GIC state: GICR_ISENABLER0 0x40000000 ISPENDR0 0x0 ISACTIVER0 0x0; ICC_RPR_EL1 0xff
UART receive interrupts delivered 6 characters: "hello/"
D2 ok
exit: pass (code 0x10); PSCI SYSTEM_OFF through hvc
