flight A: before the camera (mass 1.00 kg)
  t(s)  setpoint(m)  z(m)   v(m/s)  thrust(N)
   0.0         2.00  0.000   0.000     17.810
   2.0         2.00  2.019   0.162      9.247
   4.0         2.00  2.003  -0.013      9.838
   6.0         2.00  2.000   0.001      9.809
   8.0         2.00  2.000  -0.000      9.810
  10.0         2.00  2.000   0.000      9.810
  12.0         2.00  2.000  -0.000      9.810
  14.0         2.00  2.000  -0.000      9.810
  16.0         2.00  2.000   0.000      9.810
  18.0         2.00  2.000  -0.000      9.810
  20.0         2.00  2.000   0.000      9.810
flight B: with the camera (mass 1.25 kg)
  t(s)  setpoint(m)  z(m)   v(m/s)  thrust(N)
   0.0         2.00  0.000   0.000     17.810
   2.0         2.00  1.436   0.150     11.616
   4.0         2.00  1.390  -0.023     12.320
   6.0         2.00  1.386   0.002     12.259
   8.0         2.00  1.387  -0.000     12.263
  10.0         2.00  1.387   0.000     12.263
  12.0         2.00  1.387  -0.000     12.262
  14.0         2.00  1.387  -0.000     12.263
  16.0         2.00  1.387   0.000     12.262
  18.0         2.00  1.387  -0.000     12.263
  20.0         2.00  1.387   0.000     12.262
