  t(s)  thrust/weight  z(m)    v(m/s)  a(m/s^2)
   0.0           0.90   0.00    0.000     0.000
   0.5           0.90   0.00    0.000     0.000
   1.0           1.00   0.00    0.000     0.000
   1.5           1.00   0.00    0.000     0.000
   2.0           1.20   0.00    0.000     1.962
   2.5           1.20   0.24    0.973     1.915
   3.0           1.20   0.97    1.900     1.781
   3.5           1.20   2.13    2.744     1.585
   4.0           1.20   3.69    3.481     1.356
   4.5           1.20   5.59    4.100     1.122
   5.0           1.20   7.77    4.605     0.902
   5.5           1.20  10.18    5.006     0.709
   6.0           1.20  12.77    5.319     0.547
   6.5           1.20  15.49    5.559     0.417
   7.0           1.20  18.32    5.741     0.314
   7.5           1.20  21.22    5.877     0.235
   8.0           0.80  24.19    5.979    -3.749
   8.5           0.80  26.75    4.336    -2.902
   9.0           0.80  28.58    3.017    -2.417
   9.5           0.80  29.79    1.884    -2.140
  10.0           0.80  30.48    0.855    -1.999
terminal climb speed for thrust/weight 1.2: sqrt(0.2 m g / k) = 6.264 m/s
