$ clang++ --target=i386-unknown-none-elf -std=c++20 -ffreestanding -fno-exceptions -fno-rtti -fno-pic -O2 -Wall -Wextra -Werror -c errors/throw.cpp -o throw.o
errors/throw.cpp:5:9: error: cannot use 'throw' with exceptions disabled
    5 |         throw "division by zero";
      |         ^
1 error generated.
(exit code: 1)
$ clang++ --target=i386-unknown-none-elf -std=c++20 -ffreestanding -fno-exceptions -fno-rtti -fno-pic -O2 -Wall -Wextra -Werror -c errors/rtti.cpp -o rtti.o
errors/rtti.cpp:9:12: error: use of dynamic_cast requires -frtti
    9 |     return dynamic_cast<Uart*>(d) != nullptr;
      |            ^
1 error generated.
(exit code: 1)
$ clang++ --target=i386-unknown-none-elf -std=c++20 -ffreestanding -fno-exceptions -fno-rtti -fno-pic -O2 -Wall -Wextra -Werror -c errors/headers.cpp -o headers.o
errors/headers.cpp:3:10: fatal error: 'cstdint' file not found
    3 | #include <cstdint>    // C++ header: comes from a C++ standard library
      |          ^~~~~~~~~
1 error generated.
(exit code: 1)
$ g++ -std=c++20 -fno-exceptions -c errors/throw.cpp -o throw_gcc.o
errors/throw.cpp: In function 'int checkedDivide(int, int)':
errors/throw.cpp:5:15: error: exception handling disabled, use '-fexceptions' to enable
    5 |         throw "division by zero";
      |               ^~~~~~~~~~~~~~~~~~
(exit code: 1)
