$ ld.lld -m elf_i386 -T forensic/link_old.ld -Map=old.map boot.o kmain.o runtime.o -o old.elf
$ timeout 20 qemu-system-x86_64 -display none -serial none -no-reboot -debugcon stdio -device isa-debug-exit,iobase=0xf4,iosize=0x04 -kernel old.elf
F2-48 kernel: freestanding C++
init_array entries: 0
g_log.lines = 0 (NOT constructed)
__cxa_atexit registrations: 0
virtual call: uart0
tickets: 101 102
(exit code: 35)
$ grep -E -B1 -A3 '^ +[0-9a-f]+ +[0-9a-f]+ +[0-9a-f]+ +[0-9]+ \.(ctors|init_array)' old.map
  101078   101078       14     1                 vtable for Uart
  10108c   10108c        4     4 .init_array
  10108c   10108c        4     4         kmain.o:(.init_array)
  101090   101090        0     1 .ctors
  101090   101090        0     1         __init_array_start = .
  101090   101090        0     1         __init_array_end = .
  102000   102000        4     4 .data
$ objdump -d --no-show-raw-insn old.elf | sed -n '/<_Z21runGlobalConstructorsv>:/,/^$/p'
00100040 <_Z21runGlobalConstructorsv>:
  100040:	push   %ebp
  100041:	mov    %esp,%ebp
  100043:	push   %esi
  100044:	mov    $0x101090,%esi
  100049:	cmp    $0x101090,%esi
  10004f:	je     10006d <_Z21runGlobalConstructorsv+0x2d>
  100051:	nop
  100052:	nop
  100053:	nop
  100054:	nop
  100055:	nop
  100056:	nop
  100057:	nop
  100058:	nop
  100059:	nop
  10005a:	nop
  10005b:	nop
  10005c:	nop
  10005d:	nop
  10005e:	nop
  10005f:	nop
  100060:	call   *(%esi)
  100062:	add    $0x4,%esi
  100065:	cmp    $0x101090,%esi
  10006b:	jne    100060 <_Z21runGlobalConstructorsv+0x20>
  10006d:	pop    %esi
  10006e:	pop    %ebp
  10006f:	ret

$ nm -n old.elf | grep -E '_GLOBAL__sub_I|__init_array'
00100460 t _GLOBAL__sub_I_kmain.cpp
00101090 R __init_array_end
00101090 R __init_array_start
