$ clang++ --target=i386-unknown-none-elf -std=c++20 -ffreestanding -fno-exceptions -fno-rtti -fno-pic -O2 -Wall -Wextra -Werror -c kernel/runtime.cpp -o runtime.o
$ ld.lld -m elf_i386 -T kernel/link.ld -Map=kernel.map boot.o kmain.o runtime.o -o kernel.elf
$ grep -E 'init_array|_GLOBAL__sub_I' kernel.map
  100460   100460       29     1                 _GLOBAL__sub_I_kmain.cpp
  10108c   10108c        4     4 .init_array
  10108c   10108c        0     1         __init_array_start = .
  10108c   10108c        4     4         kmain.o:(.init_array)
  101090   101090        0     1         __init_array_end = .
$ readelf -x .init_array kernel.elf

Hex dump of section '.init_array':
  0x0010108c 60041000                            `...

$ nm -n kernel.elf | grep -E '_GLOBAL__sub_I|__init_array'
00100460 t _GLOBAL__sub_I_kmain.cpp
0010108c D __init_array_start
00101090 D __init_array_end
$ timeout 20 qemu-system-x86_64 -display none -serial none -no-reboot -debugcon stdio -device isa-debug-exit,iobase=0xf4,iosize=0x04 -kernel kernel.elf
F2-48 kernel: freestanding C++
init_array entries: 1
[init] Log constructor ran
g_log.lines = 1 (constructed)
__cxa_atexit registrations: 1
virtual call: uart0
tickets: 101 102
(exit code: 33)
