$ clang++ --target=i386-unknown-none-elf -std=c++20 -ffreestanding -fno-exceptions -fno-rtti -fno-pic -O2 -Wall -Wextra -Werror -c kernel/kmain.cpp -o kmain.o
$ clang --target=i386-unknown-none-elf -c kernel/boot.S -o boot.o
$ nm -C kmain.o | grep ' U '
         U operator delete(void*)
         U operator new(unsigned int)
         U __cxa_atexit
         U __dso_handle
         U __init_array_end
         U __init_array_start
         U g_atexit_registrations
$ ld.lld -m elf_i386 -T kernel/link.ld boot.o kmain.o -o broken.elf
ld.lld: error: undefined symbol: g_atexit_registrations
>>> referenced by kmain.cpp
>>>               kmain.o:(kmain)

ld.lld: error: undefined symbol: operator new(unsigned int)
>>> referenced by kmain.cpp
>>>               kmain.o:(kmain)

ld.lld: error: undefined symbol: operator delete(void*)
>>> referenced by kmain.cpp
>>>               kmain.o:(kmain)
>>> referenced by kmain.cpp
>>>               kmain.o:(Uart::~Uart())

ld.lld: error: undefined symbol: __cxa_atexit
>>> referenced by kmain.cpp
>>>               kmain.o:(_GLOBAL__sub_I_kmain.cpp)
(exit code: 1)
