$ cp -r p1 origin && cd origin && git init -q && git add . && git -c user.name=lab -c user.email=lab@invalid commit -q -m 'P1 skeleton' && git log --oneline | sed 's/^[0-9a-f]* /<commit> /'
<commit> P1 skeleton
$ git clone -q origin clone && cd clone && find . -path ./.git -prune -o -type f -print | sort
./.gitignore
./Makefile
./README.md
./docs/design/README.md
./docs/log/README.md
./kernel/empty.cpp
./tests/test_trivial.cpp
./tools/toolchain.sh
$ cd clone && make
clang++  Ubuntu clang version 18.1.3 (1ubuntu1)
ld.lld   Ubuntu LLD 18.1.3 (compatible with GNU linkers)
g++      g++ (Ubuntu 13.3.0-6ubuntu2~24.04.1) 13.3.0
readelf  GNU readelf (GNU Binutils for Ubuntu) 2.42
make     GNU Make 4.3
git      git version 2.43.0
mkdir -p build/target
clang++ --target=x86_64-unknown-none-elf -std=c++20 -ffreestanding -fno-exceptions -fno-rtti -mno-red-zone -nostdlib -O2 -Wall -Wextra -Werror -c kernel/empty.cpp -o build/target/empty.o
mkdir -p build/host
g++ -std=c++20 -Wall -Wextra -Wpedantic -Werror -g -fsanitize=address,undefined tests/test_trivial.cpp -o build/host/test_trivial
./build/host/test_trivial
test_trivial: pass
$ cd clone && make clean && make target && ls build/target
rm -rf build
mkdir -p build/target
clang++ --target=x86_64-unknown-none-elf -std=c++20 -ffreestanding -fno-exceptions -fno-rtti -mno-red-zone -nostdlib -O2 -Wall -Wextra -Werror -c kernel/empty.cpp -o build/target/empty.o
empty.o
