Ground station log and vehicle link statistics, mission upload of 3 items
     0 ms  GCS  -> COUNT 3
    40 ms  VEH  -> REQUEST 0
    80 ms  GCS  -> ITEM 0
   290 ms  VEH  timeout, request item 0 again (retry 1)
   290 ms  VEH  -> REQUEST 0
   330 ms  GCS  -> ITEM 0
   540 ms  VEH  timeout, request item 0 again (retry 2)
   540 ms  VEH  -> REQUEST 0
   580 ms  GCS  -> ITEM 0
   790 ms  VEH  timeout, request item 0 again (retry 3)
   790 ms  VEH  -> REQUEST 0
   830 ms  GCS  -> ITEM 0
  1040 ms  VEH  timeout, request item 0 again (retry 4)
  1040 ms  VEH  -> REQUEST 0
  1080 ms  GCS  -> ITEM 0
  1290 ms  VEH  timeout, request item 0 again (retry 5)
  1290 ms  VEH  -> REQUEST 0
  1330 ms  GCS  -> ITEM 0
  1540 ms  VEH  giving up on item 0 after 5 retries
  1540 ms  VEH  -> ACK error
  1580 ms  GCS  upload FAILED (ack result 1)
vehicle link statistics: frames ok 1, CRC errors 6 (last bad message id 12), unknown ids 0
ground station link statistics: frames ok 7, CRC errors 0
vehicle stored 0 item(s)
