Run A: perfect link
     0 ms  GCS  -> COUNT 3
    40 ms  VEH  -> REQUEST 0
    80 ms  GCS  -> ITEM 0
   120 ms  VEH  -> REQUEST 1
   160 ms  GCS  -> ITEM 1
   200 ms  VEH  -> REQUEST 2
   240 ms  GCS  -> ITEM 2
   280 ms  VEH  -> ACK accepted
   320 ms  GCS  upload COMPLETE (ack result 0)
vehicle stored 3 item(s): TAKEOFF(0,0,10.0) WP1(20000,0,15.0) WP2(20000,20000,15.0)
frames sent up 4, down 4; vehicle parser: 4 ok, 0 CRC errors

Run B: the 3rd frame up (ITEM 1) and the 5th frame down (the ACK) are lost
     0 ms  GCS  -> COUNT 3
    40 ms  VEH  -> REQUEST 0
    80 ms  GCS  -> ITEM 0
   120 ms  VEH  -> REQUEST 1
   160 ms  GCS  -> ITEM 1   (LOST on the link)
   370 ms  VEH  timeout, request item 1 again (retry 1)
   370 ms  VEH  -> REQUEST 1
   410 ms  GCS  -> ITEM 1
   450 ms  VEH  -> REQUEST 2
   490 ms  GCS  -> ITEM 2
   530 ms  VEH  -> ACK accepted   (LOST on the link)
   740 ms  GCS  timeout, repeat ITEM 2 (retry 1)
   740 ms  GCS  -> ITEM 2
   780 ms  VEH  -> ACK accepted
   820 ms  GCS  upload COMPLETE (ack result 0)
vehicle stored 3 item(s): TAKEOFF(0,0,10.0) WP1(20000,0,15.0) WP2(20000,20000,15.0)
frames sent up 6, down 6; vehicle parser: 5 ok, 0 CRC errors

