--- a/pipe_model.cpp
+++ b/pipe_model.cpp
@@ -32,7 +32,7 @@
         for (std::size_t i = 0; i < k; ++i) static_cast<std::uint8_t*>(out)[i] = buf_[(head_ + i) % buf_.size()];
         head_ = (head_ + k) % buf_.size();
         count_ -= k;
-        writable_.notify_all();                        // space appeared: wake every sleeping writer
+        if (sleeping_writers_ > 0) writable_.notify_all();   // skip the call when nobody sleeps
         return static_cast<long>(k);
     }
 
@@ -50,11 +50,12 @@
                 continue;
             }
             std::size_t k = std::min(n - done, buf_.size() - count_);
+            bool was_empty = count_ == 0;
             for (std::size_t i = 0; i < k; ++i)
                 buf_[(head_ + count_ + i) % buf_.size()] = static_cast<const std::uint8_t*>(in)[done + i];
             count_ += k;
             done += k;
-            readable_.notify_all();                    // data appeared: wake every sleeping reader
+            if (was_empty) readable_.notify_one();     // only an empty pipe can have sleepers
         }
         return static_cast<long>(done);
     }
@@ -172,7 +173,7 @@
     expect(got == total && got_sum == sent_sum, "every byte arrived (sum of 64-bit words matches)");
 
     std::printf("== one writer, two workers taking 100000 records of 64 bytes each ==\n");
-    Pipe jobs(4096);
+    Pipe jobs(8192);
     jobs.add_reader();                                 // two readers share the pipe
     std::atomic<std::uint64_t> taken{0};
     std::atomic<bool> done2{false};
