==================
WARNING: ThreadSanitizer: data race (pid=32561)
  Read of size 4 at 0x560a8fce401c by thread T2:
    #0 count_events race.cc:13 (race_tsan+0x1369) 
    #1 void std::__invoke_impl<void, void (*)(int), int>(std::__invoke_other, void (*&&)(int), int&&) /usr/include/c++/13/bits/invoke.h:61 (race_tsan+0x1557) 
    #2 std::__invoke_result<void (*)(int), int>::type std::__invoke<void (*)(int), int>(void (*&&)(int), int&&) /usr/include/c++/13/bits/invoke.h:96 (race_tsan+0x1557)
    #3 void std::thread::_Invoker<std::tuple<void (*)(int), int> >::_M_invoke<0ul, 1ul>(std::_Index_tuple<0ul, 1ul>) /usr/include/c++/13/bits/std_thread.h:292 (race_tsan+0x1557)
    #4 std::thread::_Invoker<std::tuple<void (*)(int), int> >::operator()() /usr/include/c++/13/bits/std_thread.h:299 (race_tsan+0x1557)
    #5 std::thread::_State_impl<std::thread::_Invoker<std::tuple<void (*)(int), int> > >::_M_run() /usr/include/c++/13/bits/std_thread.h:244 (race_tsan+0x1557)
    #6 <null> <null> (libstdc++.so.6+0xecdb3) 

  Previous write of size 4 at 0x560a8fce401c by thread T1:
    #0 count_events race.cc:13 (race_tsan+0x138a) 
    #1 void std::__invoke_impl<void, void (*)(int), int>(std::__invoke_other, void (*&&)(int), int&&) /usr/include/c++/13/bits/invoke.h:61 (race_tsan+0x1557) 
    #2 std::__invoke_result<void (*)(int), int>::type std::__invoke<void (*)(int), int>(void (*&&)(int), int&&) /usr/include/c++/13/bits/invoke.h:96 (race_tsan+0x1557)
    #3 void std::thread::_Invoker<std::tuple<void (*)(int), int> >::_M_invoke<0ul, 1ul>(std::_Index_tuple<0ul, 1ul>) /usr/include/c++/13/bits/std_thread.h:292 (race_tsan+0x1557)
    #4 std::thread::_Invoker<std::tuple<void (*)(int), int> >::operator()() /usr/include/c++/13/bits/std_thread.h:299 (race_tsan+0x1557)
    #5 std::thread::_State_impl<std::thread::_Invoker<std::tuple<void (*)(int), int> > >::_M_run() /usr/include/c++/13/bits/std_thread.h:244 (race_tsan+0x1557)
    #6 <null> <null> (libstdc++.so.6+0xecdb3) 

  Location is global '(anonymous namespace)::g_events' of size 4 at 0x560a8fce401c (race_tsan+0x401c)

  Thread T2 (tid=32564, running) created by main thread at:
    #0 pthread_create ../../../../src/libsanitizer/tsan/tsan_interceptors_posix.cpp:1022 (libtsan.so.2+0x5ac1a) 
    #1 std::thread::_M_start_thread(std::unique_ptr<std::thread::_State, std::default_delete<std::thread::_State> >, void (*)()) <null> (libstdc++.so.6+0xeceb0) 
    #2 main race.cc:23 (race_tsan+0x13f6) 

  Thread T1 (tid=32563, finished) created by main thread at:
    #0 pthread_create ../../../../src/libsanitizer/tsan/tsan_interceptors_posix.cpp:1022 (libtsan.so.2+0x5ac1a) 
    #1 std::thread::_M_start_thread(std::unique_ptr<std::thread::_State, std::default_delete<std::thread::_State> >, void (*)()) <null> (libstdc++.so.6+0xeceb0) 
    #2 main race.cc:22 (race_tsan+0x13d8) 

SUMMARY: ThreadSanitizer: data race race.cc:13 in count_events
==================
race test: counted 200000 of 200000: pass
ThreadSanitizer: reported 1 warnings
