table DSDT, length field 4129, bytes read 4129, checksum ok, OEM ID "FIRECK"
IDs found in the AML (count = how many devices declare it):
  _CID PNP0A03  x1
  _CID VMCLOCK  x1
  _CID VM_Gen_Counter  x1
  _HID ACPI0013  x1
  _HID AMZNC10C  x1
  _HID FCVMGID  x1
  _HID PNP0303  x1
  _HID PNP0501  x4
  _HID PNP0A08  x1
compared with the hardware IDs Linux reports in /sys/bus/acpi/devices:
  ACPI0013  found in the DSDT
  AMZNC10C  found in the DSDT
  FCVMGID  found in the DSDT
  LNXSYBUS  not in the DSDT (Linux-made or from another table)
  LNXSYSTM  not in the DSDT (Linux-made or from another table)
  PNP0303  found in the DSDT
  PNP0501  found in the DSDT
  PNP0A08  found in the DSDT
