qemu-system-aarch64: info: dtb dumped to .virt.dtb. Exiting.
DTB: total size 1048576 (file 1048576 bytes), version 17
/: "linux,dummy-virt"
/psci: "arm,psci-1.0" "arm,psci-0.2" "arm,psci"
/platform-bus@c000000: "qemu,platform" "simple-bus"
/fw-cfg@9020000: "qemu,fw-cfg-mmio"
/virtio_mmio@a000000: "virtio,mmio"   (and 31 more nodes /virtio_mmio@... like it)
/gpio-keys: "gpio-keys"
/pl061@9030000: "arm,pl061" "arm,primecell"
/pcie@10000000: "pci-host-ecam-generic"
/pl031@9010000: "arm,pl031" "arm,primecell"
/pl011@9000000: "arm,pl011" "arm,primecell"
/pmu: "arm,armv8-pmuv3"
/intc@8000000: "arm,cortex-a15-gic"
/intc@8000000/v2m@8020000: "arm,gic-v2m-frame"
/flash@0: "cfi-flash"
/cpus/cpu@0: "arm,cortex-a57"
/timer: "arm,armv8-timer" "arm,armv7-timer"
/apb-pclk: "fixed-clock"
56 nodes, 48 with a compatible property; walk ended cleanly on END
