F4-14 device report
cpu: vendor "AuthenticAMD" family 0x0f model 0x6b stepping 1 hypervisor-bit 1
pci 00:00.0 id 8086:29c0 sub 1af4:1100 rev 00 class 06 00 00 hdr 00
pci 00:01.0 id 8086:100e sub 1af4:1100 rev 03 class 02 00 00 hdr 00
    bar0 mem32 base 0xfeb80000 size 0x00020000
    bar1 io    base 0x0000c000 size 0x00000040
pci 00:02.0 id 1234:11e8 sub 1af4:1100 rev 10 class 00 ff 00 hdr 00
    bar0 mem32 base 0xfea00000 size 0x00100000
pci 00:03.0 id 1b36:0010 sub 1af4:1100 rev 02 class 01 08 02 hdr 00
    bar0 mem64 base 0xfeba0000 size 0x00004000
pci 00:04.0 id 1b36:000d sub 1af4:1100 rev 01 class 0c 03 30 hdr 00
    bar0 mem64 base 0xfeba4000 size 0x00004000
pci 00:05.0 id 8086:2668 sub 1af4:1100 rev 01 class 04 03 00 hdr 00
    bar0 mem32 base 0xfeba8000 size 0x00004000
pci 00:06.0 id 1af4:1005 sub 1af4:0004 rev 00 class 00 ff 00 hdr 00
    bar0 io    base 0x0000c080 size 0x00000020
    bar1 mem32 base 0xfebac000 size 0x00001000
    bar4 mem64 base 0xfebfc000 size 0x00004000
pci 00:1f.0 id 8086:2918 sub 1af4:1100 rev 02 class 06 01 00 hdr 80
pci: 8 functions
acpi: RSDP at 0x000f5290, RSDT at 0x07fe2303
acpi table FACP length 244 checksum ok
acpi table APIC length 120 checksum ok
acpi table HPET length 56 checksum ok
acpi table MCFG length 60 checksum ok
acpi table WAET length 40 checksum ok
acpi table DSDT length 8379 checksum ok (dump follows)
devreport: done
