pci.ids: 2378 vendors, 18685 devices, 210 class entries

== PCI functions (11) ==
00:00.0  8086:0d57 sub 0000:0000 rev 00 class 060000
        name:   Intel Corporation / (device not in pci.ids)
        class:  Bridge / Host bridge
        driver: none
00:01.0  1af4:1045 sub 1af4:1045 rev 01 class ffff00
        name:   Red Hat, Inc. / Virtio 1.0 memory balloon
        class:  Unassigned class / Unassigned class
        driver: virtio-pci
00:02.0  1af4:1042 sub 1af4:1042 rev 01 class 018000
        name:   Red Hat, Inc. / Virtio 1.0 block device
        class:  Mass storage controller / Mass storage controller
        driver: virtio-pci
00:03.0  1af4:1042 sub 1af4:1042 rev 01 class 018000
        name:   Red Hat, Inc. / Virtio 1.0 block device
        class:  Mass storage controller / Mass storage controller
        driver: virtio-pci
00:04.0  1af4:1042 sub 1af4:1042 rev 01 class 018000
        name:   Red Hat, Inc. / Virtio 1.0 block device
        class:  Mass storage controller / Mass storage controller
        driver: virtio-pci
00:05.0  1af4:1042 sub 1af4:1042 rev 01 class 018000
        name:   Red Hat, Inc. / Virtio 1.0 block device
        class:  Mass storage controller / Mass storage controller
        driver: virtio-pci
00:06.0  1af4:1042 sub 1af4:1042 rev 01 class 018000
        name:   Red Hat, Inc. / Virtio 1.0 block device
        class:  Mass storage controller / Mass storage controller
        driver: virtio-pci
00:07.0  1af4:1042 sub 1af4:1042 rev 01 class 018000
        name:   Red Hat, Inc. / Virtio 1.0 block device
        class:  Mass storage controller / Mass storage controller
        driver: virtio-pci
00:08.0  1af4:1041 sub 1af4:1041 rev 01 class 020000
        name:   Red Hat, Inc. / Virtio 1.0 network device
        class:  Network controller / Ethernet controller
        driver: virtio-pci
00:09.0  1af4:1053 sub 1af4:1053 rev 01 class ffff00
        name:   Red Hat, Inc. / Virtio 1.0 socket
        class:  Unassigned class / Unassigned class
        driver: virtio-pci
00:0a.0  1af4:1044 sub 1af4:1044 rev 01 class ffff00
        name:   Red Hat, Inc. / Virtio 1.0 RNG
        class:  Unassigned class / Unassigned class
        driver: virtio-pci

== ACPI devices with a hardware ID (12) ==
ACPI0013  \_SB_.GED_  ACPI ID, vendor ACPI (registry not available offline)  physical node: ACPI0013:00
AMZNC10C  \_SB_.VCLK  ACPI ID, vendor AMZN (registry not available offline)  physical node: AMZNC10C:00
FCVMGID   \_SB_.VGEN  neither ID shape  physical node: FCVMGID:00
LNXSYBUS  \_SB_  neither ID shape  physical node: none
LNXSYBUS  \_TZ_  neither ID shape  physical node: none
LNXSYSTM  \  neither ID shape  physical node: none
PNP0303   \_SB_.PS2_  PNP ID, prefix PNP: Microsoft  physical node: 00:04
PNP0501   \_SB_.COM1  PNP ID, prefix PNP: Microsoft  physical node: 00:00
PNP0501   \_SB_.COM2  PNP ID, prefix PNP: Microsoft  physical node: 00:01
PNP0501   \_SB_.COM3  PNP ID, prefix PNP: Microsoft  physical node: 00:02
PNP0501   \_SB_.COM4  PNP ID, prefix PNP: Microsoft  physical node: 00:03
PNP0A08   \_SB_.PC00  PNP ID, prefix PNP: Microsoft  physical node: pci0000:00
