pci.ids version 2024.03.31: 2378 vendors, 18685 devices
00:00.0  8086:29c0  Intel Corporation : 82G33/G31/P35/P31 Express DRAM Controller
           class 06 00 00 = Bridge / Host bridge
00:01.0  8086:100e  Intel Corporation : 82540EM Gigabit Ethernet Controller
           class 02 00 00 = Network controller / Ethernet controller
00:02.0  1234:11e8  (vendor 1234 not in pci.ids) : (device not in pci.ids)
           class 00 ff 00 = Unclassified device
00:03.0  1b36:0010  Red Hat, Inc. : QEMU NVM Express Controller
           class 01 08 02 = Mass storage controller / Non-Volatile memory controller / NVM Express
00:04.0  1b36:000d  Red Hat, Inc. : QEMU XHCI Host Controller
           class 0c 03 30 = Serial bus controller / USB controller / XHCI
00:05.0  8086:2668  Intel Corporation : 82801FB/FBM/FR/FW/FRW (ICH6 Family) High Definition Audio Controller
           class 04 03 00 = Multimedia controller / Audio device
00:06.0  1af4:1005  Red Hat, Inc. : Virtio RNG
           class 00 ff 00 = Unclassified device
00:1f.0  8086:2918  Intel Corporation : 82801IB (ICH9) LPC Interface Controller
           class 06 01 00 = Bridge / ISA bridge
00:1f.2  8086:2922  Intel Corporation : 82801IR/IO/IH (ICH9R/DO/DH) 6 port SATA Controller [AHCI mode]
           class 01 06 01 = Mass storage controller / SATA controller / AHCI 1.0
00:1f.3  8086:2930  Intel Corporation : 82801I (ICH9 Family) SMBus Controller
           class 0c 05 00 = Serial bus controller / SMBus
1 function(s) without a device name in pci.ids
