first order: table 2
size 2, capacity 2
size 3, capacity 4
first order again: table =================================================================
==29505==ERROR: AddressSanitizer: heap-use-after-free on address 0x507000000090 at pc 0x55a64d2447d7 bp 0x7ffeb1dcc400 sp 0x7ffeb1dcc3f0
READ of size 4 at 0x507000000090 thread T0
    #0 0x55a64d2447d6 in main dangling.cpp:23
    #1 0x7fcfe9a2a1c9 in __libc_start_call_main ../sysdeps/nptl/libc_start_call_main.h:58
    #2 0x7fcfe9a2a28a in __libc_start_main_impl ../csu/libc-start.c:360
    #3 0x55a64d243584 in _start (.bin_dangling+0x12584) (BuildId: eea8ecef6eead0bb74dd59a0b3b93570e13a23ed)

0x507000000090 is located 0 bytes inside of 80-byte region [0x507000000090,0x5070000000e0)
freed by thread T0 here:
    #0 0x7fcfeaaff5e8 in operator delete(void*, unsigned long) ../../../../src/libsanitizer/asan/asan_new_delete.cpp:164
    #1 0x55a64d24c9e3 in std::__new_allocator<Order>::deallocate(Order*, unsigned long) /usr/include/c++/13/bits/new_allocator.h:172
    #2 0x55a64d2499b8 in std::allocator<Order>::deallocate(Order*, unsigned long) /usr/include/c++/13/bits/allocator.h:210
    #3 0x55a64d2499b8 in std::allocator_traits<std::allocator<Order> >::deallocate(std::allocator<Order>&, Order*, unsigned long) /usr/include/c++/13/bits/alloc_traits.h:517
    #4 0x55a64d2499b8 in std::_Vector_base<Order, std::allocator<Order> >::_M_deallocate(Order*, unsigned long) /usr/include/c++/13/bits/stl_vector.h:390
    #5 0x55a64d24b141 in void std::vector<Order, std::allocator<Order> >::_M_realloc_insert<Order>(__gnu_cxx::__normal_iterator<Order*, std::vector<Order, std::allocator<Order> > >, Order&&) /usr/include/c++/13/bits/vector.tcc:519
    #6 0x55a64d24905f in Order& std::vector<Order, std::allocator<Order> >::emplace_back<Order>(Order&&) /usr/include/c++/13/bits/vector.tcc:123
    #7 0x55a64d24793b in std::vector<Order, std::allocator<Order> >::push_back(Order&&) /usr/include/c++/13/bits/stl_vector.h:1299
    #8 0x55a64d244331 in main dangling.cpp:20
    #9 0x7fcfe9a2a1c9 in __libc_start_call_main ../sysdeps/nptl/libc_start_call_main.h:58
    #10 0x7fcfe9a2a28a in __libc_start_main_impl ../csu/libc-start.c:360
    #11 0x55a64d243584 in _start (.bin_dangling+0x12584) (BuildId: eea8ecef6eead0bb74dd59a0b3b93570e13a23ed)

previously allocated by thread T0 here:
    #0 0x7fcfeaafe548 in operator new(unsigned long) ../../../../src/libsanitizer/asan/asan_new_delete.cpp:95
    #1 0x55a64d24ca7c in std::__new_allocator<Order>::allocate(unsigned long, void const*) /usr/include/c++/13/bits/new_allocator.h:151
    #2 0x55a64d249e6b in std::allocator<Order>::allocate(unsigned long) /usr/include/c++/13/bits/allocator.h:198
    #3 0x55a64d249e6b in std::allocator_traits<std::allocator<Order> >::allocate(std::allocator<Order>&, unsigned long) /usr/include/c++/13/bits/alloc_traits.h:482
    #4 0x55a64d249e6b in std::_Vector_base<Order, std::allocator<Order> >::_M_allocate(unsigned long) /usr/include/c++/13/bits/stl_vector.h:381
    #5 0x55a64d248429 in void std::vector<Order, std::allocator<Order> >::_M_range_initialize<Order const*>(Order const*, Order const*, std::forward_iterator_tag) /usr/include/c++/13/bits/stl_vector.h:1692
    #6 0x55a64d246c61 in std::vector<Order, std::allocator<Order> >::vector(std::initializer_list<Order>, std::allocator<Order> const&) /usr/include/c++/13/bits/stl_vector.h:682
    #7 0x55a64d243c23 in main dangling.cpp:15
    #8 0x7fcfe9a2a1c9 in __libc_start_call_main ../sysdeps/nptl/libc_start_call_main.h:58
    #9 0x7fcfe9a2a28a in __libc_start_main_impl ../csu/libc-start.c:360
    #10 0x55a64d243584 in _start (.bin_dangling+0x12584) (BuildId: eea8ecef6eead0bb74dd59a0b3b93570e13a23ed)

SUMMARY: AddressSanitizer: heap-use-after-free dangling.cpp:23 in main
Shadow bytes around the buggy address:
  0x506ffffffe00: 00 00 00 00 00 00 00 00 00 00 00 00 00 00 00 00
  0x506ffffffe80: 00 00 00 00 00 00 00 00 00 00 00 00 00 00 00 00
  0x506fffffff00: 00 00 00 00 00 00 00 00 00 00 00 00 00 00 00 00
  0x506fffffff80: 00 00 00 00 00 00 00 00 00 00 00 00 00 00 00 00
  0x507000000000: fa fa fa fa 00 00 00 00 00 00 00 00 04 fa fa fa
=>0x507000000080: fa fa[fd]fd fd fd fd fd fd fd fd fd fa fa fa fa
  0x507000000100: fa fa fa fa fa fa fa fa fa fa fa fa fa fa fa fa
  0x507000000180: fa fa fa fa fa fa fa fa fa fa fa fa fa fa fa fa
  0x507000000200: fa fa fa fa fa fa fa fa fa fa fa fa fa fa fa fa
  0x507000000280: fa fa fa fa fa fa fa fa fa fa fa fa fa fa fa fa
  0x507000000300: fa fa fa fa fa fa fa fa fa fa fa fa fa fa fa fa
Shadow byte legend (one shadow byte represents 8 application bytes):
  Addressable:           00
  Partially addressable: 01 02 03 04 05 06 07 
  Heap left redzone:       fa
  Freed heap region:       fd
  Stack left redzone:      f1
  Stack mid redzone:       f2
  Stack right redzone:     f3
  Stack after return:      f5
  Stack use after scope:   f8
  Global redzone:          f9
  Global init order:       f6
  Poisoned by user:        f7
  Container overflow:      fc
  Array cookie:            ac
  Intra object redzone:    bb
  ASan internal:           fe
  Left alloca redzone:     ca
  Right alloca redzone:    cb
==29505==ABORTING
