mode: sequential chain, 4000000 dependent loads per size
   working set  ns per load
         4 KiB         1.91
         8 KiB         1.90
        16 KiB         2.18
        32 KiB         2.14
        64 KiB         5.56
       128 KiB         4.09
       256 KiB         4.10
       512 KiB         4.19
      1024 KiB         4.41
      2048 KiB         5.90
      4096 KiB         7.02
      8192 KiB         6.88
     16384 KiB         6.92
     32768 KiB         6.99
     65536 KiB        14.87
    131072 KiB        15.71
    262144 KiB        15.88
(checksum 7235072)
