mode: random chain, 4000000 dependent loads per size
   working set  ns per load
         4 KiB         1.92
         8 KiB         1.94
        16 KiB         1.88
        32 KiB         1.98
        64 KiB         5.51
       128 KiB         5.43
       256 KiB         5.98
       512 KiB         6.15
      1024 KiB         7.93
      2048 KiB        38.19
      4096 KiB        57.04
      8192 KiB        82.99
     16384 KiB       123.43
     32768 KiB       175.30
     65536 KiB       202.92
    131072 KiB       228.48
    262144 KiB       263.64
(checksum 4997312)
