[t=000000 n2] DS403 cluster kernel (F5-46), node 2, loaded by "iPXE 1.21.1+git-20220113.fbbdc3"
[t=000000 n2] e1000 up, MAC 52:54:00:44:03:02
[t=000000 n2] view 1: {2} (start)
[t=000000 n2] dfs client: server is node 1, cache validated by qid version
[t=000073 n2] view 2: {1,2,3} (was {2})
[t=000201 n2] attach: ok
[t=000202 n2] read / (the directory): 5 bytes
  | motd
[t=000203 n2] walk motd: ok
[t=000204 n2] read motd: 29 bytes
  | welcome to the DS403 cluster
[t=000206 n2] create notes: ok
[t=000207 n2] write notes: 18 bytes
[t=000208 n2] read notes: 18 bytes
  | hello from node 2
[t=000601 n2] dfs: cached 'notes' is version 1, server has 2: fetching
[t=000602 n2] read notes again: 40 bytes
  | hello from node 2
  | and hello from node 3
[t=000961 n2] view 3: {2,3} (was {1,2,3})
[t=001100 n2] dfs: no reply to op 7 tag 10 from node 1 (attempt 1 of 3)
[t=001200 n2] dfs: no reply to op 7 tag 10 from node 1 (attempt 2 of 3)
[t=001300 n2] dfs: no reply to op 7 tag 10 from node 1 (attempt 3 of 3)
[t=001300 n2] read notes after the server left: error -110 (server unreachable (timed out))
[t=001447 n2] view 4: {2} (was {2,3})
[t=001500 n2] life of 1500 ticks reached, halting
