[t=000000 n2] DS403 cluster kernel (F5-46), node 2, loaded by "iPXE 1.21.1+git-20220113.fbbdc3"
[t=000000 n2] e1000 up, MAC 52:54:00:44:03:02
[t=000000 n2] view 1: {2} (start)
[t=000001 n2] dfs client: server is node 1, cache NAIVE (never revalidates)
[t=000044 n2] view 2: {1,2,3} (was {2})
[t=000201 n2] attach: ok
[t=000201 n2] read / (the directory): 5 bytes
  | motd
[t=000203 n2] walk motd: ok
[t=000203 n2] read motd: 29 bytes
  | welcome to the DS403 cluster
[t=000203 n2] create notes: ok
[t=000204 n2] write notes: 18 bytes
[t=000204 n2] read notes: 18 bytes
  | hello from node 2
[t=000600 n2] dfs: read 'notes' from the cache (version 1, not checked)
[t=000600 n2] read notes again: 18 bytes
  | hello from node 2
[t=000969 n2] view 3: {2,3} (was {1,2,3})
[t=001000 n2] dfs: read 'notes' from the cache (version 1, not checked)
[t=001000 n2] read notes after the server left: 18 bytes
  | hello from node 2
[t=001500 n2] life of 1500 ticks reached, halting
