=== reclamation off ===
t=0  REJECT cache: quota of cara/prod has 8 CPU left, task needs 12
t=0  place web1 on m1
t=0  place web2 on m1
t=0  place web3 on m2
t=0  place web4 on m2
t=1  place b1 on m3
t=1  place b2 on m3
t=1  place b3 on m3
t=1  place b4 on m3
t=10  PREEMPT b1 on m3 for api
t=10  PREEMPT b2 on m3 for api
t=10  PREEMPT b3 on m3 for api
t=10  place api on m3
t=31  done b4
t=31  place b1 on m3
at t=60: web1=m1 web2=m1 web3=m2 web4=m2 b1=m3(preempted 1x) b2=pending(preempted 1x) b3=pending(preempted 1x) b4=done b5=pending b6=pending api=m3
running tasks 6; CPU reserved by their limits 48 of 48; CPU actually used 22 of 48

=== reclamation on ===
t=0  REJECT cache: quota of cara/prod has 8 CPU left, task needs 12
t=0  place web1 on m1
t=0  place web2 on m1
t=0  place web3 on m2
t=0  place web4 on m2
t=1  place b1 on m1
t=1  place b2 on m1
t=1  place b3 on m2
t=1  place b4 on m2
t=1  place b5 on m3
t=1  place b6 on m3
t=10  PREEMPT b5 on m3 for api
t=10  place api on m3
t=11  place b5 on m3
t=31  done b1
t=31  done b2
t=31  done b3
t=31  done b4
t=31  done b6
t=41  done b5
at t=60: web1=m1 web2=m1 web3=m2 web4=m2 b1=done b2=done b3=done b4=done b5=done(preempted 1x) b6=done api=m3
running tasks 5; CPU reserved by their limits 44 of 48; CPU actually used 18 of 48

