=== reclamation on ===
t=0  place svc1 on m1
t=0  place svc2 on m2
t=1  place sim on m1
t=15  PREEMPT sim on m1 for report1
t=15  place report1 on m1
t=16  place sim on m1
t=25  done report1
t=35  PREEMPT sim on m1 for report2
t=35  place report2 on m1
t=36  place sim on m1
t=45  done report2
t=55  PREEMPT sim on m1 for report3
t=55  place report3 on m1
t=56  place sim on m1
t=65  done report3
t=75  PREEMPT sim on m1 for report4
t=75  place report4 on m1
t=76  place sim on m1
t=85  done report4
t=95  PREEMPT sim on m1 for report5
t=95  place report5 on m1
t=96  place sim on m1
t=105  done report5
at t=120: svc1=m1 svc2=m2 sim=m1(preempted 5x) report1=done report2=done report3=done report4=done report5=done
running tasks 3; CPU reserved by their limits 32 of 32; CPU actually used 14 of 32

