kernel: Linux 6.18.44-fc-v114 x86_64
file read_stack.tmp (32 MiB) is on block device 254:0 (vda), driver virtio_blk
reader thread: read() of 4096 bytes with O_DIRECT, called more than 1000 times
kernel stacks sampled: fewer than 1000; distinct call chains: 10 or more

most frequent chain, more than half of all samples (innermost first):
    blk_io_schedule
    __iomap_dio_rw
    iomap_dio_rw
    ext4_file_read_iter
    vfs_read
    ksys_read
    __x64_sys_read
    x64_sys_call
    do_syscall_64
    entry_SYSCALL_64_after_hwframe

first chain that reached the block driver (innermost first):
    virtqueue_notify
    virtio_queue_rq
    blk_mq_dispatch_rq_list
    __blk_mq_do_dispatch_sched
    __blk_mq_sched_dispatch_requests
    blk_mq_sched_dispatch_requests
    blk_mq_run_hw_queue
    blk_mq_dispatch_list
    blk_mq_flush_plug_list
    __blk_flush_plug
    blk_finish_plug
    __iomap_dio_rw
    iomap_dio_rw
    ext4_file_read_iter
    vfs_read
    ksys_read
    __x64_sys_read
    x64_sys_call
    do_syscall_64
    entry_SYSCALL_64_after_hwframe

in this kernel's symbol table (/proc/kallsyms):
    ksys_read  present
    vfs_read  present
    ext4_file_read_iter  present
    iomap_dio_rw  present
    submit_bio  present
    blk_mq_submit_bio  present
    virtio_queue_rq  present
    nvme_queue_rq  absent
