==================== log_a_flyaway.csv
# Log A - team B, quad Q2, firmware v1.5 config 91be, hover-and-translate test (15 x 10 m)
# params: cells=4 batt_capacity_mah=1500 batt_low_pct=30 batt_crit_pct=15 batt_low_cell_v=0.00 fence_radius=100 rtl_alt=15 rc_timeout=1.0
# pre-arm: mag_norm=1.000 volts=16.59 rc_valid=1
# event 0.00 DISARMED -> TAKEOFF (armed)
# event 6.34 TAKEOFF -> MISSION (take-off altitude reached)
# event 9.20 waypoint 1 reached
# event 12.93 waypoint 2 reached
# event 15.83 waypoint 3 reached
# event 19.75 waypoint 4 reached
# event 22.75 waypoint 5 reached
# event 26.99 waypoint 6 reached
# event 33.46 waypoint 7 reached
# event 37.69 waypoint 8 reached
# event 187.12 MISSION -> RTL (failsafe: battery low)
# event 224.52 RTL -> LAND (failsafe: battery critical)
# event 250.56 LAND -> DISARMED (landed)
# log ends: disarmed at 250.57 s
  t[s] mode    home[m]    amps   V/cell  magnrm  cmd->meas      used    rem[%]     need     spare
                        (mean)    (min)  (mean)  [deg,med]     [mAh]              [mAh]     [mAh]
     0 MISSION     1.9    18.1     3.96   0.142         17       101      93.3      159      1399
    20 MISSION     5.2    19.4     3.88   0.086         26       208      86.1      175      1292
    40 MISSION    17.9    19.9     3.81   0.075         34       318      78.8      197      1182
    60 MISSION    23.8    20.1     3.77   0.071         41       430      71.3      208      1070
    80 MISSION    21.6    20.3     3.73   0.070         43       542      63.8      207       958
   100 MISSION    34.8    20.5     3.70   0.070         51       656      56.2      229       844
   120 MISSION    33.2    20.7     3.66   0.072         53       771      48.6      229       729
   140 MISSION    45.5    20.9     3.62   0.075         57       888      40.8      249       612
   160 MISSION    68.6    21.1     3.59   0.079         61      1005      33.0      287       495
   180 RTL        35.9    21.6     3.53   0.100         70      1125      25.0      242       375
   200 RTL        68.7    21.5     3.50   0.091         66      1245      17.0      293       255
   220 LAND       60.5    21.7     3.38   0.095         68      1365       9.0      282       135
   240 LAND      179.0    22.3     3.27   0.120         71      1433       4.5      481        67
mag_norm: on the ground before arming 1.000; in flight min 0.070, max 0.430
charge used at end of log: 1433 mAh; configured capacity: 1500 mAh
==================== log_b_late_battery.csv
# Log B - team C, quad Q3, firmware v1.4 config 5a10, survey laps
# params: cells=4 batt_capacity_mah=2000 batt_low_pct=30 batt_crit_pct=15 batt_low_cell_v=0.00 fence_radius=300 rtl_alt=15 rc_timeout=1.0
# pre-arm: mag_norm=1.000 volts=16.59 rc_valid=1
# event 0.00 DISARMED -> TAKEOFF (armed)
# event 6.34 TAKEOFF -> MISSION (take-off altitude reached)
# event 41.55 waypoint 1 reached
# event 52.31 waypoint 2 reached
# event 90.61 waypoint 3 reached
# event 100.83 waypoint 4 reached
# event 136.08 waypoint 5 reached
# event 146.74 waypoint 6 reached
# event 185.01 waypoint 7 reached
# event 195.14 waypoint 8 reached
# event 230.42 waypoint 9 reached
# event 241.06 waypoint 10 reached
# event 267.73 MISSION -> RTL (failsafe: battery low)
# log ends: impact at 283.12 s
  t[s] mode    home[m]    amps   V/cell  magnrm  cmd->meas      used    rem[%]     need     spare
                        (mean)    (min)  (mean)  [deg,med]     [mAh]              [mAh]     [mAh]
     0 MISSION    54.3    17.3     3.98   1.000         -3        96      95.2      217      1904
    20 MISSION   141.3    17.5     3.90   1.000        nan       193      90.3      330      1807
    40 MISSION   130.5    18.3     3.83   1.000          7       294      85.3      330      1706
    60 MISSION    58.7    18.3     3.80   1.000        nan       396      80.2      236      1604
    80 MISSION     5.3    18.5     3.76   1.000         11       498      75.1      167      1502
   100 MISSION    78.0    18.5     3.73   1.000          4       601      69.9      264      1399
   120 MISSION   151.1    18.7     3.69   1.000          4       705      64.7      366      1295
   140 MISSION   109.3    19.1     3.65   1.000         10       811      59.5      315      1189
   160 MISSION    44.5    19.1     3.62   1.000        nan       917      54.1      227      1083
   180 MISSION    15.7    19.3     3.60   1.000          2      1025      48.8      189       975
   200 MISSION   102.7    19.2     3.58   1.000        nan      1131      43.4      308       869
   220 MISSION   154.4    19.6     3.51   1.000          7      1240      38.0      389       760
   240 MISSION    88.4    20.2     3.42   1.000         10      1353      32.4      304       647
   260 RTL        29.5    21.3     3.21   1.000          1      1472      26.4      229       528
   280 RTL        18.4    12.6     3.25   1.000       -154      1484      25.8      125       516
mag_norm: on the ground before arming 1.000; in flight min 1.000, max 1.000
charge used at end of log: 1484 mAh; configured capacity: 2000 mAh
