---- log_a_flyaway.csv (excerpt; '#' lines are shown by logscan)
t,mode,x,y,z,vx,vy,vz,acx_cmd,acy_cmd,yaw_est_deg,mag_hdg_deg,mag_norm,volts,amps,used_mah,rem_pct
0.00,TAKEOFF,-0.01,-0.08,-0.08,-0.01,-0.01,0.01,0.10,0.31,0.3,0.3,1.000,16.59,0.3,0,100.0
10.00,MISSION,9.66,-0.58,9.91,-0.47,-1.21,0.05,-3.79,1.26,-30.3,-43.8,0.093,15.94,19.1,51,96.6
20.00,MISSION,0.58,-0.53,9.89,-0.09,2.33,0.01,3.71,-1.50,-40.1,-38.3,0.102,15.87,18.9,103,93.1
30.00,MISSION,10.50,2.34,9.95,3.86,-2.57,0.03,-3.98,0.43,-50.6,-52.1,0.085,15.68,19.4,157,89.5
40.00,MISSION,5.30,4.92,9.98,5.52,0.63,-0.04,-1.75,-3.60,-57.0,-59.5,0.078,15.55,20.1,211,85.9
50.00,MISSION,16.02,-3.06,10.01,-1.19,-3.96,0.02,-1.86,3.54,-64.3,-64.2,0.075,15.41,20.1,266,82.3
60.00,MISSION,14.05,-8.35,9.86,-4.67,-1.18,-0.04,1.61,3.66,-70.2,-70.1,0.072,15.28,19.9,321,78.6
70.00,MISSION,15.21,-10.44,9.74,-5.07,-1.09,0.14,1.82,3.56,-74.7,-75.9,0.071,15.21,20.4,377,74.9
80.00,MISSION,20.20,-9.82,10.12,-4.40,-3.38,-0.01,0.46,3.97,-79.2,-77.3,0.070,15.13,20.1,433,71.2
90.00,MISSION,26.94,-2.56,10.06,-0.34,-5.90,-0.05,-2.28,3.29,-82.3,-84.8,0.070,15.02,20.2,489,67.4
100.00,MISSION,21.19,10.81,10.21,6.37,-2.41,-0.06,-3.98,-0.42,-86.5,-89.3,0.070,14.99,20.7,545,63.6
110.00,MISSION,1.03,-0.97,9.94,0.55,7.53,0.03,2.14,-3.38,-91.4,-97.2,0.071,14.90,20.7,602,59.9
120.00,MISSION,26.84,-20.67,9.98,-5.89,-3.41,-0.02,1.40,3.75,-95.3,-97.7,0.071,14.81,20.2,659,56.1
130.00,MISSION,26.34,16.13,10.06,7.70,-2.29,0.01,-3.98,-0.43,-100.5,-105.6,0.074,14.74,21.0,717,52.2
140.00,MISSION,10.99,-28.97,10.03,-7.09,3.04,-0.06,3.85,1.09,-102.9,-99.1,0.072,14.68,20.7,774,48.4
150.00,MISSION,39.99,13.55,9.94,6.97,-5.27,-0.02,-3.85,1.07,-107.8,-111.1,0.076,14.60,20.7,832,44.5
160.00,MISSION,16.19,-39.98,9.94,-7.93,1.92,-0.04,3.69,1.55,-110.1,-105.1,0.074,14.54,20.6,891,40.6
170.00,MISSION,29.12,21.29,10.02,9.53,-0.58,0.02,-3.89,-0.95,-113.1,-115.6,0.080,14.45,21.2,949,36.7
180.00,MISSION,50.20,-46.32,9.88,-6.37,-5.55,0.07,1.26,3.80,-115.6,-115.7,0.081,14.37,21.1,1008,32.8
190.00,RTL,-5.92,-15.06,13.85,3.11,8.93,1.37,-0.77,-3.93,-133.3,-70.7,0.072,14.36,19.8,1069,28.7
200.00,RTL,-7.78,-36.61,15.13,-7.67,-1.31,-0.08,3.26,2.32,-120.6,-117.9,0.082,14.23,21.1,1128,24.8
210.00,RTL,-30.91,29.35,15.13,7.27,7.84,0.05,-1.23,-3.81,-124.7,-125.5,0.091,14.17,21.8,1187,20.8
220.00,RTL,67.42,21.64,14.96,7.15,-8.12,0.08,-3.50,1.94,-129.9,-129.9,0.097,13.98,22.1,1248,16.8
230.00,LAND,64.39,-50.23,11.96,-7.29,0.88,-0.59,3.84,1.12,-122.8,-125.4,0.089,13.85,21.2,1307,12.8
240.00,LAND,60.42,25.38,6.20,8.76,7.07,-0.62,-1.93,-3.51,-132.2,-133.1,0.104,13.58,22.1,1368,8.8
245.00,LAND,114.93,43.51,3.28,11.88,-0.02,-0.58,-3.80,-1.26,-138.1,-140.2,0.119,13.36,21.9,1398,6.8
245.50,LAND,120.88,43.22,3.10,11.92,-0.66,-0.58,-3.87,-1.03,-138.6,-139.5,0.118,13.28,22.5,1401,6.6
246.00,LAND,126.83,42.36,2.56,11.83,-1.41,-0.56,-3.93,-0.77,-139.0,-142.1,0.123,13.28,22.6,1405,6.4
246.50,LAND,132.71,41.70,2.64,11.83,-1.83,-0.65,-3.96,-0.60,-139.6,-143.0,0.125,13.26,22.3,1408,6.2
247.00,LAND,138.50,40.47,1.98,11.70,-2.57,-0.59,-3.99,-0.34,-140.1,-141.7,0.123,13.25,22.3,1411,5.9
247.50,LAND,144.52,39.10,1.79,11.53,-3.18,-0.61,-4.00,-0.12,-140.6,-142.4,0.126,13.21,22.4,1414,5.7
248.00,LAND,150.20,37.45,1.46,11.34,-3.66,-0.55,-4.00,0.07,-141.1,-144.6,0.131,13.21,22.8,1417,5.5
248.50,LAND,155.62,35.31,1.11,11.15,-4.16,-0.50,-3.99,0.26,-141.6,-143.6,0.131,13.10,22.4,1420,5.3
249.00,LAND,161.36,33.31,1.02,10.97,-4.63,-0.57,-3.98,0.44,-142.1,-142.0,0.129,13.13,22.5,1423,5.1
249.50,LAND,166.61,30.75,0.83,10.72,-5.16,-0.44,-3.95,0.64,-142.5,-143.5,0.131,13.14,22.6,1426,4.9
250.00,LAND,171.99,28.20,0.33,10.63,-5.64,-0.56,-3.92,0.82,-142.9,-145.7,0.136,13.10,22.6,1430,4.7
250.50,LAND,177.22,25.36,0.05,10.20,-6.06,-0.60,-3.87,0.99,-143.5,-145.0,0.138,13.10,22.6,1433,4.5
---- log_b_late_battery.csv (excerpt; '#' lines are shown by logscan)
t,mode,x,y,z,vx,vy,vz,acx_cmd,acy_cmd,yaw_est_deg,mag_hdg_deg,mag_norm,volts,amps,used_mah,rem_pct
0.00,TAKEOFF,-0.01,-0.08,-0.08,-0.01,-0.01,0.01,0.10,0.31,0.3,0.3,1.000,16.59,0.3,0,100.0
10.00,MISSION,12.92,-0.32,9.91,4.38,-0.03,0.05,1.12,0.07,0.0,0.5,1.000,15.99,17.2,50,97.5
20.00,MISSION,56.54,-1.17,9.89,4.36,-0.06,0.01,1.15,0.22,-0.0,1.0,1.000,15.92,17.2,98,95.1
30.00,MISSION,99.75,-0.97,9.95,4.38,0.13,0.03,1.11,-0.05,0.0,-0.6,1.000,15.76,17.5,147,92.7
40.00,MISSION,143.46,-0.51,9.98,4.41,0.29,-0.04,1.03,0.18,0.0,-0.3,1.000,15.64,18.1,196,90.2
50.00,MISSION,150.63,31.04,10.01,-0.11,4.07,0.02,-0.42,1.66,0.1,0.4,1.000,15.50,18.3,246,87.7
60.00,MISSION,122.41,39.57,9.86,-4.06,-0.07,-0.04,-1.69,0.16,0.0,0.7,1.000,15.36,18.1,297,85.2
70.00,MISSION,82.31,38.49,9.74,-3.95,-0.03,0.14,-1.89,0.22,0.0,-0.4,1.000,15.29,18.6,347,82.6
80.00,MISSION,41.83,38.88,10.12,-4.08,0.03,-0.01,-1.66,0.19,-0.0,0.6,1.000,15.22,18.3,398,80.1
90.00,MISSION,2.12,40.10,10.06,-2.76,0.21,-0.05,1.53,-0.53,-0.0,0.6,1.000,15.13,18.1,449,77.5
100.00,MISSION,0.41,3.10,10.21,-0.20,-3.66,-0.06,-0.29,1.56,-0.0,-0.6,1.000,15.10,18.5,501,75.0
110.00,MISSION,36.49,-0.52,9.94,4.33,-0.02,0.03,1.21,0.08,0.0,0.3,1.000,15.02,18.6,552,72.4
120.00,MISSION,80.35,-1.04,9.98,4.34,0.02,-0.02,1.19,0.10,-0.0,-0.4,1.000,14.93,18.0,604,69.8
130.00,MISSION,123.81,-0.48,10.06,4.26,0.03,0.01,1.33,0.11,0.0,0.3,1.000,14.88,18.9,655,67.2
140.00,MISSION,150.73,12.51,10.03,0.02,4.05,-0.06,-0.28,1.71,0.0,-0.4,1.000,14.81,18.7,708,64.6
150.00,MISSION,140.24,39.73,9.94,-3.97,-0.10,-0.02,-1.86,0.19,-0.0,-1.1,1.000,14.72,18.8,761,62.0
160.00,MISSION,100.22,39.13,9.94,-4.10,-0.09,-0.04,-1.61,0.25,-0.0,0.5,1.000,14.67,18.7,814,59.3
170.00,MISSION,59.93,38.82,10.02,-4.03,-0.08,0.02,-1.74,0.32,-0.0,-0.1,1.000,14.59,19.2,867,56.7
180.00,MISSION,19.79,39.07,9.88,-4.04,0.08,0.07,-1.72,0.27,0.0,1.1,1.000,14.52,19.1,920,54.0
190.00,MISSION,0.56,21.88,9.96,0.01,-4.28,0.04,-0.26,-1.30,-0.0,0.3,1.000,14.48,18.9,974,51.3
200.00,MISSION,17.98,-0.46,10.13,4.27,-0.07,-0.08,1.31,0.16,-0.0,0.1,1.000,14.40,18.8,1027,48.6
210.00,MISSION,61.26,-0.84,10.13,4.28,-0.03,0.05,1.29,0.13,0.0,0.2,1.000,14.35,19.5,1081,46.0
220.00,MISSION,104.80,-0.92,9.96,4.36,0.06,0.08,1.16,0.07,-0.0,0.2,1.000,14.28,19.6,1134,43.3
230.00,MISSION,148.00,-0.26,9.90,3.06,0.09,-0.00,-2.27,0.26,-0.0,-1.0,1.000,14.28,19.5,1188,40.6
240.00,MISSION,150.24,35.87,10.01,-0.12,3.86,-0.04,-0.17,-0.27,0.0,0.7,1.000,14.13,19.6,1243,37.8
250.00,MISSION,117.52,39.39,10.00,-3.90,-0.10,0.03,-1.98,0.22,-0.1,-0.7,1.000,13.87,20.0,1299,35.0
260.00,MISSION,77.33,39.10,10.02,-4.01,-0.04,0.02,-1.78,0.18,-0.0,-0.4,1.000,13.64,20.5,1356,32.2
270.00,RTL,46.04,39.01,12.93,1.10,0.07,1.69,-1.39,0.26,0.0,-1.1,1.000,13.24,22.1,1416,29.2
277.50,RTL,29.45,23.92,15.10,-3.07,-2.65,-0.06,-1.47,-0.90,-0.0,0.4,1.000,12.94,21.5,1460,27.0
278.00,RTL,28.18,22.27,15.01,-3.07,-2.69,-0.02,-1.54,-0.73,-0.0,-0.3,1.000,12.89,21.9,1463,26.8
278.50,RTL,26.20,21.19,14.96,-3.13,-2.66,0.04,-1.36,-0.87,0.0,1.3,1.000,12.87,21.6,1466,26.7
279.00,RTL,24.69,19.83,15.00,-3.21,-2.66,-0.06,-1.24,-0.83,0.0,-0.5,1.000,12.86,21.4,1469,26.5
279.50,RTL,23.22,18.16,14.76,-2.94,-2.63,-0.78,-1.81,-0.79,0.0,-0.1,1.000,13.07,13.2,1472,26.4
280.00,RTL,21.97,16.98,13.98,-2.82,-2.48,-1.93,-2.05,-1.03,0.0,-0.6,1.000,13.04,12.5,1473,26.3
280.50,RTL,20.36,15.88,13.20,-2.65,-2.26,-2.98,-2.33,-1.46,0.0,-0.8,1.000,13.03,12.5,1475,26.2
281.00,RTL,19.15,14.81,11.06,-2.47,-2.29,-3.98,-2.68,-1.37,0.0,-0.1,1.000,13.02,12.8,1477,26.2
281.50,RTL,17.98,13.49,8.81,-2.28,-2.21,-4.63,-3.10,-1.41,-0.0,-0.3,1.000,13.05,12.2,1479,26.1
282.00,RTL,17.15,12.44,6.36,-2.24,-2.12,-5.23,-3.27,-1.45,-0.0,-0.1,1.000,13.01,12.9,1480,26.0
282.50,RTL,15.80,11.39,3.69,-2.10,-2.04,-5.79,-3.53,-1.58,-0.0,-0.3,1.000,12.99,12.4,1482,25.9
283.00,RTL,14.94,10.80,0.78,-1.97,-2.05,-6.26,-3.69,-1.54,-0.1,-0.1,1.000,13.03,12.7,1484,25.8
