$ echo '$ stats_cli 3 1 2'; ./build/stats_cli 3 1 2; echo "exit status: $?"
$ stats_cli 3 1 2
count 3 mean 2 median 2
exit status: 0
$ echo '$ stats_cli '; ./build/stats_cli ; echo "exit status: $?"
$ stats_cli 
usage: stats_cli <number>...
exit status: 2
$ echo '$ stats_cli abc'; ./build/stats_cli abc; echo "exit status: $?"
$ stats_cli abc
terminate called after throwing an instance of 'std::invalid_argument'
  what():  stod
bash: line N: <pid> Aborted                 ./build/stats_cli abc
exit status: 134
$ echo '$ stats_cli 1e999'; ./build/stats_cli 1e999; echo "exit status: $?"
$ stats_cli 1e999
terminate called after throwing an instance of 'std::out_of_range'
  what():  stod
bash: line N: <pid> Aborted                 ./build/stats_cli 1e999
exit status: 134
$ echo '$ stats_cli 3abc 1 2'; ./build/stats_cli 3abc 1 2; echo "exit status: $?"
$ stats_cli 3abc 1 2
count 3 mean 2 median 2
exit status: 0
$ echo '$ stats_cli 0x10'; ./build/stats_cli 0x10; echo "exit status: $?"
$ stats_cli 0x10
count 1 mean 16 median 16
exit status: 0
$ echo '$ stats_cli 4,4 4.2'; ./build/stats_cli 4,4 4.2; echo "exit status: $?"
$ stats_cli 4,4 4.2
count 2 mean 4.1 median 4.1
exit status: 0
$ echo '$ stats_cli nan 1 2'; ./build/stats_cli nan 1 2; echo "exit status: $?"
$ stats_cli nan 1 2
count 3 mean nan median 1
exit status: 0
$ echo '$ stats_cli 1 nan 2'; ./build/stats_cli 1 nan 2; echo "exit status: $?"
$ stats_cli 1 nan 2
count 3 mean nan median nan
exit status: 0
$ echo '$ stats_cli 1 2 nan'; ./build/stats_cli 1 2 nan; echo "exit status: $?"
$ stats_cli 1 2 nan
count 3 mean nan median 2
exit status: 0
$ echo '$ stats_cli 1e308 1e308'; ./build/stats_cli 1e308 1e308; echo "exit status: $?"
$ stats_cli 1e308 1e308
count 2 mean inf median inf
exit status: 0
$ echo '$ stats_cli 1234567 1234568'; ./build/stats_cli 1234567 1234568; echo "exit status: $?"
$ stats_cli 1234567 1234568
count 2 mean 1.23457e+06 median 1.23457e+06
exit status: 0
