$ cmake -S . -B build -DCMAKE_BUILD_TYPE=Debug -DCMAKE_CXX_FLAGS=--coverage > /dev/null && cmake --build build > /dev/null && ctest --test-dir build | grep 'tests passed'
100% tests passed, 0 tests failed out of 2
$ cd build/CMakeFiles/stats_cli.dir/app && gcov -o . main.cpp.gcda 2>&1 | grep -A1 "app/main.cpp'"
File '<work>/v01cov/app/main.cpp'
Lines executed:83.33% of 12
$ cd build/CMakeFiles/stats_cli.dir/app && sed -n '/ 8:int main/,$p' main.cpp.gcov
        1:    8:int main(int argc, char** argv)
        -:    9:{
        1:   10:    std::vector<double> xs;
        4:   11:    for (int i = 1; i < argc; ++i) {
        6:   12:        xs.push_back(std::stod(argv[i]));
        -:   13:    }
        1:   14:    const auto m = uni::mean(xs);
        1:   15:    const auto md = uni::median(xs);
       1*:   16:    if (!m || !md) {
    #####:   17:        std::fprintf(stderr, "usage: stats_cli <number>...\n");
    #####:   18:        return 2;
        -:   19:    }
        1:   20:    std::printf("count %zu mean %g median %g\n", xs.size(), *m, *md);
        1:   21:    return 0;
        1:   22:}
