$ cmake --help-property PASS_REGULAR_EXPRESSION | sed -n '1,5p'
PASS_REGULAR_EXPRESSION
-----------------------

The output must match this regular expression for the test to pass.
The process exit code is ignored.
$ cmake --help-property WILL_FAIL | sed -n '1,9p'
WILL_FAIL
---------

If set to true, this will invert the pass/fail flag of the test.

This property can be used for tests that are expected to fail and return a
non-zero return code. Note that system-level test failures such as segmentation
faults or heap errors will still fail the test even if ``WILL_FALL`` is true.
$ cmake --help-command add_test | sed -n '/^..WORKING_DIRECTORY..$/,/^$/p'
``WORKING_DIRECTORY``
  Set the test property ``WORKING_DIRECTORY`` in which to execute the
  test. If not specified, the test will be run in
  ``CMAKE_CURRENT_BINARY_DIR``. The working directory may be specified
  using ``generator expressions``.

$ cmake --help-variable PROJECT_VERSION | sed -n '1,8p'
PROJECT_VERSION
---------------

Value given to the ``VERSION`` option of the most recent call to the
``project()`` command, if any.

See also the component-wise version variables
``PROJECT_VERSION_MAJOR``,
$ git tag -h 2>&1 | sed -n '1,4p'; true
usage: git tag [-a | -s | -u <key-id>] [-f] [-m <msg> | -F <file>] [-e]
               <tagname> [<commit> | <object>]
   or: git tag -d <tagname>...
   or: git tag [-n[<num>]] -l [--contains <commit>] [--no-contains <commit>]
