$ git init -q -b main . && cp -r <F2-26 template>/. . && git add -A && GIT_AUTHOR_DATE=2026-10-01T10:00:00Z GIT_COMMITTER_DATE=2026-10-01T10:00:00Z git commit -q -m 'stats 0.1.0 (SP202 course project)' && git tag v0.1.0
$ git rm -q -r . && cp -r <lab>/prod/. . && rm -rf build && git add -A && GIT_AUTHOR_DATE=2026-10-08T10:00:00Z GIT_COMMITTER_DATE=2026-10-08T10:00:00Z git commit -q -m 'stats 1.0.0: strict parsing, failure-path tests, CI, release notes' && git tag v1.0.0
$ sed -i 's|return std::midpoint(xs\[mid - 1\], xs\[mid\]);|return (xs[mid - 1] + xs[mid]) / 2.0;  // quick fix: faster|' src/stats.cpp && GIT_AUTHOR_DATE=2026-10-09T23:50:00Z GIT_COMMITTER_DATE=2026-10-09T23:50:00Z git commit -q -am 'quick fix' && git log --oneline
0736048 quick fix
34b9009 stats 1.0.0: strict parsing, failure-path tests, CI, release notes
265c526 stats 0.1.0 (SP202 course project)
$ cmake -S . -B build -DCMAKE_BUILD_TYPE=Release > /dev/null && cmake --build build > /dev/null && ./build/test_stats huge; echo "exit status: $?"
[ RUN  ] median_of_two_huge_values_does_not_overflow
  <work>/repo/tests/test_stats.cpp:61: CHECK failed: md && *md == kMax
[ FAIL ] median_of_two_huge_values_does_not_overflow
[ RUN  ] known_issue_ki1_mean_of_two_huge_values_has_no_value
[  OK  ] known_issue_ki1_mean_of_two_huge_values_has_no_value
2 test(s) run, 1 failed
exit status: 1
$ python3 tools/check_release.py . --review v0.1.0 v1.0.0
review: 19 file(s) changed: CHANGELOG.md, CMakeLists.txt, KNOWN_ISSUES.md, README.md, THIRD_PARTY.txt, app/main.cpp, ci.sh, include/uni/parse.h, include/uni/stats.h, licences.allow, src/parse.cpp, src/stats.cpp, tests/expect.sh, tests/golden.sh, tests/golden_inputs.txt, tests/golden_v0_1.txt, tests/test_parse.cpp, tests/test_stats.cpp, tools/check_release.py
check_release: 0 finding(s)
$ python3 tools/check_release.py . --review v1.0.0 HEAD
review: 1 file(s) changed: src/stats.cpp
FINDING review: code changed (src/stats.cpp) but no file in tests/ changed
FINDING review: code changed but CHANGELOG.md has no entry for it
check_release: 2 finding(s)
