HW202 exam checks (every number in the answer keys comes from here or from a named lab run)

[M2] encodings and a decoding
  sub r4, r2, r5               0x28A8 = op  2 rd 4 rs 2 rt 5 imm -24  -> sub r4, r2, r5
  addi r3, r1, -7              0x6679 = op  6 rd 3 rs 1 rt 7 imm  -7  -> addi r3, r1, -7
  decode 0x9A3E                0x9A3E = op  9 rd 5 rs 0 rt 7 imm  -2  -> beq r5, r0, -2
[M3] bne r3, r0, loop at address 11, loop at 4
  offset = 4 - (11 + 1) = -8; 6-bit field = 0x38
  bne r3, r0, -8               0xA638 = op 10 rd 3 rs 0 rt 7 imm  -8  -> bne r3, r0, -8
  taken target check: 11 + 1 + (-8) = 4
[M5] a word of the multiply program
  decode 0x16C8                0x16C8 = op  1 rd 3 rs 3 rt 1 imm   8  -> add r3, r3, r1
[M6] sw r5, 3(r2) with r2 = 20, r5 = 9 (machine trace)
  A(rs=r2) = 20, B(port B reads r5) = 9, ALU input B = imm 3, ALU out = 23, memory[23] = 9, register written: no
[M7] beq r1, r4, -3 at address 9 with r1 = r4 = 12
  word 0x933D; A(rs=r4) = 12, B(rd=r1) = 12, ALU (sub) = 0, taken = yes, next PC = 7
[M8] single-cycle clock (exercise values): lw 900, add 650, beq 500 du; 40 lw, 40 add, 20 beq
  fixed period 900 du: 90000 du; each instruction at its own time: 72000 du; ratio 1.25; waste 18000 du
[M9] port B for addi r2, r2, -1 (word 0x64BF): rt field = bits 5-3
  0x64BF                       0x64BF = op  6 rd 2 rs 2 rt 7 imm  -1  -> addi r2, r2, -1
[M11] lw with AluSrcImm stuck at 0: the ALU adds register rt (bits 5-3 of the immediate)
  lw r4, 0(r1)                 0x7840 = op  7 rd 4 rs 1 rt 0 imm   0  -> lw r4, 0(r1)
  lw r5, 4(r1)                 0x7A44 = op  7 rd 5 rs 1 rt 0 imm   4  -> lw r5, 4(r1)
  lw r4, 8(r1)                 0x7848 = op  7 rd 4 rs 1 rt 1 imm   8  -> lw r4, 8(r1)
[M13] ideal pipeline: 12 instructions -> 16 cycles, CPI 1.33; multiply program of F1-24:
  multiply, ideal                          instructions 26, cycles 30, CPI 1.15, data stalls 0, branch cycles 0, identity holds
  multiply, forwarding (F1-27 check 8)     instructions 26, cycles 42, CPI 1.62, data stalls 0, branch cycles 12, identity holds
[M14/M15] stage delays IF 180, ID 120, EX 220, MEM 300, WB 100 du, register overhead 20 (exercise values)
  single-cycle period 920 du; pipelined period 320 du
  n =      1: single       920 du, pipelined      1600 du (5 cycles), speed-up 0.575
  n =      5: single      4600 du, pipelined      2880 du (9 cycles), speed-up 1.597
  n =    200: single    184000 du, pipelined     65280 du (204 cycles), speed-up 2.819
  n = 100000: single  92000000 du, pipelined  32001280 du (100004 cycles), speed-up 2.875
  limit 2.875
  MEM split into 150 + 150 (six stages): period 240 du; n = 200: 49200 du (205 cycles), speed-up 3.740; limit 3.833

[F2] decode 0x5B30; encode sw r2, -1(r1)
  decode 0x5B30                0x5B30 = op  5 rd 5 rs 4 rt 6 imm -16  -> slt r5, r4, r6
  sw r2, -1(r1)                0x847F = op  8 rd 2 rs 1 rt 7 imm  -1  -> sw r2, -1(r1)
[F3] lw r6, 2(r3) with r3 = 5 and memory[7] = 42
  A = 5, ALU input B = imm 2, ALU out (address) = 7, memory read = 42, written r6 = 42, MemToReg = 1
[F4] sw with ReadRdAsB stuck at 0: port B reads rt = bits 5-3 of the immediate
  sw r3, 0(r1)                 0x8640 = op  8 rd 3 rs 1 rt 0 imm   0  -> sw r3, 0(r1)
  sw r3, 9(r1)                 0x8649 = op  8 rd 3 rs 1 rt 1 imm   9  -> sw r3, 9(r1)
[F5] ideal pipeline, 55 instructions: 59 cycles, CPI 1.073, fill share 4/59 = 6.8 %
[F6] lw r1,0(r2); addi r3,r1,4; sw r3,1(r2); add r4,r3,r1 (data 5)
  without forwarding:
    lw r1, 0(r2)         IF  1 ID  2 EX  3 MEM  4 WB  5
    addi r3, r1, 4       IF  2 ID  3 EX  6 MEM  7 WB  8
    sw r3, 1(r2)         IF  3 ID  6 EX  9 MEM 10 WB 11
    add r4, r3, r1       IF  6 ID  9 EX 10 MEM 11 WB 12
    halt                 IF  9 ID 10 EX 11 MEM 12 WB 13
  F6 no forwarding                         instructions 5, cycles 13, CPI 2.60, data stalls 4, branch cycles 0, identity holds
  with forwarding:
    lw r1, 0(r2)         IF  1 ID  2 EX  3 MEM  4 WB  5
    addi r3, r1, 4       IF  2 ID  3 EX  5 MEM  6 WB  7
    sw r3, 1(r2)         IF  3 ID  5 EX  6 MEM  7 WB  8
    add r4, r3, r1       IF  5 ID  6 EX  7 MEM  8 WB  9
    halt                 IF  6 ID  7 EX  8 MEM  9 WB 10
  F6 forwarding                            instructions 5, cycles 10, CPI 2.00, data stalls 1, branch cycles 0, identity holds
[F7] the copy loop (5 numbers from 0-4 to 10-14), with forwarding
  copy, as written, forwarding             instructions 28, cycles 45, CPI 1.61, data stalls 5, branch cycles 8, identity holds
  copy, as written, no forwarding          instructions 28, cycles 61, CPI 2.18, data stalls 21, branch cycles 8, identity holds
  copy, scheduled, forwarding              instructions 28, cycles 40, CPI 1.43, data stalls 0, branch cycles 8, identity holds
  memory[10..14] after the run: 7 3 9 4 6 (as written)
  memory[10..14] after the run: 7 3 9 4 6 (scheduled)
[F8] 2-bit counter from state 3 on N N T T T N T T
  mispredictions 4 of 8, trace XXX..X.., cycles lost at 2 each: 8
[F9] loop branch taken 7 times then not taken, 20 loop executions (160 branches)
  always not taken   mispredictions 140, cycles lost 280, first 16: XXXXXXX.XXXXXXX.
  always taken       mispredictions  20, cycles lost  40, first 16: .......X.......X
  1-bit (starts N)   mispredictions  40, cycles lost  80, first 16: X......XX......X
  2-bit (starts 0)   mispredictions  22, cycles lost  44, first 16: XX.....X.......X
  loop body of 8 instructions: 160 instructions; CPI from branches alone = 1 + lost/instructions
[F11] bounds for the two-sum sequence C of F1-29 (latencies 3): dependence 3 + 4*3 + 3 = 18; issue 17/2 -> 9 cycles
[F13] Amdahl p = 0.8: N = 4 -> 2.50, N = 16 -> 4.00, limit 5.0
[F14] interleavings of three cores doing load-add-store: AAABCBCBC -> memory 2; ABCABCABC -> 1; AAABBBCCC -> 3
[F18] design reference: count the readings equal to 9 among 9 4 9 7, scheduled for forwarding
  equal-count, forwarding                  instructions 32, cycles 46, CPI 1.44, data stalls 0, branch cycles 10, identity holds
  equal-count, no forwarding               instructions 32, cycles 66, CPI 2.06, data stalls 20, branch cycles 10, identity holds
  output: 2

[P] the practical's exam program through the course model (must equal pipe_exam.out)
  range.s, no forwarding                   instructions 42, cycles 101, CPI 2.40, data stalls 37, branch cycles 18, identity holds
  range.s, forwarding                      instructions 42, cycles 69, CPI 1.64, data stalls 5, branch cycles 18, identity holds
  output: 24, memory[4] = 24
[P] the exam program scheduled by the key (addi r1 between lw r4 and slt; addi r2 between lw r6 and add r7)
  range.s scheduled, forwarding            instructions 42, cycles 64, CPI 1.52, data stalls 0, branch cycles 18, identity holds
  output: 24, memory[4] = 24
