== without forwarding: a reader waits until the writer's WB cycle ==
cycle:                1  2  3  4  5  6  7  8  9 10 11 12 13 14 15 16 17 18 19
addi r1, r0, 0       IF ID EX ME WB  .  .  .  .  .  .  .  .  .  .  .  .  .  .
addi r2, r0, 6        . IF ID EX ME WB  .  .  .  .  .  .  .  .  .  .  .  .  .
addi r6, r0, 20       .  . IF ID EX ME WB  .  .  .  .  .  .  .  .  .  .  .  .
lw r4, 0(r1)          .  .  . IF ID EX ME WB  .  .  .  .  .  .  .  .  .  .  .
addi r1, r1, 1        .  .  .  . IF ID EX ME WB  .  .  .  .  .  .  .  .  .  .
slt r5, r4, r6        .  .  .  .  . IF ID id EX ME WB  .  .  .  .  .  .  .  .
beq r5, r0, 1         .  .  .  .  .  . IF if ID id id EX ME WB  .  .  .  .  .
sw r6, 0(r1)          .  .  .  .  .  .  .  . IF if if ID EX ME WB  .  .  .  .
addi r2, r2, -1       .  .  .  .  .  .  .  .  .  .  . IF ID EX ME WB  .  .  .
bne r2, r0, -7        .  .  .  .  .  .  .  .  .  .  .  . IF ID id id EX ME WB
  (flushed) addi r1, r0, 0  .  .  .  .  .  .  .  .  .  .  .  .  . xx xx xx xx  .  .
  (flushed) addi r2, r0, 6  .  .  .  .  .  .  .  .  .  .  .  .  .  .  .  . xx  .  .
instructions 77, cycles 155, CPI 2.01, data-stall cycles 48, cycles lost to taken branches 26
== with forwarding: results go straight from EX or MEM to the next EX ==
cycle:                1  2  3  4  5  6  7  8  9 10 11 12 13 14
addi r1, r0, 0       IF ID EX ME WB  .  .  .  .  .  .  .  .  .
addi r2, r0, 6        . IF ID EX ME WB  .  .  .  .  .  .  .  .
addi r6, r0, 20       .  . IF ID EX ME WB  .  .  .  .  .  .  .
lw r4, 0(r1)          .  .  . IF ID EX ME WB  .  .  .  .  .  .
addi r1, r1, 1        .  .  .  . IF ID EX ME WB  .  .  .  .  .
slt r5, r4, r6        .  .  .  .  . IF ID EX ME WB  .  .  .  .
beq r5, r0, 1         .  .  .  .  .  . IF ID EX ME WB  .  .  .
sw r6, 0(r1)          .  .  .  .  .  .  . IF ID EX ME WB  .  .
addi r2, r2, -1       .  .  .  .  .  .  .  . IF ID EX ME WB  .
bne r2, r0, -7        .  .  .  .  .  .  .  .  . IF ID EX ME WB
  (flushed) addi r1, r0, 0  .  .  .  .  .  .  .  .  .  . xx xx  .  .
  (flushed) addi r2, r0, 6  .  .  .  .  .  .  .  .  .  .  . xx  .  .
instructions 77, cycles 107, CPI 1.39, data-stall cycles 0, cycles lost to taken branches 26
