self-check on the sum program of F1-23 (F1-27's table):
  cycles without forwarding                        42  (expected 62) FAIL
  data-stall cycles without forwarding              0  (expected 20) FAIL
  cycles with forwarding                           42  (expected 47) FAIL
  data-stall cycles with forwarding                 0  (expected 5) FAIL
  load-use pairs (one per iteration)                0  (expected 5) FAIL
  identity holds in both modes (1 = yes)            0  (expected 1) FAIL
  CPI with forwarding x 100                         0  (expected 157) FAIL
self-check: 7 failures

== exam program, without forwarding ==
cycle:                1  2  3  4  5  6  7  8  9 10 11 12 13 14 15 16 17 18 19 20
addi r1, r0, 0       IF ID EX ME WB  .  .  .  .  .  .  .  .  .  .  .  .  .  .  .
addi r2, r0, 4        . IF ID EX ME WB  .  .  .  .  .  .  .  .  .  .  .  .  .  .
lw r6, 0(r1)          .  . IF ID EX ME WB  .  .  .  .  .  .  .  .  .  .  .  .  .
add r7, r6, r0        .  .  . IF ID EX ME WB  .  .  .  .  .  .  .  .  .  .  .  .
lw r4, 0(r1)          .  .  .  . IF ID EX ME WB  .  .  .  .  .  .  .  .  .  .  .
slt r5, r6, r4        .  .  .  .  . IF ID EX ME WB  .  .  .  .  .  .  .  .  .  .
beq r5, r0, 1         .  .  .  .  .  . IF ID EX ME WB  .  .  .  .  .  .  .  .  .
  (flushed) add r6, r4, r0  .  .  .  .  .  .  . xx xx  .  .  .  .  .  .  .  .  .  .  .
  (flushed) slt r5, r4, r7  .  .  .  .  .  .  .  . xx  .  .  .  .  .  .  .  .  .  .  .
slt r5, r4, r7        .  .  .  .  .  .  .  .  . IF ID EX ME WB  .  .  .  .  .  .
beq r5, r0, 1         .  .  .  .  .  .  .  .  .  . IF ID EX ME WB  .  .  .  .  .
  (flushed) add r7, r4, r0  .  .  .  .  .  .  .  .  .  .  . xx xx  .  .  .  .  .  .  .
  (flushed) addi r1, r1, 1  .  .  .  .  .  .  .  .  .  .  .  . xx  .  .  .  .  .  .  .
addi r1, r1, 1        .  .  .  .  .  .  .  .  .  .  .  .  . IF ID EX ME WB  .  .
addi r2, r2, -1       .  .  .  .  .  .  .  .  .  .  .  .  .  . IF ID EX ME WB  .
bne r2, r0, -10       .  .  .  .  .  .  .  .  .  .  .  .  .  .  . IF ID EX ME WB
instructions 42, cycles 64, CPI 0.00, data-stall cycles 0, cycles lost to taken branches 18, load-use pairs 0, identity BROKEN
== exam program, with forwarding ==
cycle:                1  2  3  4  5  6  7  8  9 10 11 12 13 14 15 16 17 18 19 20
addi r1, r0, 0       IF ID EX ME WB  .  .  .  .  .  .  .  .  .  .  .  .  .  .  .
addi r2, r0, 4        . IF ID EX ME WB  .  .  .  .  .  .  .  .  .  .  .  .  .  .
lw r6, 0(r1)          .  . IF ID EX ME WB  .  .  .  .  .  .  .  .  .  .  .  .  .
add r7, r6, r0        .  .  . IF ID EX ME WB  .  .  .  .  .  .  .  .  .  .  .  .
lw r4, 0(r1)          .  .  .  . IF ID EX ME WB  .  .  .  .  .  .  .  .  .  .  .
slt r5, r6, r4        .  .  .  .  . IF ID EX ME WB  .  .  .  .  .  .  .  .  .  .
beq r5, r0, 1         .  .  .  .  .  . IF ID EX ME WB  .  .  .  .  .  .  .  .  .
  (flushed) add r6, r4, r0  .  .  .  .  .  .  . xx xx  .  .  .  .  .  .  .  .  .  .  .
  (flushed) slt r5, r4, r7  .  .  .  .  .  .  .  . xx  .  .  .  .  .  .  .  .  .  .  .
slt r5, r4, r7        .  .  .  .  .  .  .  .  . IF ID EX ME WB  .  .  .  .  .  .
beq r5, r0, 1         .  .  .  .  .  .  .  .  .  . IF ID EX ME WB  .  .  .  .  .
  (flushed) add r7, r4, r0  .  .  .  .  .  .  .  .  .  .  . xx xx  .  .  .  .  .  .  .
  (flushed) addi r1, r1, 1  .  .  .  .  .  .  .  .  .  .  .  . xx  .  .  .  .  .  .  .
addi r1, r1, 1        .  .  .  .  .  .  .  .  .  .  .  .  . IF ID EX ME WB  .  .
addi r2, r2, -1       .  .  .  .  .  .  .  .  .  .  .  .  .  . IF ID EX ME WB  .
bne r2, r0, -10       .  .  .  .  .  .  .  .  .  .  .  .  .  .  . IF ID EX ME WB
instructions 42, cycles 64, CPI 0.00, data-stall cycles 0, cycles lost to taken branches 18, load-use pairs 0, identity BROKEN
