self-check on the sum program of F1-23 (F1-27's table):
  cycles without forwarding                        62  (expected 62) ok
  data-stall cycles without forwarding             20  (expected 20) ok
  cycles with forwarding                           47  (expected 47) ok
  data-stall cycles with forwarding                 5  (expected 5) ok
  load-use pairs (one per iteration)                5  (expected 5) ok
  identity holds in both modes (1 = yes)            1  (expected 1) ok
  CPI with forwarding x 100                       157  (expected 157) ok
self-check: 0 failures

== exam program, without forwarding ==
cycle:                1  2  3  4  5  6  7  8  9 10 11 12 13 14 15 16 17 18 19 20 21 22 23 24 25 26 27 28 29 30 31
addi r1, r0, 0       IF ID EX ME WB  .  .  .  .  .  .  .  .  .  .  .  .  .  .  .  .  .  .  .  .  .  .  .  .  .  .
addi r2, r0, 4        . IF ID EX ME WB  .  .  .  .  .  .  .  .  .  .  .  .  .  .  .  .  .  .  .  .  .  .  .  .  .
lw r6, 0(r1)          .  . IF ID id EX ME WB  .  .  .  .  .  .  .  .  .  .  .  .  .  .  .  .  .  .  .  .  .  .  .
add r7, r6, r0        .  .  . IF if ID id id EX ME WB  .  .  .  .  .  .  .  .  .  .  .  .  .  .  .  .  .  .  .  .  <- load-use
lw r4, 0(r1)          .  .  .  .  . IF if if ID EX ME WB  .  .  .  .  .  .  .  .  .  .  .  .  .  .  .  .  .  .  .
slt r5, r6, r4        .  .  .  .  .  .  .  . IF ID id id EX ME WB  .  .  .  .  .  .  .  .  .  .  .  .  .  .  .  .  <- load-use
beq r5, r0, 1         .  .  .  .  .  .  .  .  . IF if if ID id id EX ME WB  .  .  .  .  .  .  .  .  .  .  .  .  .
  (flushed) add r6, r4, r0  .  .  .  .  .  .  .  .  .  .  .  . xx xx xx xx  .  .  .  .  .  .  .  .  .  .  .  .  .  .  .
  (flushed) slt r5, r4, r7  .  .  .  .  .  .  .  .  .  .  .  .  .  .  . xx  .  .  .  .  .  .  .  .  .  .  .  .  .  .  .
slt r5, r4, r7        .  .  .  .  .  .  .  .  .  .  .  .  .  .  .  . IF ID EX ME WB  .  .  .  .  .  .  .  .  .  .
beq r5, r0, 1         .  .  .  .  .  .  .  .  .  .  .  .  .  .  .  .  . IF ID id id EX ME WB  .  .  .  .  .  .  .
  (flushed) add r7, r4, r0  .  .  .  .  .  .  .  .  .  .  .  .  .  .  .  .  .  . xx xx xx xx  .  .  .  .  .  .  .  .  .
  (flushed) addi r1, r1, 1  .  .  .  .  .  .  .  .  .  .  .  .  .  .  .  .  .  .  .  .  . xx  .  .  .  .  .  .  .  .  .
addi r1, r1, 1        .  .  .  .  .  .  .  .  .  .  .  .  .  .  .  .  .  .  .  .  .  . IF ID EX ME WB  .  .  .  .
addi r2, r2, -1       .  .  .  .  .  .  .  .  .  .  .  .  .  .  .  .  .  .  .  .  .  .  . IF ID EX ME WB  .  .  .
bne r2, r0, -10       .  .  .  .  .  .  .  .  .  .  .  .  .  .  .  .  .  .  .  .  .  .  .  . IF ID id id EX ME WB
instructions 42, cycles 101, CPI 2.40, data-stall cycles 37, cycles lost to taken branches 18, load-use pairs 5, identity holds
== exam program, with forwarding ==
cycle:                1  2  3  4  5  6  7  8  9 10 11 12 13 14 15 16 17 18 19 20 21 22
addi r1, r0, 0       IF ID EX ME WB  .  .  .  .  .  .  .  .  .  .  .  .  .  .  .  .  .
addi r2, r0, 4        . IF ID EX ME WB  .  .  .  .  .  .  .  .  .  .  .  .  .  .  .  .
lw r6, 0(r1)          .  . IF ID EX ME WB  .  .  .  .  .  .  .  .  .  .  .  .  .  .  .
add r7, r6, r0        .  .  . IF ID id EX ME WB  .  .  .  .  .  .  .  .  .  .  .  .  .  <- load-use
lw r4, 0(r1)          .  .  .  . IF if ID EX ME WB  .  .  .  .  .  .  .  .  .  .  .  .
slt r5, r6, r4        .  .  .  .  .  . IF ID id EX ME WB  .  .  .  .  .  .  .  .  .  .  <- load-use
beq r5, r0, 1         .  .  .  .  .  .  . IF if ID EX ME WB  .  .  .  .  .  .  .  .  .
  (flushed) add r6, r4, r0  .  .  .  .  .  .  .  .  . xx xx  .  .  .  .  .  .  .  .  .  .  .
  (flushed) slt r5, r4, r7  .  .  .  .  .  .  .  .  .  . xx  .  .  .  .  .  .  .  .  .  .  .
slt r5, r4, r7        .  .  .  .  .  .  .  .  .  .  . IF ID EX ME WB  .  .  .  .  .  .
beq r5, r0, 1         .  .  .  .  .  .  .  .  .  .  .  . IF ID EX ME WB  .  .  .  .  .
  (flushed) add r7, r4, r0  .  .  .  .  .  .  .  .  .  .  .  .  . xx xx  .  .  .  .  .  .  .
  (flushed) addi r1, r1, 1  .  .  .  .  .  .  .  .  .  .  .  .  .  . xx  .  .  .  .  .  .  .
addi r1, r1, 1        .  .  .  .  .  .  .  .  .  .  .  .  .  .  . IF ID EX ME WB  .  .
addi r2, r2, -1       .  .  .  .  .  .  .  .  .  .  .  .  .  .  .  . IF ID EX ME WB  .
bne r2, r0, -10       .  .  .  .  .  .  .  .  .  .  .  .  .  .  .  .  . IF ID EX ME WB
instructions 42, cycles 69, CPI 1.64, data-stall cycles 5, cycles lost to taken branches 18, load-use pairs 5, identity holds
