== fibonacci.hex (first eight Fibonacci numbers) ==
   0  0x6200  addi r1, r0, 0       addi r1, r0, 0     a = 0
   1  0x6401  addi r2, r0, 1       addi r2, r0, 1     b = 1
   2  0x6608  addi r3, r0, 8       addi r3, r0, 8     count = 8
   3  0xB200  out r1               loop: out r1       print a
   4  0x1850  add r4, r1, r2       add r4, r1, r2     c = a + b
   5  0x1280  add r1, r2, r0       add r1, r2, r0     a = b
   6  0x1500  add r2, r4, r0       add r2, r4, r0     b = c
   7  0x66FF  addi r3, r3, -1      addi r3, r3, -1    count = count - 1
   8  0xA63A  bne r3, r0, -6       bne r3, r0, loop   offset 3 - (8 + 1) = -6
   9  0x0000  halt                 halt
  output: 0 1 1 2 3 5 8 13
  halted: yes, instructions executed: 52
  check: output as expected
== shift.hex (5 x 8 as 5 << 3 with the new sll) ==
   0  0x6205  addi r1, r0, 5       addi r1, r0, 5
   1  0x6403  addi r2, r0, 3       addi r2, r0, 3
   2  0xC650  sll r3, r1, r2       sll r3, r1, r2     r3 = r1 << (r2 & 15)
   3  0xB600  out r3               out r3
   4  0x0000  halt                 halt
  output: 40
  halted: yes, instructions executed: 5
  check: output as expected
== regression: the sum program of F1-23 on the extended CPU ==
  output: 29, instructions executed: 30, check: still 29 in 30 instructions
== control row for opcode 12 (F1-25 layout) ==
op  name  RegWr AluImm RdAsB MemRd MemWr MemToReg BrEq BrNe Out Halt ALU
12  sll       1      0     0     0     0        0    0    0   0    0 sll
project reference: 0 failures
