/**
* This indicates that a kernel launch is requesting resources that can
* never be satisfied by the current device. Requesting more shared memory
* per block than the device supports will trigger this error, as will
* requesting too many threads or blocks. See ::cudaDeviceProp for more
* device limitations.
*/
cudaErrorInvalidConfiguration         =      9,

/**
* The device encountered a load or store instruction on an invalid memory address.
* This leaves the process in an inconsistent state and any further CUDA work
* will return the same error. To continue using CUDA, the process must be terminated
* and relaunched.
*/
cudaErrorIllegalAddress               =     700,

/**
* An exception occurred on the device while executing a kernel. Common
* causes include dereferencing an invalid device pointer and accessing
* out of bounds shared memory. Less common cases can be system specific - more
* information about these cases can be found in the system specific user guide.
* This leaves the process in an inconsistent state and any further CUDA work
* will return the same error. To continue using CUDA, the process must be terminated
* and relaunched.
*/
cudaErrorLaunchFailure                =      719,

/**
* This indicates that no CUDA-capable devices were detected by the installed
* CUDA driver.
*/
cudaErrorNoDevice                     =     100,

