== Midterm ==
M2: 24 address lines -> 16777216 addresses
  0x0FFF -> RAM offset 0xFFF
  0x2004 -> bus error (no window)
  0x401F -> DMA offset 0x1F
  0x4020 -> bus error (no window)
M3: 32-bit bus at 125 MHz: peak 500000000 B/s; address+data cycles: 250000000 B/s; CPU share with DMA on 3 of 10 cycles: 70 %; CPU bytes/s 175000000
M5: STATUS 0x0B handled bit 3 -> write 0x08; CTRL 0x40000010 set bit 2 -> 0x40000014; then clear bit 4 -> 0x40000004; LSR of UART at 0x3e8 = 0x3ED
M7: byte every 20 ticks, 1-byte receiver: polling threshold 20 ticks; 180-tick pass: 9 arrivals, 8 lost per long pass; ring >= 9 (+1 boundary = 10), choose 16; 65536 bytes x 2 ticks = 131072 ticks in handlers
M9: IRR 0xA4 IMR 0x04 ISR 0x40: pending&~mask 0xA0, delivered line 5 (vector 37), first in-service line -1; imr 0x3A masks lines: 1 3 4 5
M11: n=6 words: PIO 6 ticks, DMA 8 ticks, saving -2 (-33.3 %)
M11: n=8 words: PIO 8 ticks, DMA 8 ticks, saving 0 (0.0 %)
M11: n=1024 words: PIO 1024 ticks, DMA 8 ticks, saving 1016 (99.2 %)
M11: buffer at 24 length 40, 16-byte lines: lines 1 to 3
== Final ==
F1: 18 address lines -> 262144
  overlap B/C at 0x1480-0x14FF
  A base 0x1000 size 0x400 last 0x13FF aligned-to-size yes
  B base 0x1400 size 0x100 last 0x14FF aligned-to-size yes
  C base 0x1480 size 0x80 last 0x14FF aligned-to-size yes
F2: open-drain AND of 0x3C and 0x55 = 0x14
F3: UART at 0x2e8: LSR 0x2ED, IER 0x2E9; STATUS 0x05 handled bit 2 -> write 0x04; CTRL 0x80000000 set bit 1 -> 0x80000002
F5: 16-byte FIFO, byte per 10 ticks: polling threshold 160 ticks; 350-tick pass: 35 arrivals (+1 = 36) -> 64 slots; handler 2 ticks x 65536 = 131072 of 655360 ticks = 20 %
F7: IRR 0x1A IMR 0x08 ISR 0x02: pending&~mask 0x12; delivered: none (line 1 in service blocks everything below it)
F9: n=5: DMA saves -3 ticks (-60.0 %)
F9: n=2048: DMA saves 2040 ticks (99.6 %)
F9: buffer at 40 length 24: lines 2 to 3
F12: mem32 0xFFF00008: flags 0x8 size 0x100000 (1048576 bytes)
F12: io 0xFFFFFF81: flags 0x1 size 0x80 (128 bytes)
F12: mem64 0xFFFE0004/0xFFFFFFFF: flags 0x4 size 0x20000 (131072 bytes)
F12: command 0x0403 = I/O decode 0x1 + memory decode 0x2 + INTx disable 0x400; bus master bit (0x4) clear
F13: buggy ~0xFFFFC008 + 1 = 0x3FF8; correct (mask 0xF first) 0x4000
F15: SETUP 80 06 00 03 09 04 FF 00: bmRequestType 0x80 IN standard device; bRequest 6 GET_DESCRIPTOR; wValue 0x0300 type 3 index 0; wIndex 0x0409; wLength 255
F15: endpoint 07 05 83 03 40 00 0A: EP 3 IN, type 3 (interrupt), max packet 64, bInterval 10
F17: 0x93 -> addr 0x49 read; 0xD0 -> addr 0x68 write; datasheet 0xA0/0xA1 -> 7-bit 0x50
  node X (0x2A0) drops out at bit 5
  node Z (0x2A1) drops out at bit 5
  node Y (0x29F) wins
F17: 57600 baud 8N1 (10 bit times) -> 5760 bytes/s; 8E2 (12 bit times) -> 4800 bytes/s
F19:
  f_in 8000000 Hz, 1000 Hz wanted, prescaler 1: counts 8000.000, reload 7999, fits 16 bits yes, actual 1000.0000 Hz, error +0.0000 %
  f_in 8000000 Hz, 1000 Hz wanted, prescaler 64: counts 125.000, reload 124, fits 16 bits yes, actual 1000.0000 Hz, error +0.0000 %
  f_in 8000000 Hz, 2000 Hz wanted, prescaler 1: counts 4000.000, reload 3999, fits 16 bits yes, actual 2000.0000 Hz, error +0.0000 %
F19: reload 8000 instead of 7999 -> 999.8750 Hz, error -125.0 ppm, 10.80 s per day
F19: 2^32 us = 4295.0 s = 71.58 min; 2^16 ms = 65.536 s
F20: now 0xFFFFFFF0 (4294967280) deadline 0x00000018 (24): naive yes, wrap-safe diff -40 -> no
F20: now 0xFFFFFFFA (4294967290) deadline 0x00000018 (24): naive yes, wrap-safe diff -30 -> no
F20: now 0x00000018 (24) deadline 0x00000018 (24): naive yes, wrap-safe diff 0 -> yes
F20: now 0x00000022 (34) deadline 0x00000018 (24): naive yes, wrap-safe diff 10 -> yes
F20: wrap-safe limit 2^31 ms = 24.86 days
F22 (forensic): 60-tick pass at 10 ticks/byte: 6 arrivals, FIFO 4 keeps 4, loses 2; polling threshold with a 4-byte FIFO = 40 ticks; 5461 long passes x 2 = 10922
F23 (design): 200 Hz from 16 MHz, 16-bit timer:
  f_in 16000000 Hz, 200 Hz wanted, prescaler 1: counts 80000.000, reload 79999, fits 16 bits NO, actual 200.0000 Hz, error +0.0000 %
  f_in 16000000 Hz, 200 Hz wanted, prescaler 8: counts 10000.000, reload 9999, fits 16 bits yes, actual 200.0000 Hz, error +0.0000 %
F23: I2C 100 kbit/s, 6-byte register read: ~84 bit times = 0.84 ms; UART 115200, 22 chars x 10 bits = 1.91 ms per reading; period 5.0 ms
F23: longest main-loop pass 25 ms at 5 ms per reading -> 5 readings buffered (+1) -> 8 slots
== Practical ==
P: first address byte 0x3C -> 7-bit 0x1E, write; 0xB4 -> 0x5A write; 0xB5 -> 0x5A read; datasheet 'B4/B5' -> configure 0x5A
P: capture 349 samples at 4 per bit = 87.25 bit times; 3 x START + 1 repeated START, 3 x STOP, 9 bytes x 9 clocks = 81 clocks
