timer: f_in 16000000 Hz, wanted 200 Hz
  prescaler   1: counts 80000.00 reload 79999 fits no actual 200.000 Hz error +0.0000 %
  prescaler   8: counts 10000.00 reload 9999 fits yes actual 200.000 Hz error +0.0000 %
  prescaler  64: counts 1250.00 reload 1249 fits yes actual 200.000 Hz error +0.0000 %
  prescaler 256: counts 312.50 reload 312 fits yes actual 199.681 Hz error -0.1597 %
  chosen: prescaler 8, reload 9999 (period 5.000 ms)
  UART> 1,4294965295,1122,3344,1122
  UART> 2,4294965300,1122,3344,1122
  UART> 3,4294965305,1122,3344,1122
run: 120000 ticks (10 minutes at 200 Hz), 120000 readings taken, 120000 printed, 0 missing sequence numbers, ring dropped 0, ring high water 2 of 7
UART: 3348277 bytes in 600 s = 5580 bytes/s; at 115200 baud 8N1 (11520 bytes/s max) the line is 48.4 % busy
time: millisecond counter started at 4294965295 and wrapped during the run (ends at 597999); wrap-safe deadline check used
trace: one read is 335 samples = 83.75 bit times; at 100 kbit/s (I2C standard mode, UM10204 section 5) that is 0.838 ms per read, 16.8 % of the 5.0 ms period
trace: the first transaction as the analyser would decode it:
   0 SCL --___--__--__--__--__--__--__--__--__--__--__--__--__--__--__--_
     SDA -__----____--------____----_____________________________________
  64 SCL _--__--__--_--___--__--__--__--__--__--__--__--__--__--__--__--_
     SDA ___________--__----____--------____----____----________________-
 128 SCL _--__--__--__--__--__--__--__--__--__--__--__--__--__--__--__--_
     SDA ---____________----____________----____________----_____________
 192 SCL _--__--__--__--__--__--__--__--__--__--__--__--__--__--__--__--_
     SDA ___--------________--------________----____________----_________
 256 SCL _--__--__--__--__--__--__--__--__--__--__--__--__--__--__--__--_
     SDA _______________----____________----____________----____________-
 320 SCL _--__--__--_---
     SDA ---____----__--
  START, 0xB4 (0x5A W) ACK, 0x00 ACK, START, 0xB5 (0x5A R) ACK, 0x11 ACK, 0x22 ACK, 0x33 ACK, 0x44 ACK, 0x11 ACK, 0x22 NACK, STOP
trace: spacing between the starts of consecutive reads in the model = one timer period = 5 ms (on hardware: measure it on the trace and compare with the 5.000 ms computed above)
