--- _Z5accumILi128EEvPKfPfii
stores marked Spill by the compiler:  5
loads marked Reload by the compiler:  13
v_accvgpr_write (VGPR -> AGPR):       0
v_accvgpr_read  (AGPR -> VGPR):       0
    buffer_store_dword v0, off, s[12:15], 0 offset:12 ; 4-byte Folded Spill
    buffer_store_dword v0, off, s[12:15], 0 offset:16 ; 4-byte Folded Spill
--- _Z5accumILi256EEvPKfPfii
stores marked Spill by the compiler:  487
loads marked Reload by the compiler:  491
v_accvgpr_write (VGPR -> AGPR):       0
v_accvgpr_read  (AGPR -> VGPR):       0
    buffer_store_dword v0, off, s[12:15], 0 offset:40 ; 4-byte Folded Spill
    buffer_store_dword v0, off, s[12:15], 0 offset:44 ; 4-byte Folded Spill
--- _Z7accumLBILi256EEvPKfPfii
stores marked Spill by the compiler:  0
loads marked Reload by the compiler:  0
v_accvgpr_write (VGPR -> AGPR):       2
v_accvgpr_read  (AGPR -> VGPR):       6
    v_accvgpr_write_b32 a0, v6
    v_accvgpr_write_b32 a1, v7
