F4-16 observation run
== marker: read-only dump 1 ==
dump before (offset: values, 32-bit reads)
  00: 010000ed 00000000 00000000 ffffffff ffffffff ffffffff ffffffff ffffffff
  20: 00000000 00000000 ffffffff ffffffff ffffffff ffffffff ffffffff ffffffff
  40: ffffffff ffffffff ffffffff ffffffff ffffffff ffffffff ffffffff ffffffff
  60: ffffffff ffffffff ffffffff ffffffff ffffffff ffffffff ffffffff ffffffff
  80: 00000000 ffffffff 00000000 ffffffff 00000000 ffffffff 00000000 ffffffff
  a0: ffffffff ffffffff ffffffff ffffffff ffffffff ffffffff ffffffff ffffffff
  c0: ffffffff ffffffff ffffffff ffffffff ffffffff ffffffff ffffffff ffffffff
  e0: ffffffff ffffffff ffffffff ffffffff ffffffff ffffffff ffffffff ffffffff
== marker: driver self-test ==
drv: id register 0x010000ed
drv: liveness 0x13579bdf -> 0xeca86420
drv: compute(5) = 120
drv: compute(10) = 3628800
drv: after raise, 0x24 reads 0x00000042
drv: at the end, 0x24 reads 0x00000000
== marker: read-only dump 2 ==
dump after
  00: 010000ed eca86420 00375f00 ffffffff ffffffff ffffffff ffffffff ffffffff
  20: 00000000 00000000 ffffffff ffffffff ffffffff ffffffff ffffffff ffffffff
  40: ffffffff ffffffff ffffffff ffffffff ffffffff ffffffff ffffffff ffffffff
  60: ffffffff ffffffff ffffffff ffffffff ffffffff ffffffff ffffffff ffffffff
  80: 00000000 ffffffff 00000000 ffffffff 00000000 ffffffff 00000000 ffffffff
  a0: ffffffff ffffffff ffffffff ffffffff ffffffff ffffffff ffffffff ffffffff
  c0: ffffffff ffffffff ffffffff ffffffff ffffffff ffffffff ffffffff ffffffff
  e0: ffffffff ffffffff ffffffff ffffffff ffffffff ffffffff ffffffff ffffffff
differences between the two dumps:
  offset 0x04: 0x00000000 -> 0xeca86420
  offset 0x08: 0x00000000 -> 0x00375f00
self-test result 0
