#1 R 0x00 0x010000ed (4 bytes)
#2 R 0x04 0x00000000 (4 bytes)
#3 R 0x08 0x00000000 (4 bytes)
#4 R 0x0c 0xffffffff (4 bytes)
#5 R 0x10 0xffffffff (4 bytes)
#6 R 0x14 0xffffffff (4 bytes)
#7 R 0x18 0xffffffff (4 bytes)
#8 R 0x1c 0xffffffff (4 bytes)
#9 R 0x20 0x00000000 (4 bytes)
#10 R 0x24 0x00000000 (4 bytes)
#11 R 0x28 0xffffffff (4 bytes)
#12 R 0x2c 0xffffffff (4 bytes)
#13 R 0x30 0xffffffff (4 bytes)
#14 R 0x34 0xffffffff (4 bytes)
#15 R 0x38 0xffffffff (4 bytes)
#16 R 0x3c 0xffffffff (4 bytes)
#17 R 0x40 0xffffffff (4 bytes)
#18 R 0x44 0xffffffff (4 bytes)
#19 R 0x48 0xffffffff (4 bytes)
#20 R 0x4c 0xffffffff (4 bytes)
#21 R 0x50 0xffffffff (4 bytes)
#22 R 0x54 0xffffffff (4 bytes)
#23 R 0x58 0xffffffff (4 bytes)
#24 R 0x5c 0xffffffff (4 bytes)
#25 R 0x60 0xffffffff (4 bytes)
#26 R 0x64 0xffffffff (4 bytes)
#27 R 0x68 0xffffffff (4 bytes)
#28 R 0x6c 0xffffffff (4 bytes)
#29 R 0x70 0xffffffff (4 bytes)
#30 R 0x74 0xffffffff (4 bytes)
#31 R 0x78 0xffffffff (4 bytes)
#32 R 0x7c 0xffffffff (4 bytes)
#33 R 0x80 0x00000000 (4 bytes)
#34 R 0x84 0xffffffff (4 bytes)
#35 R 0x88 0x00000000 (4 bytes)
#36 R 0x8c 0xffffffff (4 bytes)
#37 R 0x90 0x00000000 (4 bytes)
#38 R 0x94 0xffffffff (4 bytes)
#39 R 0x98 0x00000000 (4 bytes)
#40 R 0x9c 0xffffffff (4 bytes)
#41 R 0xa0 0xffffffff (4 bytes)
#42 R 0xa4 0xffffffff (4 bytes)
#43 R 0xa8 0xffffffff (4 bytes)
#44 R 0xac 0xffffffff (4 bytes)
#45 R 0xb0 0xffffffff (4 bytes)
#46 R 0xb4 0xffffffff (4 bytes)
#47 R 0xb8 0xffffffff (4 bytes)
#48 R 0xbc 0xffffffff (4 bytes)
#49 R 0xc0 0xffffffff (4 bytes)
#50 R 0xc4 0xffffffff (4 bytes)
#51 R 0xc8 0xffffffff (4 bytes)
#52 R 0xcc 0xffffffff (4 bytes)
#53 R 0xd0 0xffffffff (4 bytes)
#54 R 0xd4 0xffffffff (4 bytes)
#55 R 0xd8 0xffffffff (4 bytes)
#56 R 0xdc 0xffffffff (4 bytes)
#57 R 0xe0 0xffffffff (4 bytes)
#58 R 0xe4 0xffffffff (4 bytes)
#59 R 0xe8 0xffffffff (4 bytes)
#60 R 0xec 0xffffffff (4 bytes)
#61 R 0xf0 0xffffffff (4 bytes)
#62 R 0xf4 0xffffffff (4 bytes)
#63 R 0xf8 0xffffffff (4 bytes)
#64 R 0xfc 0xffffffff (4 bytes)
#65 R 0x00 0x010000ed (4 bytes)
#66 W 0x04 0x13579bdf (4 bytes)
#67 R 0x04 0xeca86420 (4 bytes)
#68 W 0x08 0x00000005 (4 bytes)
#69 R 0x20 0x00000001 (4 bytes)
#70 R 0x20 0x00000001 (4 bytes)
#71 R 0x20 0x00000001 (4 bytes)
#72 R 0x20 0x00000001 (4 bytes)
#73 R 0x20 0x00000001 (4 bytes)
#74 R 0x20 0x00000001 (4 bytes)
#75 R 0x20 0x00000001 (4 bytes)
#76 R 0x20 0x00000001 (4 bytes)
#77 R 0x20 0x00000001 (4 bytes)
#78 R 0x20 0x00000001 (4 bytes)
#79 R 0x20 0x00000001 (4 bytes)
#80 R 0x20 0x00000001 (4 bytes)
#81 R 0x20 0x00000001 (4 bytes)
#82 R 0x20 0x00000001 (4 bytes)
#83 R 0x20 0x00000001 (4 bytes)
#84 R 0x20 0x00000001 (4 bytes)
#85 R 0x20 0x00000001 (4 bytes)
#86 R 0x20 0x00000001 (4 bytes)
#87 R 0x20 0x00000001 (4 bytes)
#88 R 0x20 0x00000001 (4 bytes)
#89 R 0x20 0x00000001 (4 bytes)
#90 R 0x20 0x00000001 (4 bytes)
#91 R 0x20 0x00000001 (4 bytes)
#92 R 0x20 0x00000001 (4 bytes)
#93 R 0x20 0x00000001 (4 bytes)
#94 R 0x20 0x00000001 (4 bytes)
#95 R 0x20 0x00000001 (4 bytes)
#96 R 0x20 0x00000001 (4 bytes)
#97 R 0x20 0x00000001 (4 bytes)
#98 R 0x20 0x00000001 (4 bytes)
#99 R 0x20 0x00000001 (4 bytes)
#100 R 0x20 0x00000001 (4 bytes)
#101 R 0x20 0x00000001 (4 bytes)
#102 R 0x20 0x00000000 (4 bytes)
#103 R 0x08 0x00000078 (4 bytes)
#104 W 0x08 0x0000000a (4 bytes)
#105 R 0x20 0x00000001 (4 bytes)
#106 R 0x20 0x00000001 (4 bytes)
#107 R 0x20 0x00000001 (4 bytes)
#108 R 0x20 0x00000001 (4 bytes)
#109 R 0x20 0x00000001 (4 bytes)
#110 R 0x20 0x00000001 (4 bytes)
#111 R 0x20 0x00000001 (4 bytes)
#112 R 0x20 0x00000001 (4 bytes)
#113 R 0x20 0x00000001 (4 bytes)
#114 R 0x20 0x00000001 (4 bytes)
#115 R 0x20 0x00000001 (4 bytes)
#116 R 0x20 0x00000001 (4 bytes)
#117 R 0x20 0x00000001 (4 bytes)
#118 R 0x20 0x00000001 (4 bytes)
#119 R 0x20 0x00000001 (4 bytes)
#120 R 0x20 0x00000001 (4 bytes)
#121 R 0x20 0x00000001 (4 bytes)
#122 R 0x20 0x00000001 (4 bytes)
#123 R 0x20 0x00000001 (4 bytes)
#124 R 0x20 0x00000001 (4 bytes)
#125 R 0x20 0x00000001 (4 bytes)
#126 R 0x20 0x00000001 (4 bytes)
#127 R 0x20 0x00000001 (4 bytes)
#128 R 0x20 0x00000001 (4 bytes)
#129 R 0x20 0x00000001 (4 bytes)
#130 R 0x20 0x00000001 (4 bytes)
#131 R 0x20 0x00000001 (4 bytes)
#132 R 0x20 0x00000001 (4 bytes)
#133 R 0x20 0x00000000 (4 bytes)
#134 R 0x08 0x00375f00 (4 bytes)
#135 W 0x60 0x00000042 (4 bytes)
#136 R 0x24 0x00000042 (4 bytes)
#137 W 0x64 0x00000042 (4 bytes)
#138 R 0x24 0x00000000 (4 bytes)
#139 R 0x00 0x010000ed (4 bytes)
#140 R 0x04 0xeca86420 (4 bytes)
#141 R 0x08 0x00375f00 (4 bytes)
#142 R 0x0c 0xffffffff (4 bytes)
#143 R 0x10 0xffffffff (4 bytes)
#144 R 0x14 0xffffffff (4 bytes)
#145 R 0x18 0xffffffff (4 bytes)
#146 R 0x1c 0xffffffff (4 bytes)
#147 R 0x20 0x00000000 (4 bytes)
#148 R 0x24 0x00000000 (4 bytes)
#149 R 0x28 0xffffffff (4 bytes)
#150 R 0x2c 0xffffffff (4 bytes)
#151 R 0x30 0xffffffff (4 bytes)
#152 R 0x34 0xffffffff (4 bytes)
#153 R 0x38 0xffffffff (4 bytes)
#154 R 0x3c 0xffffffff (4 bytes)
#155 R 0x40 0xffffffff (4 bytes)
#156 R 0x44 0xffffffff (4 bytes)
#157 R 0x48 0xffffffff (4 bytes)
#158 R 0x4c 0xffffffff (4 bytes)
#159 R 0x50 0xffffffff (4 bytes)
#160 R 0x54 0xffffffff (4 bytes)
#161 R 0x58 0xffffffff (4 bytes)
#162 R 0x5c 0xffffffff (4 bytes)
#163 R 0x60 0xffffffff (4 bytes)
#164 R 0x64 0xffffffff (4 bytes)
#165 R 0x68 0xffffffff (4 bytes)
#166 R 0x6c 0xffffffff (4 bytes)
#167 R 0x70 0xffffffff (4 bytes)
#168 R 0x74 0xffffffff (4 bytes)
#169 R 0x78 0xffffffff (4 bytes)
#170 R 0x7c 0xffffffff (4 bytes)
#171 R 0x80 0x00000000 (4 bytes)
#172 R 0x84 0xffffffff (4 bytes)
#173 R 0x88 0x00000000 (4 bytes)
#174 R 0x8c 0xffffffff (4 bytes)
#175 R 0x90 0x00000000 (4 bytes)
#176 R 0x94 0xffffffff (4 bytes)
#177 R 0x98 0x00000000 (4 bytes)
#178 R 0x9c 0xffffffff (4 bytes)
#179 R 0xa0 0xffffffff (4 bytes)
#180 R 0xa4 0xffffffff (4 bytes)
#181 R 0xa8 0xffffffff (4 bytes)
#182 R 0xac 0xffffffff (4 bytes)
#183 R 0xb0 0xffffffff (4 bytes)
#184 R 0xb4 0xffffffff (4 bytes)
#185 R 0xb8 0xffffffff (4 bytes)
#186 R 0xbc 0xffffffff (4 bytes)
#187 R 0xc0 0xffffffff (4 bytes)
#188 R 0xc4 0xffffffff (4 bytes)
#189 R 0xc8 0xffffffff (4 bytes)
#190 R 0xcc 0xffffffff (4 bytes)
#191 R 0xd0 0xffffffff (4 bytes)
#192 R 0xd4 0xffffffff (4 bytes)
#193 R 0xd8 0xffffffff (4 bytes)
#194 R 0xdc 0xffffffff (4 bytes)
#195 R 0xe0 0xffffffff (4 bytes)
#196 R 0xe4 0xffffffff (4 bytes)
#197 R 0xe8 0xffffffff (4 bytes)
#198 R 0xec 0xffffffff (4 bytes)
#199 R 0xf0 0xffffffff (4 bytes)
#200 R 0xf4 0xffffffff (4 bytes)
#201 R 0xf8 0xffffffff (4 bytes)
#202 R 0xfc 0xffffffff (4 bytes)
