$ g++ -std=c++20 -E main.cpp -o main.ii
$ wc -l main.cpp main.ii
     12 main.cpp
  43178 main.ii
  43190 total
$ grep -n 'dish_price' main.ii
43171:int dish_price(int dish_number);
43175:    int total = dish_price(1) + 2 * dish_price(2);
$ g++ -std=c++20 -S prices.cpp -o prices.s
$ sed -n '/^_Z10dish_pricei:/,/^.LFE0:/p' prices.s | grep -v cfi_
_Z10dish_pricei:
.LFB0:
	endbr64
	pushq	%rbp
	movq	%rsp, %rbp
	movl	%edi, -4(%rbp)
	cmpl	$1, -4(%rbp)
	jne	.L2
	movl	$7, %eax
	jmp	.L3
.L2:
	cmpl	$2, -4(%rbp)
	jne	.L4
	movl	$12, %eax
	jmp	.L3
.L4:
	movl	$0, %eax
.L3:
	popq	%rbp
	ret
.LFE0:
$ g++ -std=c++20 -Wall -Wextra -c prices.cpp -o prices.o
$ g++ -std=c++20 -Wall -Wextra -c main.cpp -o main.o
$ file main.o prices.o
main.o:   ELF 64-bit LSB relocatable, x86-64, version 1 (SYSV), not stripped
prices.o: ELF 64-bit LSB relocatable, x86-64, version 1 (SYSV), not stripped
$ nm prices.o
0000000000000000 T _Z10dish_pricei
$ nm -C prices.o
0000000000000000 T dish_price(int)
$ nm -C main.o
                 U dish_price(int)
                 U std::ostream::operator<<(int)
0000000000000031 r std::__detail::__integer_to_chars_is_unsigned<unsigned int>
0000000000000032 r std::__detail::__integer_to_chars_is_unsigned<unsigned long>
0000000000000033 r std::__detail::__integer_to_chars_is_unsigned<unsigned long long>
                 U std::ios_base_library_init()
                 U std::cout
                 U std::basic_ostream<char, std::char_traits<char> >& std::operator<< <std::char_traits<char> >(std::basic_ostream<char, std::char_traits<char> >&, char const*)
0000000000000000 T main
$ g++ main.o prices.o -o kitchen
$ ./kitchen
Table 4: one soup and two noodles cost 31 coins.
