n = 4 tosses, 16 equally likely outcomes
k  outcomes  P(X=k)  formula   P(X<=k)
0  1         0.0625  0.0625    0.0625
1  4         0.25  0.25    0.3125
2  6         0.375  0.375    0.6875
3  4         0.25  0.25    0.9375
4  1         0.0625  0.0625    1

n = 10 tosses, 10000 simulated experiments (seed 57)
k   exact P(X=k)  frequency  bar (one # per 0.01)
 0  0.000976562  0.0003  
 1  0.00976562  0.01  #
 2  0.0439453  0.0438  ####
 3  0.117188  0.1179  ############
 4  0.205078  0.2045  ####################
 5  0.246094  0.2441  ########################
 6  0.205078  0.2038  ####################
 7  0.117188  0.1198  ############
 8  0.0439453  0.0453  #####
 9  0.00976562  0.0097  #
10  0.000976562  0.0008  
