U uniform on [0, 1), N = 10000 (seed 2057)
bin            count  density
[0, 0.1)	1000	1
[0.1, 0.2)	1032	1.032
[0.2, 0.3)	998	0.998
[0.3, 0.4)	980	0.98
[0.4, 0.5)	996	0.996
[0.5, 0.6)	1003	1.003
[0.6, 0.7)	993	0.993
[0.7, 0.8)	983	0.983
[0.8, 0.9)	1012	1.012
[0.9, 1)	1003	1.003
frequency of 0.2 < U < 0.5: 0.2974   (exact area under the density: 0.5 - 0.2 = 0.3)

S = U1 + U2 on [0, 2), N = 10000
bin            count  density
[0, 0.2)	198	0.099
[0.2, 0.4)	604	0.302
[0.4, 0.6)	997	0.4985
[0.6, 0.8)	1403	0.7015
[0.8, 1)	1823	0.9115
[1, 1.2)	1825	0.9125
[1.2, 1.4)	1357	0.6785
[1.4, 1.6)	983	0.4915
[1.6, 1.8)	603	0.3015
[1.8, 2)	207	0.1035
