the_team's_8-rank_setup_(invented_values): 64 layers x 0.50 MiB of gradients, forward 50 us + backward 100 us per layer,
N = 8 ranks, alpha = 50 us, beta = 25 GB/s; compute alone = 9600 us per step

week_41_trace: communication stream of one step (times in us from the start of the step;
  forward ends at 3200, backward ends at 9600)
  all-reduce   0    8.00 MiB  ready    4800  start    4800  end    6087  (queued     0 us)
  all-reduce   1    8.00 MiB  ready    6400  start    6400  end    7687  (queued     0 us)
  all-reduce   2    8.00 MiB  ready    8000  start    8000  end    9287  (queued     0 us)
  all-reduce   3    8.00 MiB  ready    9600  start    9600  end   10887  (queued     0 us)
  step time 10887 us; communication busy 5149 us

week_42_trace: communication stream of one step (times in us from the start of the step;
  forward ends at 3200, backward ends at 9600)
  all-reduce   0    0.50 MiB  ready    3300  start    3300  end    4037  (queued     0 us)
  all-reduce   1    0.50 MiB  ready    3400  start    4037  end    4773  (queued   637 us)
  all-reduce   2    0.50 MiB  ready    3500  start    4773  end    5510  (queued  1273 us)
  all-reduce   3    0.50 MiB  ready    3600  start    5510  end    6247  (queued  1910 us)
  all-reduce   4    0.50 MiB  ready    3700  start    6247  end    6984  (queued  2547 us)
  ... (57 more all-reduces of the same size)
  all-reduce  62    0.50 MiB  ready    9500  start   48975  end   49712  (queued 39475 us)
  all-reduce  63    0.50 MiB  ready    9600  start   49712  end   50449  (queued 40112 us)
  step time 50449 us; communication busy 47149 us

