DR404 tiny hypervisor (F4-40); cmdline "hv32.elf test=hello trace=6"
hv: host TSC 2100291030 Hz (measured against the PIT)
hv: SVM present; CPUID 0x8000000A: revision 1, 16 ASIDs, EDX features 1
hv: starting guest 'hello' at rip 101c00
hv: exit 1: code 7b info1 3fd0011 info2 101bdb rip 101bda rax 0
hv: exit 2: code 7b info1 3f80010 info2 101be5 rip 101be4 rax 68
hv: exit 3: code 7b info1 3fd0011 info2 101bdb rip 101bda rax 68
hv: exit 4: code 7b info1 3f80010 info2 101be5 rip 101be4 rax 65
hv: exit 5: code 7b info1 3fd0011 info2 101bdb rip 101bda rax 65
hv: exit 6: code 7b info1 3f80010 info2 101be5 rip 101be4 rax 6c
  guest| hello from a 64-bit guest
  guest| my hypervisor says it is "DR404-tinyHV"
hv: stop reason: guest exit; guest exit code 0; 134 exits in 5 ms
hv: exits by reason:
    007b IOIO (port I/O)                   132
    0072 CPUID                               1
    0081 VMMCALL (hypercall)                 1
hv: IOIO exits by port:
    port 03fd         66
    port 03f8         66
hv: done
