DR404 tiny hypervisor (F4-40); cmdline "hv32.elf test=invalid"
hv: host TSC 2098823770 Hz (measured against the PIT)
hv: SVM present; CPUID 0x8000000A: revision 1, 16 ASIDs, EDX features 1
hv: guest 'hello' with an invalid state on purpose: VMRUN intercept cleared
hv: starting guest 'hello' at rip 101c00
hv: VMRUN refused the guest state: exit code ffffffff (SVM_EXIT_ERR, -1)
hv: stop reason: entry failed; guest exit code 0; 1 exits in 0 ms
hv: exits by reason:
    ffff INVALID (VMRUN failed)              1
hv: guest 'hello' with an invalid state on purpose: guest ASID 0 (reserved for the host)
hv: starting guest 'hello' at rip 101c00
hv: VMRUN refused the guest state: exit code ffffffff (SVM_EXIT_ERR, -1)
hv: stop reason: entry failed; guest exit code 0; 1 exits in 0 ms
hv: exits by reason:
    ffff INVALID (VMRUN failed)              1
hv: guest 'hello' with an invalid state on purpose: guest EFER.SVME = 0
hv: starting guest 'hello' at rip 101c00
hv: VMRUN refused the guest state: exit code ffffffff (SVM_EXIT_ERR, -1)
hv: stop reason: entry failed; guest exit code 0; 1 exits in 0 ms
hv: exits by reason:
    ffff INVALID (VMRUN failed)              1
hv: guest 'hello' with an invalid state on purpose: guest CR0.NW = 1 with CR0.CD = 0
hv: starting guest 'hello' at rip 101c00
hv: VMRUN refused the guest state: exit code ffffffff (SVM_EXIT_ERR, -1)
hv: stop reason: entry failed; guest exit code 0; 1 exits in 0 ms
hv: exits by reason:
    ffff INVALID (VMRUN failed)              1
hv: host still running; starting the same guest with a valid state
hv: starting guest 'hello' at rip 101c00
  guest| hello from a 64-bit guest
  guest| my hypervisor says it is "DR404-tinyHV"
hv: stop reason: guest exit; guest exit code 0; 134 exits in 2 ms
hv: exits by reason:
    007b IOIO (port I/O)                   132
    0072 CPUID                               1
    0081 VMMCALL (hypercall)                 1
hv: IOIO exits by port:
    port 03fd         66
    port 03f8         66
hv: done
