DR404 tiny hypervisor (F4-40); cmdline "hv32.elf test=triple"
hv: host TSC 2098826180 Hz (measured against the PIT)
hv: SVM present; CPUID 0x8000000A: revision 1, 16 ASIDs, EDX features 1
hv: starting guest 'triple' at rip 101c80
  guest| about to execute ud2 with no IDT
hv: guest triple fault (SHUTDOWN) at rip 101c8f; guest destroyed
hv: stop reason: triple fault; guest exit code 0; 67 exits in 1 ms
hv: exits by reason:
    007b IOIO (port I/O)                    66
    007f SHUTDOWN (triple fault)             1
hv: IOIO exits by port:
    port 03fd         33
    port 03f8         33
hv: host still running; starting a new guest
hv: starting guest 'hello' at rip 101c00
  guest| hello from a 64-bit guest
  guest| my hypervisor says it is "DR404-tinyHV"
hv: stop reason: guest exit; guest exit code 0; 134 exits in 1 ms
hv: exits by reason:
    007b IOIO (port I/O)                   132
    0072 CPUID                               1
    0081 VMMCALL (hypercall)                 1
hv: IOIO exits by port:
    port 03fd         66
    port 03f8         66
hv: done
