signal: sine wave, 9 Hz

sample rate 100 Hz (Nyquist frequency 50.0 Hz): first 10 samples
  t=0.000 s  +0.296
  t=0.010 s  +0.761
  t=0.020 s  +0.990
  t=0.030 s  +0.911
  t=0.040 s  +0.548
  t=0.050 s  +0.014
  t=0.060 s  -0.524
  t=0.070 s  -0.899
  t=0.080 s  -0.994
  t=0.090 s  -0.779
  zero-crossing estimate over 10 s: 8.95 Hz
  alias formula |f - round(f/fs)*fs|: 9.00 Hz

sample rate 10 Hz (Nyquist frequency 5.0 Hz): first 10 samples
  t=0.000 s  +0.296
  t=0.100 s  -0.322
  t=0.200 s  -0.817
  t=0.300 s  -1.000
  t=0.400 s  -0.801
  t=0.500 s  -0.296
  t=0.600 s  +0.322
  t=0.700 s  +0.817
  t=0.800 s  +1.000
  t=0.900 s  +0.801
  zero-crossing estimate over 10 s: 1.00 Hz
  alias formula |f - round(f/fs)*fs|: 1.00 Hz

alias table for fs = 10 Hz
     1 Hz in -> looks like  1.0 Hz
     4 Hz in -> looks like  4.0 Hz
     6 Hz in -> looks like  4.0 Hz
     9 Hz in -> looks like  1.0 Hz
    11 Hz in -> looks like  1.0 Hz
    19 Hz in -> looks like  1.0 Hz
    21 Hz in -> looks like  1.0 Hz
