  pass 1: /soc/tsens@10003000 deferred (clock provider not probed yet)
  ccu    /soc/clock-controller@10001000: clock provider, #clock-cells = 1
  rcu    /soc/reset-controller@10002000: reset provider, lines held: 0xffffffff
  pinmux /soc/pinctrl@10000000: pin provider
probe pass 1: 3 finished, 1 still waiting
  tsens  /soc/tsens@10003000: clock 2 on, reset 2 released, pin 4 function 3; temperature 41.250 C
probe pass 2: 1 finished, 0 still waiting
  no driver /
  no driver /soc
  bound     /soc/tsens@10003000
  disabled  /soc/i2c@10004000
  bound     /soc/clock-controller@10001000
  bound     /soc/reset-controller@10002000
  bound     /soc/pinctrl@10000000
register dump (address: value)
  0x10001000: 0x00000004  CCU GATES
  0x10002000: 0xfffffffb  RCU ASSERT
  0x10000010: 0x00000003  PINMUX PIN4
  0x10003000: 0x54534e31  TSENS ID
  0x10003004: 0x00000001  TSENS CTRL
  0x10003008: 0x0000a122  TSENS DATA
