== frame-timing log, build A (mode 640x480, frame period 13333.7 us) ==
seq  t_request_us  scanout_line_at_request  t_flip_done_us  scanout_line_at_done
  1       10438.0                      388         12903.5                   480
  2       21013.0                      285         26237.2                   480
  3       34601.0                      295         39570.9                   480
  4       45239.0                      194         52904.5                   480
  5       56187.0                      106         66238.2                   480
  6       68805.0                       79         79571.9                   480
  7       80316.0                       11       (skipped)                     -
  8       91329.0                      421         92905.5                   480
  9      105408.0                      449        106239.2                   480
 10      115883.0                      342        119572.9                   480

== frame-timing log, build B (mode 640x480, frame period 13333.7 us) ==
seq  t_request_us  scanout_line_at_request  t_flip_done_us  scanout_line_at_done
  1       10438.0                      388         10438.0                   388
  2       21013.0                      285         21013.0                   285
  3       34601.0                      295         34601.0                   295
  4       45239.0                      194         45239.0                   194
  5       56187.0                      106         56187.0                   106
  6       68805.0                       79         68805.0                    79
  7       80316.0                       11         80316.0                    11
  8       91329.0                      421         91329.0                   421
  9      105408.0                      449        105408.0                   449
 10      115883.0                      342        115883.0                   342

