driver: batch 1
  host: put cid 1 in SQ slot 0
  host: put cid 2 in SQ slot 1
  host: put cid 3 in SQ slot 2
  host: write SQ tail doorbell = 3
  device: ran cid 1, wrote CQ slot 0 with phase 1
  device: ran cid 2, wrote CQ slot 1 with phase 1
  device: ran cid 3, wrote CQ slot 2 with phase 1
  host: CQ slot 0: cid 1 done (phase 1), SQ head now 1
  host: CQ slot 1: cid 2 done (phase 1), SQ head now 2
  host: CQ slot 2: cid 3 done (phase 1), SQ head now 3
  host: CQ slot 3 has phase 0, expected 1 -> nothing new
  host: write CQ head doorbell = 3
driver: batch 2
  host: put cid 4 in SQ slot 3
  host: put cid 5 in SQ slot 0
  host: put cid 6 in SQ slot 1
  host: write SQ tail doorbell = 2
  device: ran cid 4, wrote CQ slot 3 with phase 1
  device: ran cid 5, wrote CQ slot 0 with phase 0
  device: ran cid 6, wrote CQ slot 1 with phase 0
  host: CQ slot 3: cid 4 done (phase 1), SQ head now 0
  host: CQ slot 0 has phase 0, expected 1 -> nothing new
  host: write CQ head doorbell = 0
  host: CQ slot 0 has phase 0, expected 1 -> nothing new
  host: write CQ head doorbell = 0
  host: CQ slot 0 has phase 0, expected 1 -> nothing new
  host: write CQ head doorbell = 0
driver: TIMEOUT, 2 command(s) never completed
CQ memory dump (slot: cid/phase): 0:5/0 1:6/0 2:3/1 3:4/1
