== info pci (firmware still running, before our boot sector exits) ==
  Bus  0, device   0, function 0:
    Host bridge: PCI device 8086:29c0
      PCI subsystem 1af4:1100
      id ""
  Bus  0, device   1, function 0:
    Class 0264: PCI device 1b36:0010
      PCI subsystem 1af4:1100
      IRQ 10, pin A
      BAR0: 64 bit memory at 0xfebf8000 [0xfebfbfff].
      id ""
  Bus  0, device  31, function 0:
    ISA bridge: PCI device 8086:2918
      PCI subsystem 1af4:1100
      id ""
  Bus  0, device  31, function 2:
    SATA controller: PCI device 8086:2922
      PCI subsystem 1af4:1100
      IRQ 10, pin A
      BAR4: I/O at 0xc040 [0xc05f].
      BAR5: 32 bit memory at 0xfebfc000 [0xfebfcfff].
      id ""
  Bus  0, device  31, function 3:
    SMBus: PCI device 8086:2930
      PCI subsystem 1af4:1100
      IRQ 10, pin A
      BAR4: I/O at 0x0700 [0x073f].
      id ""
== info qtree, NVMe device only ==
      dev: nvme, id ""
        drive = "nv0"
        backend_defaults = "auto"
        logical_block_size = 512 (512 B)
        physical_block_size = 512 (512 B)
        min_io_size = 0 (0 B)
        opt_io_size = 0 (0 B)
        discard_granularity = 4096 (4 KiB)
        write-cache = "auto"
        share-rw = false
        account-invalid = "auto"
        account-failed = "auto"
        serial = "HW205NVME"
        cmb_size_mb = 0 (0x0)
        num_queues = 0 (0x0)
        max_ioqpairs = 64 (0x40)
        msix_qsize = 65 (0x41)
        aerl = 3 (0x3)
        aer_max_queued = 64 (0x40)
        mdts = 7 (0x7)
        vsl = 7 (0x7)
        use-intel-id = false
        legacy-cmb = false
        ioeventfd = false
        zoned.zasl = 0 (0x0)
        zoned.auto_transition = true
        sriov_max_vfs = 0 (0x0)
        sriov_vq_flexible = 0 (0x0)
        sriov_vi_flexible = 0 (0x0)
        sriov_max_vi_per_vf = 0 (0x0)
        sriov_max_vq_per_vf = 0 (0x0)
        addr = 01.0
        romfile = ""
        romsize = 4294967295 (0xffffffff)
        rombar = 1 (0x1)
        multifunction = false
        x-pcie-lnksta-dllla = true
        x-pcie-extcap-init = true
        failover_pair_id = ""
        acpi-index = 0 (0x0)
        x-pcie-err-unc-mask = true
        x-pcie-ari-nextfn-1 = false
        class Class 0108, addr 00:01.0, pci id 1b36:0010 (sub 1af4:1100)
        bar 0: mem at 0xffffffffffffffff [0x3ffe]
== pci.ids lookups (the ID database used by lspci) ==
1b36  Red Hat, Inc.
	0010  QEMU NVM Express Controller
C 01  Mass storage controller
	08  Non-Volatile memory controller
		02  NVM Express
