SQ 0 tail wrapped: 63 -> 0 (so SQ 0 has 64 slots)
CQ 0 head wrapped: 255 -> 0 (so CQ 0 has 256 slots)
trace lines read: 2887
SQ 0: 259 tail doorbell writes, 4 wrap(s)
SQ 1: 1 tail doorbell writes, 0 wrap(s)
CQ 0: 259 head doorbell writes, 1 wrap(s)
CQ 1: 1 head doorbell writes, 0 wrap(s)
command NVME_ADM_CMD_CREATE_CQ       x 1
command NVME_ADM_CMD_CREATE_SQ       x 1
command NVME_ADM_CMD_IDENTIFY        x 257
command NVME_NVM_CMD_READ            x 1
completions posted: 260, with non-zero status: 0
first commands and every I/O command, in order:
  sq 0 cid 0 NVME_ADM_CMD_IDENTIFY
  sq 0 cid 1 NVME_ADM_CMD_CREATE_CQ
  sq 0 cid 2 NVME_ADM_CMD_CREATE_SQ
  sq 0 cid 3 NVME_ADM_CMD_IDENTIFY
  sq 0 cid 4 NVME_ADM_CMD_IDENTIFY
  sq 0 cid 5 NVME_ADM_CMD_IDENTIFY
  sq 1 cid 0 NVME_NVM_CMD_READ
