cyc  PC  word    instruction        A(rs)  B     ALU    memory      write back    next PC
  1   0  0x6200  addi r1, r0, 0        0     0      0    -           r1 = 0         1
  2   1  0x6405  addi r2, r0, 5        0     0      5    -           r2 = 5         2
  3   2  0x6600  addi r3, r0, 0        0     0      0    -           r3 = 0         3
  4   3  0x7840  lw r4, 0(r1)          0     0      0    read [0]    r4 = 7         4
  5   4  0x16E0  add r3, r3, r4        0     7      7    -           r3 = 7         5
  6   5  0x6241  addi r1, r1, 1        0     0      1    -           r1 = 1         6
  7   6  0x64BF  addi r2, r2, -1       5     0      4    -           r2 = 4         7
  8   7  0xA43B  bne r2, r0, -5        0     4     -4    -           -              3  (branch taken)
  9   3  0x7840  lw r4, 0(r1)          1     0      1    read [1]    r4 = 3         4
 10   4  0x16E0  add r3, r3, r4        7     3     10    -           r3 = 10        5
 11   5  0x6241  addi r1, r1, 1        1     0      2    -           r1 = 2         6
 12   6  0x64BF  addi r2, r2, -1       4     0      3    -           r2 = 3         7
 13   7  0xA43B  bne r2, r0, -5        0     3     -3    -           -              3  (branch taken)
 14   3  0x7840  lw r4, 0(r1)          2     0      2    read [2]    r4 = 9         4
 15   4  0x16E0  add r3, r3, r4       10     9     19    -           r3 = 19        5
 16   5  0x6241  addi r1, r1, 1        2     0      3    -           r1 = 3         6
 17   6  0x64BF  addi r2, r2, -1       3     0      2    -           r2 = 2         7
 18   7  0xA43B  bne r2, r0, -5        0     2     -2    -           -              3  (branch taken)
 19   3  0x7840  lw r4, 0(r1)          3     0      3    read [3]    r4 = 4         4
 20   4  0x16E0  add r3, r3, r4       19     4     23    -           r3 = 23        5
 21   5  0x6241  addi r1, r1, 1        3     0      4    -           r1 = 4         6
 22   6  0x64BF  addi r2, r2, -1       2     0      1    -           r2 = 1         7
 23   7  0xA43B  bne r2, r0, -5        0     1     -1    -           -              3  (branch taken)
 24   3  0x7840  lw r4, 0(r1)          4     0      4    read [4]    r4 = 6         4
 25   4  0x16E0  add r3, r3, r4       23     6     29    -           r3 = 29        5
 26   5  0x6241  addi r1, r1, 1        4     0      5    -           r1 = 5         6
 27   6  0x64BF  addi r2, r2, -1       1     0      0    -           r2 = 0         7
 28   7  0xA43B  bne r2, r0, -5        0     0      0    -           -              8
 29   8  0xB600  out r3                0    29     29    -           OUT 29         9
 30   9  0x0000  halt                  0     0      0    -           -              9
registers: r0=0 r1=5 r2=0 r3=29 r4=6 r5=0 r6=0 r7=0
