cyc  PC  word    instruction        A(rs)  B     ALU    memory      write back    next PC
  1   0  0x6200  addi r1, r0, 0        0     0      0    -           r1 = 0         1
  2   1  0x6404  addi r2, r0, 4        0     0      4    -           r2 = 4         2
  3   2  0x6C05  addi r6, r0, 5        0     0      5    -           r6 = 5         3
  4   3  0x7840  lw r4, 0(r1)          0     0      0    read [0]    r4 = 3         4
  5   4  0x5B30  slt r5, r4, r6        3     5      1    -           r5 = 1         5
  6   5  0x1028  add r0, r0, r5        0     1      1    -           -              6
  7   6  0x6241  addi r1, r1, 1        0     0      1    -           r1 = 1         7
  8   7  0x64BF  addi r2, r2, -1       4     0      3    -           r2 = 3         8
  9   8  0xA43A  bne r2, r0, -6        0     3     -3    -           -              3  (branch taken)
 10   3  0x7840  lw r4, 0(r1)          1     0      1    read [1]    r4 = 8         4
 11   4  0x5B30  slt r5, r4, r6        8     5      0    -           r5 = 0         5
 12   5  0x1028  add r0, r0, r5        0     0      0    -           -              6
 13   6  0x6241  addi r1, r1, 1        1     0      2    -           r1 = 2         7
 14   7  0x64BF  addi r2, r2, -1       3     0      2    -           r2 = 2         8
 15   8  0xA43A  bne r2, r0, -6        0     2     -2    -           -              3  (branch taken)
 16   3  0x7840  lw r4, 0(r1)          2     0      2    read [2]    r4 = 1         4
 17   4  0x5B30  slt r5, r4, r6        1     5      1    -           r5 = 1         5
 18   5  0x1028  add r0, r0, r5        0     1      1    -           -              6
 19   6  0x6241  addi r1, r1, 1        2     0      3    -           r1 = 3         7
 20   7  0x64BF  addi r2, r2, -1       2     0      1    -           r2 = 1         8
 21   8  0xA43A  bne r2, r0, -6        0     1     -1    -           -              3  (branch taken)
 22   3  0x7840  lw r4, 0(r1)          3     0      3    read [3]    r4 = 6         4
 23   4  0x5B30  slt r5, r4, r6        6     5      0    -           r5 = 0         5
 24   5  0x1028  add r0, r0, r5        0     0      0    -           -              6
 25   6  0x6241  addi r1, r1, 1        3     0      4    -           r1 = 4         7
 26   7  0x64BF  addi r2, r2, -1       1     0      0    -           r2 = 0         8
 27   8  0xA43A  bne r2, r0, -6        0     0      0    -           -              9
 28   9  0xB000  out r0                0     0      0    -           OUT 0         10
 29  10  0x0000  halt                  0     0      0    -           -             10
registers: r0=0 r1=4 r2=0 r3=0 r4=6 r5=0 r6=5 r7=0
