=== slo.md (excerpt) ===
SLI: fraction of requests answered without a 5xx status, measured at the gateway
SLO: 99.9 % over a 30-day window (this month: days 01-30)

=== alert-rules.conf (as deployed) ===
page  KVErrorsHigh  when error_ratio over 5m > 2 %  for 5 consecutive minutes

=== alert history (replay of the rule above over the month) ===
day 09 16:24  FIRING   KVErrorsHigh (error_ratio 5m = 24.48 %)
day 09 16:30  RESOLVED KVErrorsHigh (after 6 min)

=== deploy.log ===
day 14 09:12  deploy kv-gateway v2.30 -> v2.31 ("retry once on upstream 503" removed; cleanup)
day 27 15:40  rollback kv-gateway v2.31 -> v2.30 (support ticket 4471)

=== support ticket 4471 ===
day 27 11:05  "About 1 request in 400 fails with 503 since roughly two weeks; retrying works."

=== daily SLI (from the SLO report; nobody was assigned to read it) ===
day   requests   failed   SLI %
01    2879233      642   99.9777
02    2883423      638   99.9779
03    2879932      655   99.9773
04    2880239      616   99.9786
05    2878711      650   99.9774
06    2879262      662   99.9770
07    2879832      700   99.9757
08    2877706      670   99.9767
09    2880442     5787   99.7991
10    2877099      648   99.9775
11    2877843      655   99.9772
12    2880046      653   99.9773
13    2877778      653   99.9773
14    2881001     6223   99.7840
15    2881412     7373   99.7441
16    2882012     7219   99.7495
17    2879294     7235   99.7487
18    2881849     7047   99.7555
19    2882161     7317   99.7461
20    2882990     7353   99.7450
21    2882005     7207   99.7499
22    2878834     7311   99.7460
23    2878617     7143   99.7519
24    2876557     7054   99.7548
25    2880390     7232   99.7489
26    2881820     7270   99.7477
27    2882163     4556   99.8419
28    2882924      670   99.9768
29    2879546      664   99.9769
30    2878102      645   99.9776
