<!DOCTYPE html>
<html lang="en"><head><meta charset="utf-8">
<title>SLO report: key-value service, 30 days</title>
<style>body{font-family:sans-serif;margin:16px;max-width:900px}td,th{padding:2px 8px;text-align:right}.bad{font-weight:bold}</style>
</head><body>
<h1>SLO report: key-value service, 30 days</h1>
<p>Objective: 99.9 % of requests succeed. Measured: 99.9180 % (70852 of 86393796 failed).
Error budget: 86394 failed requests; used 82.0 %.</p>
<svg width="770" height="230" role="img" aria-label="Error budget consumed per day">
<line x1="40" y1="200" x2="765" y2="200" stroke="gray"/>
<text x="0" y="14" font-size="11">% of monthly budget used per day</text>
<rect x="45" y="195.3" width="20" height="4.7" fill="steelblue"><title>day 1: 0.8 %</title></rect>
<text x="45" y="215" font-size="11">1</text>
<rect x="69" y="195.3" width="20" height="4.7" fill="steelblue"><title>day 2: 0.8 %</title></rect>
<rect x="93" y="195.4" width="20" height="4.6" fill="steelblue"><title>day 3: 0.8 %</title></rect>
<rect x="117" y="30.0" width="20" height="170.0" fill="firebrick"><title>day 4: 29.2 %</title></rect>
<rect x="141" y="195.3" width="20" height="4.7" fill="steelblue"><title>day 5: 0.8 %</title></rect>
<rect x="165" y="195.2" width="20" height="4.8" fill="steelblue"><title>day 6: 0.8 %</title></rect>
<text x="165" y="215" font-size="11">6</text>
<rect x="189" y="195.4" width="20" height="4.6" fill="steelblue"><title>day 7: 0.8 %</title></rect>
<rect x="213" y="195.2" width="20" height="4.8" fill="steelblue"><title>day 8: 0.8 %</title></rect>
<rect x="237" y="195.3" width="20" height="4.7" fill="steelblue"><title>day 9: 0.8 %</title></rect>
<rect x="261" y="195.4" width="20" height="4.6" fill="steelblue"><title>day 10: 0.8 %</title></rect>
<rect x="285" y="195.4" width="20" height="4.6" fill="steelblue"><title>day 11: 0.8 %</title></rect>
<text x="285" y="215" font-size="11">11</text>
<rect x="309" y="180.4" width="20" height="19.6" fill="steelblue"><title>day 12: 3.3 %</title></rect>
<rect x="333" y="195.1" width="20" height="4.9" fill="steelblue"><title>day 13: 0.8 %</title></rect>
<rect x="357" y="195.3" width="20" height="4.7" fill="steelblue"><title>day 14: 0.8 %</title></rect>
<rect x="381" y="195.4" width="20" height="4.6" fill="steelblue"><title>day 15: 0.8 %</title></rect>
<rect x="405" y="195.3" width="20" height="4.7" fill="steelblue"><title>day 16: 0.8 %</title></rect>
<text x="405" y="215" font-size="11">16</text>
<rect x="429" y="195.4" width="20" height="4.6" fill="steelblue"><title>day 17: 0.8 %</title></rect>
<rect x="453" y="140.0" width="20" height="60.0" fill="firebrick"><title>day 18: 10.0 %</title></rect>
<rect x="477" y="139.8" width="20" height="60.2" fill="firebrick"><title>day 19: 10.0 %</title></rect>
<rect x="501" y="139.5" width="20" height="60.5" fill="firebrick"><title>day 20: 10.1 %</title></rect>
<rect x="525" y="195.5" width="20" height="4.5" fill="steelblue"><title>day 21: 0.8 %</title></rect>
<text x="525" y="215" font-size="11">21</text>
<rect x="549" y="195.3" width="20" height="4.7" fill="steelblue"><title>day 22: 0.8 %</title></rect>
<rect x="573" y="195.4" width="20" height="4.6" fill="steelblue"><title>day 23: 0.8 %</title></rect>
<rect x="597" y="195.3" width="20" height="4.7" fill="steelblue"><title>day 24: 0.8 %</title></rect>
<rect x="621" y="195.3" width="20" height="4.7" fill="steelblue"><title>day 25: 0.8 %</title></rect>
<rect x="645" y="195.5" width="20" height="4.5" fill="steelblue"><title>day 26: 0.7 %</title></rect>
<text x="645" y="215" font-size="11">26</text>
<rect x="669" y="195.2" width="20" height="4.8" fill="steelblue"><title>day 27: 0.8 %</title></rect>
<rect x="693" y="195.3" width="20" height="4.7" fill="steelblue"><title>day 28: 0.8 %</title></rect>
<rect x="717" y="195.4" width="20" height="4.6" fill="steelblue"><title>day 29: 0.8 %</title></rect>
<rect x="741" y="195.5" width="20" height="4.5" fill="steelblue"><title>day 30: 0.8 %</title></rect>
<text x="45" y="228" font-size="11">day of the month; red bars used more than an even share (3.33 %)</text>
</svg>
<table>
<tr><th>day</th><th>requests</th><th>failed</th><th>SLI %</th><th>budget used %</th><th>budget left %</th></tr>
<tr><td>1</td><td>2878948</td><td>674</td><td>99.9766</td><td>0.8</td><td>99.2</td></tr>
<tr><td>2</td><td>2878179</td><td>674</td><td>99.9766</td><td>0.8</td><td>98.4</td></tr>
<tr><td>3</td><td>2879625</td><td>664</td><td>99.9769</td><td>0.8</td><td>97.7</td></tr>
<tr class="bad"><td>4</td><td>2880089</td><td>25194</td><td>99.1252</td><td>29.2</td><td>68.5</td></tr>
<tr><td>5</td><td>2880149</td><td>676</td><td>99.9765</td><td>0.8</td><td>67.7</td></tr>
<tr><td>6</td><td>2882302</td><td>685</td><td>99.9762</td><td>0.8</td><td>66.9</td></tr>
<tr><td>7</td><td>2883149</td><td>663</td><td>99.9770</td><td>0.8</td><td>66.2</td></tr>
<tr><td>8</td><td>2879888</td><td>691</td><td>99.9760</td><td>0.8</td><td>65.4</td></tr>
<tr><td>9</td><td>2878919</td><td>682</td><td>99.9763</td><td>0.8</td><td>64.6</td></tr>
<tr><td>10</td><td>2880722</td><td>668</td><td>99.9768</td><td>0.8</td><td>63.8</td></tr>
<tr><td>11</td><td>2882911</td><td>669</td><td>99.9768</td><td>0.8</td><td>63.0</td></tr>
<tr><td>12</td><td>2880989</td><td>2829</td><td>99.9018</td><td>3.3</td><td>59.8</td></tr>
<tr><td>13</td><td>2879750</td><td>702</td><td>99.9756</td><td>0.8</td><td>58.9</td></tr>
<tr><td>14</td><td>2876734</td><td>671</td><td>99.9767</td><td>0.8</td><td>58.2</td></tr>
<tr><td>15</td><td>2877125</td><td>666</td><td>99.9769</td><td>0.8</td><td>57.4</td></tr>
<tr><td>16</td><td>2875876</td><td>678</td><td>99.9764</td><td>0.8</td><td>56.6</td></tr>
<tr><td>17</td><td>2881319</td><td>669</td><td>99.9768</td><td>0.8</td><td>55.8</td></tr>
<tr class="bad"><td>18</td><td>2879239</td><td>8642</td><td>99.6999</td><td>10.0</td><td>45.8</td></tr>
<tr class="bad"><td>19</td><td>2878381</td><td>8672</td><td>99.6987</td><td>10.0</td><td>35.8</td></tr>
<tr class="bad"><td>20</td><td>2878790</td><td>8717</td><td>99.6972</td><td>10.1</td><td>25.7</td></tr>
<tr><td>21</td><td>2881115</td><td>648</td><td>99.9775</td><td>0.8</td><td>25.0</td></tr>
<tr><td>22</td><td>2881507</td><td>680</td><td>99.9764</td><td>0.8</td><td>24.2</td></tr>
<tr><td>23</td><td>2879023</td><td>662</td><td>99.9770</td><td>0.8</td><td>23.4</td></tr>
<tr><td>24</td><td>2880892</td><td>674</td><td>99.9766</td><td>0.8</td><td>22.6</td></tr>
<tr><td>25</td><td>2879596</td><td>674</td><td>99.9766</td><td>0.8</td><td>21.8</td></tr>
<tr><td>26</td><td>2880200</td><td>644</td><td>99.9776</td><td>0.7</td><td>21.1</td></tr>
<tr><td>27</td><td>2878362</td><td>697</td><td>99.9758</td><td>0.8</td><td>20.3</td></tr>
<tr><td>28</td><td>2879163</td><td>673</td><td>99.9766</td><td>0.8</td><td>19.5</td></tr>
<tr><td>29</td><td>2881382</td><td>659</td><td>99.9771</td><td>0.8</td><td>18.7</td></tr>
<tr><td>30</td><td>2879472</td><td>655</td><td>99.9773</td><td>0.8</td><td>18.0</td></tr>
</table>
</body></html>
