=== run A: correct wiring, setpoint 300 rad/s ===
sign test: duty +0.10 for 0.2 s gave +25.6 rad/s on average
setpoint asked 300 rad/s, after speed limit 300 rad/s
  t (s)  setpoint  measured  duty   volts
   0.00       6.0       0.0  0.03    0.30
   0.10      66.0      34.4  0.18    2.15
   0.20     126.0      96.3  0.23    2.81
   0.30     186.0     158.3  0.28    3.41
   0.40     246.0     219.7  0.33    4.01
   0.50     300.0     279.8  0.36    4.35
   0.60     300.0     298.2  0.30    3.59
   0.70     300.0     299.4  0.30    3.56
   0.80     300.0     299.4  0.30    3.57
   0.90     300.0     300.0  0.30    3.55
   1.00     300.0     300.0  0.30    3.55
   1.10     300.0     300.0  0.30    3.55
   1.20     300.0     300.0  0.30    3.55
   1.30     300.0     300.0  0.30    3.56
   1.40     300.0     300.0  0.30    3.56
end of run: duty set to 0

=== run B: motor wires swapped ===
sign test: duty +0.10 for 0.2 s gave -25.6 rad/s on average
STOP: the motor turns the wrong way or not at all. Check wiring; loop not closed.

=== run C: shaft jammed at t = 0.8 s ===
sign test: duty +0.10 for 0.2 s gave +25.6 rad/s on average
setpoint asked 300 rad/s, after speed limit 300 rad/s
  t (s)  setpoint  measured  duty   volts
   0.00       6.0       0.0  0.03    0.30
   0.10      66.0      34.4  0.18    2.15
   0.20     126.0      96.3  0.23    2.81
   0.30     186.0     158.3  0.28    3.41
   0.40     246.0     219.7  0.33    4.01
   0.50     300.0     279.8  0.36    4.35
   0.60     300.0     298.2  0.30    3.59
   0.70     300.0     299.4  0.30    3.56
   0.80     300.0     299.4  0.30    3.57
   0.90     300.0       0.0  1.00   12.00
   1.00     300.0       0.0  1.00   12.00
STOP at t = 1.10 s: stall watchdog (high duty, no motion)

results: run A returned 0, run B returned 1, run C returned 2
