config: attP 6.0 | rateP 20.0 rateI 5.0 rateD 1.20 rateDTau 0.000 s | loop 500 Hz

Excerpt, every rate-loop run (2 ms) from t = 1.000 s:
   t(s)  | gyro x  | rate sp x | torque x (N m) | motor 1 cmd | motor 1 actual
   1.000 |  0.0274 |    0.0021 |       -0.23677 |       442.3 |          493.8
   1.002 | -0.0469 |    0.0021 |        0.45561 |       569.4 |          494.6
   1.004 |  0.0332 |    0.0021 |       -0.48679 |       394.3 |          493.7
   1.006 |  0.0035 |    0.0021 |        0.17800 |       530.8 |          491.8
   1.008 |  0.0182 |    0.0020 |       -0.09105 |       520.3 |          494.0
   1.010 | -0.0032 |    0.0020 |        0.12954 |       454.7 |          493.5
   1.012 |  0.0193 |    0.0020 |       -0.13814 |       530.1 |          493.5
   1.014 |  0.0659 |    0.0020 |       -0.29267 |       429.1 |          492.5
   1.016 | -0.0031 |    0.0020 |        0.41493 |       535.8 |          491.9
   1.018 | -0.0287 |    0.0020 |        0.15990 |       503.6 |          493.7
   1.020 | -0.0139 |    0.0022 |       -0.08537 |       523.2 |          495.0
   1.022 |  0.0111 |    0.0022 |       -0.15151 |       452.0 |          494.5

Statistics from 1 s to 3 s (1000 rate-loop runs):
  gyro x std              0.0207 rad/s
  roll angle RMS          0.0143 deg
  torque x command std   0.18069 N m
  motor 1 command std      43.61 rad/s (mean 493.4)
  motor 1 actual std        1.88 rad/s
Pilot: 'Flies locked-in, but after two minutes the motors are too hot to touch.'
