==================
WARNING: ThreadSanitizer: lock-order-inversion (potential deadlock) (pid=27282)
  Cycle in lock order graph: M0 (0x559a4593b1a0) => M1 (0x559a4593b160) => M0

  Mutex M1 acquired here while holding mutex M0 in thread T1:
    #0 pthread_mutex_lock ../../../../src/libsanitizer/tsan/tsan_interceptors_posix.cpp:1341 (libtsan.so.2+0x59a13)
    #1 __gthread_mutex_lock /usr/include/x86_64-linux-gnu/c++/13/bits/gthr-default.h:749 (inversion+0x14b0)
    #2 std::mutex::lock() /usr/include/c++/13/bits/std_mutex.h:113 (inversion+0x14b0)
    #3 std::lock_guard<std::mutex>::lock_guard(std::mutex&) /usr/include/c++/13/bits/std_mutex.h:249 (inversion+0x14b0)
    #4 operator() inversion.cc:14 (inversion+0x14b0)
    #5 __invoke_impl<void, main()::<lambda()> > /usr/include/c++/13/bits/invoke.h:61 (inversion+0x14b0)
    #6 __invoke<main()::<lambda()> > /usr/include/c++/13/bits/invoke.h:96 (inversion+0x14b0)
    #7 _M_invoke<0> /usr/include/c++/13/bits/std_thread.h:292 (inversion+0x14b0)
    #8 operator() /usr/include/c++/13/bits/std_thread.h:299 (inversion+0x14b0)
    #9 _M_run /usr/include/c++/13/bits/std_thread.h:244 (inversion+0x14b0)
    #10 <null> <null> (libstdc++.so.6+0xecdb3)

    Hint: use TSAN_OPTIONS=second_deadlock_stack=1 to get more informative warning message

  Mutex M0 acquired here while holding mutex M1 in thread T2:
    #0 pthread_mutex_lock ../../../../src/libsanitizer/tsan/tsan_interceptors_posix.cpp:1341 (libtsan.so.2+0x59a13)
    #1 __gthread_mutex_lock /usr/include/x86_64-linux-gnu/c++/13/bits/gthr-default.h:749 (inversion+0x1536)
    #2 std::mutex::lock() /usr/include/c++/13/bits/std_mutex.h:113 (inversion+0x1536)
    #3 std::lock_guard<std::mutex>::lock_guard(std::mutex&) /usr/include/c++/13/bits/std_mutex.h:249 (inversion+0x1536)
    #4 operator() inversion.cc:19 (inversion+0x1536)
    #5 __invoke_impl<void, main()::<lambda()> > /usr/include/c++/13/bits/invoke.h:61 (inversion+0x1536)
    #6 __invoke<main()::<lambda()> > /usr/include/c++/13/bits/invoke.h:96 (inversion+0x1536)
    #7 _M_invoke<0> /usr/include/c++/13/bits/std_thread.h:292 (inversion+0x1536)
    #8 operator() /usr/include/c++/13/bits/std_thread.h:299 (inversion+0x1536)
    #9 _M_run /usr/include/c++/13/bits/std_thread.h:244 (inversion+0x1536)
    #10 <null> <null> (libstdc++.so.6+0xecdb3)

  Thread T1 (tid=27284, finished) created by main thread at:
    #0 pthread_create ../../../../src/libsanitizer/tsan/tsan_interceptors_posix.cpp:1022 (libtsan.so.2+0x5ac1a)
    #1 std::thread::_M_start_thread(std::unique_ptr<std::thread::_State, std::default_delete<std::thread::_State> >, void (*)()) <null> (libstdc++.so.6+0xeceb0)
    #2 __libc_start_call_main ../sysdeps/nptl/libc_start_call_main.h:58 (libc.so.6+0x2a1c9)

  Thread T2 (tid=27285, running) created by main thread at:
    #0 pthread_create ../../../../src/libsanitizer/tsan/tsan_interceptors_posix.cpp:1022 (libtsan.so.2+0x5ac1a)
    #1 std::thread::_M_start_thread(std::unique_ptr<std::thread::_State, std::default_delete<std::thread::_State> >, void (*)()) <null> (libstdc++.so.6+0xeceb0)
    #2 __libc_start_call_main ../sysdeps/nptl/libc_start_call_main.h:58 (libc.so.6+0x2a1c9)

SUMMARY: ThreadSanitizer: lock-order-inversion (potential deadlock) /usr/include/x86_64-linux-gnu/c++/13/bits/gthr-default.h:749 in __gthread_mutex_lock
==================
both cooks finished (no deadlock happened in this run)
ThreadSanitizer: reported 1 warnings
