0x00007ff5b7298e51 in __futex_abstimed_wait_common64 (private=128, cancel=true, abstime=0x0, op=265, expected=27376, futex_word=0x7ff5b71ff990) at ./nptl/futex-internal.c:57

  Id   Target Id                                       Frame 
* 1    Thread 0x7ff5b788a740 (LWP 27371) "ledger" 0x00007ff5b7298e51 in __futex_abstimed_wait_common64 (private=128, cancel=true, abstime=0x0, op=265, expected=27376, futex_word=0x7ff5b71ff990) at ./nptl/futex-internal.c:57
  2    Thread 0x7ff5b69fe6c0 (LWP 27377) "refunds"     futex_wait (private=0, expected=2, futex_word=0x7ffeb11ade18) at ../sysdeps/nptl/futex-internal.h:146
  3    Thread 0x7ff5b71ff6c0 (LWP 27376) "payroll"     futex_wait (private=0, expected=2, futex_word=0x7ffeb11ade68) at ../sysdeps/nptl/futex-internal.h:146

Thread 3 (Thread 0x7ff5b71ff6c0 (LWP 27376) "payroll"):
#0  futex_wait (private=0, expected=2, futex_word=0x7ffeb11ade68) at ../sysdeps/nptl/futex-internal.h:146
#1  __GI___lll_lock_wait (futex=futex@entry=0x7ffeb11ade68, private=0) at ./nptl/lowlevellock.c:49
#2  0x00007ff5b72a01e1 in lll_mutex_lock_optimized (mutex=0x7ffeb11ade68) at ./nptl/pthread_mutex_lock.c:48
#3  ___pthread_mutex_lock (mutex=0x7ffeb11ade68) at ./nptl/pthread_mutex_lock.c:93
#4  0x00005583d734422c in __gthread_mutex_lock (__mutex=0x7ffeb11ade68) at /usr/include/x86_64-linux-gnu/c++/13/bits/gthr-default.h:749
#5  0x00005583d73442ac in std::mutex::lock (this=0x7ffeb11ade68) at /usr/include/c++/13/bits/std_mutex.h:113
#6  0x00005583d7344b36 in std::lock_guard<std::mutex>::lock_guard (this=0x7ff5b71fed98, __m=...) at /usr/include/c++/13/bits/std_mutex.h:249
#7  0x00005583d7343519 in transfer (from=..., to=..., amount=100) at ledger.cc:28
#8  0x00005583d7343607 in operator() (__closure=0x55840cd5f2c8) at ledger.cc:40
    [...] (frames of the thread-start machinery removed)

Thread 2 (Thread 0x7ff5b69fe6c0 (LWP 27377) "refunds"):
#0  futex_wait (private=0, expected=2, futex_word=0x7ffeb11ade18) at ../sysdeps/nptl/futex-internal.h:146
#1  __GI___lll_lock_wait (futex=futex@entry=0x7ffeb11ade18, private=0) at ./nptl/lowlevellock.c:49
#2  0x00007ff5b72a01e1 in lll_mutex_lock_optimized (mutex=0x7ffeb11ade18) at ./nptl/pthread_mutex_lock.c:48
#3  ___pthread_mutex_lock (mutex=0x7ffeb11ade18) at ./nptl/pthread_mutex_lock.c:93
#4  0x00005583d734422c in __gthread_mutex_lock (__mutex=0x7ffeb11ade18) at /usr/include/x86_64-linux-gnu/c++/13/bits/gthr-default.h:749
#5  0x00005583d73442ac in std::mutex::lock (this=0x7ffeb11ade18) at /usr/include/c++/13/bits/std_mutex.h:113
#6  0x00005583d7344b36 in std::lock_guard<std::mutex>::lock_guard (this=0x7ff5b69fdd98, __m=...) at /usr/include/c++/13/bits/std_mutex.h:249
#7  0x00005583d7343519 in transfer (from=..., to=..., amount=30) at ledger.cc:28
#8  0x00005583d734364f in operator() (__closure=0x55840cd5f428) at ledger.cc:44
    [...] (frames of the thread-start machinery removed)

Thread 1 (Thread 0x7ff5b788a740 (LWP 27371) "ledger"):
#0  0x00007ff5b7298e51 in __futex_abstimed_wait_common64 (private=128, cancel=true, abstime=0x0, op=265, expected=27376, futex_word=0x7ff5b71ff990) at ./nptl/futex-internal.c:57
#1  __futex_abstimed_wait_common (cancel=true, private=128, abstime=0x0, clockid=0, expected=27376, futex_word=0x7ff5b71ff990) at ./nptl/futex-internal.c:87
#2  __GI___futex_abstimed_wait_cancelable64 (futex_word=futex_word@entry=0x7ff5b71ff990, expected=27376, clockid=clockid@entry=0, abstime=abstime@entry=0x0, private=private@entry=128) at ./nptl/futex-internal.c:139
#3  0x00007ff5b729e883 in __pthread_clockjoin_ex (threadid=140693316040384, thread_return=0x0, clockid=0, abstime=0x0, block=<optimized out>) at ./nptl/pthread_join_common.c:102
#4  0x00007ff5b76ece33 in std::thread::join() () from /lib/x86_64-linux-gnu/libstdc++.so.6
#5  0x00005583d73437bd in main () at ledger.cc:46

=== locals of transfer() in each thread ===

Thread 3 (Thread 0x7ff5b71ff6c0 (LWP 27376) "payroll"):
#7  0x00005583d7343519 in transfer (from=..., to=..., amount=100) at ledger.cc:28
$1 = "savings"

Thread 2 (Thread 0x7ff5b69fe6c0 (LWP 27377) "refunds"):
#7  0x00005583d7343519 in transfer (from=..., to=..., amount=30) at ledger.cc:28
$2 = "kitchen"

Thread 1 (Thread 0x7ff5b788a740 (LWP 27371) "ledger"):

Thread 3 (Thread 0x7ff5b71ff6c0 (LWP 27376) "payroll"):
$3 = (std::mutex *) 0x7ffeb11ade18

Thread 2 (Thread 0x7ff5b69fe6c0 (LWP 27377) "refunds"):
$4 = (std::mutex *) 0x7ffeb11ade68

Thread 1 (Thread 0x7ff5b788a740 (LWP 27371) "ledger"):

Thread 3 (Thread 0x7ff5b71ff6c0 (LWP 27376) "payroll"):
$5 = "kitchen"

Thread 2 (Thread 0x7ff5b69fe6c0 (LWP 27377) "refunds"):
$6 = "savings"

Thread 1 (Thread 0x7ff5b788a740 (LWP 27371) "ledger"):

Thread 3 (Thread 0x7ff5b71ff6c0 (LWP 27376) "payroll"):
$7 = (std::mutex *) 0x7ffeb11ade68

Thread 2 (Thread 0x7ff5b69fe6c0 (LWP 27377) "refunds"):
$8 = (std::mutex *) 0x7ffeb11ade18

Thread 1 (Thread 0x7ff5b788a740 (LWP 27371) "ledger"):
