 #  min  mentee-kbd  q(mentee)  q(mentor)  goal    refl  feedback s/v  flags
 1   45        70 %          4          5  both      y         2/1    
 2   60        55 %          3          3  mentor    y         1/1    F3 
 3   75        40 %          2          1  mentor    y         1/2    F1 F3 F5 
 4   80        25 %          1          0  mentor    y         0/3    F1 F2 F3 F5 
 5   90        20 %          1          0  mentor    n         0/2    F1 F2 F3 F4 F5 
 6   90        15 %          0          0  mentor    n         1/3    F1 F2 F3 F4 F5 
 7   60        20 %          0          0  mentor    n         0/2    F1 F2 F3 F4 F5 
 8  cancelled by mentee
 9  cancelled by mentee
10   30        10 %          0          0  mentor    n         0/1    F1 F2 F3 F4 F5 
11  cancelled by mentee

sessions held 8, cancelled by mentee 3, by mentor 0, longest run of cancellations 2
mentee keyboard share: first half 47.5 %, second half 16.2 %
questions by mentee:   first half 2.5 per session, second half 0.2

flags (a pattern is a flag in 3 or more held sessions):
  F1 mentor held the keyboard most of the session    6  PATTERN
  F2 mentor asked no questions                       5  PATTERN
  F3 the goal was set by the mentor alone            7  PATTERN
  F4 no written reflection                           4  PATTERN
  F5 more vague than specific feedback               6  PATTERN
  the mentee cancelled 3 sessions: ask, kindly, what the sessions are not giving them
