 #  min  mentee-kbd  q(mentee)  q(mentor)  goal    refl  feedback s/v  flags
 1   45        60 %          2          6  both      y         2/1    
 2   45        70 %          3          5  mentee    y         3/0    
 3   40        75 %          3          6  mentee    y         2/1    
 4  cancelled by mentor
 5   45        80 %          5          5  mentee    y         3/0    
 6   45        85 %          4          4  mentee    y         2/0    
 7   50        80 %          6          5  both      y         3/1    
 8   45        90 %          5          4  mentee    y         2/0    
 9   45        90 %          7          3  mentee    y         2/0    
10   40        95 %          6          3  mentee    y         1/0    

sessions held 9, cancelled by mentee 0, by mentor 1, longest run of cancellations 1
mentee keyboard share: first half 71.2 %, second half 88.0 %
questions by mentee:   first half 3.2 per session, second half 5.6

flags (a pattern is a flag in 3 or more held sessions):
  F1 mentor held the keyboard most of the session    0
  F2 mentor asked no questions                       0
  F3 the goal was set by the mentor alone            0
  F4 no written reflection                           0
  F5 more vague than specific feedback               0
