== g++ (Ubuntu 13.3.0-6ubuntu2~24.04.1) 13.3.0: g++ -std=c++20 -O2 -c publish.cc ==
0000000000000000 <publish_plain>:
   0:	endbr64
   4:	movzwl 0x90(%rdi),%eax
   b:	mov    %edx,0x8(%rdi)
   e:	xor    %ecx,%ecx
  10:	mov    %rsi,(%rdi)
  13:	mov    %rax,%rdx
  16:	add    $0x1,%eax
  19:	and    $0x7,%edx
  1c:	mov    %cx,0x80(%rdi,%rdx,2)
  24:	mov    %ax,0x90(%rdi)
  2b:	ret
  2c:	nopl   0x0(%rax)
0000000000000030 <publish_fence>:
  30:	endbr64
  34:	movzwl 0x90(%rdi),%eax
  3b:	mov    %edx,0x8(%rdi)
  3e:	xor    %edx,%edx
  40:	mov    %rsi,(%rdi)
  43:	and    $0x7,%eax
  46:	mov    %dx,0x80(%rdi,%rax,2)
  4e:	addw   $0x1,0x90(%rdi)
  56:	ret
  57:	nopw   0x0(%rax,%rax,1)
0000000000000060 <publish_release>:
  60:	endbr64
  64:	movzwl 0x90(%rdi),%eax
  6b:	mov    %edx,0x8(%rdi)
  6e:	xor    %ecx,%ecx
  70:	mov    %rsi,(%rdi)
  73:	mov    %rax,%rdx
  76:	add    $0x1,%eax
  79:	and    $0x7,%edx
  7c:	mov    %cx,0x80(%rdi,%rdx,2)
  84:	mov    %ax,0x90(%rdi)
  8b:	ret
== aarch64-linux-gnu-g++ (Ubuntu 13.3.0-6ubuntu2~24.04.1) 13.3.0: aarch64-linux-gnu-g++ -std=c++20 -O2 -c publish.cc ==
0000000000000000 <publish_plain>:
   0:	ldrh	w3, [x0, #144]
   4:	str	x1, [x0]
   8:	and	x1, x3, #0x7
   c:	str	w2, [x0, #8]
  10:	add	x1, x1, #0x40
  14:	add	w3, w3, #0x1
  18:	strh	wzr, [x0, x1, lsl #1]
  1c:	strh	w3, [x0, #144]
  20:	ret
0000000000000024 <publish_fence>:
  24:	ldrh	w3, [x0, #144]
  28:	str	x1, [x0]
  2c:	and	x3, x3, #0x7
  30:	str	w2, [x0, #8]
  34:	add	x3, x3, #0x40
  38:	strh	wzr, [x0, x3, lsl #1]
  3c:	dmb	ish
  40:	ldrh	w1, [x0, #144]
  44:	add	w1, w1, #0x1
  48:	strh	w1, [x0, #144]
  4c:	ret
0000000000000050 <publish_release>:
  50:	ldrh	w3, [x0, #144]
  54:	str	x1, [x0]
  58:	and	x1, x3, #0x7
  5c:	str	w2, [x0, #8]
  60:	add	x1, x1, #0x40
  64:	add	w3, w3, #0x1
  68:	strh	wzr, [x0, x1, lsl #1]
  6c:	add	x0, x0, #0x90
  70:	stlrh	w3, [x0]
  74:	ret
== riscv64-linux-gnu-g++ (Ubuntu 13.3.0-6ubuntu2~24.04.1) 13.3.0: riscv64-linux-gnu-g++ -std=c++20 -O2 -c publish.cc ==
0000000000000000 <publish_plain>:
   0:	lhu	a4,144(a0)
   4:	sd	a1,0(a0)
   6:	sw	a2,8(a0)
   8:	andi	a5,a4,7
   c:	addi	a5,a5,64
  10:	slli	a5,a5,0x1
  12:	add	a5,a5,a0
  14:	sh	zero,0(a5)
  18:	addiw	a4,a4,1
  1a:	sh	a4,144(a0)
  1e:	ret
0000000000000020 <publish_fence>:
  20:	lhu	a5,144(a0)
  24:	sd	a1,0(a0)
  26:	sw	a2,8(a0)
  28:	andi	a5,a5,7
  2a:	addi	a5,a5,64
  2e:	slli	a5,a5,0x1
  30:	add	a5,a5,a0
  32:	sh	zero,0(a5)
  36:	fence	rw,w
  3a:	lhu	a5,144(a0)
  3e:	addiw	a5,a5,1
  40:	sh	a5,144(a0)
  44:	ret
0000000000000046 <publish_release>:
  46:	lhu	a4,144(a0)
  4a:	sd	a1,0(a0)
  4c:	sw	a2,8(a0)
  4e:	andi	a5,a4,7
  52:	addi	a5,a5,64
  56:	slli	a5,a5,0x1
  58:	add	a5,a5,a0
  5a:	sh	zero,0(a5)
  5e:	addiw	a4,a4,1
  60:	fence	rw,w
  64:	sh	a4,144(a0)
  68:	ret
