MODEL, not a CPU trace: store-visibility order and a polling DMA device (seed 402)
== trace of the weak model without a fence (first 40 events, then the first 3 bad requests) ==
t=00001 cpu  issue  req 0: desc[0].addr=0x40200000 desc[0].len=512 ring[0]=0 idx=1
t=00001 mem  visible addr[0] = 0x40200000
t=00002 mem  visible ring[0] = 0x0
t=00003 mem  visible len[0] = 0x200
t=00004 mem  visible idx = 1
t=00004 dev  req 0: idx=1 ring[0]=0 -> DMA to 0x40200000, 512 bytes
t=00005 cpu  issue  req 1: desc[1].addr=0x40201000 desc[1].len=1024 ring[1]=1 idx=2
t=00005 mem  visible len[1] = 0x400
t=00006 mem  visible ring[1] = 0x1
t=00007 mem  visible idx = 2
t=00007 dev  req 1: idx=2 ring[1]=1 -> DMA to 0x0, 1024 bytes   <-- not what the driver wrote for this request
t=00008 cpu  issue  req 2: desc[2].addr=0x40202000 desc[2].len=1536 ring[2]=2 idx=3
t=00008 mem  visible idx = 3
t=00008 dev  req 2: idx=3 ring[2]=0 -> DMA to 0x40200000, 512 bytes   <-- not what the driver wrote for this request
t=00009 cpu  issue  req 3: desc[3].addr=0x40203000 desc[3].len=2048 ring[3]=3 idx=4
t=00009 mem  visible ring[2] = 0x2
t=00010 mem  visible idx = 4
t=00010 dev  req 3: idx=4 ring[3]=0 -> DMA to 0x40200000, 512 bytes   <-- not what the driver wrote for this request
t=00011 mem  visible len[2] = 0x600
t=00012 cpu  issue  req 4: desc[0].addr=0x40204000 desc[0].len=2560 ring[0]=0 idx=5
t=00012 mem  visible addr[2] = 0x40202000
t=00013 mem  visible idx = 5
t=00013 dev  req 4: idx=5 ring[0]=0 -> DMA to 0x40200000, 512 bytes   <-- not what the driver wrote for this request
t=00014 mem  visible ring[3] = 0x3
t=00015 mem  visible ring[0] = 0x0
t=00016 cpu  issue  req 5: desc[1].addr=0x40205000 desc[1].len=3072 ring[1]=1 idx=6
t=00016 mem  visible addr[0] = 0x40204000
t=00017 mem  visible len[3] = 0x800
t=00018 mem  visible addr[3] = 0x40203000
t=00019 mem  visible idx = 6
t=00019 dev  req 5: idx=6 ring[1]=1 -> DMA to 0x0, 1024 bytes   <-- not what the driver wrote for this request
t=00020 cpu  issue  req 6: desc[2].addr=0x40206000 desc[2].len=3584 ring[2]=2 idx=7
t=00020 mem  visible addr[1] = 0x40201000
t=00021 mem  visible addr[1] = 0x40205000
t=00022 mem  visible len[2] = 0xe00
t=00023 mem  visible ring[2] = 0x2
t=00024 mem  visible addr[2] = 0x40206000
t=00025 mem  visible len[1] = 0xc00
t=00026 mem  visible ring[1] = 0x1
t=00027 mem  visible idx = 7
weak      : 1000 requests, 645 used a stale or wrong descriptor; up to 9 stores waiting
== summary ==
in-order  : 1000 requests, 0 used a stale or wrong descriptor; up to 4 stores waiting
weak      : 1000 requests, 645 used a stale or wrong descriptor; up to 9 stores waiting
weak+fence: 1000 requests, 0 used a stale or wrong descriptor; up to 4 stores waiting
as expected: only the weak model without a fence corrupts requests
