D3: boot CPU entered at EL1; PSCI through hvc
MMU on: MAIR 0xff00 TCR 0x400803519 TTBR0 0x4008a000 SCTLR 0xc5183d (PARange 4)
GICD at 0x8000000: TYPER 0x37a0008 -> 288 interrupt IDs; GICR region 0x80a0000 (0xf60000 bytes)
devicetree lists 4 CPU(s); boot CPU MPIDR 0x0
PSCI CPU_ON(target 0x1, entry 0x40082c18, context 1) = 0
PSCI CPU_ON(target 0x2, entry 0x40082c18, context 2) = 0
cpu 1 online: MPIDR_EL1 0x80000001, entered at EL1, TPIDR_EL1 -> g_cpu[1]
PSCI CPU_ON(target 0x3, entry 0x40082c18, context 3) = 0
cpu 3 online: MPIDR_EL1 0x80000003, entered at EL1, TPIDR_EL1 -> g_cpu[3]
cpu 2 online: MPIDR_EL1 0x80000002, entered at EL1, TPIDR_EL1 -> g_cpu[2]
PSCI CPU_ON for a CPU that is already on = -4
PSCI AFFINITY_INFO(0x0) = 0
PSCI AFFINITY_INFO(0x1) = 0
PSCI AFFINITY_INFO(0x2) = 0
PSCI AFFINITY_INFO(0x3) = 0
lock test: 4 CPUs x 200000 rounds: locked counter 800000 (expected 800000), racy counter 782992
SGI 1: every other CPU took exactly one: yes
virtio-mmio slot virtio_mmio@a003e00: version 2, device 2 (block), vendor 0x554d4551
virtio-mmio: 32 slots in the devicetree, 1 with a device
virtio-blk at 0xa003e00: queue 0 has 8 entries (max 1024), capacity 2048 sectors
sector 0 begins: "DR402 F4-26: sector 0, read through virtio-mmio"
D3 ok
exit: pass (code 0x10); PSCI SYSTEM_OFF through hvc
