== 1. sum with shfl_down, 32 lanes holding 1..32 (lanes 0-7 shown)
start                         1    2    3    4    5    6    7    8  ... lane 31: 32
after offset 16              18   20   22   24   26   28   30   32  ... lane 31: 64
after offset 8               52   56   60   64   68   72   76   80  ... lane 31: 128
after offset 4              120  128  136  144  136  144  152  160  ... lane 31: 256
after offset 2              256  272  272  288  288  304  304  320  ... lane 31: 512
after offset 1              528  544  560  576  592  608  624  640  ... lane 31: 1024
lane 0 holds 528 (expected 32*33/2 = 528)

== 2. butterfly with shfl_xor: every lane ends with the total
after 5 xor steps           528  528  528  528  528  528  528  528  ... lane 31: 528

== 3. inclusive scan with shfl_up, every lane holding 1
after 5 up steps              1    2    3    4    5    6    7    8  ... lane 31: 32

== 4. ballot and popc: keep the lanes whose value is a multiple of 3
ballot mask 0x24924924, popc 10
compacted: [0]=102 [1]=105 [2]=108 [3]=111 [4]=114 [5]=117 [6]=120 [7]=123 [8]=126 [9]=129

== 5. width 16: two independent sums of 16 lanes in one 32-lane warp
lane 0: 136 (1..16), lane 16: 392 (17..32)

== 6. the same code on a 64-lane wavefront, every lane holding 1
loop starting at offset 16:        lane 0 = 32 (expected 64)
loop starting at offset width / 2: lane 0 = 64 (expected 64)
ballot of 64 true lanes: popc of 64-bit mask = 64, of 32-bit copy = 32
