-- scanning 3653632 bytes in /usr/share/OVMF/OVMF_CODE_4M.fd
FV at offset 0x0, length 0x348000, header 72 bytes, header checksum ok
  FIRMWARE_VOLUME_IMAGE   1495775 bytes  9e21fd93  
  LZMA-compressed section: 1495727 bytes unpack to 16122000 bytes
    -- scanning 16122000 bytes inside the LZMA section
    FV at offset 0x80, length 0xe0000, header 72 bytes, header checksum ok
      FREEFORM                     44 bytes  1b45cc0a  
      PEI_CORE                  25530 bytes  52c05b14  PeiCore
      PEIM                       8314 bytes  9b3ada4f  PcdPeim
      PEIM                       2078 bytes  a3610442  ReportStatusCodeRouterPei
      PEIM                       1366 bytes  9d225237  StatusCodeHandlerPei
      PEIM                      29762 bytes  222c386d  PlatformPei
      PEIM                       7930 bytes  86d70125  DxeIpl
      PEIM                       6918 bytes  89e549b0  S3Resume2Pei
      PEIM                      46654 bytes  edadeb9d  CpuMpPei
      PEIM                      29566 bytes  280251c4  CpuMpPei
      PEIM                       3798 bytes  f12f698a  TpmMmioSevDecryptPei
      PEIM                       4806 bytes  8ad3148f  Tcg2ConfigPei
      PEIM                       8698 bytes  2be1e4a6  TcgPei
      PEIM                      30906 bytes  a0c98b77  Tcg2Pei
      PEIM                       6218 bytes  47727552  Tcg2PlatformPei
      summary: FREEFORM 1; PEIM 13; PEI_CORE 1;
    FV at offset 0xe0090, length 0xe80000, header 72 bytes, header checksum ok
      FREEFORM                    108 bytes  fc510ee7  
      DXE_CORE                 138686 bytes  d6a2cb7f  DxeCore
      DRIVER                    16538 bytes  d93ce3d8  ReportStatusCodeRouterRuntimeDxe
      DRIVER                    12450 bytes  6c2004ef  StatusCodeHandlerRuntimeDxe
      DRIVER                    10426 bytes  80cf7257  PcdDxe
      DRIVER                    16494 bytes  b601f8c4  RuntimeDxe
      DRIVER                    13814 bytes  f80697e9  SecurityStubDxe
      DRIVER                    16086 bytes  13ac6dd0  EbcDxe
      DRIVER                     4314 bytes  a19b1fe7  CpuIo2Dxe
      DRIVER                    88826 bytes  1a1e4886  CpuDxe
      DRIVER                    69050 bytes  6490f1c5  CpuDxe
      DRIVER                     4046 bytes  52fe8196  LocalApicTimerDxe
      DRIVER                     1734 bytes  f6697ac4  IncompatiblePciDeviceSupportDxe
      DRIVER                     8954 bytes  11a6edf6  PciHotPlugInitDxe
      DRIVER                    18278 bytes  128fb770  PciHostBridgeDxe
      DRIVER                    40706 bytes  93b80004  PciBusDxe
      DRIVER                    16514 bytes  4b28e4c7  ResetSystemRuntimeDxe
      DRIVER                     2474 bytes  c8339973  Metronome
      DRIVER                    16518 bytes  378d7b65  PcRtc
      DRIVER                     3926 bytes  83dd3b39  VirtioPciDeviceDxe
      DRIVER                     8386 bytes  0170f60c  Virtio10
      DRIVER                     5450 bytes  11d92dfb  VirtioBlkDxe
      DRIVER                     6922 bytes  fab5d4f4  VirtioScsiDxe
      DRIVER                     4426 bytes  58e26f0d  VirtioRngDxe
      DRIVER                    12366 bytes  23cace14  VirtioSerialDxe
      DRIVER                     1670 bytes  f099d67f  WatchdogTimer
      DRIVER                    12450 bytes  ad608272  MonotonicCounterRuntimeDxe
      DRIVER                    12430 bytes  42857f0a  CapsuleRuntimeDxe
      DRIVER                     6606 bytes  51ccf399  ConPlatformDxe
      DRIVER                    19278 bytes  408edcec  ConSplitterDxe
      DRIVER                    14742 bytes  cccb0c28  GraphicsConsoleDxe
      DRIVER                    17862 bytes  9e863906  TerminalDxe
      DRIVER                    15834 bytes  ebf8ed7c  DriverHealthManagerDxe
      DRIVER                    83386 bytes  6d33944a  BdsDxe
      APPLICATION              112366 bytes  462caa21  UiApp
      DRIVER                     6650 bytes  806040ca  QemuKernelLoaderFsDxe
      DRIVER                    37714 bytes  9b680fce  DevicePathDxe
      DRIVER                     6850 bytes  6b38f7b4  DiskIoDxe
      DRIVER                    13322 bytes  1fa1f39e  PartitionDxe
      DRIVER                    28972 bytes  28a03ff4  RamDiskDxe
      DRIVER                     3142 bytes  cd3bafb6  EnglishDxe
      DRIVER                     7166 bytes  0167ccc4  ScsiBus
      DRIVER                    29954 bytes  0a66e322  ScsiDisk
      DRIVER                     4430 bytes  820c59bb  SataController
      DRIVER                    26838 bytes  5e523cb4  AtaAtapiPassThruDxe
      DRIVER                    13122 bytes  19df145a  AtaBusDxe
      DRIVER                    24458 bytes  5be3bdf4  NvmExpressDxe
      DRIVER                    84846 bytes  348c4d62  HiiDatabase
      DRIVER                    67178 bytes  ebf342fe  SetupBrowser
      DRIVER                    59222 bytes  e660ea85  DisplayEngine
      DRIVER                     4738 bytes  864e1ca8  SioBusDxe
      DRIVER                    17294 bytes  e2775b47  PciSioSerialDxe
      DRIVER                    12814 bytes  c4d1f932  Ps2KeyboardDxe
      DRIVER                     9746 bytes  f9d88642  SmbiosDxe
      DRIVER                     5298 bytes  4110465d  SmbiosPlatformDxe
      DRIVER                    17266 bytes  9622e42c  AcpiTableDxe
      DRIVER                    11770 bytes  17985e6f  QemuFwCfgAcpiPlatform
      DRIVER                    12342 bytes  bdce85bb  S3SaveStateDxe
      DRIVER                    69974 bytes  fa20568b  BootScriptExecutorDxe
      DRIVER                     3178 bytes  b8e62775  BootGraphicsResourceTableDxe
      DRIVER                    23414 bytes  961578fe  Fat
      DRIVER                    13822 bytes  905f13b0  UdfDxe
      DRIVER                    22150 bytes  7bd9ddf7  VirtioFsDxe
      DRIVER                    30198 bytes  a487a478  tftpDynamicCommand
      DRIVER                    38390 bytes  19618bce  httpDynamicCommand
      DRIVER                    20878 bytes  2f30da26  LinuxInitrdDynamicShellCommand
      APPLICATION              885078 bytes  7c04a583  Shell
      DRIVER                    13626 bytes  f74d20ee  LogoDxe
      DRIVER                     6886 bytes  e750224e  TdxDxe
      DRIVER                     2262 bytes  a210f973  DpcDxe
      DRIVER                    18302 bytes  a2f436ea  SnpDxe
      DRIVER                    18622 bytes  e4f61863  VlanConfigDxe
      DRIVER                    24446 bytes  025bbfc7  MnpDxe
      DRIVER                    11582 bytes  529d3f93  ArpDxe
      DRIVER                    27970 bytes  94734718  Dhcp4Dxe
      DRIVER                    62066 bytes  9fb1a1f3  Ip4Dxe
      DRIVER                    23998 bytes  6d6963ab  Udp4Dxe
      DRIVER                    25986 bytes  dc3641b8  Mtftp4Dxe
      DRIVER                    28674 bytes  95e3669d  Dhcp6Dxe
      DRIVER                    88818 bytes  5bedb5cc  Ip6Dxe
      DRIVER                    23870 bytes  d912c7bc  Udp6Dxe
      DRIVER                    27650 bytes  99f03b99  Mtftp6Dxe
      DRIVER                    43774 bytes  1a7e4468  TcpDxe
      DRIVER                    57674 bytes  b95e9fda  UefiPxeBcDxe
      DRIVER                   918910 bytes  3aceb0c0  TlsDxe
      DRIVER                    31266 bytes  7ca1024f  TlsAuthConfigDxe
      DRIVER                    36734 bytes  b219e140  DnsDxe
      DRIVER                    35518 bytes  2366c20f  HttpDxe
      DRIVER                     3770 bytes  22ea234f  HttpUtilitiesDxe
      DRIVER                    51514 bytes  ecebcb00  HttpBootDxe
      DRIVER                   102006 bytes  86cddf93  IScsiDxe
      DRIVER                    10698 bytes  a92cdb4b  VirtioNetDxe
      DRIVER                    14654 bytes  2fb92efa  UhciDxe
      DRIVER                    17150 bytes  bdfe430e  EhciDxe
      DRIVER                    28542 bytes  b7f50e91  XhciDxe
      DRIVER                    17154 bytes  240612b7  UsbBusDxe
      DRIVER                    14082 bytes  2d2e62cf  UsbKbDxe
      DRIVER                    10642 bytes  9fb4b4a7  UsbMassStorageDxe
      DRIVER                    18314 bytes  e3752948  QemuVideoDxe
      DRIVER                     8218 bytes  dce1b094  QemuRamfbDxe
      DRIVER                    14474 bytes  d6099b94  VirtioGpuDxe
      DRIVER                    14398 bytes  d9dcc5df  PlatformDxe
      DRIVER                     6058 bytes  2ec9da37  AmdSevDxe
      DRIVER                    10346 bytes  8657015b  IoMmuDxe
      DRIVER                    20610 bytes  733cbac2  FvbServicesRuntimeDxe
      DRIVER                    16522 bytes  22dc2b60  EmuVariableFvbRuntimeDxe
      DRIVER                    10662 bytes  fe5cea76  FaultTolerantWriteDxe
      DRIVER                    41086 bytes  cbd2e4d5  VariableRuntimeDxe
      DRIVER                    20238 bytes  f062221e  TdTcg2Dxe
      DRIVER                    13158 bytes  a5683620  TcgDxe
      DRIVER                    45970 bytes  fdff263d  Tcg2Dxe
      DRIVER                     3786 bytes  5cab08d5  Tcg2PlatformDxe
      DRIVER                    34522 bytes  4d9cbef0  Tcg2ConfigDxe
      summary: APPLICATION 2; DRIVER 109; DXE_CORE 1; FREEFORM 1;
  summary: FIRMWARE_VOLUME_IMAGE 1;
FV at offset 0x348000, length 0x34000, header 72 bytes, header checksum ok
  SECURITY_CORE             41534 bytes  df1ccef6  SecMain
  RAW                        2504 bytes  1ba0062e  
  summary: RAW 1; SECURITY_CORE 1;
