Step tests of the cascade, inner loop first (course quad, DN201 simulator)
loop (step)                          rise (s)    overshoot
1 rate (roll rate 1 rad/s)              0.097        2.1 %
2 attitude (roll 10 deg)                0.211        1.0 %
3 velocity (vx 1 m/s)                   0.566        8.0 %
4 position (x 2 m)                      1.103        7.3 %

Position step x = 2 m: setpoint versus actual at every level
 t(s)  x_sp    x   | vx_sp   vx   | pitch_sp pitch (deg) | q_sp   q (rad/s)
 0.2  2.00  0.01 |  1.99  0.17 |   21.49   13.81      |  0.81  1.61
 0.4  2.00  0.10 |  1.90  0.83 |   14.19   20.21      | -0.63 -0.30
 0.6  2.00  0.33 |  1.67  1.40 |    5.40   12.99      | -0.80 -0.78
 0.8  2.00  0.64 |  1.36  1.67 |   -1.38    4.45      | -0.61 -0.67
 1.0  2.00  0.98 |  1.02  1.68 |   -5.66   -1.98      | -0.39 -0.45
 1.2  2.00  1.31 |  0.70  1.51 |   -7.84   -5.97      | -0.20 -0.25
 1.4  2.00  1.58 |  0.42  1.24 |   -8.47   -7.92      | -0.06 -0.10
 1.6  2.00  1.80 |  0.20  0.95 |   -8.04   -8.40      |  0.04  0.01
 1.8  2.00  1.96 |  0.04  0.66 |   -6.95   -7.88      |  0.10  0.08
 2.0  2.00  2.07 | -0.06  0.40 |   -5.53   -6.74      |  0.13  0.12
 2.2  2.00  2.12 | -0.12  0.19 |   -4.01   -5.30      |  0.14  0.13
 2.4  2.00  2.15 | -0.15  0.04 |   -2.59   -3.81      |  0.13  0.13
 2.6  2.00  2.14 | -0.14 -0.07 |   -1.37   -2.41      |  0.11  0.11
 2.8  2.00  2.12 | -0.12 -0.13 |   -0.42   -1.24      |  0.09  0.09
 3.0  2.00  2.09 | -0.09 -0.16 |    0.25   -0.33      |  0.06  0.07
 3.2  2.00  2.06 | -0.06 -0.16 |    0.66    0.31      |  0.04  0.04
 3.4  2.00  2.03 | -0.03 -0.14 |    0.87    0.69      |  0.02  0.02
 3.6  2.00  2.00 | -0.00 -0.11 |    0.90    0.87      |  0.00  0.01
 3.8  2.00  1.98 |  0.02 -0.08 |    0.83    0.89      | -0.01 -0.00
 4.0  2.00  1.97 |  0.03 -0.05 |    0.69    0.81      | -0.01 -0.01
