config: posP 4.5 | velP 2.0 velI 0.5 | attP 6.0 | rateP 20.0 rateI 5.0 rateD 0.30
 t(s) | x_sp  x     | vx_sp  vx    | pitch_sp pitch | q_sp   q     | motors 1-4 (rad/s)
  0.2 | 1.00  0.01 |  4.45  0.27 |    35.0   21.5 |  1.43  2.52 |  550  550  506  506
  0.4 | 1.00  0.18 |  3.72  1.43 |    29.3   34.8 | -0.58  0.15 |  546  546  519  519
  0.6 | 1.00  0.57 |  1.93  2.46 |    -1.2   24.2 | -2.65 -2.02 |  495  495  464  464
  0.8 | 1.00  1.11 | -0.47  2.71 |   -28.0   -4.9 | -2.41 -2.64 |  510  510  520  520
  1.0 | 1.00  1.59 | -2.63  1.90 |   -35.0  -29.0 | -0.64 -1.30 |  548  548  578  578
  1.2 | 1.00  1.83 | -3.73  0.51 |   -35.0  -35.1 |  0.01 -0.07 |  552  552  558  558
  1.4 | 1.00  1.79 | -3.56 -0.88 |   -31.5  -35.0 |  0.37  0.05 |  538  538  544  544
  1.6 | 1.00  1.49 | -2.23 -2.00 |    -6.7  -27.3 |  2.15  1.52 |  474  474  503  503
  1.8 | 1.00  1.03 | -0.16 -2.46 |    21.0   -2.6 |  2.47  2.49 |  496  496  495  495
  2.0 | 1.00  0.57 |  1.91 -1.98 |    35.0   22.9 |  1.28  1.76 |  558  558  540  540
  2.2 | 1.00  0.30 |  3.16 -0.73 |    35.0   34.3 |  0.08  0.31 |  557  557  543  543
  2.4 | 1.00  0.29 |  3.21  0.63 |    30.4   35.0 | -0.48 -0.11 |  541  541  530  530
  2.6 | 1.00  0.53 |  2.11  1.74 |     7.9   26.8 | -1.97 -1.45 |  503  503  479  479
  2.8 | 1.00  0.94 |  0.28  2.22 |   -17.9    4.0 | -2.29 -2.28 |  497  497  496  496
  3.0 | 1.00  1.36 | -1.63  1.85 |   -32.9  -19.8 | -1.38 -1.70 |  535  535  550  550
  3.2 | 1.00  1.63 | -2.82  0.71 |   -35.0  -32.9 | -0.22 -0.55 |  543  543  560  560
  3.4 | 1.00  1.64 | -2.86 -0.62 |   -27.0  -34.3 |  0.76  0.33 |  518  518  535  535
  3.6 | 1.00  1.40 | -1.81 -1.64 |    -5.2  -23.7 |  1.94  1.52 |  481  481  499  499
  3.8 | 1.00  1.02 | -0.11 -2.04 |    18.2   -1.7 |  2.08  2.11 |  500  500  499  499
  4.0 | 1.00  0.64 |  1.60 -1.63 |    31.5   20.0 |  1.22  1.52 |  545  545  531  531
  4.2 | 1.00  0.42 |  2.62 -0.54 |    33.5   31.8 |  0.19  0.53 |  553  553  538  538
  4.4 | 1.00  0.44 |  2.54  0.69 |    23.2   32.0 | -0.92 -0.51 |  525  525  508  508
  4.6 | 1.00  0.67 |  1.48  1.59 |     1.7   19.9 | -1.91 -1.57 |  496  496  481  481
  4.8 | 1.00  1.03 | -0.13  1.88 |   -19.3   -1.4 | -1.88 -1.95 |  502  502  506  506
  5.0 | 1.00  1.37 | -1.66  1.40 |   -30.5  -20.7 | -1.03 -1.32 |  529  529  543  543
  5.2 | 1.00  1.55 | -2.48  0.35 |   -30.9  -30.5 | -0.04 -0.38 |  530  530  545  545
  5.4 | 1.00  1.51 | -2.28 -0.78 |   -19.4  -29.2 |  1.03  0.63 |  501  501  518  518
  5.6 | 1.00  1.26 | -1.19 -1.56 |     1.5  -16.2 |  1.85  1.59 |  483  483  495  495
  5.8 | 1.00  0.92 |  0.34 -1.73 |    20.3    4.2 |  1.69  1.80 |  510  510  504  504
  6.0 | 1.00  0.62 |  1.71 -1.19 |    29.7   21.6 |  0.86  1.14 |  540  540  527  527
  6.2 | 1.00  0.48 |  2.35 -0.17 |    28.4   29.5 | -0.11  0.23 |  538  538  523  523
  6.4 | 1.00  0.55 |  2.02  0.86 |    15.7   26.5 | -1.13 -0.75 |  512  512  495  495
  6.6 | 1.00  0.80 |  0.91  1.53 |    -4.5   12.6 | -1.80 -1.60 |  494  494  486  486
  6.8 | 1.00  1.12 | -0.54  1.60 |   -21.3   -6.9 | -1.51 -1.65 |  507  507  514  514
  7.0 | 1.00  1.39 | -1.76  1.00 |   -28.8  -22.3 | -0.68 -0.96 |  525  525  538  538
  7.2 | 1.00  1.49 | -2.23  0.00 |   -25.8  -28.3 |  0.26 -0.07 |  517  517  531  531
  7.4 | 1.00  1.40 | -1.79 -0.94 |   -12.1  -23.8 |  1.23  0.87 |  491  491  507  507
  7.6 | 1.00  1.14 | -0.66 -1.50 |     7.3   -9.1 |  1.73  1.59 |  489  489  495  495
  7.8 | 1.00  0.84 |  0.72 -1.46 |    22.2    9.4 |  1.34  1.50 |  517  517  509  509
  8.0 | 1.00  0.60 |  1.79 -0.81 |    27.8   22.9 |  0.52  0.80 |  535  535  522  522
