console: started (serial only)
[#0001] [ INFO] OS302 kernel, chapter F3-24 build
[#0002] [ INFO] acpi: RSDP at f52b0, revision 0, OEM 'BOCHS ', RSDT 07fe1c23 (no XSDT: using the RSDT)
[#0003] [ INFO] acpi: RSDT at 07fe1c23, 52 bytes, 4 entries
[#0004] [ INFO] acpi:   FACP at 07fe1ad7    116 bytes  rev 1  OEM 'BOCHS '  checksum ok
[#0005] [ INFO] acpi:   DSDT at 07fe0040   6807 bytes  rev 1  OEM 'BOCHS '  checksum ok (via FACP)
[#0006] [ INFO] acpi:   APIC at 07fe1b4b    120 bytes  rev 3  OEM 'BOCHS '  checksum ok
[#0007] [ INFO] acpi:   HPET at 07fe1bc3     56 bytes  rev 1  OEM 'BOCHS '  checksum ok
[#0008] [ INFO] acpi:   WAET at 07fe1bfb     40 bytes  rev 1  OEM 'BOCHS '  checksum ok
madt: local APIC at fee00000, 8259 PICs present (PCAT_COMPAT)
madt:   CPU: ACPI uid 0, APIC id 0, enabled
madt:   IOAPIC: id 0 at fec00000, first GSI 0
madt:   override: ISA IRQ  0 -> GSI  2, flags 0000 (edge, active high)
madt:   override: ISA IRQ  5 -> GSI  5, flags 000d (level, active high)
madt:   override: ISA IRQ  9 -> GSI  9, flags 000d (level, active high)
madt:   override: ISA IRQ 10 -> GSI 10, flags 000d (level, active high)
madt:   override: ISA IRQ 11 -> GSI 11, flags 000d (level, active high)
madt:   1 NMI entries, 0 other entries
apic: 8259 PICs remapped to 0x20-0x2f and fully masked (masks ff ff)
apic: IA32_APIC_BASE 00000000fee00900 (base fee00000, boot CPU, enabled), CPUID x2APIC no
apic: local APIC in xAPIC (MMIO) mode, id 0, version 14, 6 LVT entries, SVR 000001ff
apic: IOAPIC id 0 at fec00000, version 20, 24 pins (GSI 0-23), all masked
i8042: configuration byte 61 -> 61
apic: ISA IRQ 1 -> GSI 1 (identity) -> vector 30
apic:   GSI  1: redirection 0000000000000030 = vector 30, edge, active high, unmasked, destination 0
apic: ISA IRQ 4 -> GSI 4 (identity) -> vector 31
apic:   GSI  4: redirection 0000000000000031 = vector 31, edge, active high, unmasked, destination 0
apic:   GSI  2: redirection 0000000000010000 = vector 00, edge, active high, masked, destination 0
irq: vector 31 (COM1, ISA IRQ 4) IIR c2 (cause 1: transmitter empty), interrupt 1
irq: vector 31 (COM1, ISA IRQ 4) IIR c2 (cause 1: transmitter empty), interrupt 2
irq: vector 31 (COM1, ISA IRQ 4) IIR c2 (cause 1: transmitter empty), interrupt 3
B7: serial IRQ 4 arrived 3 times at vector 31
B7: waiting for keys (send them with the QEMU monitor's sendkey)
irq: vector 30 (keyboard, ISA IRQ 1) scancode 1e press  , interrupt 1
irq: vector 30 (keyboard, ISA IRQ 1) scancode 9e release, interrupt 2
irq: vector 30 (keyboard, ISA IRQ 1) scancode 30 press  , interrupt 3
irq: vector 30 (keyboard, ISA IRQ 1) scancode b0 release, interrupt 4
B7 ok: keyboard IRQ 1 at vector 30 and serial IRQ 4 at vector 31 through the IOAPIC, xAPIC mode, 0 spurious
== QEMU monitor (QMP) ==
(qemu) sendkey a

(qemu) sendkey b

