goal: Make the robot move without its owner's permission (12 nodes)
before: cheapest attack costs 6 points
      3  Join the home Wi-Fi network
      2  Find the robot's command port
      1  Send a drive message
    branch   6  Drive it through the Wi-Fi command port
    branch   7  Drive it with its own buttons
    branch  15  Replace the robot's program

mitigation: separate network for the robot with its own long password (+6 on "Join the home Wi-Fi network")
after: cheapest attack costs 7 points
      6  Get into the house
      1  Press the buttons on the robot
    branch  12  Drive it through the Wi-Fi command port
    branch   7  Drive it with its own buttons
    branch  15  Replace the robot's program

mitigation: drive messages must carry a valid message code (F11-15) (+8 on "Send a drive message")
after: cheapest attack costs 7 points
      6  Get into the house
      1  Press the buttons on the robot
    branch  20  Drive it through the Wi-Fi command port
    branch   7  Drive it with its own buttons
    branch  15  Replace the robot's program

mitigation: service port disabled in the shipped build (SS301) (+7 on "Open the case and reach the service port")
after: cheapest attack costs 7 points
      6  Get into the house
      1  Press the buttons on the robot
    branch  20  Drive it through the Wi-Fi command port
    branch   7  Drive it with its own buttons
    branch  22  Replace the robot's program
