== threat model (household, written from the robot's manual) ==
entry point: wifi-command-port
entry point: buttons
entry point: service-port

== monitor log (watches the entry points of the threat model) ==
18:02:11  buttons            drive forward 40 cm
18:05:37  wifi-command-port  turn left 90 deg
18:05:52  wifi-command-port  drive forward 120 cm
21:30:04  wifi-command-port  dock
07:45:10  buttons            dock
monitor summary: 5 commands seen, 0 alerts

== robot motor log (every command the robot obeyed) ==
18:02:11  buttons            drive forward 40 cm
18:05:37  wifi-command-port  turn left 90 deg
18:05:52  wifi-command-port  drive forward 120 cm
21:30:04  wifi-command-port  dock
02:14:09  bluetooth-setup    undock
02:14:21  bluetooth-setup    drive forward 300 cm
02:14:58  bluetooth-setup    open camera stream
07:45:10  buttons            dock
motor log summary: 8 commands obeyed
