  100 ms  n1  term 1  candidate  election timeout -> candidate, asks for votes (last entry 0, term 0)
  105 ms  n2  term 1  follower   votes for n1
  105 ms  n3  term 1  follower   votes for n1
  110 ms  n1  term 1  LEADER     WINS election with votes from n1 n2
  110 ms  n1  term 1  LEADER     appends entry 1: t1 no-op
  115 ms  n2  term 1  follower   stores entry 1 from n1
  115 ms  n3  term 1  follower   stores entry 1 from n1
  120 ms  n1  term 1  LEADER     commits up to entry 1 (t1 no-op)
  200 ms  n3  *** network: cut off from all other servers ***
  200 ms  client -> n1: put a=1
  200 ms  client -> n1: put b=2
  200 ms  client -> n1: put c=3
  205 ms  n1  term 1  LEADER     appends entry 2: t1 put a=1
  205 ms  n1  term 1  LEADER     appends entry 3: t1 put b=2
  205 ms  n1  term 1  LEADER     appends entry 4: t1 put c=3
  210 ms  n2  term 1  follower   stores entry 2 from n1
  210 ms  n2  term 1  follower   stores entry 3 from n1
  210 ms  n2  term 1  follower   stores entry 4 from n1
  215 ms  n1  term 1  LEADER     commits up to entry 2 (t1 put a=1)
  215 ms  n1  term 1  LEADER     commits up to entry 3 (t1 put b=2)
  215 ms  n1  term 1  LEADER     commits up to entry 4 (t1 put c=3)
  220 ms  client <- n1: put a=1 done
  220 ms  client <- n1: put b=2 done
  220 ms  client <- n1: put c=3 done
  500 ms  n1  *** network: cut off from all other servers ***
  500 ms  client -> n1: put d=4
  505 ms  n1  term 1  LEADER     appends entry 5: t1 put d=4
  600 ms  n3  *** network: reconnected ***
  760 ms  n2  term 2  candidate  election timeout -> candidate, asks for votes (last entry 4, term 1)
  765 ms  n3  term 2  follower   votes for n2
  770 ms  n2  term 2  LEADER     WINS election with votes from n2 n3
  770 ms  n2  term 2  LEADER     appends entry 5: t2 no-op
  775 ms  n3  term 2  follower   rejects AppendEntries: no entry 4 with term 1 (my last entry is 1)
  785 ms  n3  term 2  follower   stores entries 2-5 from n2
  790 ms  n2  term 2  LEADER     commits up to entry 5 (t2 no-op)
  900 ms  client -> n2: put e=5
  905 ms  n2  term 2  LEADER     appends entry 6: t2 put e=5
  910 ms  n3  term 2  follower   stores entry 6 from n2
  915 ms  n2  term 2  LEADER     commits up to entry 6 (t2 put e=5)
  920 ms  client <- n2: put e=5 done
 1000 ms  n1  *** network: reconnected ***
 1010 ms  n1  term 2  LEADER     -> follower
 1010 ms  n1  term 2  follower   conflict at entry 5 (have t1 put d=4, leader has t2 no-op): deletes 1 entry
 1010 ms  n1  term 2  follower   stores entries 5-6 from n2
  n1 up   term 2  commit 6  log: [1 t1 no-op] [2 t1 put a=1] [3 t1 put b=2] [4 t1 put c=3] [5 t2 no-op] [6 t2 put e=5]
  n2 up   term 2  commit 6  log: [1 t1 no-op] [2 t1 put a=1] [3 t1 put b=2] [4 t1 put c=3] [5 t2 no-op] [6 t2 put e=5]
  n3 up   term 2  commit 6  log: [1 t1 no-op] [2 t1 put a=1] [3 t1 put b=2] [4 t1 put c=3] [5 t2 no-op] [6 t2 put e=5]
  n1 state machine: a=1 b=2 c=3 e=5
  n2 state machine: a=1 b=2 c=3 e=5
  n3 state machine: a=1 b=2 c=3 e=5
checker: no safety violation
