== 1. Size: 591 .py files, 294774 lines under /usr/lib/python3.13
== 2. Areas by lines (top 12 of 35)
  127029 lines  43.1 %  154 files  (top-level .py files)
   32450 lines  11.0 %  122 files  encodings/
   15980 lines   5.4 %   54 files  test/
   14869 lines   5.0 %   33 files  asyncio/
   14217 lines   4.8 %    3 files  pydoc_data/
   10502 lines   3.6 %   29 files  email/
    9121 lines   3.1 %   23 files  multiprocessing/
    8702 lines   3.0 %   22 files  xml/
    6905 lines   2.3 %   13 files  unittest/
    6736 lines   2.3 %   25 files  importlib/
    5914 lines   2.0 %    5 files  http/
    5720 lines   1.9 %   25 files  _pyrepl/
== 3. Largest files
   13902  pydoc_data/topics.py
    6357  _pydecimal.py
    4154  turtle.py
    3846  typing.py
    3485  inspect.py
    3189  unittest/mock.py
    3154  tarfile.py
    3153  email/_header_value_parser.py
== 4. Entry points: 81 files can be run directly; packages with __main__.py:
    _pyrepl asyncio ensurepip sqlite3 sysconfig test unittest venv zipfile
== 5. Hubs: modules imported by the most files
   212 files import sys
   159 files import os
   104 files import codecs
    99 files import re
    85 files import warnings
    85 files import io
    71 files import collections
    61 files import functools
    59 files import time
    58 files import types
== 6. Outline of http/server.py (classes, methods, top-level functions)
  line   134  class HTTPServer  (methods: 1)
  line   146  class ThreadingHTTPServer  (methods: 0)
  line   150  class BaseHTTPRequestHandler  (methods: 17)
  line   661  class SimpleHTTPRequestHandler  (methods: 8)
  line   926  def _url_collapse_path
  line   976  def nobody_uid
  line   992  def executable
  line   997  class CGIHTTPRequestHandler  (methods: 7)
  line  1276  def _get_best_family
  line  1286  def test
  (1355 lines in total)
