$ grep -rnF 'code 404, message File not found'   -> 0 hit(s)
$ grep -rnF 'code %d, message'   -> 1 hit(s)
http/server.py:481:        self.log_error("code %d, message %s", code, message)
$ grep -rnF '"File not found"'   -> 2 hit(s)
http/server.py:743:            self.send_error(HTTPStatus.NOT_FOUND, "File not found")
http/server.py:748:            self.send_error(HTTPStatus.NOT_FOUND, "File not found")
$ grep -rnF ' - - ['   -> 1 hit(s)
http/server.py:611:        sys.stderr.write("%s - - [%s] %s\n" %
$ grep -rnF 'def log_request'   -> 2 hit(s)
http/server.py:560:    def log_request(self, code='-', size='-'):
xmlrpc/server.py:563:    def log_request(self, code='-', size='-'):
$ grep -rnF 'self.log_request('   -> 1 hit(s)
http/server.py:516:        self.log_request(code)
$ grep -rnF 'do_GET'   -> 3 hit(s)
pydoc.py:2376:        def do_GET(self):
http/server.py:689:    def do_GET(self):
xmlrpc/server.py:913:    def do_GET(self):
$ grep -rnF ''do_' +'   -> 6 hit(s)
http/server.py:432:            mname = 'do_' + self.command
pdb.py:904:            func = getattr(self, 'do_' + cmd)
pdb.py:2176:                command = getattr(self, 'do_' + arg)
pdb.py:2334:        __doc__ += getattr(Pdb, 'do_' + _command).__doc__.strip() + '\n\n'
cmd.py:221:            func = getattr(self, 'do_' + cmd, None)
cmd.py:307:                    doc=getattr(self, 'do_' + arg).__doc__
