[host    0.438] console: started (serial only)
[host    0.438] [#0001] [ INFO] acpi: RSDP at f52b0, revision 0, OEM 'BOCHS ', RSDT 07fe1c23 (no XSDT: using the RSDT)
[host    0.438] [#0002] [ INFO] acpi: RSDT at 07fe1c23, 52 bytes, 4 entries
[host    0.438] [#0003] [ INFO] acpi:   FACP at 07fe1ad7    116 bytes  rev 1  OEM 'BOCHS '  checksum ok
[host    0.438] [#0004] [ INFO] acpi:   DSDT at 07fe0040   6807 bytes  rev 1  OEM 'BOCHS '  checksum ok (via FACP)
[host    0.438] [#0005] [ INFO] acpi:   APIC at 07fe1b4b    120 bytes  rev 3  OEM 'BOCHS '  checksum ok
[host    0.438] [#0006] [ INFO] acpi:   HPET at 07fe1bc3     56 bytes  rev 1  OEM 'BOCHS '  checksum ok
[host    0.438] [#0007] [ INFO] acpi:   WAET at 07fe1bfb     40 bytes  rev 1  OEM 'BOCHS '  checksum ok
[host    0.439] apic: 8259 PICs remapped to 0x20-0x2f and fully masked (masks ff ff)
[host    0.439] apic: IA32_APIC_BASE 00000000fee00900 (base fee00000, boot CPU, enabled), CPUID x2APIC no
[host    0.440] apic: local APIC in xAPIC (MMIO) mode, id 0, version 14, 6 LVT entries, SVR 000001ff
[host    0.441] time: HPET at fed00000, capabilities 009896808086a201: period 10000000 fs (100000000 Hz), 3 comparators, 64-bit counter
[host    0.491] time: TSC calibrated against the HPET over 5004551 HPET counts: 2099868140 Hz
[host    0.491] time: invariant TSC no; clock source 'hpet' at 100000000 Hz
[host    0.542] time: APIC timer (divide by 16) calibrated: 62469022 Hz
[host    0.542] [    0.050497] [ INFO] OS302 kernel, chapter F3-25 build: log lines now carry clock-source time
[host    0.573] timer queue: added 30, 10, 20 ms; fired in the order 10, 20, 30 ms
[host    0.574] sleep   1 ms: took 1235 us (late by 235 us)
[host    0.584] sleep  10 ms: took 10126 us (late by 126 us)
[host    0.685] sleep 100 ms: took 100212 us (late by 212 us)
[host    0.685] [    0.193404] [ INFO] sleep: start (10 s)
[host   10.685] [   10.193680] [ INFO] sleep: end, the kernel clock measured 10.000195 s
[host   10.685] during the sleep: 1000 scheduler ticks (100 Hz), 1001 APIC timer interrupts
[host   14.664] monotonic: 10000000 reads in 3978 ms, 0 went backwards, 0 repeated the previous value, largest step 4059 us
[host   14.664] [   14.172447] [ INFO] B8 ok: clock source 'hpet', TSC 2099868140 Hz, APIC timer 62469022 Hz
hostclock: requested 10.000 s; kernel measured 10.000195 s; host measured 10.000 s between the two lines
hostclock: kernel vs host differ by -0.00 % (tolerance 1.0 %): within tolerance
