=================================================================
==15507==ERROR: AddressSanitizer: heap-use-after-free on address 0x502000000030 at pc 0x55745ae8f8d1 bp 0x7ffddcfac1b0 sp 0x7ffddcfac1a0
READ of size 4 at 0x502000000030 thread T0
    #0 0x55745ae8f8d0 in main dangling.cc:25
    #1 0x7f358782a1c9 in __libc_start_call_main ../sysdeps/nptl/libc_start_call_main.h:58
    #2 0x7f358782a28a in __libc_start_main_impl ../csu/libc-start.c:360
    #3 0x55745ae8f3a4 in _start (dangling+0x73a4) (BuildId: 5b94267daa65a0037efa6e66c148856cfa23b04d)

0x502000000030 is located 0 bytes inside of 8-byte region [0x502000000030,0x502000000038)
freed by thread T0 here:
    #0 0x7f35888ff5e8 in operator delete(void*, unsigned long) ../../../../src/libsanitizer/asan/asan_new_delete.cpp:164
    #1 0x55745ae91163 in std::__new_allocator<int>::deallocate(int*, unsigned long) /usr/include/c++/13/bits/new_allocator.h:172
    #2 0x55745ae91163 in std::allocator<int>::deallocate(int*, unsigned long) /usr/include/c++/13/bits/allocator.h:210
    #3 0x55745ae91163 in std::allocator_traits<std::allocator<int> >::deallocate(std::allocator<int>&, int*, unsigned long) /usr/include/c++/13/bits/alloc_traits.h:517
    #4 0x55745ae91163 in std::_Vector_base<int, std::allocator<int> >::_M_deallocate(int*, unsigned long) /usr/include/c++/13/bits/stl_vector.h:390
    #5 0x55745ae91163 in void std::vector<int, std::allocator<int> >::_M_realloc_insert<int const&>(__gnu_cxx::__normal_iterator<int*, std::vector<int, std::allocator<int> > >, int const&) /usr/include/c++/13/bits/vector.tcc:519

previously allocated by thread T0 here:
    #0 0x7f35888fe548 in operator new(unsigned long) ../../../../src/libsanitizer/asan/asan_new_delete.cpp:95
    #1 0x55745ae91618 in std::__new_allocator<int>::allocate(unsigned long, void const*) /usr/include/c++/13/bits/new_allocator.h:151
    #2 0x55745ae91618 in std::allocator<int>::allocate(unsigned long) /usr/include/c++/13/bits/allocator.h:198
    #3 0x55745ae91618 in std::allocator_traits<std::allocator<int> >::allocate(std::allocator<int>&, unsigned long) /usr/include/c++/13/bits/alloc_traits.h:482
    #4 0x55745ae91618 in std::_Vector_base<int, std::allocator<int> >::_M_allocate(unsigned long) /usr/include/c++/13/bits/stl_vector.h:381
    #5 0x55745ae91618 in void std::vector<int, std::allocator<int> >::_M_realloc_insert<int>(__gnu_cxx::__normal_iterator<int*, std::vector<int, std::allocator<int> > >, int&&) /usr/include/c++/13/bits/vector.tcc:459

SUMMARY: AddressSanitizer: heap-use-after-free dangling.cc:25 in main
Shadow bytes around the buggy address:
  0x501ffffffd80: 00 00 00 00 00 00 00 00 00 00 00 00 00 00 00 00
  0x501ffffffe00: 00 00 00 00 00 00 00 00 00 00 00 00 00 00 00 00
  0x501ffffffe80: 00 00 00 00 00 00 00 00 00 00 00 00 00 00 00 00
  0x501fffffff00: 00 00 00 00 00 00 00 00 00 00 00 00 00 00 00 00
  0x501fffffff80: 00 00 00 00 00 00 00 00 00 00 00 00 00 00 00 00
=>0x502000000000: fa fa fd fa fa fa[fd]fa fa fa fd fd fa fa fa fa
  0x502000000080: fa fa fa fa fa fa fa fa fa fa fa fa fa fa fa fa
  0x502000000100: fa fa fa fa fa fa fa fa fa fa fa fa fa fa fa fa
  0x502000000180: fa fa fa fa fa fa fa fa fa fa fa fa fa fa fa fa
  0x502000000200: fa fa fa fa fa fa fa fa fa fa fa fa fa fa fa fa
  0x502000000280: fa fa fa fa fa fa fa fa fa fa fa fa fa fa fa fa
Shadow byte legend (one shadow byte represents 8 application bytes):
  Addressable:           00
  Partially addressable: 01 02 03 04 05 06 07 
  Heap left redzone:       fa
  Freed heap region:       fd
  Stack left redzone:      f1
  Stack mid redzone:       f2
  Stack right redzone:     f3
  Stack after return:      f5
  Stack use after scope:   f8
  Global redzone:          f9
  Global init order:       f6
  Poisoned by user:        f7
  Container overflow:      fc
  Array cookie:            ac
  Intra object redzone:    bb
  ASan internal:           fe
  Left alloca redzone:     ca
  Right alloca redzone:    cb
==15507==ABORTING
