=================================================================
==15524==ERROR: AddressSanitizer: heap-use-after-free on address 0x502000000014 at pc 0x55610c35473e bp 0x7ffc76498240 sp 0x7ffc76498230
READ of size 4 at 0x502000000014 thread T0
    #0 0x55610c35473d in main useafterfree.cc:22
    #1 0x7ffa3ce2a1c9 in __libc_start_call_main ../sysdeps/nptl/libc_start_call_main.h:58
    #2 0x7ffa3ce2a28a in __libc_start_main_impl ../csu/libc-start.c:360
    #3 0x55610c3542a4 in _start (useafterfree+0x22a4) (BuildId: 72d6c989949266ac898944efd803dac9f2207ff5)

0x502000000014 is located 4 bytes inside of 8-byte region [0x502000000010,0x502000000018)
freed by thread T0 here:
    #0 0x7ffa3deff5e8 in operator delete(void*, unsigned long) ../../../../src/libsanitizer/asan/asan_new_delete.cpp:164
    #1 0x55610c3546b3 in std::default_delete<Sensor>::operator()(Sensor*) const /usr/include/c++/13/bits/unique_ptr.h:99
    #2 0x55610c3546b3 in std::__uniq_ptr_impl<Sensor, std::default_delete<Sensor> >::reset(Sensor*) /usr/include/c++/13/bits/unique_ptr.h:211
    #3 0x55610c3546b3 in std::unique_ptr<Sensor, std::default_delete<Sensor> >::reset(Sensor*) /usr/include/c++/13/bits/unique_ptr.h:509
    #4 0x55610c3546b3 in main useafterfree.cc:20

previously allocated by thread T0 here:
    #0 0x7ffa3defe548 in operator new(unsigned long) ../../../../src/libsanitizer/asan/asan_new_delete.cpp:95
    #1 0x55610c35445c in std::__detail::_MakeUniq<Sensor>::__single_object std::make_unique<Sensor, Sensor>(Sensor&&) /usr/include/c++/13/bits/unique_ptr.h:1070
    #2 0x55610c35445c in main useafterfree.cc:16
    #3 0x7ffa3ce2a28a in __libc_start_main_impl ../csu/libc-start.c:360
    #4 0x55610c3542a4 in _start (useafterfree+0x22a4) (BuildId: 72d6c989949266ac898944efd803dac9f2207ff5)

SUMMARY: AddressSanitizer: heap-use-after-free useafterfree.cc:22 in main
Shadow bytes around the buggy address:
  0x501ffffffd80: 00 00 00 00 00 00 00 00 00 00 00 00 00 00 00 00
  0x501ffffffe00: 00 00 00 00 00 00 00 00 00 00 00 00 00 00 00 00
  0x501ffffffe80: 00 00 00 00 00 00 00 00 00 00 00 00 00 00 00 00
  0x501fffffff00: 00 00 00 00 00 00 00 00 00 00 00 00 00 00 00 00
  0x501fffffff80: 00 00 00 00 00 00 00 00 00 00 00 00 00 00 00 00
=>0x502000000000: fa fa[fd]fa fa fa fa fa fa fa fa fa fa fa fa fa
  0x502000000080: fa fa fa fa fa fa fa fa fa fa fa fa fa fa fa fa
  0x502000000100: fa fa fa fa fa fa fa fa fa fa fa fa fa fa fa fa
  0x502000000180: fa fa fa fa fa fa fa fa fa fa fa fa fa fa fa fa
  0x502000000200: fa fa fa fa fa fa fa fa fa fa fa fa fa fa fa fa
  0x502000000280: fa fa fa fa fa fa fa fa fa fa fa fa fa fa fa fa
Shadow byte legend (one shadow byte represents 8 application bytes):
  Addressable:           00
  Partially addressable: 01 02 03 04 05 06 07 
  Heap left redzone:       fa
  Freed heap region:       fd
  Stack left redzone:      f1
  Stack mid redzone:       f2
  Stack right redzone:     f3
  Stack after return:      f5
  Stack use after scope:   f8
  Global redzone:          f9
  Global init order:       f6
  Poisoned by user:        f7
  Container overflow:      fc
  Array cookie:            ac
  Intra object redzone:    bb
  ASan internal:           fe
  Left alloca redzone:     ca
  Right alloca redzone:    cb
==15524==ABORTING
