time   battery shown
  0 s   65 %
 30 s  119 %
 60 s   64 %
 90 s  174 %
120 s   94 %
150 s   65 %
180 s   94 %
210 s   64 %
240 s  119 %
270 s   94 %
300 s   94 %
330 s   65 %
360 s   65 %
390 s  119 %
420 s   94 %
450 s   65 %
480 s   94 %
510 s   94 %
540 s   64 %
570 s   94 %
--- driver trace of the first odd reading ---
t=519 OS: write RD_EC (0x80) to command register
t=524 OS: write address to data register
t=526 OS: read data register: 224
t=526 OS: write RD_EC (0x80) to command register
t=528 OS: write address to data register
t=529 OS: read data register: 224
