DR404 tiny hypervisor with nested paging (F4-41); cmdline "hv4132.elf test=run guest:test=mono reads=10000000"
hv: host TSC 2076825260 Hz (measured against the PIT)
hv: SVM present; CPUID 0x8000000A: revision 1, 16 ASIDs, EDX features 1
hv: nested page tables at 402000 map guest-physical 0..1ffffff to host 600000
hv: loaded segment gpa 100000, 4667 bytes (4667 from the file)
hv: loaded segment gpa 102000, 1632 bytes (1632 from the file)
hv: loaded segment gpa 103000, 65832 bytes (42 from the file)
hv: symbols: long_mode 1000c0 boot_magic 103022 boot_info 103026 gdt64_ptr 103018
hv: starting the F4-39 kernel at gpa 1000c0 with "test=mono reads=10000000"
  guest| DR404 good-guest kernel (F4-39); cmdline "test=mono reads=10000000"
  guest| hypervisor-present bit (CPUID.1:ECX[31]): 1
  guest| CPUID 0x40000000: max leaf 40000000, signature "DR404-tinyHV"
  guest| hypervisor: the DR404 tiny hypervisor (F4-41)
  guest| clock source: tsc, calibrated against the PIT: 2166442520 Hz (measured)
  guest| monotonic test: 10000000 reads, 0 went backwards, last 510459791 ns
  guest| done: PASS
hv: stop reason: guest exit; guest exit code 0; 926 exits in 758 ms
hv: exits by reason:
    007b IOIO (port I/O)                   850
    0072 CPUID                               2
    0078 HLT                                21
    0060 INTR (host interrupt)              53
hv: IOIO exits by port:
    port 03f9          2
    port 03fb          2
    port 03f8        379
    port 03fa          1
    port 03fd        378
    port 0020         75
    port 00a0          1
    port 0021          4
    port 00a1          4
    port 0043          1
    port 0040          2
    port 00f4          1
hv: timer interrupts injected: 74
hv: done: PASS
