DR404 tiny hypervisor with nested paging (F4-41); cmdline "hv4132.elf test=run expect=npf guest:test=touch addr=1073741824"
hv: host TSC 2097187120 Hz (measured against the PIT)
hv: SVM present; CPUID 0x8000000A: revision 1, 16 ASIDs, EDX features 1
hv: nested page tables at 402000 map guest-physical 0..1ffffff to host 600000
hv: loaded segment gpa 100000, 4667 bytes (4667 from the file)
hv: loaded segment gpa 102000, 1632 bytes (1632 from the file)
hv: loaded segment gpa 103000, 65832 bytes (42 from the file)
hv: symbols: long_mode 1000c0 boot_magic 103022 boot_info 103026 gdt64_ptr 103018
hv: starting the F4-39 kernel at gpa 1000c0 with "test=touch addr=1073741824"
  guest| DR404 good-guest kernel (F4-39); cmdline "test=touch addr=1073741824"
  guest| hypervisor-present bit (CPUID.1:ECX[31]): 1
  guest| CPUID 0x40000000: max leaf 40000000, signature "DR404-tinyHV"
  guest| hypervisor: the DR404 tiny hypervisor (F4-41)
  guest| clock source: tsc, calibrated against the PIT: 2137745740 Hz (measured)
hv: nested page fault: guest-physical address 40000000, error code 100000004 (not present, read)
hv: guest rip 1011eb; no memory is mapped there; guest stopped
hv: stop reason: nested page fault; guest exit code 0; 662 exits in 219 ms
hv: exits by reason:
    007b IOIO (port I/O)                   638
    0072 CPUID                               2
    0078 HLT                                21
    0400 NPF (nested page fault)             1
hv: IOIO exits by port:
    port 03f9          2
    port 03fb          2
    port 03f8        300
    port 03fa          1
    port 03fd        299
    port 0020         22
    port 00a0          1
    port 0021          4
    port 00a1          4
    port 0043          1
    port 0040          2
hv: timer interrupts injected: 21
hv: done: PASS
