DR404 tiny hypervisor with nested paging (F4-41); cmdline "hv4132.elf test=run guest:test=idle idle=poll seconds=2"
hv: host TSC 2097245010 Hz (measured against the PIT)
hv: SVM present; CPUID 0x8000000A: revision 1, 16 ASIDs, EDX features 1
hv: nested page tables at 402000 map guest-physical 0..1ffffff to host 600000
hv: loaded segment gpa 100000, 4667 bytes (4667 from the file)
hv: loaded segment gpa 102000, 1632 bytes (1632 from the file)
hv: loaded segment gpa 103000, 65832 bytes (42 from the file)
hv: symbols: long_mode 1000c0 boot_magic 103022 boot_info 103026 gdt64_ptr 103018
hv: starting the F4-39 kernel at gpa 1000c0 with "test=idle idle=poll seconds=2"
  guest| DR404 good-guest kernel (F4-39); cmdline "test=idle idle=poll seconds=2"
  guest| hypervisor-present bit (CPUID.1:ECX[31]): 1
  guest| CPUID 0x40000000: max leaf 40000000, signature "DR404-tinyHV"
  guest| hypervisor: the DR404 tiny hypervisor (F4-41)
  guest| clock source: tsc, calibrated against the PIT: 2102842800 Hz (measured)
  guest| idle test: busy-poll the PIT for 2 s at 100 Hz (the DR404 tiny hypervisor (F4-41))
  guest| waited 200 ticks; loop iterations 48948; TSC delta 4183844990
  guest| done: PASS
hv: stop reason: guest exit; guest exit code 0; 147928 exits in 2209 ms
hv: exits by reason:
    007b IOIO (port I/O)                147811
    0072 CPUID                               2
    0078 HLT                                21
    0060 INTR (host interrupt)              94
hv: IOIO exits by port:
    port 03f9          2
    port 03fb          2
    port 03f8        462
    port 03fa          1
    port 03fd        461
    port 0020         23
    port 00a0          1
    port 0021          4
    port 00a1          4
    port 0043      48950
    port 0040      97900
    port 00f4          1
hv: timer interrupts injected: 22
hv: done: PASS
host: wall 2.71 s, guest process CPU 2.13 s user + 0.09 s system = 82 % of one CPU
