cut after record 145 of 8800; durable writes 109; cached writes 15, of which landed 6
promise	6	/p5
recover: 1 transaction(s) replayed, 5 block(s) written, 0 revoked; next sequence 8
e2fsck 1.47.0 (5-Feb-2023)
Pass 1: Checking inodes, blocks, and sizes
Reserved inode 9 (<Reserved inode 9>) has invalid mode.  Clear? no

Pass 2: Checking directory structure
Entry 'lost+found' in / (2) has deleted/unused inode 11.  Clear? no

Entry 'lost+found' in / (2) has an incorrect filetype (was 2, should be 0).
Fix? no

Entry 'p5' in / (2) has deleted/unused inode 13.  Clear? no

Entry 'p5' in / (2) has an incorrect filetype (was 1, should be 0).
Fix? no

Entry 'r4' in / (2) has deleted/unused inode 12.  Clear? no

Entry 'r4' in / (2) has an incorrect filetype (was 1, should be 0).
Fix? no

Pass 3: Checking directory connectivity
Pass 4: Checking reference counts
Inode 2 ref count is 3, should be 2.  Fix? no

Pass 5: Checking group summary information
Block bitmap differences:  -(197--208) -(1239--1252)
Fix? no

Inode bitmap differences:  -(11--13)
Fix? no

Directories count wrong for group #0 (2, counted=1).
Fix? no


fs2: ********** WARNING: Filesystem still has errors **********

fs2: 13/2048 files (0.0% non-contiguous), 1448/16384 blocks
e2fsck exit code 4
