debugfs: jo
debugfs: jw -b 300,301,302 three
debugfs: jc
debugfs: jo
debugfs: jw -r 301
debugfs: jc
Journal starts at block 1, transaction 1
Found expected sequence 1, type 1 (descriptor block) at block 1
Found expected sequence 1, type 2 (commit block) at block 5
Found expected sequence 2, type 5 (revoke table) at block 6
Found expected sequence 2, type 2 (commit block) at block 7
No magic number at block 8: end of journal.
== A: e2fsck -fy A.img
fs2: recovering journal
fs2: 11/2048 files (0.0% non-contiguous), 1434/16384 blocks
== B: fs2tool recover B.img
recover: 2 transaction(s) replayed, 2 block(s) written, 1 revoked; next sequence 3
== B: e2fsck -fn B.img
fs2: 11/2048 files (0.0% non-contiguous), 1434/16384 blocks
e2fsck exit code 0
block 300: A bf41757369abb5ef  B bf41757369abb5ef  logged bf41757369abb5ef  A = B
block 301: A 5f70bf18a0860070  B 5f70bf18a0860070  logged 4e8985f295438a5b  A = B
block 302: A be743d432d78a1bf  B be743d432d78a1bf  logged be743d432d78a1bf  A = B
