   122  journal block 2: log copy of block 66
   123  journal block 3: log copy of block 2
   124  journal block 4: log copy of block 1
   125  journal block 5: log copy of block 69
   126  FLUSH
   127  journal block 6: COMMIT, sequence 6
   128  FLUSH
   129  write block 66 in place
   130  write block 2 in place
   131  write block 1 in place
   132  write block 69 in place
   133  FLUSH
   134  journal block 0: journal superblock, s_sequence 7, s_start 0
   135  FLUSH
   136  write block 1253 in place
   137  write block 1254 in place
   138  write block 1255 in place
   139  write block 1257 in place
   140  write block 1258 in place
   141  write block 1259 in place
   142  write block 1260 in place
   143  journal block 0: journal superblock, s_sequence 7, s_start 1
   144  journal block 1: DESCRIPTOR, sequence 7, 5 tags
   145  journal block 2: log copy of block 66
   146  journal block 3: log copy of block 2
   147  journal block 4: log copy of block 1
   148  journal block 5: log copy of block 1256
   149  journal block 6: log copy of block 69
   150  FLUSH
   151  journal block 7: COMMIT, sequence 7
   152  FLUSH
