rate-loop timing log, first 30 ms (release and start in us)
cycle  release   start  late
    0        0       0     0
    1     1000    1000     0
    2     2000    2000     0
    3     3000    3000     0
    4     4000       -  SKIPPED (no start before next release)
    5     5000       -  SKIPPED (no start before next release)
    6     6000    6200   200
    7     7000    7000     0
    8     8000    8000     0
    9     9000    9000     0
   10    10000   10000     0
   11    11000   11000     0
   12    12000   12000     0
   13    13000   13000     0
   14    14000   14000     0
   15    15000   15000     0
   16    16000   16000     0
   17    17000   17000     0
   18    18000   18000     0
   19    19000   19000     0
   20    20000   20000     0
   21    21000   21000     0
   22    22000   22000     0
   23    23000   23000     0
   24    24000       -  SKIPPED (no start before next release)
   25    25000       -  SKIPPED (no start before next release)
   26    26000   26200   200
   27    27000   27000     0
   28    28000   28000     0
   29    29000   29000     0

whole log (1 s): 900 starts out of 1000 releases
start lateness histogram (100 us bins)
     0..  99 us:  850
   200.. 299 us:   50
