SeaBIOS (version 1.16.3-debian-1.16.3-2)
BUILD: gcc: (Ubuntu 13.2.0-7ubuntu1) 13.2.0 binutils: (GNU Binutils for Ubuntu) 2.41
No Xen hypervisor found.
Running on QEMU (q35)
physbits: signature="AuthenticAMD", pae=yes, lm=yes, phys-bits=40, valid=yes
cpuid 0x40000000: eax 40000001, signature 'TCGTCGTCGTCG'
Found QEMU fw_cfg
QEMU fw_cfg DMA interface supported
qemu/e820: addr 0x000000fd00000000 len 0x0000000300000000 [reserved]
qemu/e820: addr 0x0000000000000000 len 0x0000000010000000 [RAM]
Relocating init from 0x000d4000 to 0x0efeb120 (size 85568)
Moving pm_base to 0x600
=== PCI bus & bridge init ===
PCI: pci_bios_init_bus_rec bus = 0x0
=== PCI device probing ===
Found 5 PCI devices (max PCI bus is 00)
PCIe: using q35 mmconfig at 0xb0000000
=== PCI new allocation pass #1 ===
PCI: check devices
=== PCI new allocation pass #2 ===
PCI: IO: c000 - c05f
PCI: 32: 00000000c0000000 - 00000000fec00000
PCI: map device bdf=00:1f.3  bar 4, addr 0000c000, size 00000040 [io]
PCI: map device bdf=00:1f.2  bar 4, addr 0000c040, size 00000020 [io]
PCI: map device bdf=00:01.0  bar 6, addr febe0000, size 00010000 [mem]
PCI: map device bdf=00:01.0  bar 2, addr febf0000, size 00001000 [mem]
PCI: map device bdf=00:1f.2  bar 5, addr febf1000, size 00001000 [mem]
PCI: map device bdf=00:01.0  bar 0, addr fd000000, size 01000000 [prefmem]
PCI: init bdf=00:00.0 id=8086:29c0
PCI: init bdf=00:01.0 id=1234:1111
PCI: init bdf=00:1f.0 id=8086:2918
Q35 LPC init: elcr=00 0c
Using pmtimer, ioport 0x608
PCI: init bdf=00:1f.2 id=8086:2922
PCI: init bdf=00:1f.3 id=8086:2930
PCI: Using 00:01.0 for primary VGA
Found 1 cpu(s) max supported 1 cpu(s)
Copying PIR from 0x0efffbe0 to 0x000f5560
Copying MPTABLE from 0x00006cfc/efe1e90 to 0x000f5480
Copying SMBIOS 3.0 from 0x00006cfc to 0x000f52e0
table(50434146)=0x0ffe20f5 (via rsdt)
ACPI: parse DSDT at 0x0ffe0040 (len 8373)
Scan for VGA option rom
Running option rom at c000:0003
Start SeaVGABIOS (version 1.16.3-debian-1.16.3-2)
VGABUILD: gcc: (Ubuntu 13.2.0-7ubuntu1) 13.2.0 binutils: (GNU Binutils for Ubuntu) 2.41
enter vga_post:
   a=00000008  b=0000ffff  c=00000000  d=0000ffff ds=0000 es=f000 ss=0000
  si=00000000 di=000060c0 bp=00000000 sp=00006d16 cs=f000 ip=d00f  f=0000
VBE DISPI: bdf 00:01.0, bar 0
VBE DISPI: lfb_addr=fd000000, size 16 MB
Removing mode 19a
Removing mode 19b
Removing mode 19c
Removing mode 19d
Removing mode 19e
Attempting to allocate 512 bytes lowmem via pmm call to f000:d0c0
pmm call arg1=0
VGA stack allocated at e8380
Turning on vga text mode console
set VGA mode 3
SeaBIOS (version 1.16.3-debian-1.16.3-2)
AHCI controller at 00:1f.2, iobase 0xfebf1000, irq 10
Searching bootorder for: /pci@i0cf8/*@1f,2/drive@0/disk@0
AHCI/0: Set transfer mode to UDMA-5
Searching bios-geometry for: /pci@i0cf8/*@1f,2/drive@0/disk@0
AHCI/0: registering: "AHCI/0: QEMU HARDDISK ATA-7 Hard-Disk (1 MiBytes)"
Searching bootorder for: /pci@i0cf8/*@1f,2/drive@2/disk@0
Searching bios-geometry for: /pci@i0cf8/*@1f,2/drive@2/disk@0
AHCI/2: registering: "DVD/CD [AHCI/2: QEMU DVD-ROM ATAPI-4 DVD/CD]"
Device reports MEDIUM NOT PRESENT - 2 tries left
Device reports MEDIUM NOT PRESENT - 1 tries left
Device reports MEDIUM NOT PRESENT - 0 tries left
PS2 keyboard initialized
Searching bootorder for: HALT
Found 1 lpt ports
Found 1 serial ports
All threads complete.
Scan for option roms
Searching bootorder for: /rom@genroms/kvmvapic.bin
Searching bootorder for: HALT
drive 0x000f5250: PCHS=2/16/63 translation=none LCHS=2/16/63 s=2048
Running option rom at ca00:0003
Space available for UMB: cc800-e7800, f4de0-f51d0
Returned 16642048 bytes of ZoneHigh
e820 map has 9 items:
  0: 0000000000000000 - 000000000009fc00 = 1 RAM
  1: 000000000009fc00 - 00000000000a0000 = 2 RESERVED
  2: 00000000000f0000 - 0000000000100000 = 2 RESERVED
  3: 0000000000100000 - 000000000ffdf000 = 1 RAM
  4: 000000000ffdf000 - 0000000010000000 = 2 RESERVED
  5: 00000000b0000000 - 00000000c0000000 = 2 RESERVED
  6: 00000000fed1c000 - 00000000fed20000 = 2 RESERVED
  7: 00000000fffc0000 - 0000000100000000 = 2 RESERVED
  8: 000000fd00000000 - 0000010000000000 = 2 RESERVED
enter handle_19:
  NULL
Booting from Hard Disk...
Booting from 0000:7c00
