BdsDxe: failed to load Boot0001 "UEFI QEMU HARDDISK QM00001 " from PciRoot(0x0)/Pci(0x1F,0x2)/Sata(0x0,0xFFFF,0x0): Not Found
BdsDxe: loading Boot0002 "EFI Internal Shell" from Fv(7CB8BDC9-F8EB-4F34-AAEA-3EE4AF6516A1)/FvFile(7C04A583-9E3E-4F1C-AD65-E05268D0B4D1)
BdsDxe: starting Boot0002 "EFI Internal Shell" from Fv(7CB8BDC9-F8EB-4F34-AAEA-3EE4AF6516A1)/FvFile(7C04A583-9E3E-4F1C-AD65-E05268D0B4D1)
UEFI Interactive Shell v2.2
EDK II
UEFI v2.70 (Ubuntu distribution of EDK II, 0x00010000)
Mapping table
      FS0: Alias(s):HD0a65535a1:;BLK1:
          PciRoot(0x0)/Pci(0x1F,0x2)/Sata(0x0,0xFFFF,0x0)/HD(1,MBR,0xBE1AFDFA,0x3F,0xFBFC1)
     BLK0: Alias(s):
          PciRoot(0x0)/Pci(0x1F,0x2)/Sata(0x0,0xFFFF,0x0)
     BLK2: Alias(s):
          PciRoot(0x0)/Pci(0x1F,0x2)/Sata(0x2,0xFFFF,0x0)
[...] (UEFI Shell countdown before startup.nsh: lines removed)
Shell> fs0:
FS0:\> memmap.efi
A1: hello from a UEFI application written in C++
descriptor size 48 bytes, version 1, 131 descriptors
  #  type                 physical start      pages     attribute
  0  BootServicesCode     0x0000000000000000  0x00000001  0x000000000000000f
  1  Conventional         0x0000000000001000  0x0000009f  0x000000000000000f
  2  Conventional         0x0000000000100000  0x00000700  0x000000000000000f
  3  ACPINVS              0x0000000000800000  0x00000008  0x000000000000000f
  4  Conventional         0x0000000000808000  0x00000003  0x000000000000000f
  5  ACPINVS              0x000000000080b000  0x00000001  0x000000000000000f
  6  Conventional         0x000000000080c000  0x00000004  0x000000000000000f
  7  ACPINVS              0x0000000000810000  0x000000f0  0x000000000000000f
  8  BootServicesData     0x0000000000900000  0x00000e80  0x000000000000000f
  9  Conventional         0x0000000001780000  0x0000a3f5  0x000000000000000f
 10  BootServicesData     0x000000000bb75000  0x00000020  0x000000000000000f
 11  Conventional         0x000000000bb95000  0x000022a3  0x000000000000000f
 12  LoaderCode           0x000000000de38000  0x000000d9  0x000000000000000f
 13  Conventional         0x000000000df11000  0x00000052  0x000000000000000f
 14  BootServicesData     0x000000000df63000  0x0000001e  0x000000000000000f
 15  Conventional         0x000000000df81000  0x00000004  0x000000000000000f
 16  LoaderCode           0x000000000df85000  0x00000005  0x000000000000000f
 17  Conventional         0x000000000df8a000  0x00000001  0x000000000000000f
 18  LoaderData           0x000000000df8b000  0x00000002  0x000000000000000f
 19  BootServicesData     0x000000000df8d000  0x0000001f  0x000000000000000f
 20  Conventional         0x000000000dfac000  0x00000001  0x000000000000000f
 21  BootServicesData     0x000000000dfad000  0x000006c5  0x000000000000000f
 22  BootServicesCode     0x000000000e672000  0x000000e1  0x000000000000000f
 23  BootServicesData     0x000000000e753000  0x00000065  0x000000000000000f
 24  BootServicesCode     0x000000000e7b8000  0x00000009  0x000000000000000f
 25  BootServicesData     0x000000000e7c1000  0x00000005  0x000000000000000f
 26  BootServicesCode     0x000000000e7c6000  0x00000020  0x000000000000000f
 27  BootServicesData     0x000000000e7e6000  0x00000002  0x000000000000000f
 28  BootServicesCode     0x000000000e7e8000  0x0000000a  0x000000000000000f
 29  BootServicesData     0x000000000e7f2000  0x00000001  0x000000000000000f
 30  BootServicesCode     0x000000000e7f3000  0x00000008  0x000000000000000f
 31  BootServicesData     0x000000000e7fb000  0x00000001  0x000000000000000f
 32  BootServicesCode     0x000000000e7fc000  0x00000010  0x000000000000000f
 33  BootServicesData     0x000000000e80c000  0x00000003  0x000000000000000f
 34  BootServicesCode     0x000000000e80f000  0x00000003  0x000000000000000f
 35  BootServicesData     0x000000000e812000  0x00000007  0x000000000000000f
 36  BootServicesCode     0x000000000e819000  0x00000012  0x000000000000000f
 37  BootServicesData     0x000000000e82b000  0x00000009  0x000000000000000f
 38  BootServicesCode     0x000000000e834000  0x0000000e  0x000000000000000f
 39  BootServicesData     0x000000000e842000  0x0000000f  0x000000000000000f
 40  BootServicesCode     0x000000000e851000  0x0000000b  0x000000000000000f
 41  BootServicesData     0x000000000e85c000  0x0000000b  0x000000000000000f
 42  BootServicesCode     0x000000000e867000  0x00000016  0x000000000000000f
 43  BootServicesData     0x000000000e87d000  0x00000009  0x000000000000000f
 44  BootServicesCode     0x000000000e886000  0x00000024  0x000000000000000f
 45  BootServicesData     0x000000000e8aa000  0x00000003  0x000000000000000f
 46  BootServicesCode     0x000000000e8ad000  0x00000014  0x000000000000000f
 47  BootServicesData     0x000000000e8c1000  0x00000007  0x000000000000000f
 48  BootServicesCode     0x000000000e8c8000  0x00000019  0x000000000000000f
 49  BootServicesData     0x000000000e8e1000  0x00000003  0x000000000000000f
 50  BootServicesCode     0x000000000e8e4000  0x00000006  0x000000000000000f
 51  BootServicesData     0x000000000e8ea000  0x00000002  0x000000000000000f
 52  BootServicesCode     0x000000000e8ec000  0x00000013  0x000000000000000f
 53  BootServicesData     0x000000000e8ff000  0x00000005  0x000000000000000f
 54  BootServicesCode     0x000000000e904000  0x00000016  0x000000000000000f
 55  BootServicesData     0x000000000e91a000  0x00000002  0x000000000000000f
 56  BootServicesCode     0x000000000e91c000  0x0000000d  0x000000000000000f
 57  BootServicesData     0x000000000e929000  0x00000003  0x000000000000000f
 58  BootServicesCode     0x000000000e92c000  0x00000006  0x000000000000000f
 59  BootServicesData     0x000000000e932000  0x00000002  0x000000000000000f
 60  BootServicesCode     0x000000000e934000  0x00000001  0x000000000000000f
 61  BootServicesData     0x000000000e935000  0x00000001  0x000000000000000f
 62  BootServicesCode     0x000000000e936000  0x00000005  0x000000000000000f
 63  BootServicesData     0x000000000e93b000  0x00000005  0x000000000000000f
 64  BootServicesCode     0x000000000e940000  0x0000000c  0x000000000000000f
 65  BootServicesData     0x000000000e94c000  0x00000002  0x000000000000000f
 66  BootServicesCode     0x000000000e94e000  0x0000001d  0x000000000000000f
 67  BootServicesData     0x000000000e96b000  0x00000001  0x000000000000000f
 68  BootServicesCode     0x000000000e96c000  0x0000000a  0x000000000000000f
 69  BootServicesData     0x000000000e976000  0x00000001  0x000000000000000f
 70  BootServicesCode     0x000000000e977000  0x00000001  0x000000000000000f
 71  BootServicesData     0x000000000e978000  0x00000002  0x000000000000000f
 72  BootServicesCode     0x000000000e97a000  0x00000015  0x000000000000000f
 73  BootServicesData     0x000000000e98f000  0x00000003  0x000000000000000f
 74  BootServicesCode     0x000000000e992000  0x00000002  0x000000000000000f
 75  BootServicesData     0x000000000e994000  0x00000002  0x000000000000000f
 76  BootServicesCode     0x000000000e996000  0x00000007  0x000000000000000f
 77  BootServicesData     0x000000000e99d000  0x00000008  0x000000000000000f
 78  BootServicesCode     0x000000000e9a5000  0x00000004  0x000000000000000f
 79  BootServicesData     0x000000000e9a9000  0x00000006  0x000000000000000f
 80  BootServicesCode     0x000000000e9af000  0x00000001  0x000000000000000f
 81  BootServicesData     0x000000000e9b0000  0x00000001  0x000000000000000f
 82  BootServicesCode     0x000000000e9b1000  0x0000003e  0x000000000000000f
 83  BootServicesData     0x000000000e9ef000  0x00000003  0x000000000000000f
 84  BootServicesCode     0x000000000e9f2000  0x00000004  0x000000000000000f
 85  BootServicesData     0x000000000e9f6000  0x00000007  0x000000000000000f
 86  BootServicesCode     0x000000000e9fd000  0x00000003  0x000000000000000f
 87  BootServicesData     0x000000000ea00000  0x00000201  0x000000000000000f
 88  BootServicesCode     0x000000000ec01000  0x00000008  0x000000000000000f
 89  BootServicesData     0x000000000ec09000  0x00000005  0x000000000000000f
 90  RuntimeServicesData  0x000000000ec0e000  0x000000c1  0x800000000000000f
 91  BootServicesCode     0x000000000eccf000  0x00000015  0x000000000000000f
 92  BootServicesData     0x000000000ece4000  0x00000002  0x000000000000000f
 93  BootServicesCode     0x000000000ece6000  0x00000004  0x000000000000000f
 94  BootServicesData     0x000000000ecea000  0x00000002  0x000000000000000f
 95  BootServicesCode     0x000000000ecec000  0x00000008  0x000000000000000f
 96  BootServicesData     0x000000000ecf4000  0x00000001  0x000000000000000f
 97  BootServicesCode     0x000000000ecf5000  0x00000001  0x000000000000000f
 98  BootServicesData     0x000000000ecf6000  0x00000001  0x000000000000000f
 99  BootServicesCode     0x000000000ecf7000  0x00000001  0x000000000000000f
100  BootServicesData     0x000000000ecf8000  0x00000001  0x000000000000000f
101  BootServicesCode     0x000000000ecf9000  0x00000003  0x000000000000000f
102  BootServicesData     0x000000000ecfc000  0x00000002  0x000000000000000f
103  BootServicesCode     0x000000000ecfe000  0x00000017  0x000000000000000f
104  BootServicesData     0x000000000ed15000  0x00000002  0x000000000000000f
105  BootServicesCode     0x000000000ed17000  0x00000002  0x000000000000000f
106  BootServicesData     0x000000000ed19000  0x00000412  0x000000000000000f
107  BootServicesCode     0x000000000f12b000  0x00000004  0x000000000000000f
108  BootServicesData     0x000000000f12f000  0x00000002  0x000000000000000f
109  BootServicesCode     0x000000000f131000  0x00000006  0x000000000000000f
110  BootServicesData     0x000000000f137000  0x00000006  0x000000000000000f
111  BootServicesCode     0x000000000f13d000  0x0000000a  0x000000000000000f
112  BootServicesData     0x000000000f147000  0x00000001  0x000000000000000f
113  BootServicesCode     0x000000000f148000  0x00000005  0x000000000000000f
114  BootServicesData     0x000000000f14d000  0x000003a0  0x000000000000000f
115  RuntimeServicesData  0x000000000f4ed000  0x00000100  0x800000000000000f
116  RuntimeServicesCode  0x000000000f5ed000  0x00000100  0x800000000000000f
117  Reserved             0x000000000f6ed000  0x00000080  0x000000000000000f
118  ACPIReclaim          0x000000000f76d000  0x00000012  0x000000000000000f
119  ACPINVS              0x000000000f77f000  0x00000080  0x000000000000000f
120  BootServicesData     0x000000000f7ff000  0x00000601  0x000000000000000f
121  Conventional         0x000000000fe00000  0x00000077  0x000000000000000f
122  BootServicesData     0x000000000fe77000  0x00000020  0x000000000000000f
123  BootServicesCode     0x000000000fe97000  0x00000033  0x000000000000000f
124  BootServicesData     0x000000000feca000  0x00000011  0x000000000000000f
125  BootServicesCode     0x000000000fedb000  0x00000019  0x000000000000000f
126  RuntimeServicesData  0x000000000fef4000  0x00000084  0x800000000000000f
127  ACPINVS              0x000000000ff78000  0x00000088  0x000000000000000f
128  Reserved             0x00000000e0000000  0x00010000  0x0000000000000001
129  MMIO                 0x00000000ffc00000  0x00000400  0x8000000000000001
130  Reserved             0x000000fd00000000  0x00300000  0x0000000000000000
totals per type:
  Reserved             3211392 pages = 12845568 KiB
  LoaderCode           222 pages = 888 KiB
  LoaderData           2 pages = 8 KiB
  BootServicesCode     850 pages = 3400 KiB
  BootServicesData     9865 pages = 39460 KiB
  RuntimeServicesCode  256 pages = 1024 KiB
  RuntimeServicesData  581 pages = 2324 KiB
  Conventional         53005 pages = 212020 KiB
  ACPIReclaim          18 pages = 72 KiB
  ACPINVS              513 pages = 2052 KiB
  MMIO                 1024 pages = 4096 KiB
conventional KiB: 212020
usable after ExitBootServices KiB: 255776
A1: done, returning to the firmware
FS0:\> echo "A1: back in the UEFI Shell"
A1: back in the UEFI Shell
FS0:\> reset -s
Reset with <null string> (0 bytes)
