== A: each item on the queue that matches its urgency (simulated 200 ms) ==
item           queue      prio period            cost  runs merged worst wait worst resp
imu_driver     wq_sensor    10 1000                60   200      0          0         60
rate_ctrl      wq_rate       9 after imu_driver   150   200      0          0        150
attitude_ctrl  wq_ctrl       7 4000               300    50      0        210        510
position_ctrl  wq_ctrl       7 20000              600    10      0        510       1320
battery        wq_lowprio    2 100000             400     2      0       1320       1720
mag_cal_step   wq_lowprio    2 50000             2500     4      0       1720       5360
processor use per work-queue thread: wq_sensor 6.0 % wq_rate 15.0 % wq_ctrl 10.5 % wq_lowprio 5.4 %
timeline 0..710 us, one character per 50 us (first letter of the running item, '.' idle):
  iirrraaaaaapppp
  attitude_ctrl queued at 0 us, started at 210 us

== C: one thread per item (simulated 200 ms) ==
item           queue      prio period            cost  runs merged worst wait worst resp
imu_driver     t_imu        10 1000                60   200      0          0         60
rate_ctrl      t_rate        9 after imu_driver   150   200      0          0        150
attitude_ctrl  t_att         8 4000               300    50      0        210        510
position_ctrl  t_pos         7 20000              600    10      0        510       1320
battery        t_batt        3 100000             400     2      0       1320       1720
mag_cal_step   t_magcal      2 50000             2500     4      0       1720       5360
processor use per work-queue thread: t_imu 6.0 % t_rate 15.0 % t_att 7.5 % t_pos 3.0 % t_batt 0.4 % t_magcal 5.0 %
timeline 0..710 us, one character per 50 us (first letter of the running item, '.' idle):
  iirrraaaaaapppp
  attitude_ctrl queued at 0 us, started at 210 us

