UEFI firmware (version 2024.02-2ubuntu0.10 built at 15:40:28 on Sep 23 2026)
BdsDxe: failed to load Boot0001 "UEFI Misc Device" from PciRoot(0x0)/Pci(0x1,0x0): Not Found
BdsDxe: loading Boot0002 "EFI Internal Shell" from Fv(64074AFE-340A-4BE6-94BA-91B5B4D0F71E)/FvFile(7C04A583-9E3E-4F1C-AD65-E05268D0B4D1)
BdsDxe: starting Boot0002 "EFI Internal Shell" from Fv(64074AFE-340A-4BE6-94BA-91B5B4D0F71E)/FvFile(7C04A583-9E3E-4F1C-AD65-E05268D0B4D1)
UEFI Interactive Shell v2.2
EDK II
UEFI v2.70 (Ubuntu distribution of EDK II, 0x00010000)
Mapping table
      FS0: Alias(s):HD0b:;BLK1:
          PciRoot(0x0)/Pci(0x1,0x0)/HD(1,MBR,0xBE1AFDFA,0x3F,0xFBFC1)
     BLK0: Alias(s):
          PciRoot(0x0)/Pci(0x1,0x0)
[...] (UEFI Shell countdown before startup.nsh, trimmed)
Shell> fs0:
FS0:\> ebbrprobe.efi
ebbrprobe: UEFI revision 2.7, firmware vendor "Ubuntu distribution of EDK II", 9 configuration tables
  [0] fc1bcdb0-7d31-49aa-936a-a4600d9dd083  (other firmware table)
  [1] 05ad34ba-6f02-4214-952e-4da0398e2bb9  (other firmware table)
  [2] 7739f24c-93d7-11d4-9a3a-0090273fc14d  (other firmware table)
  [3] 4c19049f-4137-4dd3-9c10-8b97a83ffdfa  (other firmware table)
  [4] 49152e77-1ada-4764-b7a2-7afefed95e8b  (other firmware table)
  [5] f2fd1544-9794-4a2c-992e-e5bbcf20e394  SMBIOS 3 entry point ("_SM3_")
  [6] dcfa911d-26eb-469f-a220-38b7dc461220  (other firmware table)
  [7] 8868e871-e4f1-11d3-bc22-0080c73c8881  ACPI RSDP ("RSD PTR ")
    RSDP revision 2, OEM "BOCHS "
    XSDT at 0x5c3efe98 lists 8 tables: FACP APIC PPTT GTDT MCFG SPCR DBG2 IORT
  [8] d719b2cb-3d3a-4596-a3bc-dad00e67656f  (other firmware table)
hardware description handed over: ACPI
lookup of the devicetree by GUID: not found
memory map: 33 descriptors of 48 bytes; free (conventional) memory 471 MiB, lowest at 0x40000000
ebbrprobe: done
FS0:\> reset -s
