Part 1: every 0.02 s. Same gain K, same start (th = 0.02 rad).
seq = command sequence number; the driver reports which seq it is executing
  t(s)   th_sim  |  th_robot  x_robot  F_cmd(N)  seq_sent  seq_applied  F_applied(N)
  0.00   0.0200  |    0.0200    0.000      3.44         0       (none)          0.00
  0.02   0.0188  |    0.0201   -0.000      3.75         2       (none)          0.00
  0.04   0.0161  |    0.0204   -0.000      4.09         4            0          3.44
  0.06   0.0127  |    0.0195    0.001      2.11         6            2          3.75
  0.08   0.0093  |    0.0158    0.003     -0.51         8            4          4.09
  0.10   0.0061  |    0.0092    0.006     -3.51        10            6          2.11
  0.12   0.0033  |    0.0006    0.011     -5.62        12            8         -0.51
  0.14   0.0009  |   -0.0080    0.016     -6.16        14           10         -3.51
  0.16  -0.0011  |   -0.0146    0.019     -4.77        16           12         -5.62
  0.18  -0.0027  |   -0.0171    0.021     -1.78        18           14         -6.16
  0.20  -0.0040  |   -0.0151    0.020      1.93        20           16         -4.77
  0.22  -0.0050  |   -0.0090    0.017      5.16        22           18         -1.78
  0.24  -0.0057  |   -0.0011    0.013      6.81        24           20          1.93
  0.26  -0.0062  |    0.0061    0.010      6.21        26           22          5.16
  0.28  -0.0065  |    0.0098    0.008      3.40        28           24          6.81
  0.30  -0.0067  |    0.0085    0.009     -0.81        30           26          6.21
  0.32  -0.0068  |    0.0022    0.012     -5.10        32           28          3.40
  0.34  -0.0067  |   -0.0073    0.017     -8.02        34           30         -0.81
  0.36  -0.0066  |   -0.0171    0.022     -8.48        36           32         -5.10
  0.38  -0.0065  |   -0.0239    0.026     -6.14        38           34         -8.02
  0.40  -0.0063  |   -0.0250    0.027     -1.60        40           36         -8.48
  0.42  -0.0060  |   -0.0197    0.024      3.79        42           38         -6.14
  0.44  -0.0058  |   -0.0092    0.018      8.26        44           40         -1.60
  0.46  -0.0055  |    0.0034    0.012     10.00        46           42          3.79
  0.48  -0.0052  |    0.0140    0.007      8.89        48           44          8.26
  0.50  -0.0049  |    0.0191    0.004      4.41        50           46         10.00
  0.52  -0.0046  |    0.0166    0.005     -1.81        52           48          8.89
  0.54  -0.0043  |    0.0070    0.010     -7.92        54           50          4.41
  0.56  -0.0040  |   -0.0070    0.017    -10.00        56           52         -1.81
  0.58  -0.0037  |   -0.0209    0.024    -10.00        58           54         -7.92
  0.60  -0.0034  |   -0.0299    0.028     -8.24        60           56        -10.00
  0.62  -0.0031  |   -0.0314    0.029     -2.81        62           58        -10.00
  0.64  -0.0028  |   -0.0252    0.026      3.79        64           60         -8.24
  0.66  -0.0026  |   -0.0122    0.019      9.69        66           62         -2.81
  0.68  -0.0023  |    0.0040    0.010     10.00        68           64          3.79
  0.70  -0.0021  |    0.0185    0.002     10.00        70           66          9.69
  0.72  -0.0019  |    0.0268   -0.002      7.34        72           68         10.00
  0.74  -0.0017  |    0.0274   -0.003      1.70        74           70         10.00
  0.76  -0.0014  |    0.0202    0.001     -5.05        76           72          7.34
  0.78  -0.0013  |    0.0067    0.008    -10.00        78           74          1.70
  0.80  -0.0011  |   -0.0092    0.015    -10.00        80           76         -5.05
  0.82  -0.0009  |   -0.0226    0.022    -10.00        82           78        -10.00
  0.84  -0.0007  |   -0.0292    0.025     -6.46        84           80        -10.00
  0.86  -0.0006  |   -0.0281    0.024     -0.62        86           82        -10.00
  0.88  -0.0004  |   -0.0193    0.020      6.11        88           84         -6.46
  0.90  -0.0003  |   -0.0048    0.012     10.00        90           86         -0.62
  0.92  -0.0001  |    0.0113    0.003     10.00        92           88          6.11
  0.94  -0.0000  |    0.0240   -0.003     10.00        94           90         10.00
  0.96   0.0001  |    0.0296   -0.007      5.60        96           92         10.00
  0.98   0.0002  |    0.0275   -0.006     -0.42        98           94         10.00
  1.00   0.0003  |    0.0178   -0.001     -7.09       100           96          5.60

Part 2: summary per 0.5 s window
  window(s)   max|th_sim|  max|th_robot|  samples at 10 N  F_applied sign flips
   1.0-1.5        0.0012         0.0306            18/50                     5
   1.5-2.0        0.0011         0.0301            21/50                     4
   2.0-2.5        0.0007         0.0299            23/50                     4
   2.5-3.0        0.0003         0.0296            20/50                     4
