Riccati iterations: 608
K =
  [   -42.0860   -38.0996  -171.8088   -34.3595 ]
P =
  [  2257.2574   957.7509  1990.3624   504.1137 ]
  [   957.7509   657.4563  1282.9570   351.1730 ]
  [  1990.3624  1282.9570  4084.6281   742.0393 ]
  [   504.1137   351.1730   742.0393   196.1428 ]
closed-loop z:  0.9828+0.0125j  0.9828-0.0125j  0.9034  0.8110
as s = ln(z)/T:  -1.729+1.270j  -1.729-1.270j  -10.158-0.000j  -20.946+0.000j
predicted cost x0^T P x0 = 10.2116
nonlinear cart-pole from th = 0.05 rad, |F| <= 10 N
   t(s)     x(m)   th(rad)    F(N)
   0.00   0.0000    0.0500    8.59
   0.50   0.0408   -0.0122   -0.15
   1.00   0.0216    0.0007    0.03
   1.50   0.0073    0.0029    0.04
   2.00   0.0011    0.0018    0.02
   2.50  -0.0005    0.0007    0.01
   3.00  -0.0006    0.0002    0.00
   3.50  -0.0003   -0.0000   -0.00
   4.00  -0.0001   -0.0000   -0.00
   4.50  -0.0000   -0.0000   -0.00
   5.00   0.0000   -0.0000   -0.00
measured cost over 5 s = 10.2460, peak |F| = 8.59 N
