% time     seconds  usecs/call     calls    errors syscall
------ ----------- ----------- --------- --------- ----------------
 53.71    2.086321         151     13772       982 futex
 42.52    1.651449         507      3251           clock_nanosleep
  3.05    0.118593         339       349           fdatasync
  0.57    0.022122          62       355           write
  0.08    0.002919         265        11           openat
  0.03    0.001051          95        11           close
  0.02    0.000803          50        16           munmap
  0.01    0.000204           4        42           mmap
  0.01    0.000203          10        20           mprotect
  0.00    0.000182           7        25           rt_sigprocmask
  0.00    0.000151          21         7           getrusage
  0.00    0.000132          22         6           clone3
  0.00    0.000091          15         6           madvise
  0.00    0.000089          12         7           clock_gettime
  0.00    0.000036           5         7           rseq
  0.00    0.000019           3         6           brk
  0.00    0.000019           2         7           set_robust_list
  0.00    0.000001           1         1           rt_sigaction
  0.00    0.000000           0         4           read
  0.00    0.000000           0         6           fstat
  0.00    0.000000           0         1         1 ioctl
  0.00    0.000000           0         2           pread64
  0.00    0.000000           0         1         1 access
  0.00    0.000000           0         1           execve
  0.00    0.000000           0         1           arch_prctl
  0.00    0.000000           0         1           set_tid_address
  0.00    0.000000           0         1           prlimit64
  0.00    0.000000           0         1           getrandom
------ ----------- ----------- --------- --------- ----------------
100.00    3.884385         216     17918       984 total
