== 1. run: mode chunked, offered 2000 req/s (open loop), 6 s, 12068 requests, 3 workers

== 2. latency at the service entry, from intended arrival to reply (ms)
op         n     mean      p50      p90      p99    p99.9      max
get    10819    0.704    0.059    0.175   17.505   47.881   52.513
put     1249    2.586    1.722    2.882   31.480   52.678   64.873
all    12068    0.899    0.064    1.775   18.714   48.878   64.873
histogram (all requests):
    0.0000 ..   0.0625 ms    5857 ##############################
    0.0625 ..   0.1250 ms    3394 #################
    0.1250 ..   0.2500 ms     644 ####
    0.2500 ..   0.5000 ms     147 #
    0.5000 ..   1.0000 ms     343 ##
    1.0000 ..   2.0000 ms     615 ####
    2.0000 ..   4.0000 ms     526 ###
    4.0000 ..   8.0000 ms     199 #
    8.0000 ..  16.0000 ms     193 #
   16.0000 ..  32.0000 ms     105 #
   32.0000 ..  64.0000 ms      44 #
   64.0000 .. 128.0000 ms       1 #
  128.0000 ..      max ms       0

== 3. traces of the 8 slowest requests (span durations in ms)
    id  op  arrived ms |   queue   parse lock wait   store wal wait   reply |   total
  4314 put      2163.9 |  23.576   0.004     0.000   0.002   41.289   0.002 |  64.873
  4362 put      2190.0 |  38.774   0.004     8.159   0.001    5.739   0.002 |  52.678
  4360 get      2188.4 |  40.294   0.004    12.209   0.001    0.003   0.002 |  52.513
  4361 get      2188.5 |  40.248   0.004    12.221   0.000    0.000   0.002 |  52.476
  4364 put      2191.5 |  49.476   0.004     0.000   0.001    2.076   0.002 |  51.559
  4368 put      2192.4 |  48.582   0.004     0.000   0.001    1.973   0.002 |  50.561
  4363 get      2190.5 |  50.448   0.004     0.000   0.000    0.000   0.002 |  50.454
  4369 get      2192.7 |  49.946   0.004     0.000   0.000    0.000   0.002 |  49.953

== 4. background-task log (times since start)
     313.4 ms  snapshot: 100000 entries written; store lock held 13.46 ms
     329.7 ms  wal: write+fdatasync of one batch took 5.4 ms
     636.3 ms  snapshot: 100000 entries written; store lock held 16.98 ms
     958.1 ms  snapshot: 100000 entries written; store lock held 13.93 ms
    1013.4 ms  metrics: counters flushed in 0.98 ms
    1276.5 ms  snapshot: 100000 entries written; store lock held 10.63 ms
    1591.2 ms  snapshot: 100000 entries written; store lock held 8.00 ms
    1903.2 ms  snapshot: 100000 entries written; store lock held 7.90 ms
    2014.6 ms  metrics: counters flushed in 0.76 ms
    2129.5 ms  wal: write+fdatasync of one batch took 27.3 ms
    2157.5 ms  wal: write+fdatasync of one batch took 29.9 ms
    2187.5 ms  wal: write+fdatasync of one batch took 25.8 ms
    2227.5 ms  snapshot: 100000 entries written; store lock held 8.93 ms
    2538.7 ms  snapshot: 100000 entries written; store lock held 12.87 ms
    2855.8 ms  snapshot: 100000 entries written; store lock held 7.55 ms
    3015.4 ms  metrics: counters flushed in 0.79 ms
    3167.0 ms  snapshot: 100000 entries written; store lock held 13.59 ms
    3484.6 ms  snapshot: 100000 entries written; store lock held 7.97 ms
    3796.4 ms  snapshot: 100000 entries written; store lock held 13.78 ms
    4016.3 ms  metrics: counters flushed in 0.79 ms
    4114.7 ms  snapshot: 100000 entries written; store lock held 11.03 ms
    4430.5 ms  snapshot: 100000 entries written; store lock held 13.49 ms
    4497.5 ms  wal: write+fdatasync of one batch took 5.4 ms
    4748.5 ms  snapshot: 100000 entries written; store lock held 7.67 ms
    5017.2 ms  metrics: counters flushed in 0.76 ms
    5060.1 ms  snapshot: 100000 entries written; store lock held 7.57 ms
    5371.6 ms  snapshot: 100000 entries written; store lock held 8.02 ms
    5683.3 ms  snapshot: 100000 entries written; store lock held 10.00 ms
    5997.1 ms  snapshot: 100000 entries written; store lock held 9.51 ms
    6018.3 ms  metrics: counters flushed in 0.87 ms
    7019.3 ms  metrics: counters flushed in 0.76 ms

== 5. threads: wall time, CPU time, context switches
thread       wall ms    cpu ms  cpu %  voluntary involuntary
generator       6037     642.9  10.7%       9629         51
metrics         7007       5.9   0.1%          7          2
snapshot        6297     248.0   3.9%         41         12
wal-writer      6037     237.7   3.9%       5496         23
worker-0        6037      81.2   1.3%       4791          2
worker-1        6037      81.7   1.4%       4721          7
worker-2        6037      82.5   1.4%       4795          1
