== 1. run: mode whole, offered 2000 req/s (open loop), 6 s, 12068 requests, 3 workers

== 2. latency at the service entry, from intended arrival to reply (ms)
op         n     mean      p50      p90      p99    p99.9      max
get    10819    0.380    0.046    0.270    8.645   17.503   23.536
put     1249    2.045    1.693    3.071   11.396   26.748   27.097
all    12068    0.552    0.050    1.617    8.994   17.503   27.097
histogram (all requests):
    0.0000 ..   0.0625 ms    7419 #####################################
    0.0625 ..   0.1250 ms    1853 ##########
    0.1250 ..   0.2500 ms     433 ###
    0.2500 ..   0.5000 ms     276 ##
    0.5000 ..   1.0000 ms     435 ###
    1.0000 ..   2.0000 ms     682 ####
    2.0000 ..   4.0000 ms     564 ###
    4.0000 ..   8.0000 ms     255 ##
    8.0000 ..  16.0000 ms     135 #
   16.0000 ..  32.0000 ms      16 #
   32.0000 ..  64.0000 ms       0 
   64.0000 .. 128.0000 ms       0 
  128.0000 ..      max ms       0

== 3. traces of the 8 slowest requests (span durations in ms)
    id  op  arrived ms |   queue   parse lock wait   store wal wait   reply |   total
  5998 put      3000.2 |   0.004   0.004     0.000   0.002   27.085   0.002 |  27.097
  6004 put      3001.9 |   2.436   0.004     0.000   0.003   24.302   0.002 |  26.748
  6238 get      3125.5 |   0.096   0.004    22.876   0.001    0.557   0.002 |  23.536
  6239 get      3125.5 |   0.155   0.008    22.818   0.000    0.003   0.002 |  22.987
  6240 get      3125.7 |   3.590   0.004    19.371   0.000    0.000   0.002 |  22.967
  6241 get      3126.5 |  21.969   0.004     0.000   0.000    0.000   0.002 |  21.975
  6242 get      3126.6 |  21.914   0.004     0.000   0.000    0.000   0.002 |  21.921
  6243 get      3127.9 |  20.565   0.011     0.000   0.001    0.000   0.002 |  20.579

== 4. background-task log (times since start)
     309.7 ms  snapshot: 100000 entries written; store lock held 13.58 ms
     624.2 ms  snapshot: 100000 entries written; store lock held 15.13 ms
     940.5 ms  snapshot: 100000 entries written; store lock held 7.83 ms
    1009.8 ms  metrics: counters flushed in 0.80 ms
    1249.6 ms  snapshot: 100000 entries written; store lock held 8.05 ms
    1558.7 ms  snapshot: 100000 entries written; store lock held 7.89 ms
    1869.3 ms  snapshot: 100000 entries written; store lock held 7.30 ms
    2010.7 ms  metrics: counters flushed in 0.88 ms
    2179.5 ms  snapshot: 100000 entries written; store lock held 15.71 ms
    2497.4 ms  snapshot: 100000 entries written; store lock held 7.18 ms
    2807.6 ms  snapshot: 100000 entries written; store lock held 14.83 ms
    3004.2 ms  wal: write+fdatasync of one batch took 23.0 ms
    3011.7 ms  metrics: counters flushed in 0.75 ms
    3125.4 ms  snapshot: 100000 entries written; store lock held 23.07 ms
    3158.4 ms  wal: write+fdatasync of one batch took 5.1 ms
    3380.1 ms  wal: write+fdatasync of one batch took 5.9 ms
    3451.5 ms  snapshot: 100000 entries written; store lock held 12.36 ms
    3766.4 ms  snapshot: 100000 entries written; store lock held 8.22 ms
    4012.5 ms  metrics: counters flushed in 0.93 ms
    4077.7 ms  snapshot: 100000 entries written; store lock held 11.36 ms
    4391.4 ms  snapshot: 100000 entries written; store lock held 9.85 ms
    4703.9 ms  snapshot: 100000 entries written; store lock held 7.33 ms
    5013.6 ms  metrics: counters flushed in 1.21 ms
    5013.8 ms  snapshot: 100000 entries written; store lock held 11.33 ms
    5327.6 ms  snapshot: 100000 entries written; store lock held 7.71 ms
    5638.1 ms  snapshot: 100000 entries written; store lock held 12.04 ms
    5953.0 ms  snapshot: 100000 entries written; store lock held 7.90 ms
    6014.9 ms  metrics: counters flushed in 0.73 ms
    7015.8 ms  metrics: counters flushed in 0.77 ms

== 5. threads: wall time, CPU time, context switches
thread       wall ms    cpu ms  cpu %  voluntary involuntary
generator       6040     569.8   9.4%       9485       1666
metrics         7007       6.2   0.1%          7          4
snapshot        6254     205.1   3.3%         35        104
wal-writer      6043     193.6   3.2%       5528        291
worker-0        6040      71.3   1.2%       4278         20
worker-1        6043      69.3   1.1%       4181         18
worker-2        6040      71.5   1.2%       4275         27
