== 1. run: mode paced, offered 2000 req/s (open loop), 6 s, 12068 requests, 3 workers

== 2. latency at the service entry, from intended arrival to reply (ms)
op         n     mean      p50      p90      p99    p99.9      max
get    10819    0.178    0.044    0.186    3.358    6.392   10.159
put     1249    2.104    1.802    3.743    8.452   10.094   10.450
all    12068    0.377    0.048    1.333    4.656    8.931   10.450
histogram (all requests):
    0.0000 ..   0.0625 ms    7720 #######################################
    0.0625 ..   0.1250 ms    1656 #########
    0.1250 ..   0.2500 ms     534 ###
    0.2500 ..   0.5000 ms     276 ##
    0.5000 ..   1.0000 ms     433 ###
    1.0000 ..   2.0000 ms     673 ####
    2.0000 ..   4.0000 ms     598 ###
    4.0000 ..   8.0000 ms     157 #
    8.0000 ..  16.0000 ms      21 #
   16.0000 ..  32.0000 ms       0 
   32.0000 ..  64.0000 ms       0 
   64.0000 .. 128.0000 ms       0 
  128.0000 ..      max ms       0

== 3. traces of the 8 slowest requests (span durations in ms)
    id  op  arrived ms |   queue   parse lock wait   store wal wait   reply |   total
 10606 put      5319.4 |   3.699   0.004     0.000   0.003    6.742   0.002 |  10.450
 10690 get      5356.9 |  10.152   0.004     0.000   0.000    0.000   0.002 |  10.159
 10607 put      5319.8 |   3.368   0.004     0.000   0.001    6.720   0.002 |  10.094
 10298 put      5169.3 |   1.937   0.004     0.000   0.001    8.064   0.002 |  10.007
 10691 get      5357.1 |   9.915   0.004     0.000   0.000    0.000   0.002 |   9.921
 10692 get      5357.2 |   9.904   0.004     0.000   0.000    0.000   0.002 |   9.910
 10693 get      5357.3 |   9.778   0.004     0.000   0.000    0.000   0.002 |   9.784
 10766 put      5393.1 |   2.330   0.004     0.000   0.001    7.431   0.002 |   9.767

== 4. background-task log (times since start)
     311.4 ms  snapshot: 100000 entries written; store lock held 14.04 ms
     657.6 ms  snapshot: 100000 entries written; store lock held 15.30 ms
    1006.2 ms  snapshot: 100000 entries written; store lock held 10.78 ms
    1011.4 ms  metrics: counters flushed in 0.73 ms
    1349.0 ms  snapshot: 100000 entries written; store lock held 10.45 ms
    1691.9 ms  snapshot: 100000 entries written; store lock held 9.03 ms
    2012.4 ms  metrics: counters flushed in 0.79 ms
    2032.1 ms  snapshot: 100000 entries written; store lock held 10.22 ms
    2375.2 ms  snapshot: 100000 entries written; store lock held 8.81 ms
    2715.8 ms  snapshot: 100000 entries written; store lock held 9.52 ms
    3013.4 ms  metrics: counters flushed in 0.76 ms
    3057.6 ms  snapshot: 100000 entries written; store lock held 9.27 ms
    3399.8 ms  snapshot: 100000 entries written; store lock held 17.15 ms
    3755.9 ms  snapshot: 100000 entries written; store lock held 8.25 ms
    4014.3 ms  metrics: counters flushed in 0.82 ms
    4097.6 ms  snapshot: 100000 entries written; store lock held 10.34 ms
    4440.4 ms  snapshot: 100000 entries written; store lock held 10.66 ms
    4549.2 ms  wal: write+fdatasync of one batch took 5.0 ms
    4783.9 ms  snapshot: 100000 entries written; store lock held 15.51 ms
    5015.2 ms  metrics: counters flushed in 0.76 ms
    5134.1 ms  snapshot: 100000 entries written; store lock held 13.24 ms
    5209.1 ms  wal: write+fdatasync of one batch took 5.9 ms
    5225.6 ms  wal: write+fdatasync of one batch took 5.5 ms
    5317.1 ms  wal: write+fdatasync of one batch took 5.9 ms
    5409.3 ms  wal: write+fdatasync of one batch took 5.7 ms
    5479.0 ms  snapshot: 100000 entries written; store lock held 16.57 ms
    5830.5 ms  snapshot: 100000 entries written; store lock held 8.76 ms
    6019.0 ms  metrics: counters flushed in 0.78 ms
    7019.9 ms  metrics: counters flushed in 0.76 ms

== 5. threads: wall time, CPU time, context switches
thread       wall ms    cpu ms  cpu %  voluntary involuntary
generator       6038     589.5   9.8%       9471       1716
metrics         7009       5.8   0.1%          7          0
snapshot        6163     243.3   3.9%       1736        153
wal-writer      6041     196.8   3.3%       5435        274
worker-0        6041      89.3   1.5%       4353         24
worker-1        6039      77.5   1.3%       4394         17
worker-2        6039      92.4   1.5%       4390         20
