/* Generated by Yosys 0.33 (git sha1 2584903a060) */

module counter4(clk, reset, enable, count, wrap);
  wire _00_;
  wire [3:0] _01_;
  wire [3:0] _02_;
  input clk;
  wire clk;
  output [3:0] count;
  reg [3:0] count;
  input enable;
  wire enable;
  input reset;
  wire reset;
  output wrap;
  wire wrap;
  assign wrap = 4'h8 >> { enable, _00_ };
  assign _00_ = 16'h8000 >> { count[2:0], count[3] };
  assign _02_[1] = 4'h6 >> count[1:0];
  assign _02_[2] = 8'h78 >> count[2:0];
  assign _02_[3] = 16'h7f80 >> count;
  assign _01_[0] = 2'h1 >> count[0];
  always @(posedge clk)
    if (reset) count[0] <= 1'h0;
    else if (enable) count[0] <= _01_[0];
  always @(posedge clk)
    if (reset) count[1] <= 1'h0;
    else if (enable) count[1] <= _02_[1];
  always @(posedge clk)
    if (reset) count[2] <= 1'h0;
    else if (enable) count[2] <= _02_[2];
  always @(posedge clk)
    if (reset) count[3] <= 1'h0;
    else if (enable) count[3] <= _02_[3];
  assign _01_[3:1] = count[3:1];
  assign _02_[0] = _01_[0];
endmodule
