LQR K =
  [    65.3028    13.0737 ]
MPC: horizon 40 steps = 2.0 s, solver 300 iterations per step
clipped LQR
   t(s)   x(m)    v(m/s)   F(N)
   0.00   0.000    0.000    2.00
   0.25   0.062    0.494    2.00
   0.50   0.246    0.975    2.00
   0.75   0.549    1.445    2.00
   1.00   0.923    1.314   -2.00
   1.25   1.186    0.788   -2.00
   1.50   1.318    0.274   -2.00
   1.75   1.324   -0.226   -2.00
   2.00   1.206   -0.714   -2.00
   2.25   1.027   -0.516    2.00
   2.50   0.961   -0.009    2.00
   2.75   0.989    0.096   -0.57
   3.00   1.000    0.008   -0.09
   3.25   1.000   -0.001    0.00
   3.50   1.000   -0.000    0.00
   3.75   1.000   -0.000    0.00
   4.00   1.000    0.000   -0.00
   4.25   1.000    0.000   -0.00
   4.50   1.000   -0.000    0.00
   4.75   1.000   -0.000    0.00
   5.00   1.000   -0.000    0.00
  furthest x = 1.337 m (wall at 1.1 m), parked (1 cm, 2 cm/s) at t = 2.95 s, cost = 1306.66
MPC
   t(s)   x(m)    v(m/s)   F(N)
   0.00   0.000    0.000    2.00
   0.25   0.062    0.494    2.00
   0.50   0.246    0.975    2.00
   0.75   0.549    1.439   -2.00
   1.00   0.842    0.910   -2.00
   1.25   1.005    0.394   -2.00
   1.50   1.040   -0.110   -1.14
   1.75   1.007   -0.071    0.49
   2.00   1.000   -0.004    0.05
   2.25   1.000    0.001   -0.00
   2.50   1.000    0.000   -0.00
   2.75   1.000   -0.000   -0.00
   3.00   1.000   -0.000    0.00
   3.25   1.000   -0.000    0.00
   3.50   1.000    0.000   -0.00
   3.75   1.000    0.000   -0.00
   4.00   1.000   -0.000    0.00
   4.25   1.000   -0.000    0.00
   4.50   1.000   -0.000    0.00
   4.75   1.000    0.000   -0.00
   5.00   1.000    0.000   -0.00
  furthest x = 1.043 m (wall at 1.1 m), parked (1 cm, 2 cm/s) at t = 1.90 s, cost = 1161.32
