config: T = 0.05 s, |F| <= 2 N, wall 1.1 m, horizon N = 20 (1.00 s)
  furthest x reached: 1.043 m
config: T = 0.05 s, |F| <= 2 N, wall 1.1 m, horizon N = 5 (0.25 s)
  t(s)    x(m)   v(m/s)   F(N)   predicted x at horizon end   max predicted x
  0.00   0.000   0.000   2.00                        0.062             0.062
  0.10   0.010   0.199   2.00                        0.121             0.121
  0.20   0.040   0.396   2.00                        0.199             0.199
  0.30   0.089   0.591   2.00                        0.297             0.297
  0.40   0.158   0.784   2.00                        0.413             0.413
  0.50   0.246   0.975   2.00                        0.549             0.549
  0.60   0.353   1.165   2.00                        0.702             0.702
  0.70   0.479   1.352   2.00                        0.853             0.853
  0.80   0.623   1.538  -2.00                        0.941             0.941
  0.90   0.766   1.323  -2.00                        1.031             1.031
  1.00   0.888   1.111  -2.00                        1.100             1.100
  1.10   0.989   0.901  -2.00                        1.149             1.149
  1.20   1.068   0.693  -2.00                        1.177             1.177
  1.30   1.127   0.487  -2.00                        1.186             1.186
  1.40   1.166   0.283  -2.00                        1.174             1.186
  1.50   1.184   0.082  -2.00                        1.142             1.186
  1.60   1.182  -0.118  -2.00                        1.092             1.174
  1.70   1.160  -0.316  -2.00                        1.044             1.142
  1.80   1.119  -0.512  -1.02                        1.016             1.092
  1.90   1.066  -0.486   2.00                        1.004             1.044
  2.00   1.028  -0.282   1.88                        1.000             1.016
  furthest x reached: 1.186 m
