== machine build-vm ==
  pci 8086:0d57 (060000) at 00:00.0
      -> UNCLASSIFIED: no catalog key matches; look it up by hand
  pci 1af4:1045 (ffff00) at 00:01.0
      -> virtio 1.x, the full family  [read: OASIS VIRTIO Specification; milestone C4]
  pci 1af4:1042 (018000) at 00:02.0
      -> virtio storage  [read: OASIS VIRTIO Specification; milestone C4]
  pci 1af4:1042 (018000) at 00:03.0
      -> virtio storage  [read: OASIS VIRTIO Specification; milestone C4]
  pci 1af4:1042 (018000) at 00:04.0
      -> virtio storage  [read: OASIS VIRTIO Specification; milestone C4]
  pci 1af4:1042 (018000) at 00:05.0
      -> virtio storage  [read: OASIS VIRTIO Specification; milestone C4]
  pci 1af4:1042 (018000) at 00:06.0
      -> virtio storage  [read: OASIS VIRTIO Specification; milestone C4]
  pci 1af4:1042 (018000) at 00:07.0
      -> virtio storage  [read: OASIS VIRTIO Specification; milestone C4]
  pci 1af4:1041 (020000) at 00:08.0
      -> virtio 1.x, the full family  [read: OASIS VIRTIO Specification; milestone C4]
  pci 1af4:1053 (ffff00) at 00:09.0
      -> virtio 1.x, the full family  [read: OASIS VIRTIO Specification; milestone C4]
  pci 1af4:1044 (ffff00) at 00:0a.0
      -> virtio 1.x, the full family  [read: OASIS VIRTIO Specification; milestone C4]
  acpi ACPI0013 (-) at \_SB_.GED_
      -> UNCLASSIFIED: no catalog key matches; look it up by hand
  acpi AMZNC10C (-) at \_SB_.VCLK
      -> UNCLASSIFIED: no catalog key matches; look it up by hand
  acpi FCVMGID (-) at \_SB_.VGEN
      -> UNCLASSIFIED: no catalog key matches; look it up by hand
  acpi LNXSYBUS (-) at \_SB_
      -> UNCLASSIFIED: no catalog key matches; look it up by hand
  acpi LNXSYBUS (-) at \_TZ_
      -> UNCLASSIFIED: no catalog key matches; look it up by hand
  acpi LNXSYSTM (-) at \
      -> UNCLASSIFIED: no catalog key matches; look it up by hand
  acpi PNP0303 (-) at \_SB_.PS2_
      -> Input: PS/2 and USB HID  [read: i8042 conventions; HID class definition; milestone C2, C8]
  acpi PNP0501 (-) at \_SB_.COM1
      -> Serial UARTs and early consoles  [read: PC16550D datasheet; Arm PL011 TRM; milestone B6, C2]
  acpi PNP0501 (-) at \_SB_.COM2
      -> Serial UARTs and early consoles  [read: PC16550D datasheet; Arm PL011 TRM; milestone B6, C2]
  acpi PNP0501 (-) at \_SB_.COM3
      -> Serial UARTs and early consoles  [read: PC16550D datasheet; Arm PL011 TRM; milestone B6, C2]
  acpi PNP0501 (-) at \_SB_.COM4
      -> Serial UARTs and early consoles  [read: PC16550D datasheet; Arm PL011 TRM; milestone B6, C2]
  acpi PNP0A08 (-) at \_SB_.PC00
      -> PCI and PCI Express  [read: PCI Local Bus / PCI Express Base Specifications; milestone C1, C7]
== machine q35 ==
  pci 8086:29c0 (060000) at 00:00.0
      -> UNCLASSIFIED: no catalog key matches; look it up by hand
  pci 8086:100e (020000) at 00:01.0
      -> UNCLASSIFIED: no catalog key matches; look it up by hand
  pci 1234:11e8 (00ff00) at 00:02.0
      -> UNCLASSIFIED: no catalog key matches; look it up by hand
  pci 1b36:0010 (010802) at 00:03.0
      -> AHCI (SATA)  [read: Serial ATA AHCI Specification; milestone C5]
  pci 1b36:000d (0c0330) at 00:04.0
      -> UNCLASSIFIED: no catalog key matches; look it up by hand
  pci 8086:2668 (040300) at 00:05.0
      -> UNCLASSIFIED: no catalog key matches; look it up by hand
  pci 1af4:1005 (00ff00) at 00:06.0
      -> virtio 1.x, the full family  [read: OASIS VIRTIO Specification; milestone C4]
  pci 8086:2918 (060100) at 00:1f.0
      -> UNCLASSIFIED: no catalog key matches; look it up by hand
  pci 8086:2922 (010601) at 00:1f.2
      -> AHCI (SATA)  [read: Serial ATA AHCI Specification; milestone C5]
  pci 8086:2930 (0c0500) at 00:1f.3
      -> UNCLASSIFIED: no catalog key matches; look it up by hand
== machine virt ==
  dt linux,dummy-virt (linux,dummy-virt) at /
      -> UNCLASSIFIED: no catalog key matches; look it up by hand
  dt arm,psci-1.0 (arm,psci-1.0 arm,psci-0.2 arm,psci) at /psci
      -> Platform power on Arm: PSCI and SCMI  [read: Arm PSCI; milestone -]
  dt qemu,platform (qemu,platform simple-bus) at /platform-bus@c000000
      -> UNCLASSIFIED: no catalog key matches; look it up by hand
  dt qemu,fw-cfg-mmio (qemu,fw-cfg-mmio) at /fw-cfg@9020000
      -> UNCLASSIFIED: no catalog key matches; look it up by hand
  dt virtio,mmio (virtio,mmio) at /virtio_mmio@a000000 (+31 alike)
      -> virtio 1.x, the full family  [read: OASIS VIRTIO Specification; milestone C4]
  dt gpio-keys (gpio-keys) at /gpio-keys
      -> UNCLASSIFIED: no catalog key matches; look it up by hand
  dt arm,pl061 (arm,pl061 arm,primecell) at /pl061@9030000
      -> GPIO and pin control  [read: SoC TRM GPIO chapters; ACPI GpioIo/GpioInt; milestone -]
  dt pci-host-ecam-generic (pci-host-ecam-generic) at /pcie@10000000
      -> PCI and PCI Express  [read: PCI Local Bus / PCI Express Base Specifications; milestone C1, C7]
  dt arm,pl031 (arm,pl031 arm,primecell) at /pl031@9010000
      -> RTC  [read: MC146818; Arm PL031 TRM; ACPI Time and Alarm; milestone C3]
  dt arm,pl011 (arm,pl011 arm,primecell) at /pl011@9000000
      -> Serial UARTs and early consoles  [read: PC16550D datasheet; Arm PL011 TRM; milestone B6, C2]
  dt arm,armv8-pmuv3 (arm,armv8-pmuv3) at /pmu
      -> CPUs and SMP  [read: architecture manuals (Intel SDM, AMD64 APM, Arm ARM, RISC-V); milestone B11, D3, D6]
  dt arm,cortex-a15-gic (arm,cortex-a15-gic) at /intc@8000000
      -> Interrupt controllers: Arm  [read: Arm Generic Interrupt Controller Architecture Specification; milestone D2]
  dt arm,gic-v2m-frame (arm,gic-v2m-frame) at /intc@8000000/v2m@8020000
      -> Interrupt controllers: Arm  [read: Arm Generic Interrupt Controller Architecture Specification; milestone D2]
  dt cfi-flash (cfi-flash) at /flash@0
      -> UNCLASSIFIED: no catalog key matches; look it up by hand
  dt arm,cortex-a57 (arm,cortex-a57) at /cpus/cpu@0
      -> CPUs and SMP  [read: architecture manuals (Intel SDM, AMD64 APM, Arm ARM, RISC-V); milestone B11, D3, D6]
  dt arm,armv8-timer (arm,armv8-timer arm,armv7-timer) at /timer
      -> Timers and clock sources  [read: HPET Specification; Arm Generic Timer; ...; milestone B8]
  dt fixed-clock (fixed-clock) at /apb-pclk
      -> Clocks, resets and power domains (SoCs)  [read: SoC TRMs; devicetree clock bindings; milestone -]
== catalog rows touched per machine ==
build-vm: 5 rows: [Input: PS/2 and USB HID x1] [PCI and PCI Express x1] [Serial UARTs and early consoles x4] [virtio 1.x, the full family x4] [virtio storage x6]
q35: 2 rows: [AHCI (SATA) x2] [virtio 1.x, the full family x1]
virt: 10 rows: [CPUs and SMP x2] [Clocks, resets and power domains (SoCs) x1] [GPIO and pin control x1] [Interrupt controllers: Arm x2] [PCI and PCI Express x1] [Platform power on Arm: PSCI and SCMI x1] [RTC x1] [Serial UARTs and early consoles x1] [Timers and clock sources x1] [virtio 1.x, the full family x1]
50 devices, 19 unclassified
