build-vm|pci|8086:0d57|060000|00:00.0
build-vm|pci|1af4:1045|ffff00|00:01.0
build-vm|pci|1af4:1042|018000|00:02.0
build-vm|pci|1af4:1042|018000|00:03.0
build-vm|pci|1af4:1042|018000|00:04.0
build-vm|pci|1af4:1042|018000|00:05.0
build-vm|pci|1af4:1042|018000|00:06.0
build-vm|pci|1af4:1042|018000|00:07.0
build-vm|pci|1af4:1041|020000|00:08.0
build-vm|pci|1af4:1053|ffff00|00:09.0
build-vm|pci|1af4:1044|ffff00|00:0a.0
build-vm|acpi|ACPI0013|-|\_SB_.GED_
build-vm|acpi|AMZNC10C|-|\_SB_.VCLK
build-vm|acpi|FCVMGID|-|\_SB_.VGEN
build-vm|acpi|LNXSYBUS|-|\_SB_
build-vm|acpi|LNXSYBUS|-|\_TZ_
build-vm|acpi|LNXSYSTM|-|\
build-vm|acpi|PNP0303|-|\_SB_.PS2_
build-vm|acpi|PNP0501|-|\_SB_.COM1
build-vm|acpi|PNP0501|-|\_SB_.COM2
build-vm|acpi|PNP0501|-|\_SB_.COM3
build-vm|acpi|PNP0501|-|\_SB_.COM4
build-vm|acpi|PNP0A08|-|\_SB_.PC00
q35|pci|8086:29c0|060000|00:00.0
q35|pci|8086:100e|020000|00:01.0
q35|pci|1234:11e8|00ff00|00:02.0
q35|pci|1b36:0010|010802|00:03.0
q35|pci|1b36:000d|0c0330|00:04.0
q35|pci|8086:2668|040300|00:05.0
q35|pci|1af4:1005|00ff00|00:06.0
q35|pci|8086:2918|060100|00:1f.0
q35|pci|8086:2922|010601|00:1f.2
q35|pci|8086:2930|0c0500|00:1f.3
virt|dt|linux,dummy-virt|linux,dummy-virt|/
virt|dt|arm,psci-1.0|arm,psci-1.0 arm,psci-0.2 arm,psci|/psci
virt|dt|qemu,platform|qemu,platform simple-bus|/platform-bus@c000000
virt|dt|qemu,fw-cfg-mmio|qemu,fw-cfg-mmio|/fw-cfg@9020000
virt|dt|virtio,mmio|virtio,mmio|/virtio_mmio@a000000 (+31 alike)
virt|dt|gpio-keys|gpio-keys|/gpio-keys
virt|dt|arm,pl061|arm,pl061 arm,primecell|/pl061@9030000
virt|dt|pci-host-ecam-generic|pci-host-ecam-generic|/pcie@10000000
virt|dt|arm,pl031|arm,pl031 arm,primecell|/pl031@9010000
virt|dt|arm,pl011|arm,pl011 arm,primecell|/pl011@9000000
virt|dt|arm,armv8-pmuv3|arm,armv8-pmuv3|/pmu
virt|dt|arm,cortex-a15-gic|arm,cortex-a15-gic|/intc@8000000
virt|dt|arm,gic-v2m-frame|arm,gic-v2m-frame|/intc@8000000/v2m@8020000
virt|dt|cfi-flash|cfi-flash|/flash@0
virt|dt|arm,cortex-a57|arm,cortex-a57|/cpus/cpu@0
virt|dt|arm,armv8-timer|arm,armv8-timer arm,armv7-timer|/timer
virt|dt|fixed-clock|fixed-clock|/apb-pclk
