426 device types in 11 categories
Controller/Bridge/Hub devices   18
USB devices                     14
Storage devices                 61
Network devices                 31
Input devices                   46
Display devices                 20
Sound devices                   14
Misc devices                    62
CPU devices                    145
Watchdog devices                 2
Uncategorized devices           13
== Storage devices ==
  am53c974                 bus PCI            AMD Am53c974 PCscsi-PCI SCSI adapter
  cxl-type3                bus PCI            CXL Memory Device (Type 3)
  dc390                    bus PCI            Tekram DC-390 SCSI adapter
  floppy                   bus floppy-bus     virtual floppy drive
  ich9-ahci                bus PCI            
  ide-cd                   bus IDE            virtual IDE CD-ROM
  ide-cf                   bus IDE            virtual CompactFlash card
  ide-hd                   bus IDE            virtual IDE disk
  isa-fdc                  bus ISA            virtual floppy controller
  isa-ide                  bus ISA            
  lsi53c810                bus PCI            
  lsi53c895a               bus PCI            
  megasas                  bus PCI            LSI MegaRAID SAS 1078
  megasas-gen2             bus PCI            LSI MegaRAID SAS 2108
  mptsas1068               bus PCI            LSI SAS 1068
  nvdimm                   bus -              DIMM memory module
  nvme                     bus PCI            Non-Volatile Memory Express
  nvme-ns                  bus nvme-bus       Virtual NVMe namespace
  nvme-subsys              bus -              Virtual NVMe subsystem
  piix3-ide                bus PCI            
  piix4-ide                bus PCI            
  pvscsi                   bus PCI            
  scsi-block               bus SCSI           SCSI block device passthrough
  scsi-cd                  bus SCSI           virtual SCSI CD-ROM
  scsi-generic             bus SCSI           pass through generic scsi device (/dev/sg*)
  scsi-hd                  bus SCSI           virtual SCSI disk
  sd-card                  bus sd-bus         
  sd-card-spi              bus sd-bus         SD SPI
  sdhci-pci                bus PCI            
  ufs                      bus PCI            Universal Flash Storage
  usb-bot                  bus usb-bus        
  usb-mtp                  bus usb-bus        USB Media Transfer Protocol device
  usb-storage              bus usb-bus        
  usb-uas                  bus usb-bus        
  vhost-scsi               bus virtio-bus     
  vhost-scsi-pci           bus PCI            
  vhost-scsi-pci-non-transitional bus PCI            
  vhost-scsi-pci-transitional bus PCI            
  vhost-user-blk           bus virtio-bus     
  vhost-user-blk-pci       bus PCI            
  vhost-user-blk-pci-non-transitional bus PCI            
  vhost-user-blk-pci-transitional bus PCI            
  vhost-user-fs-device     bus virtio-bus     
  vhost-user-fs-pci        bus PCI            
  vhost-user-scsi          bus virtio-bus     
  vhost-user-scsi-pci      bus PCI            
  vhost-user-scsi-pci-non-transitional bus PCI            
  vhost-user-scsi-pci-transitional bus PCI            
  virtio-9p-device         bus virtio-bus     
  virtio-9p-pci            bus PCI            
  virtio-9p-pci-non-transitional bus PCI            
  virtio-9p-pci-transitional bus PCI            
  virtio-blk-device        bus virtio-bus     
  virtio-blk-pci           bus PCI            
  virtio-blk-pci-non-transitional bus PCI            
  virtio-blk-pci-transitional bus PCI            
  virtio-pmem              bus virtio-bus     
  virtio-scsi-device       bus virtio-bus     
  virtio-scsi-pci          bus PCI            
  virtio-scsi-pci-non-transitional bus PCI            
  virtio-scsi-pci-transitional bus PCI            
== Input devices ==
  ccid-card-emulated       bus ccid-bus       emulated smartcard
  ccid-card-passthru       bus ccid-bus       passthrough smartcard
  i8042                    bus ISA            
  ipoctal232               bus IndustryPack   GE IP-Octal 232 8-channel RS-232 IndustryPack
  isa-parallel             bus ISA            
  isa-serial               bus ISA            
  pci-serial               bus PCI            
  pci-serial-2x            bus PCI            
  pci-serial-4x            bus PCI            
  tpci200                  bus PCI            TEWS TPCI200 IndustryPack carrier
  usb-braille              bus usb-bus        
  usb-ccid                 bus usb-bus        CCID Rev 1.1 smartcard reader
  usb-kbd                  bus usb-bus        
  usb-mouse                bus usb-bus        
  usb-serial               bus usb-bus        
  usb-tablet               bus usb-bus        
  usb-wacom-tablet         bus usb-bus        QEMU PenPartner Tablet
  vhost-user-device        bus virtio-bus     
  vhost-user-device-pci    bus PCI            
  vhost-user-gpio-device   bus virtio-bus     
  vhost-user-gpio-pci      bus PCI            
  vhost-user-i2c-device    bus virtio-bus     
  vhost-user-i2c-pci       bus PCI            
  vhost-user-input         bus virtio-bus     
  vhost-user-input-pci     bus PCI            
  vhost-user-rng           bus virtio-bus     
  vhost-user-rng-pci       bus PCI            
  vhost-user-scmi          bus virtio-bus     
  vhost-user-scmi-pci      bus PCI            
  virtconsole              bus virtio-serial-bus 
  virtio-input-host-device bus virtio-bus     
  virtio-input-host-pci    bus PCI            
  virtio-keyboard-device   bus virtio-bus     
  virtio-keyboard-pci      bus PCI            
  virtio-mouse-device      bus virtio-bus     
  virtio-mouse-pci         bus PCI            
  virtio-multitouch-device bus virtio-bus     
  virtio-multitouch-pci    bus PCI            
  virtio-serial-device     bus virtio-bus     
  virtio-serial-pci        bus PCI            
  virtio-serial-pci-non-transitional bus PCI            
  virtio-serial-pci-transitional bus PCI            
  virtio-tablet-device     bus virtio-bus     
  virtio-tablet-pci        bus PCI            
  virtserialport           bus virtio-serial-bus 
  vmmouse                  bus ISA            
== Watchdog devices ==
  i6300esb                 bus PCI            Intel 6300ESB
  ib700                    bus ISA            iBASE 700
== Sound devices ==
  AC97                     bus PCI            Intel 82801AA AC97 Audio
  adlib                    bus ISA            Yamaha YM3812 (OPL2)
  cs4231a                  bus ISA            Crystal Semiconductor CS4231A
  ES1370                   bus PCI            ENSONIQ AudioPCI ES1370
  gus                      bus ISA            Gravis Ultrasound GF1
  hda-duplex               bus HDA            HDA Audio Codec, duplex (line-out, line-in)
  hda-micro                bus HDA            HDA Audio Codec, duplex (speaker, microphone)
  hda-output               bus HDA            HDA Audio Codec, output-only (line-out)
  ich9-intel-hda           bus PCI            Intel HD Audio Controller (ich9)
  intel-hda                bus PCI            Intel HD Audio Controller (ich6)
  sb16                     bus ISA            Creative Sound Blaster 16
  usb-audio                bus usb-bus        
  virtio-sound-device      bus virtio-bus     
  virtio-sound-pci         bus PCI            Virtio Sound
