== memory node and /chosen in OUR raspi3b.dtb ==
    chosen {
        stdout-path = "/soc/serial@7e201000";
        dr403,sd-selftest = <0x800 0x20>;
    };
    memory@0 {
        device_type = "memory";
        reg = <0x0 0x3f000000>;
    };
== the same nodes in the tree QEMU's loader handed to the kernel ==
    memory@0 {
        reg = <0x0 0x3c000000>;
        device_type = "memory";
    };
    chosen {
        stdout-path = "/soc/serial@7e201000";
        dr403,sd-selftest = <0x800 0x20>;
    };
    cpus {
== total sizes: ours 1720 bytes; handed over: 23440 bytes
