DR403 kernel on "linux,dummy-virt": entered at EL1, loaded at 0x40080000, DTB at 0x48000000
memory 512 MiB, CPUs 2, timer 62500000 Hz, MIDR_EL1 0x410fd034
  psci /psci: method hvc, PSCI_VERSION -> 1.1
  fw-cfg /fw-cfg@9020000: signature "QEMU"
  pass 1: /virtio_mmio@a000000 deferred (interrupt controller not probed yet)
  pass 1: /virtio_mmio@a000200 deferred (interrupt controller not probed yet)
  pass 1: /virtio_mmio@a000400 deferred (interrupt controller not probed yet)
  pass 1: (further deferrals counted, not listed)
  gic /intc@8000000: GICD_TYPER 0x28 -> 288 interrupt lines, GICD_IIDR 0x43b
  timer /timer: CNTFRQ_EL0 62500000 Hz; 10 ms busy wait advanced the counter by 878038
  fixed-clock /apb-pclk: 24000000 Hz
probe pass 1: 5 finished, 35 still waiting
  virtio /virtio_mmio@a003e00: version 1, device ID 4
  pl061 /pl061@9030000: part 0x061, GPIODIR 0x00, GPIODATA 0x00
  pl031 /pl031@9010000: part 0x031, RTCDR <t> then <t+1> after 1.1 s on the counter -> ticking
  pl011 /pl011@9000000: part 0x011, uartclk 24000000 Hz
probe pass 2: 35 finished, 0 still waiting
devices with a compatible: 49; bound 9, failed 31, waiting 0, disabled 0, no driver 9
  no driver /                                  linux,dummy-virt           -
  bound     /psci                              arm,psci-1.0               psci
  no driver /platform-bus@c000000              qemu,platform              -
  bound     /fw-cfg@9020000                    qemu,fw-cfg-mmio           qemu-fw-cfg
  bound     /virtio_mmio@a003e00               virtio,mmio                virtio-mmio (after deferral)
  no driver /gpio-keys                         gpio-keys                  -
  bound     /pl061@9030000                     arm,pl061                  pl061-gpio (after deferral)
  no driver /pcie@10000000                     pci-host-ecam-generic      -
  bound     /pl031@9010000                     arm,pl031                  pl031-rtc (after deferral)
  bound     /pl011@9000000                     arm,pl011                  pl011-uart (after deferral)
  no driver /pmu                               arm,armv8-pmuv3            -
  bound     /intc@8000000                      arm,cortex-a15-gic         gic-v2
  no driver /intc@8000000/v2m@8020000          arm,gic-v2m-frame          -
  no driver /flash@0                           cfi-flash                  -
  no driver /cpus/cpu@0                        arm,cortex-a53             -
  no driver /cpus/cpu@1                        arm,cortex-a53             -
  bound     /timer                             arm,armv8-timer            armv8-timer
  bound     /apb-pclk                          fixed-clock                fixed-clock
  (31 FAILED virtio,mmio transports not listed: empty transport, device ID 0)
DR403 kernel: done
power off through PSCI SYSTEM_OFF
