F3-31 kernel: magic=0x2badb002 mods=1
initrd: 20480 bytes at 0x116000
tarfs: 5 files, 7 directories, 0 skipped, 0 bad headers
ok   mount tarfs on /
ok   mount infofs on /sys
== listing ==
d 0755      0 /bin
- 0644     26 /bin/README
d 0755      0 /docs
d 0755      0 /docs/guides
d 0755      0 /docs/guides/a-rather-long-directory-name-for-testing
d 0755      0 /docs/guides/a-rather-long-directory-name-for-testing/another-long-directory-name-inside
- 0644      9 /docs/guides/a-rather-long-directory-name-for-testing/another-long-directory-name-inside/a-file-whose-full-path-is-longer-than-one-hundred-characters.txt
- 0644   3893 /docs/numbers.txt
d 0755      0 /etc
- 0600     11 /etc/hostname
- 0644     76 /etc/motd
d 0555      0 /sys
- 0444     49 /sys/version
- 0444     26 /sys/mounts
== end of listing ==
== /etc/motd, read 7 bytes at a time ==
Welcome to the OS304 mini kernel.
This file came from the initial RAM disk.
== end ==
fnv1a /docs/numbers.txt = e48c1fd6
== VFS tests ==
ok   missing file gives -ENOENT
ok   file used as directory gives -ENOTDIR
ok   read on a directory gives -EISDIR
ok   read on a closed descriptor gives -EBADF
ok   ".." leaves the infofs mount and returns to tarfs
     /sys/../etc/hostname starts with "os304-q"
     via fd 0: "Welco", then via its dup fd 1: "me to"
ok   dup shares one offset (second read continues)
ok   read at end of file returns 0
     opened 16 descriptors, then -24
ok   descriptor table full gives -EMFILE
== /sys/mounts ==
tarfs on /
infofs on /sys
B14 VFS tests: 0 failures
