# recorded encoder log: t_s left_counts right_counts
0.0 0 0
0.1 164 164
0.2 327 327
0.3 491 491
0.4 655 655
0.5 819 819
0.6 982 982
0.7 1146 1146
0.8 1310 1310
0.9 1473 1473
1.0 1637 1637
1.1 1801 1801
1.2 1964 1964
1.3 2128 2128
1.4 2292 2292
1.5 2456 2456
1.6 2619 2619
1.7 2783 2783
1.8 2947 2947
1.9 3110 3110
2.0 3274 3274
2.1 3438 3438
2.2 3601 3601
2.3 3765 3765
2.4 3929 3929
2.5 4093 4093
2.6 4256 4256
2.7 4420 4420
2.8 4584 4584
2.9 4747 4747
3.0 4911 4911
3.1 5075 5075
3.2 5238 5238
3.3 5402 5402
3.4 5566 5566
3.5 5730 5730
3.6 5893 5893
3.7 6057 6057
3.8 6221 6221
3.9 6384 6384
4.0 6548 6548
4.1 6507 6589
4.2 6466 6630
4.3 6425 6672
4.4 6384 6713
4.5 6342 6754
4.6 6301 6795
4.7 6260 6836
4.8 6219 6877
4.9 6178 6918
5.0 6137 6960
5.1 6096 7001
5.2 6054 7042
5.3 6013 7083
5.4 5972 7124
5.5 5931 7165
5.6 5890 7206
5.7 5849 7248
5.8 5808 7289
5.9 5766 7330
6.0 5725 7371
6.1 5889 7535
6.2 6053 7698
6.3 6216 7862
6.4 6380 8026
6.5 6544 8189
6.6 6707 8353
6.7 6871 8517
6.8 7035 8681
6.9 7199 8844
7.0 7362 9008
7.1 7526 9172
7.2 7690 9335
7.3 7853 9499
7.4 8017 9663
7.5 8181 9826
7.6 8344 9990
7.7 8508 10154
7.8 8672 10318
7.9 8836 10481
8.0 8999 10645
8.1 9163 10809
8.2 9327 10972
8.3 9490 11136
8.4 9654 11300
8.5 9818 11464
8.6 9981 11627
8.7 10145 11791
8.8 10309 11955
8.9 10473 12118
9.0 10636 12282
9.1 10800 12446
9.2 10964 12609
9.3 11127 12773
9.4 11291 12937
9.5 11455 13101
9.6 11619 13264
9.7 11782 13428
9.8 11946 13592
9.9 12110 13755
10.0 12273 13919
10.1 12232 13960
10.2 12191 14001
10.3 12150 14042
10.4 12109 14084
10.5 12068 14125
10.6 12026 14166
10.7 11985 14207
10.8 11944 14248
10.9 11903 14289
11.0 11862 14330
11.1 11821 14372
11.2 11780 14413
11.3 11738 14454
11.4 11697 14495
11.5 11656 14536
11.6 11615 14577
11.7 11574 14618
11.8 11533 14660
11.9 11492 14701
12.0 11450 14742
12.1 11614 14906
12.2 11778 15069
12.3 11942 15233
12.4 12105 15397
12.5 12269 15560
12.6 12433 15724
12.7 12596 15888
12.8 12760 16052
12.9 12924 16215
13.0 13087 16379
13.1 13251 16543
13.2 13415 16706
13.3 13579 16870
13.4 13742 17034
13.5 13906 17197
13.6 14070 17361
13.7 14233 17525
13.8 14397 17689
13.9 14561 17852
14.0 14725 18016
14.1 14888 18180
14.2 15052 18343
14.3 15216 18507
14.4 15379 18671
14.5 15543 18834
14.6 15707 18998
14.7 15870 19162
14.8 16034 19326
14.9 16198 19489
15.0 16362 19653
15.1 16525 19817
15.2 16689 19980
15.3 16853 20144
15.4 17016 20308
15.5 17180 20471
15.6 17344 20635
15.7 17507 20799
15.8 17671 20963
15.9 17835 21126
16.0 17999 21290
16.1 17957 21331
16.2 17916 21372
16.3 17875 21413
16.4 17834 21455
16.5 17793 21496
16.6 17752 21537
16.7 17711 21578
16.8 17669 21619
16.9 17628 21660
17.0 17587 21701
17.1 17546 21743
17.2 17505 21784
17.3 17464 21825
17.4 17423 21866
17.5 17381 21907
17.6 17340 21948
17.7 17299 21989
17.8 17258 22031
17.9 17217 22072
18.0 17176 22113
18.1 17339 22277
18.2 17503 22440
18.3 17667 22604
18.4 17831 22768
18.5 17994 22931
18.6 18158 23095
18.7 18322 23259
18.8 18485 23422
18.9 18649 23586
19.0 18813 23750
19.1 18976 23914
19.2 19140 24077
19.3 19304 24241
19.4 19468 24405
19.5 19631 24568
19.6 19795 24732
19.7 19959 24896
19.8 20122 25059
19.9 20286 25223
20.0 20450 25387
20.1 20613 25551
20.2 20777 25714
20.3 20941 25878
20.4 21105 26042
20.5 21268 26205
20.6 21432 26369
20.7 21596 26533
20.8 21759 26697
20.9 21923 26860
21.0 22087 27024
21.1 22250 27188
21.2 22414 27351
21.3 22578 27515
21.4 22742 27679
21.5 22905 27842
21.6 23069 28006
21.7 23233 28170
21.8 23396 28334
21.9 23560 28497
22.0 23724 28661
22.1 23683 28702
22.2 23641 28743
22.3 23600 28784
22.4 23559 28825
22.5 23518 28867
22.6 23477 28908
22.7 23436 28949
22.8 23395 28990
22.9 23353 29031
23.0 23312 29072
23.1 23271 29113
23.2 23230 29155
23.3 23189 29196
23.4 23148 29237
23.5 23107 29278
23.6 23065 29319
23.7 23024 29360
23.8 22983 29401
23.9 22942 29443
24.0 22901 29484
