robot A
  t_s   dist_m  dL_counts  dR_counts  dL/dR   odo_heading_deg
 0.25    0.031        201        205  0.9805         0.22
 0.50    0.094        401        409  0.9804         0.66
 0.75    0.188        602        614  0.9805         1.31
 1.00    0.312        802        818  0.9804         2.19
 1.25    0.438        803        819  0.9805         3.06
 1.50    0.562        802        818  0.9804         3.94
 1.75    0.688        803        819  0.9805         4.81
 2.00    0.812        802        818  0.9804         5.69
 2.25    0.938        802        819  0.9792         6.62
 2.50    1.062        803        818  0.9817         7.44
 2.75    1.188        802        819  0.9792         8.37
 3.00    1.312        803        818  0.9817         9.19
 3.25    1.438        802        819  0.9792        10.12
 3.50    1.562        803        818  0.9817        10.94
 3.75    1.688        802        819  0.9792        11.87
 4.00    1.812        803        818  0.9817        12.69
 4.25    1.938        802        819  0.9792        13.62
 4.50    2.062        803        818  0.9817        14.44
 4.75    2.188        802        819  0.9792        15.37
 5.00    2.312        803        818  0.9817        16.19
 5.25    2.438        802        819  0.9792        17.12
 5.50    2.562        802        818  0.9804        17.99
 5.75    2.688        803        819  0.9805        18.87
 6.00    2.812        802        819  0.9792        19.80
 6.25    2.938        803        818  0.9817        20.62
 6.50    3.062        802        819  0.9792        21.55
 6.75    3.188        803        818  0.9817        22.37
 7.00    3.312        802        819  0.9792        23.30
 7.25    3.438        803        818  0.9817        24.12
 7.50    3.562        802        819  0.9792        25.05
 7.75    3.688        803        818  0.9817        25.87
 8.00    3.812        802        819  0.9792        26.80
 8.25    3.906        602        613  0.9821        27.40
 8.50    3.969        401        410  0.9780        27.89
 8.75    4.000        201        204  0.9853        28.05
  total counts L 25679 R 26192; odometry: heading 28.05 deg, lateral offset 0.951 m to the left

robot B
  t_s   dist_m  dL_counts  dR_counts  dL/dR   odo_heading_deg
 0.25    0.031        205        213  0.9624         0.44
 0.50    0.094        409        425  0.9624         1.31
 0.75    0.188        614        639  0.9609         2.68
 1.00    0.312        818        851  0.9612         4.48
 1.25    0.438        819        819  1.0000         4.48
 1.50    0.562        818        818  1.0000         4.48
 1.75    0.688        819        819  1.0000         4.48
 2.00    0.812        818        818  1.0000         4.48
 2.25    0.938        819        819  1.0000         4.48
 2.50    1.062        818        818  1.0000         4.48
 2.75    1.188        819        819  1.0000         4.48
 3.00    1.312        818        818  1.0000         4.48
 3.25    1.438        819        819  1.0000         4.48
 3.50    1.562        818        818  1.0000         4.48
 3.75    1.688        819        819  1.0000         4.48
 4.00    1.812        818        818  1.0000         4.48
 4.25    1.938        819        819  1.0000         4.48
 4.50    2.062        818        867  0.9435         7.16
 4.75    2.188        819        868  0.9435         9.84
 5.00    2.312        818        868  0.9424        12.58
 5.25    2.438        819        867  0.9446        15.20
 5.50    2.562        818        868  0.9424        17.94
 5.75    2.688        819        818  1.0012        17.88
 6.00    2.812        819        819  1.0000        17.88
 6.25    2.938        818        818  1.0000        17.88
 6.50    3.062        819        819  1.0000        17.88
 6.75    3.188        818        818  1.0000        17.88
 7.00    3.312        819        819  1.0000        17.88
 7.25    3.438        818        818  1.0000        17.88
 7.50    3.562        819        819  1.0000        17.88
 7.75    3.688        818        818  1.0000        17.88
 8.00    3.812        819        819  1.0000        17.88
 8.25    3.906        613        614  0.9984        17.94
 8.50    3.969        410        409  1.0024        17.88
 8.75    4.000        204        205  0.9951        17.94
  total counts L 26192 R 26520; odometry: heading 17.94 deg, lateral offset 0.706 m to the left

