$ g++ -std=c++20 -Wall -Wextra -Werror -O2 -g hotspot_fast.cc -o hotspot_fast
$ for i in 1 2 3 4 5; do ./hotspot_fast; done > runs_fast.txt; head -n 2 runs_fast.txt
orders 200000, cheapest 300, dearest 1999, total 229937956 cents
ms: make 20.4  parse 9.8  sort 23.9
$ python3 median.py < runs_fast.txt
make   runs 5  median   20.4 ms  min   17.5  max   24.3
parse  runs 5  median   10.2 ms  min    9.8  max   11.0
sort   runs 5  median   23.9 ms  min   20.6  max   44.5
$ valgrind --tool=callgrind --callgrind-out-file=cg_fast.out ./hotspot_fast 2>&1 | grep -E 'refs'
==<pid>== I   refs:      294,113,306
$ callgrind_annotate --inclusive=yes cg_fast.out | grep -E 'PROGRAM TOTALS|hotspot_fast.cc:(main|parse_line|sort_by_price|make_lines)' | sed -E 's#  [^ ]*hotspot_fast.cc:#  hotspot_fast.cc:#; s#\(std::.*##; s# \[.*##'
294,113,306 (100.0%)  PROGRAM TOTALS
292,141,634 (99.33%)  hotspot_fast.cc:main
286,732,161 (97.49%)  hotspot_fast.cc:main
117,137,462 (39.83%)  hotspot_fast.cc:sort_by_price
114,177,260 (38.82%)  hotspot_fast.cc:make_lines[abi:cxx11](int)
 49,416,190 (16.80%)  hotspot_fast.cc:parse_line
114,177,260 (38.82%)  => hotspot_fast.cc:make_lines[abi:cxx11](int) (1x)
49,416,190 (16.80%)  => hotspot_fast.cc:parse_line
117,137,462 (39.83%)  => hotspot_fast.cc:sort_by_price
