$ g++ -std=c++20 -Wall -Wextra -Werror -O2 -g -pg hotspot.cc -o hotspot_pg
$ ./hotspot_pg 200000 > /dev/null && gprof -b -p hotspot_pg gmon.out | sed -n '1,12p' | cut -c1-110
Flat profile:

Each sample counts as 0.01 seconds.
  %   cumulative   self              self     total           
 time   seconds   seconds    calls  ms/call  ms/call  name    
 28.57      0.02     0.02        1    20.00    20.00  void std::__introsort_loop<__gnu_cxx::__normal_iterator<
 28.57      0.04     0.02                             main
 14.29      0.05     0.01   200000     0.00     0.00  parse_line(std::__cxx11::basic_string<char, std::char_tr
 14.29      0.06     0.01        1    10.00    10.00  make_lines[abi:cxx11](int)
 14.29      0.07     0.01        1    10.00    30.00  sort_by_price(std::vector<Order, std::allocator<Order> >
  0.00      0.07     0.00   400000     0.00     0.00  int __gnu_cxx::__stoa<long, int, char, int>(long (*)(cha
  0.00      0.07     0.00   400000     0.00     0.00  std::__cxx11::to_string(int)
$ ./hotspot_pg 2000000 > /dev/null && gprof -b -p hotspot_pg gmon.out | sed -n '1,12p' | cut -c1-110
Flat profile:

Each sample counts as 0.01 seconds.
  %   cumulative   self              self     total           
 time   seconds   seconds    calls  ms/call  ms/call  name    
 47.83      0.22     0.22        1   220.00   220.00  void std::__introsort_loop<__gnu_cxx::__normal_iterator<
 30.43      0.36     0.14        1   140.00   150.00  make_lines[abi:cxx11](int)
  8.70      0.40     0.04                             main
  4.35      0.42     0.02        1    20.00   240.00  sort_by_price(std::vector<Order, std::allocator<Order> >
  2.17      0.43     0.01  4000000     0.00     0.00  int __gnu_cxx::__stoa<long, int, char, int>(long (*)(cha
  2.17      0.44     0.01  4000000     0.00     0.00  std::__cxx11::to_string(int)
  2.17      0.45     0.01        1    10.00    10.00  std::vector<Order, std::allocator<Order> >::~vector()
