policy Plain
  1 operator seq=1;cmd=drive;v=0.30;w=0.00  898a29b919a8af69 OBEYED
  2 operator seq=2;cmd=drive;v=0.00;w=0.50  abb0e13cadec50a5 OBEYED
  3 attacker seq=4;cmd=drive;v=1.50;w=0.00  (none)           OBEYED
  4 attacker seq=4;cmd=drive;v=1.50;w=0.00  0000000000000000 OBEYED
  5 attacker seq=4;cmd=drive;v=1.50;w=0.00  898a29b919a8af69 OBEYED
  6 operator seq=3;cmd=stop;v=0.00;w=0.00   f27ac40f6e9cda4b OBEYED
  7 attacker seq=1;cmd=drive;v=0.30;w=0.00  898a29b919a8af69 OBEYED
  8 attacker seq=2;cmd=drive;v=0.00;w=0.50  abb0e13cadec50a5 OBEYED
  obeyed 8 frames, 5 of them from the attacker
policy Mac
  1 operator seq=1;cmd=drive;v=0.30;w=0.00  898a29b919a8af69 OBEYED
  2 operator seq=2;cmd=drive;v=0.00;w=0.50  abb0e13cadec50a5 OBEYED
  3 attacker seq=4;cmd=drive;v=1.50;w=0.00  (none)           rejected: no tag
  4 attacker seq=4;cmd=drive;v=1.50;w=0.00  0000000000000000 rejected: bad tag
  5 attacker seq=4;cmd=drive;v=1.50;w=0.00  898a29b919a8af69 rejected: bad tag
  6 operator seq=3;cmd=stop;v=0.00;w=0.00   f27ac40f6e9cda4b OBEYED
  7 attacker seq=1;cmd=drive;v=0.30;w=0.00  898a29b919a8af69 OBEYED
  8 attacker seq=2;cmd=drive;v=0.00;w=0.50  abb0e13cadec50a5 OBEYED
  obeyed 5 frames, 2 of them from the attacker
policy MacFresh
  1 operator seq=1;cmd=drive;v=0.30;w=0.00  898a29b919a8af69 OBEYED
  2 operator seq=2;cmd=drive;v=0.00;w=0.50  abb0e13cadec50a5 OBEYED
  3 attacker seq=4;cmd=drive;v=1.50;w=0.00  (none)           rejected: no tag
  4 attacker seq=4;cmd=drive;v=1.50;w=0.00  0000000000000000 rejected: bad tag
  5 attacker seq=4;cmd=drive;v=1.50;w=0.00  898a29b919a8af69 rejected: bad tag
  6 operator seq=3;cmd=stop;v=0.00;w=0.00   f27ac40f6e9cda4b OBEYED
  7 attacker seq=1;cmd=drive;v=0.30;w=0.00  898a29b919a8af69 rejected: old seq 1 <= 3
  8 attacker seq=2;cmd=drive;v=0.00;w=0.50  abb0e13cadec50a5 rejected: old seq 2 <= 3
  obeyed 3 frames, 0 of them from the attacker
frame 1 on the wire: seq=1;cmd=drive;v=0.30;w=0.00|tag=898a29b919a8af69
