model: Course robot, version 1 of the threat model
elements: 4 external, 6 process, 2 store; flows: 13; zones: laptop mcu operator robot vendor world
flows crossing a trust boundary:
  Operator -> Teleop app : joystick, goals     [operator|laptop]
  Teleop app -> Navigation stack : goals, velocity commands [laptop|robot]
  Navigation stack -> Teleop app : video, status [robot|laptop]
  Lidar and camera -> Navigation stack : scans, images [world|robot]
  Motor bridge -> Motor controller firmware : wheel speeds [robot|mcu]
  Motor controller firmware -> Motor bridge : encoder counts [mcu|robot]
  Motor controller firmware -> Wheels and motors : motor drive [mcu|world]
  Update server -> Navigation stack : software update [vendor|robot]
  Person at the robot -> Service console : shell commands [world|robot]
threats (STRIDE per element), boundary first:
  T01 S external Operator                                     open
  T02 R external Operator                                     open
  T03 S process  Teleop app                                   open
  T04 T process  Teleop app                                   open
  T05 R process  Teleop app                                   open
  T06 I process  Teleop app                                   open
  T07 D process  Teleop app                                   open
  T08 E process  Teleop app                                   open
  T09 S process  Navigation stack                             open
  T10 T process  Navigation stack                             open
  T11 R process  Navigation stack                             open
  T12 I process  Navigation stack                             open
  T13 D process  Navigation stack                             open
  T14 E process  Navigation stack                             open
  T15 S process  Motor bridge                                 open
  T16 T process  Motor bridge                                 open
  T17 R process  Motor bridge                                 open
  T18 I process  Motor bridge                                 open
  T19 D process  Motor bridge                                 open
  T20 E process  Motor bridge                                 open
  T21 S process  Service console                              open
  T22 T process  Service console                              open
  T23 R process  Service console                              open
  T24 I process  Service console                              open
  T25 D process  Service console                              open
  T26 E process  Service console                              open
  T27 S process  Motor controller firmware                    open
  T28 T process  Motor controller firmware                    open
  T29 R process  Motor controller firmware                    open
  T30 I process  Motor controller firmware                    open
  T31 D process  Motor controller firmware                    open
  T32 E process  Motor controller firmware                    open
  T33 S external Lidar and camera                             open
  T34 R external Lidar and camera                             open
  T35 S external Wheels and motors                            open
  T36 R external Wheels and motors                            open
  T37 S external Person at the robot                          open
  T38 R external Person at the robot                          open
  T39 S process  Update server                                open
  T40 T process  Update server                                open
  T41 R process  Update server                                open
  T42 I process  Update server                                open
  T43 D process  Update server                                open
  T44 E process  Update server                                open
  T45 T flow     Operator -> Teleop app : joystick, goals     open
  T46 I flow     Operator -> Teleop app : joystick, goals     open
  T47 D flow     Operator -> Teleop app : joystick, goals     open
  T48 T flow     Teleop app -> Navigation stack : goals, velocity commands open
  T49 I flow     Teleop app -> Navigation stack : goals, velocity commands open
  T50 D flow     Teleop app -> Navigation stack : goals, velocity commands open
  T51 T flow     Navigation stack -> Teleop app : video, status open
  T52 I flow     Navigation stack -> Teleop app : video, status open
  T53 D flow     Navigation stack -> Teleop app : video, status open
  T54 T flow     Lidar and camera -> Navigation stack : scans, images open
  T55 I flow     Lidar and camera -> Navigation stack : scans, images open
  T56 D flow     Lidar and camera -> Navigation stack : scans, images open
  T57 T flow     Motor bridge -> Motor controller firmware : wheel speeds open
  T58 I flow     Motor bridge -> Motor controller firmware : wheel speeds open
  T59 D flow     Motor bridge -> Motor controller firmware : wheel speeds open
  T60 T flow     Motor controller firmware -> Motor bridge : encoder counts open
  T61 I flow     Motor controller firmware -> Motor bridge : encoder counts open
  T62 D flow     Motor controller firmware -> Motor bridge : encoder counts open
  T63 T flow     Motor controller firmware -> Wheels and motors : motor drive open
  T64 I flow     Motor controller firmware -> Wheels and motors : motor drive open
  T65 D flow     Motor controller firmware -> Wheels and motors : motor drive open
  T66 T flow     Update server -> Navigation stack : software update claimed: mac
  T67 I flow     Update server -> Navigation stack : software update open
  T68 D flow     Update server -> Navigation stack : software update open
  T69 T flow     Person at the robot -> Service console : shell commands open
  T70 I flow     Person at the robot -> Service console : shell commands open
  T71 D flow     Person at the robot -> Service console : shell commands open
  T72 T store    Map and parameters                           open
  T73 I store    Map and parameters                           open
  T74 D store    Map and parameters                           open
  T75 T store    Robot log                                    open
  T76 R store    Robot log                                    open
  T77 I store    Robot log                                    open
  T78 D store    Robot log                                    open
  T79 T flow     Map and parameters -> Navigation stack : map, parameters open
  T80 I flow     Map and parameters -> Navigation stack : map, parameters open
  T81 D flow     Map and parameters -> Navigation stack : map, parameters open
  T82 T flow     Navigation stack -> Robot log : events       open
  T83 I flow     Navigation stack -> Robot log : events       open
  T84 D flow     Navigation stack -> Robot log : events       open
  T85 T flow     Navigation stack -> Motor bridge : velocity  open
  T86 I flow     Navigation stack -> Motor bridge : velocity  open
  T87 D flow     Navigation stack -> Motor bridge : velocity  open
  T88 T flow     Service console -> Map and parameters : edits open
  T89 I flow     Service console -> Map and parameters : edits open
  T90 D flow     Service console -> Map and parameters : edits open
total: 90 threats, 89 open, 1 with a claimed control (verify each one)
