input     acc   K      inputs    | max error   bound       ratio 
FP32      FP32  16     [-1,1]    | 1.03e-07    9.537e-07   0.108 
FP32      FP32  256    [-1,1]    | 8.83e-08    1.526e-05   0.006 
FP32      FP32  4096   [-1,1]    | 1.204e-07   0.0002442   0.000 
TF32      FP32  16     [-1,1]    | 0.0002048   0.0009778   0.209 
TF32      FP32  256    [-1,1]    | 7.316e-05   0.0009921   0.074 
TF32      FP32  4096   [-1,1]    | 1.448e-05   0.001221    0.012 
BF16      FP32  16     [-1,1]    | 0.001981    0.007829    0.253 
BF16      FP32  256    [-1,1]    | 0.0005401   0.007843    0.069 
BF16      FP32  4096   [-1,1]    | 0.0001153   0.008074    0.014 
FP16      FP32  16     [-1,1]    | 0.0002048   0.0009778   0.209 
FP16      FP32  256    [-1,1]    | 7.316e-05   0.0009921   0.074 
FP16      FP32  4096   [-1,1]    | 1.448e-05   0.001221    0.012 
FP16      FP16  16     [-1,1]    | 0.0008344   0.008859    0.094 
FP16      FP16  256    [-1,1]    | 0.0007827   0.144       0.005 
FP16      FP16  4096   [-1,1]    | 0.0008139   none: K*u>=1 -     
FP8 E4M3  FP32  16     [-1,1]    | 0.02854     0.1289      0.221 
FP8 E4M3  FP32  256    [-1,1]    | 0.008494    0.1289      0.066 
FP8 E4M3  FP32  4096   [-1,1]    | 0.001811    0.1292      0.014 
FP32      FP32  16     [0,1]     | 1.576e-07   9.537e-07   0.165 
FP32      FP32  256    [0,1]     | 5.584e-07   1.526e-05   0.037 
FP32      FP32  4096   [0,1]     | 2.333e-06   0.0002442   0.010 
TF32      FP32  16     [0,1]     | 0.000333    0.0009778   0.341 
TF32      FP32  256    [0,1]     | 7.196e-05   0.0009921   0.073 
TF32      FP32  4096   [0,1]     | 1.509e-05   0.001221    0.012 
BF16      FP32  16     [0,1]     | 0.00196     0.007829    0.250 
BF16      FP32  256    [0,1]     | 0.0004475   0.007843    0.057 
BF16      FP32  4096   [0,1]     | 0.0002176   0.008074    0.027 
FP16      FP32  16     [0,1]     | 0.000333    0.0009778   0.341 
FP16      FP32  256    [0,1]     | 7.196e-05   0.0009921   0.073 
FP16      FP32  4096   [0,1]     | 1.509e-05   0.001221    0.012 
FP16      FP16  16     [0,1]     | 0.001759    0.008859    0.199 
FP16      FP16  256    [0,1]     | 0.005611    0.144       0.039 
FP16      FP16  4096   [0,1]     | 0.08613     none: K*u>=1 -     
FP8 E4M3  FP32  16     [0,1]     | 0.03849     0.1289      0.299 
FP8 E4M3  FP32  256    [0,1]     | 0.008422    0.1289      0.065 
FP8 E4M3  FP32  4096   [0,1]     | 0.001795    0.1292      0.014 
