0000000000000260 <sumFloat(float const*, unsigned long)>:
 260:	endbr64
 264:	mov    %rsi,%rdx
 267:	test   %rsi,%rsi
 26a:	je     338 <sumFloat(float const*, unsigned long)+0xd8>
 270:	lea    -0x1(%rsi),%rax
 274:	cmp    $0x6,%rax
 278:	jbe    344 <sumFloat(float const*, unsigned long)+0xe4>
 27e:	mov    %rsi,%rcx
 281:	mov    %rdi,%rax
 284:	vxorps %xmm1,%xmm1,%xmm1
 288:	shr    $0x3,%rcx
 28c:	shl    $0x5,%rcx
 290:	add    %rdi,%rcx
 293:	nopl   0x0(%rax,%rax,1)
 298:	vaddps (%rax),%ymm1,%ymm1
 29c:	add    $0x20,%rax
 2a0:	cmp    %rcx,%rax
 2a3:	jne    298 <sumFloat(float const*, unsigned long)+0x38>
 2a5:	vextractf128 $0x1,%ymm1,%xmm3
 2ab:	mov    %rdx,%rax
 2ae:	vaddps %xmm1,%xmm3,%xmm0
 2b2:	and    $0xfffffffffffffff8,%rax
 2b6:	vaddps %xmm3,%xmm1,%xmm1
 2ba:	vmovhlps %xmm0,%xmm0,%xmm2
 2be:	vaddps %xmm0,%xmm2,%xmm2
 2c2:	vshufps $0x55,%xmm2,%xmm2,%xmm0
 2c7:	vaddps %xmm2,%xmm0,%xmm0
 2cb:	test   $0x7,%dl
 2ce:	je     340 <sumFloat(float const*, unsigned long)+0xe0>
 2d0:	vzeroupper
 2d3:	mov    %rdx,%rcx
 2d6:	sub    %rax,%rcx
 2d9:	lea    -0x1(%rcx),%rsi
 2dd:	cmp    $0x2,%rsi
 2e1:	jbe    308 <sumFloat(float const*, unsigned long)+0xa8>
 2e3:	vaddps (%rdi,%rax,4),%xmm1,%xmm1
 2e8:	mov    %rcx,%rsi
 2eb:	and    $0xfffffffffffffffc,%rsi
 2ef:	add    %rsi,%rax
