0000000000000260 <sumFloat(float const*, unsigned long)>:
 260:	endbr64
 264:	mov    %rdi,%rdx
 267:	mov    %rsi,%rcx
 26a:	test   %rsi,%rsi
 26d:	je     340 <sumFloat(float const*, unsigned long)+0xe0>
 273:	lea    -0x1(%rsi),%rax
 277:	cmp    $0x6,%rax
 27b:	jbe    349 <sumFloat(float const*, unsigned long)+0xe9>
 281:	shr    $0x3,%rsi
 285:	mov    %rdi,%rax
 288:	vxorps %xmm0,%xmm0,%xmm0
 28c:	shl    $0x5,%rsi
 290:	add    %rdi,%rsi
 293:	nopl   0x0(%rax,%rax,1)
 298:	vaddss (%rax),%xmm0,%xmm0
 29c:	add    $0x20,%rax
 2a0:	vaddss -0x1c(%rax),%xmm0,%xmm0
 2a5:	vaddss -0x18(%rax),%xmm0,%xmm0
 2aa:	vaddss -0x14(%rax),%xmm0,%xmm0
 2af:	vaddss -0x10(%rax),%xmm0,%xmm0
 2b4:	vaddss -0xc(%rax),%xmm0,%xmm0
 2b9:	vaddss -0x8(%rax),%xmm0,%xmm0
 2be:	vaddss -0x4(%rax),%xmm0,%xmm0
 2c3:	cmp    %rsi,%rax
 2c6:	jne    298 <sumFloat(float const*, unsigned long)+0x38>
 2c8:	mov    %rcx,%rax
 2cb:	and    $0xfffffffffffffff8,%rax
 2cf:	test   $0x7,%cl
 2d2:	je     348 <sumFloat(float const*, unsigned long)+0xe8>
 2d4:	mov    %rcx,%rdi
 2d7:	sub    %rax,%rdi
 2da:	lea    -0x1(%rdi),%rsi
 2de:	cmp    $0x2,%rsi
 2e2:	jbe    30a <sumFloat(float const*, unsigned long)+0xaa>
 2e4:	lea    (%rdx,%rax,4),%rsi
 2e8:	vaddss (%rsi),%xmm0,%xmm0
 2ec:	vaddss 0x4(%rsi),%xmm0,%xmm0
 2f1:	vaddss 0x8(%rsi),%xmm0,%xmm0
 2f6:	vaddss 0xc(%rsi),%xmm0,%xmm0
