config reset-default
  IRC (internal RC)          8000000 Hz
  XTAL (crystal)                   0 Hz  (not fitted)
  SYSCLK (irc)               8000000 Hz  ok
  AHB (/1)                   8000000 Hz
  APB1 (/1)                  8000000 Hz  ok
  APB2 (/1)                  8000000 Hz  ok
  tim2 clock                       0 Hz  gate OFF: in this model its registers read 0 and writes are ignored
  uart1 clock (apb2)         8000000 Hz  gate on
  uart1: divisor 69 (computed for 8000000 Hz), real baud 115942, error +0.64 %
  uart2 clock                      0 Hz  gate OFF: in this model its registers read 0 and writes are ignored
  problems: 0

config crystal-72MHz
  IRC (internal RC)          8000000 Hz
  XTAL (crystal)            12000000 Hz
  PLL input (xtal)          12000000 Hz
  PLL output (x6)           72000000 Hz
  SYSCLK (pll)              72000000 Hz  ok
  AHB (/1)                  72000000 Hz
  APB1 (/2)                 36000000 Hz  ok
  APB2 (/1)                 72000000 Hz  ok
  tim2 clock (apb1)         72000000 Hz  gate on
  uart1 clock (apb2)        72000000 Hz  gate on
  uart1: divisor 625 (computed for 72000000 Hz), real baud 115200, error +0.00 %
  uart2 clock (apb1)        36000000 Hz  gate on
  uart2: divisor 313 (computed for 36000000 Hz), real baud 115016, error -0.16 %
  problems: 0

config apb1-too-fast
  IRC (internal RC)          8000000 Hz
  XTAL (crystal)            12000000 Hz
  PLL input (xtal)          12000000 Hz
  PLL output (x6)           72000000 Hz
  SYSCLK (pll)              72000000 Hz  ok
  AHB (/1)                  72000000 Hz
  APB1 (/1)                 72000000 Hz  PROBLEM: above 36 MHz
  APB2 (/1)                 72000000 Hz  ok
  tim2 clock                       0 Hz  gate OFF: in this model its registers read 0 and writes are ignored
  uart1 clock                      0 Hz  gate OFF: in this model its registers read 0 and writes are ignored
  uart2 clock (apb1)        72000000 Hz  gate on
  uart2: divisor 625 (computed for 72000000 Hz), real baud 115200, error +0.00 %
  problems: 1

configurations: 3, problems in total: 1
