OS303 teaching kernel: cpu0 in 64-bit mode
memory map (from the boot loader):
  0000000000000000-000000000009fbff type 1 (usable RAM)
  000000000009fc00-000000000009ffff type 2
  00000000000f0000-00000000000fffff type 2
  0000000000100000-000000000ffdffff type 1 (usable RAM)
  000000000ffe0000-000000000fffffff type 2
  00000000fffc0000-00000000ffffffff type 2
  000000fd00000000-000000ffffffffff type 2
frames: 64760 free of 4 KiB (259040 KiB), kernel ends at 0x2c0000, 9 boot modules
command line: 'kernel32.elf test=abba'
calibration against the PIT: APIC timer 633897 ticks per 10 ms (divide 16), TSC 2118952 cycles per ms
syscall: SYSCALL/SYSRET enabled; SMEP off, SMAP off
=== test abba ===
LOCKDEP: lock order inversion on cpu0, thread 'teller'
  now:     acquiring 'account:alice' while holding 'account:bob' (at 0x10630e)
  earlier: 'account:alice' was held while acquiring 'account:bob' (at 0x10630e)
cpu0: teller 3: 50000 transfers
cpu0: teller 4: 50000 transfers
cpu0: teller 5: 50000 transfers
cpu0: teller 6: 50000 transfers
cpu0: teller 7: 50000 transfers
cpu0: teller 0: 50000 transfers
cpu0: teller 1: 50000 transfers
cpu0: teller 2: 50000 transfers
cpu0: teller 1: 100000 transfers
cpu0: teller 3: 100000 transfers
cpu0: teller 4: 100000 transfers
cpu0: teller 6: 100000 transfers
cpu0: teller 7: 100000 transfers
cpu0: teller 0: 100000 transfers
cpu0: teller 2: 100000 transfers
cpu0: teller 5: 100000 transfers
cpu0: teller 3: 150000 transfers
cpu0: teller 0: 150000 transfers
cpu0: teller 1: 150000 transfers
cpu0: teller 2: 150000 transfers
cpu0: teller 4: 150000 transfers
cpu0: teller 5: 150000 transfers
cpu0: teller 6: 150000 transfers
cpu0: teller 7: 150000 transfers
cpu0: teller 3: 200000 transfers
cpu0: teller 1: 200000 transfers
cpu0: teller 0: 200000 transfers
cpu0: teller 2: 200000 transfers
cpu0: teller 5: 200000 transfers
cpu0: teller 6: 200000 transfers
cpu0: teller 4: 200000 transfers
cpu0: teller 7: 200000 transfers
bank: alice 1000000, bob 1000000, total 2000000
=== test abba: PASS ===
