OS303 teaching kernel: cpu0 in 64-bit mode
memory map (from the boot loader):
  0000000000000000-000000000009fbff type 1 (usable RAM)
  000000000009fc00-000000000009ffff type 2
  00000000000f0000-00000000000fffff type 2
  0000000000100000-000000000ffdffff type 1 (usable RAM)
  000000000ffe0000-000000000fffffff type 2
  00000000fffc0000-00000000ffffffff type 2
  000000fd00000000-000000ffffffffff type 2
frames: 64760 free of 4 KiB (259040 KiB), kernel ends at 0x2c0000, 9 boot modules
command line: 'kernel32.elf test=abba'
calibration against the PIT: APIC timer 630573 ticks per 10 ms (divide 16), TSC 2110234 cycles per ms
syscall: SYSCALL/SYSRET enabled; SMEP off, SMAP off
smp: 8 CPUs online, the MADT lists 8 enabled processors
=== test abba ===
LOCKDEP: lock order inversion on cpu2, thread 'teller'
  now:     acquiring 'account:bob' while holding 'account:alice' (at 0x10630e)
  earlier: 'account:bob' was held while acquiring 'account:alice' (at 0x10630e)
LOCKUP: cpu2 spun 2000 ms on 'account:bob' at rip=0x10630e
  last recorded owner: cpu3, took it at rip=0x106306
  cpu0: thread 'teller' (irq depth 0) waiting for 'account:alice', holds: (none)
  cpu1: thread 'teller' (irq depth 0) waiting for 'account:bob', holds: (none)
  cpu2: thread 'teller' (irq depth 0) waiting for 'account:bob', holds: 'account:alice'
  cpu3: thread 'teller' (irq depth 0) waiting for 'account:alice', holds: 'account:bob'
  cpu4: thread 'teller' (irq depth 0) waiting for 'account:alice', holds: (none)
  cpu5: thread 'teller' (irq depth 0) waiting for 'account:bob', holds: (none)
  cpu6: thread 'teller' (irq depth 0) waiting for 'account:bob', holds: (none)
  cpu7: thread 'teller' (irq depth 0) waiting for 'account:alice', holds: (none)
PANIC on cpu2: lockup detected
