OS303 teaching kernel: cpu0 in 64-bit mode
memory map (from the boot loader):
  0000000000000000-000000000009fbff type 1 (usable RAM)
  000000000009fc00-000000000009ffff type 2
  00000000000f0000-00000000000fffff type 2
  0000000000100000-000000000ffdffff type 1 (usable RAM)
  000000000ffe0000-000000000fffffff type 2
  00000000fffc0000-00000000ffffffff type 2
  000000fd00000000-000000ffffffffff type 2
frames: 64760 free of 4 KiB (259040 KiB), kernel ends at 0x2c0000, 9 boot modules
command line: 'kernel32.elf test=smp madt=show countonly=1'
calibration against the PIT: APIC timer 633748 ticks per 10 ms (divide 16), TSC 2119929 cycles per ms
syscall: SYSCALL/SYSRET enabled; SMEP off, SMAP off
acpi: RSDP revision 0 at 0xf52b0, RSDT at 0xffe1edc, checksum ok
acpi: table FACP at 0xffe1d58, 116 bytes, checksum ok
acpi: table APIC at 0xffe1dcc, 176 bytes, checksum ok
madt: local APIC address fee00000, flags 1
madt:   processor uid 0, APIC id 0, enabled
madt:   processor uid 1, APIC id 1, enabled
madt:   processor uid 2, APIC id 2, enabled
madt:   processor uid 3, APIC id 3, enabled
madt:   processor uid 4, APIC id 4, enabled
madt:   processor uid 5, APIC id 5, enabled
madt:   processor uid 6, APIC id 6, enabled
madt:   processor uid 7, APIC id 7, enabled
madt:   I/O APIC id 0 at fec00000, first GSI 0
madt:   interrupt source override: IRQ 0 -> GSI 2, flags 0
madt:   interrupt source override: IRQ 5 -> GSI 5, flags d
madt:   interrupt source override: IRQ 9 -> GSI 9, flags d
madt:   interrupt source override: IRQ 10 -> GSI 10, flags d
madt:   interrupt source override: IRQ 11 -> GSI 11, flags d
madt:   entry type 4, 6 bytes
smp: 8 CPUs online, the MADT lists 8 enabled processors
=== test smp ===
cpus: 8 online, MADT lists 8: match
=== test smp: PASS ===
