OS303 teaching kernel: cpu0 in 64-bit mode
memory map (from the boot loader):
  0000000000000000-000000000009fbff type 1 (usable RAM)
  000000000009fc00-000000000009ffff type 2
  00000000000f0000-00000000000fffff type 2
  0000000000100000-000000000ffdffff type 1 (usable RAM)
  000000000ffe0000-000000000fffffff type 2
  00000000fffc0000-00000000ffffffff type 2
  000000fd00000000-000000ffffffffff type 2
frames: 64760 free of 4 KiB (259040 KiB), kernel ends at 0x2c0000, 9 boot modules
command line: 'kernel32.elf test=smp noshootdown=1'
calibration against the PIT: APIC timer 638047 ticks per 10 ms (divide 16), TSC 2120726 cycles per ms
syscall: SYSCALL/SYSRET enabled; SMEP off, SMAP off
smp: 8 CPUs online, the MADT lists 8 enabled processors
=== test smp ===
cpus: 8 online, MADT lists 8: match
cpu0: APIC id 0, timer interrupts so far 17, idle thread 'idle0'
cpu1: APIC id 1, timer interrupts so far 15, idle thread 'idle1'
cpu2: APIC id 2, timer interrupts so far 14, idle thread 'idle2'
cpu3: APIC id 3, timer interrupts so far 13, idle thread 'idle3'
cpu4: APIC id 4, timer interrupts so far 12, idle thread 'idle4'
cpu5: APIC id 5, timer interrupts so far 11, idle thread 'idle5'
cpu6: APIC id 6, timer interrupts so far 10, idle thread 'idle6'
cpu7: APIC id 7, timer interrupts so far 9, idle thread 'idle7'
scheduler: 32 unpinned threads ran on CPU mask 1f (bit i = cpu i)
producer/consumer: 200000 items, 4 producers, 4 consumers, 8 CPUs: consumed 200000, missing 0, duplicates 0 (1125 ticks)
producer/consumer: 10000 items, 4 producers, 4 consumers, 8 CPUs: consumed 10000, missing 0, duplicates 0 (49 ticks)
producer/consumer: 10000 items, 4 producers, 4 consumers, 8 CPUs: consumed 10000, missing 0, duplicates 0 (59 ticks)
producer/consumer: 10000 items, 4 producers, 4 consumers, 8 CPUs: consumed 10000, missing 0, duplicates 0 (53 ticks)
producer/consumer: 10000 items, 4 producers, 4 consumers, 8 CPUs: consumed 10000, missing 0, duplicates 0 (58 ticks)
producer/consumer: 10000 items, 4 producers, 4 consumers, 8 CPUs: consumed 10000, missing 0, duplicates 0 (54 ticks)
producer/consumer: 10000 items, 4 producers, 4 consumers, 8 CPUs: consumed 10000, missing 0, duplicates 0 (77 ticks)
producer/consumer: 10000 items, 4 producers, 4 consumers, 8 CPUs: consumed 10000, missing 0, duplicates 0 (87 ticks)
producer/consumer: 10000 items, 4 producers, 4 consumers, 8 CPUs: consumed 10000, missing 0, duplicates 0 (43 ticks)
producer/consumer: 10000 items, 4 producers, 4 consumers, 8 CPUs: consumed 10000, missing 0, duplicates 0 (56 ticks)
producer/consumer: 10000 items, 4 producers, 4 consumers, 8 CPUs: consumed 10000, missing 0, duplicates 0 (59 ticks)
producer/consumer: 10000 items, 4 producers, 4 consumers, 8 CPUs: consumed 10000, missing 0, duplicates 0 (42 ticks)
producer/consumer: 10000 items, 4 producers, 4 consumers, 8 CPUs: consumed 10000, missing 0, duplicates 0 (54 ticks)
producer/consumer: 10000 items, 4 producers, 4 consumers, 8 CPUs: consumed 10000, missing 0, duplicates 0 (64 ticks)
producer/consumer: 10000 items, 4 producers, 4 consumers, 8 CPUs: consumed 10000, missing 0, duplicates 0 (64 ticks)
producer/consumer: 10000 items, 4 producers, 4 consumers, 8 CPUs: consumed 10000, missing 0, duplicates 0 (48 ticks)
producer/consumer: 10000 items, 4 producers, 4 consumers, 8 CPUs: consumed 10000, missing 0, duplicates 0 (54 ticks)
producer/consumer: 10000 items, 4 producers, 4 consumers, 8 CPUs: consumed 10000, missing 0, duplicates 0 (56 ticks)
producer/consumer: 10000 items, 4 producers, 4 consumers, 8 CPUs: consumed 10000, missing 0, duplicates 0 (47 ticks)
producer/consumer: 10000 items, 4 producers, 4 consumers, 8 CPUs: consumed 10000, missing 0, duplicates 0 (53 ticks)
producer/consumer: 10000 items, 4 producers, 4 consumers, 8 CPUs: consumed 10000, missing 0, duplicates 0 (61 ticks)
producer/consumer: 20 of 20 short runs passed
shootdown: DISABLED for this run (only the unmapping CPU flushes)
shootdown: cpu0 read the page 17905 times before the unmap, 0 after the shootdown completed; then faulted
shootdown: cpu1 read the page 14013 times before the unmap, 2380217 after the shootdown completed; NEVER FAULTED (stale TLB entry)
shootdown: cpu2 read the page 85359 times before the unmap, 4274702 after the shootdown completed; NEVER FAULTED (stale TLB entry)
shootdown: cpu3 read the page 8651 times before the unmap, 2635192 after the shootdown completed; NEVER FAULTED (stale TLB entry)
shootdown: cpu4 read the page 131977 times before the unmap, 5702824 after the shootdown completed; NEVER FAULTED (stale TLB entry)
shootdown: cpu5 read the page 93717 times before the unmap, 4907847 after the shootdown completed; NEVER FAULTED (stale TLB entry)
shootdown: cpu6 read the page 22090 times before the unmap, 3843028 after the shootdown completed; NEVER FAULTED (stale TLB entry)
shootdown: cpu7 read the page 3217 times before the unmap, 5694182 after the shootdown completed; NEVER FAULTED (stale TLB entry)
shootdowns performed so far: 192
=== test smp: FAIL ===
