OS303 teaching kernel: cpu0 in 64-bit mode
memory map (from the boot loader):
  0000000000000000-000000000009fbff type 1 (usable RAM)
  000000000009fc00-000000000009ffff type 2
  00000000000f0000-00000000000fffff type 2
  0000000000100000-000000000ffdffff type 1 (usable RAM)
  000000000ffe0000-000000000fffffff type 2
  00000000fffc0000-00000000ffffffff type 2
  000000fd00000000-000000ffffffffff type 2
frames: 64760 free of 4 KiB (259040 KiB), kernel ends at 0x2c0000, 9 boot modules
command line: 'kernel32.elf test=smp'
calibration against the PIT: APIC timer 633046 ticks per 10 ms (divide 16), TSC 2115806 cycles per ms
syscall: SYSCALL/SYSRET enabled; SMEP off, SMAP off
smp: 8 CPUs online, the MADT lists 8 enabled processors
=== test smp ===
cpus: 8 online, MADT lists 8: match
cpu0: APIC id 0, timer interrupts so far 17, idle thread 'idle0'
cpu1: APIC id 1, timer interrupts so far 15, idle thread 'idle1'
cpu2: APIC id 2, timer interrupts so far 14, idle thread 'idle2'
cpu3: APIC id 3, timer interrupts so far 13, idle thread 'idle3'
cpu4: APIC id 4, timer interrupts so far 12, idle thread 'idle4'
cpu5: APIC id 5, timer interrupts so far 11, idle thread 'idle5'
cpu6: APIC id 6, timer interrupts so far 10, idle thread 'idle6'
cpu7: APIC id 7, timer interrupts so far 9, idle thread 'idle7'
scheduler: 32 unpinned threads ran on CPU mask 3 (bit i = cpu i)
producer/consumer: 200000 items, 4 producers, 4 consumers, 8 CPUs: consumed 200000, missing 0, duplicates 0 (1489 ticks)
producer/consumer: 10000 items, 4 producers, 4 consumers, 8 CPUs: consumed 10000, missing 0, duplicates 0 (54 ticks)
producer/consumer: 10000 items, 4 producers, 4 consumers, 8 CPUs: consumed 10000, missing 0, duplicates 0 (60 ticks)
producer/consumer: 10000 items, 4 producers, 4 consumers, 8 CPUs: consumed 10000, missing 0, duplicates 0 (45 ticks)
producer/consumer: 10000 items, 4 producers, 4 consumers, 8 CPUs: consumed 10000, missing 0, duplicates 0 (47 ticks)
producer/consumer: 10000 items, 4 producers, 4 consumers, 8 CPUs: consumed 10000, missing 0, duplicates 0 (48 ticks)
producer/consumer: 10000 items, 4 producers, 4 consumers, 8 CPUs: consumed 10000, missing 0, duplicates 0 (52 ticks)
producer/consumer: 10000 items, 4 producers, 4 consumers, 8 CPUs: consumed 10000, missing 0, duplicates 0 (50 ticks)
producer/consumer: 10000 items, 4 producers, 4 consumers, 8 CPUs: consumed 10000, missing 0, duplicates 0 (52 ticks)
producer/consumer: 10000 items, 4 producers, 4 consumers, 8 CPUs: consumed 10000, missing 0, duplicates 0 (61 ticks)
producer/consumer: 10000 items, 4 producers, 4 consumers, 8 CPUs: consumed 10000, missing 0, duplicates 0 (57 ticks)
producer/consumer: 10000 items, 4 producers, 4 consumers, 8 CPUs: consumed 10000, missing 0, duplicates 0 (61 ticks)
producer/consumer: 10000 items, 4 producers, 4 consumers, 8 CPUs: consumed 10000, missing 0, duplicates 0 (48 ticks)
producer/consumer: 10000 items, 4 producers, 4 consumers, 8 CPUs: consumed 10000, missing 0, duplicates 0 (60 ticks)
producer/consumer: 10000 items, 4 producers, 4 consumers, 8 CPUs: consumed 10000, missing 0, duplicates 0 (52 ticks)
producer/consumer: 10000 items, 4 producers, 4 consumers, 8 CPUs: consumed 10000, missing 0, duplicates 0 (35 ticks)
producer/consumer: 10000 items, 4 producers, 4 consumers, 8 CPUs: consumed 10000, missing 0, duplicates 0 (65 ticks)
producer/consumer: 10000 items, 4 producers, 4 consumers, 8 CPUs: consumed 10000, missing 0, duplicates 0 (48 ticks)
producer/consumer: 10000 items, 4 producers, 4 consumers, 8 CPUs: consumed 10000, missing 0, duplicates 0 (50 ticks)
producer/consumer: 10000 items, 4 producers, 4 consumers, 8 CPUs: consumed 10000, missing 0, duplicates 0 (55 ticks)
producer/consumer: 10000 items, 4 producers, 4 consumers, 8 CPUs: consumed 10000, missing 0, duplicates 0 (61 ticks)
producer/consumer: 20 of 20 short runs passed
shootdown: cpu0 read the page 76897 times before the unmap, 0 after the shootdown completed; then faulted
shootdown: cpu1 read the page 55849 times before the unmap, 0 after the shootdown completed; then faulted
shootdown: cpu2 read the page 122152 times before the unmap, 0 after the shootdown completed; then faulted
shootdown: cpu3 read the page 268228 times before the unmap, 0 after the shootdown completed; then faulted
shootdown: cpu4 read the page 36755 times before the unmap, 0 after the shootdown completed; then faulted
shootdown: cpu5 read the page 44889 times before the unmap, 0 after the shootdown completed; then faulted
shootdown: cpu6 read the page 131541 times before the unmap, 0 after the shootdown completed; then faulted
shootdown: cpu7 read the page 7650 times before the unmap, 0 after the shootdown completed; then faulted
shootdowns performed so far: 201
=== test smp: PASS ===
