$ g++ -std=c++20 -Wall -Wextra -Wpedantic -Werror -g -fsanitize=address,undefined last_order.cpp -o last_order
$ ./last_order
=================================================================
==<pid>==ERROR: AddressSanitizer: heap-buffer-overflow on address 0x<addr> at pc 0x<addr> bp 0x<addr> sp 0x<addr>
READ of size 4 at 0x<addr> thread T0
    #0 0x<addr> in main evidence/last_order.cpp:10
    #1 0x<addr> in __libc_start_call_main ../sysdeps/nptl/libc_start_call_main.h:58
    #2 0x<addr> in __libc_start_main_impl ../csu/libc-start.c:360
    #3 0x<addr> in _start (evidence/last_order+0x6424) (BuildId: <hash removed>)

0x<addr> is located 0 bytes after 16-byte region [0x<addr>,0x<addr>)
allocated by thread T0 here:
    #0 0x<addr> in operator new(unsigned long) ../../../../src/libsanitizer/asan/asan_new_delete.cpp:95
    #1 0x<addr> in std::__new_allocator<int>::allocate(unsigned long, void const*) /usr/include/c++/13/bits/new_allocator.h:151
    #2 0x<addr> in std::allocator<int>::allocate(unsigned long) /usr/include/c++/13/bits/allocator.h:198
    #3 0x<addr> in std::allocator_traits<std::allocator<int> >::allocate(std::allocator<int>&, unsigned long) /usr/include/c++/13/bits/alloc_traits.h:482
    #4 0x<addr> in std::_Vector_base<int, std::allocator<int> >::_M_allocate(unsigned long) /usr/include/c++/13/bits/stl_vector.h:381
    #5 0x<addr> in void std::vector<int, std::allocator<int> >::_M_range_initialize<int const*>(int const*, int const*, std::forward_iterator_tag) /usr/include/c++/13/bits/stl_vector.h:1692
    #6 0x<addr> in std::vector<int, std::allocator<int> >::vector(std::initializer_list<int>, std::allocator<int> const&) /usr/include/c++/13/bits/stl_vector.h:682
    #7 0x<addr> in main evidence/last_order.cpp:7
    #8 0x<addr> in __libc_start_call_main ../sysdeps/nptl/libc_start_call_main.h:58
    #9 0x<addr> in __libc_start_main_impl ../csu/libc-start.c:360
    #10 0x<addr> in _start (evidence/last_order+0x6424) (BuildId: <hash removed>)

SUMMARY: AddressSanitizer: heap-buffer-overflow evidence/last_order.cpp:10 in main
Shadow bytes around the buggy address:
  0x<addr>: 00 00 00 00 00 00 00 00 00 00 00 00 00 00 00 00
  0x<addr>: 00 00 00 00 00 00 00 00 00 00 00 00 00 00 00 00
  0x<addr>: 00 00 00 00 00 00 00 00 00 00 00 00 00 00 00 00
  0x<addr>: 00 00 00 00 00 00 00 00 00 00 00 00 00 00 00 00
  0x<addr>: 00 00 00 00 00 00 00 00 00 00 00 00 00 00 00 00
=>0x<addr>: fa fa 00 00[fa]fa fa fa fa fa fa fa fa fa fa fa
  0x<addr>: fa fa fa fa fa fa fa fa fa fa fa fa fa fa fa fa
  0x<addr>: fa fa fa fa fa fa fa fa fa fa fa fa fa fa fa fa
  0x<addr>: fa fa fa fa fa fa fa fa fa fa fa fa fa fa fa fa
  0x<addr>: fa fa fa fa fa fa fa fa fa fa fa fa fa fa fa fa
  0x<addr>: fa fa fa fa fa fa fa fa fa fa fa fa fa fa fa fa
Shadow byte legend (one shadow byte represents 8 application bytes):
  Addressable:           00
  Partially addressable: 01 02 03 04 05 06 07 
  Heap left redzone:       fa
  Freed heap region:       fd
  Stack left redzone:      f1
  Stack mid redzone:       f2
  Stack right redzone:     f3
  Stack after return:      f5
  Stack use after scope:   f8
  Global redzone:          f9
  Global init order:       f6
  Poisoned by user:        f7
  Container overflow:      fc
  Array cookie:            ac
  Intra object redzone:    bb
  ASan internal:           fe
  Left alloca redzone:     ca
  Right alloca redzone:    cb
==<pid>==ABORTING
(exit code: 1)
