EVIDENCE 1 - event log sent by robot R-2207 with its quote
    #   PCR  type         digest    description
     0  0    firmware     56f1c8a8  firmware build 2026.04
     1  7    sb-variable  629e3972  SecureBoot = 1
     2  7    sb-variable  7dc76406  db: SS301 lab signing key 2026
     3  7    sb-variable  92c555ed  dbx: (empty)
     4  1    config       4b6957ab  Boot0003 = USB, Boot0001 = disk
     5  0    separator    b8ed026f  end of firmware measurements
     6  1    separator    b8ed026f  end of firmware measurements
     7  4    separator    b8ed026f  end of firmware measurements
     8  7    separator    b8ed026f  end of firmware measurements
     9  4    boot-app     f2256eeb  UEFI shell 2.2 from USB
    10  4    boot-app     b65e9c10  loader v3 (signed by db1)
    11  8    kernel       7fb68ed8  kernel 1.8
EVIDENCE 2 - the attestation server's report
    signature by the TPM's attestation key: valid
    nonce: the one we sent
    PCR digest in quote d5110031, from replaying the log d5110031  equal
    unknown component in PCR 1: 4b6957ab "Boot0003 = USB, Boot0001 = disk"
    unknown component in PCR 4: f2256eeb "UEFI shell 2.2 from USB"
    verdict: NOT TRUSTED
EVIDENCE 3 - PCR values of the same robot model in the golden record vs R-2207
    PCR 0  golden 796055e9  R-2207 796055e9  same
    PCR 1  golden c9224851  R-2207 66be41df  DIFFERENT
    PCR 4  golden 35fc1c94  R-2207 4e46a775  DIFFERENT
    PCR 7  golden 45a39b1b  R-2207 45a39b1b  same
    PCR 8  golden cb77cf18  R-2207 cb77cf18  same
