F11-03 evlog: the firmware's TPM event log
  header event: "Spec ID Event03", 1 digest algorithm(s)
  #   PCR type                              sha256 (first 8 bytes)  data
   0  0   EV_S_CRTM_VERSION                 d60c3bd4dfdf42a8        40 B
   1  0   EV_EFI_PLATFORM_FIRMWARE_BLOB     3e2303c039705662        16 B
   2  0   EV_EFI_PLATFORM_FIRMWARE_BLOB     90c4d10feafa6915        16 B
   3  7   EV_EFI_VARIABLE_DRIVER_CONFIG     ccfc4bb32888a345        53 B SecureBoot
   4  7   EV_EFI_VARIABLE_DRIVER_CONFIG     cd2e08ff5c40ddf3        820 B PK
   5  7   EV_EFI_VARIABLE_DRIVER_CONFIG     c12ed0be0da1b7bd        830 B KEK
   6  7   EV_EFI_VARIABLE_DRIVER_CONFIG     dbe4a147a0ad12e8        1620 B db
   7  7   EV_EFI_VARIABLE_DRIVER_CONFIG     f0421189ba8a32c9        830 B dbx
   8  7   EV_SEPARATOR                      df3f619804a92fdb        4 B
   9  1   0x0000000a                        75af30188bbbe00a        9 B
  10  1   0x0000000a                        0c315db43559b7cb        9 B
  11  1   0x0000000a                        de2f256064a0af79        9 B
  12  1   0x0000000a                        e2dc23f465926f29        9 B
  13  1   EV_EFI_VARIABLE_BOOT              6b1e73a0094b7b81        54 B BootOrder
  14  1   EV_EFI_VARIABLE_BOOT              3197be1e300fa160        110 B Boot0000
  15  1   EV_EFI_VARIABLE_BOOT              7d43f8316be25778        158 B Boot0001
  16  4   EV_EFI_ACTION                     3d6772b4f84ed475        40 B
  17  0   EV_SEPARATOR                      df3f619804a92fdb        4 B
  18  1   EV_SEPARATOR                      df3f619804a92fdb        4 B
  19  2   EV_SEPARATOR                      df3f619804a92fdb        4 B
  20  3   EV_SEPARATOR                      df3f619804a92fdb        4 B
  21  4   EV_SEPARATOR                      df3f619804a92fdb        4 B
  22  5   EV_SEPARATOR                      df3f619804a92fdb        4 B
  23  6   EV_SEPARATOR                      df3f619804a92fdb        4 B
  24  7   EV_EFI_VARIABLE_AUTHORITY         20f59096a089a871        800 B db
  25  4   EV_EFI_BOOT_SERVICES_APPLICATION  386895b207500dd3        154 B
  replayed PCR values:
    PCR 0 863f1067733a1264040fb71493bb0ebdcb55b563556b327681ee2b544c9634c8
    PCR 1 e5fa93a72240f53de0e85fca33c4559c83d5110ff29bb6af1a02e98a5da121d1
    PCR 2 3d458cfe55cc03ea1f443f1562beec8df51c75e14a9fcf9a7234a13f198e7969
    PCR 3 3d458cfe55cc03ea1f443f1562beec8df51c75e14a9fcf9a7234a13f198e7969
    PCR 4 d9d728c62846d92b2bca763f8ea383b3239d0ed9dffad76855ce1647595d3339
    PCR 5 3d458cfe55cc03ea1f443f1562beec8df51c75e14a9fcf9a7234a13f198e7969
    PCR 6 3d458cfe55cc03ea1f443f1562beec8df51c75e14a9fcf9a7234a13f198e7969
    PCR 7 ab7e9f6e20c5dbe05865df6e1f0bd3c82a724462c23367c39127c08e0d911ad2
== mock_tpm.py, after QEMU exited: the PCRs the TPM holds ==
QEMU closed the control socket; final SHA-256 PCRs 0-10:
  PCR  0 863f1067733a1264040fb71493bb0ebdcb55b563556b327681ee2b544c9634c8
  PCR  1 e5fa93a72240f53de0e85fca33c4559c83d5110ff29bb6af1a02e98a5da121d1
  PCR  2 3d458cfe55cc03ea1f443f1562beec8df51c75e14a9fcf9a7234a13f198e7969
  PCR  3 3d458cfe55cc03ea1f443f1562beec8df51c75e14a9fcf9a7234a13f198e7969
  PCR  4 d9d728c62846d92b2bca763f8ea383b3239d0ed9dffad76855ce1647595d3339
  PCR  5 3d458cfe55cc03ea1f443f1562beec8df51c75e14a9fcf9a7234a13f198e7969
  PCR  6 3d458cfe55cc03ea1f443f1562beec8df51c75e14a9fcf9a7234a13f198e7969
  PCR  7 ab7e9f6e20c5dbe05865df6e1f0bd3c82a724462c23367c39127c08e0d911ad2
  PCR  8 0000000000000000000000000000000000000000000000000000000000000000
