1. Healthy boot
    #   PCR  type         digest    description
     0  0    firmware     56f1c8a8  firmware build 2026.04
     1  7    sb-variable  629e3972  SecureBoot = 1
     2  7    sb-variable  7dc76406  db: SS301 lab signing key 2026
     3  7    sb-variable  92c555ed  dbx: (empty)
     4  1    config       d53e681f  Boot0001 = disk
     5  0    separator    b8ed026f  end of firmware measurements
     6  1    separator    b8ed026f  end of firmware measurements
     7  4    separator    b8ed026f  end of firmware measurements
     8  7    separator    b8ed026f  end of firmware measurements
     9  4    boot-app     b65e9c10  loader v3 (signed by db1)
    10  8    kernel       7fb68ed8  kernel 1.8
    PCR 0 = 796055e91335ba34...
    PCR 1 = c9224851964de802...
    PCR 4 = 35fc1c94d65a4a49...
    PCR 7 = 45a39b1b3c69237b...
    PCR 8 = cb77cf182c527906...
    signature by the TPM's attestation key: valid
    nonce: the one we sent
    PCR digest in quote 3e711f75, from replaying the log 3e711f75  equal
    verdict: TRUSTED
    disk key sealed to PCR 7; unseal now: released "disk key 7f3a"
2. Next boot: Secure Boot switched off and another loader started (PCRs start from zero again)
    PCR 4 = c0af4db2eb622bb7...
    PCR 7 = 5772c6642307b7d8...
    signature by the TPM's attestation key: valid
    nonce: the one we sent
    PCR digest in quote 75ad2979, from replaying the log 75ad2979  equal
    unknown component in PCR 7: f8558f2e "SecureBoot = 0"
    unknown component in PCR 4: 28049f8f "loader v3 patched to skip the kernel check"
    verdict: NOT TRUSTED
    PCR 7 differs from scenario 1: yes, so the disk key sealed in scenario 1 would not be released
3. Same boot as 2, but the operating system edits the log to show the good loader
    signature by the TPM's attestation key: valid
    nonce: the one we sent
    PCR digest in quote 75ad2979, from replaying the log 3e711f75  DIFFERENT: the log is not what was measured
    verdict: NOT TRUSTED
4. Same boot as 2, but the machine sends the old quote and log from scenario 1
    signature by the TPM's attestation key: valid
    nonce: NOT the one we sent (old quote?)
    PCR digest in quote 3e711f75, from replaying the log 3e711f75  equal
    verdict: NOT TRUSTED
5. Legitimate key rotation: dbx gains the 2026 key, db the 2027 key, loader re-signed
    unseal the disk key sealed before the rotation: REFUSED (PCR 7 changed): recovery key needed
    signature by the TPM's attestation key: valid
    nonce: the one we sent
    PCR digest in quote 500e14bb, from replaying the log 500e14bb  equal
    unknown component in PCR 7: 32b98390 "db: SS301 lab signing key 2026, SS301 lab signing key 2027"
    unknown component in PCR 7: d58fe84a "dbx: SS301 lab signing key 2026"
    unknown component in PCR 4: 329d9211 "loader v3 (signed by db2)"
    verdict: NOT TRUSTED
    after the verifier learns the new values and the key is sealed again:
    signature by the TPM's attestation key: valid
    nonce: the one we sent
    PCR digest in quote 500e14bb, from replaying the log 500e14bb  equal
    verdict: TRUSTED
    unseal the resealed key: released
6. Order matters: the same two digests extended in both orders into an empty PCR
    A then B: 86f38b456c22e25b...  B then A: 6782288fffd66a22...
