DR403 kernel on "QEMU raspi3b, described by the DR403 course": entered at EL2, loaded at 0x80000, DTB at 0x8000000
memory 960 MiB, CPUs 4, timer 62500000 Hz, MIDR_EL1 0x410fd034
  timer /timer: CNTFRQ_EL0 62500000 Hz; 10 ms busy wait advanced the counter by 1221906
  gpio /soc/gpio@7e200000: pin controller registered (GPFSEL4 0x00000000, GPFSEL5 0x00000000)
  pl011 /soc/serial@7e201000: part 0x011, uartclk 0 Hz (no clocks property: rate unknown)
  pins 48-53 set to function 7 (GPFSEL4 now 0x3f000000, GPFSEL5 0x00000fff)
  sdhci /soc/mmc@7e300000: version register 0x2402, capabilities 0x052134b4
    present state 0x01ff0000: card inserted
    CMD8 (interface condition): echo 0x1aa, version 2.00 or later card
    ACMD41: OCR 0xc0ffff00 -> SDHC/SDXC (block addressing)
    CMD2 (CID): manufacturer 0xaa, product name "QEMU!"
    CMD3: RCA 0x4567; CMD9 (CSD): structure version 2.0, 8388608 blocks of 512 bytes (4096 MiB)
    block 0: signature 0x55aa, CRC-32 0x6241f266
    self-test: 32 of 32 blocks written, read back and matched (scratch area from block 2048)
probe pass 1: 4 finished, 0 still waiting
devices with a compatible: 14; bound 4, failed 0, waiting 0, disabled 1, no driver 9
  no driver /                                  dr403,qemu-raspi3b         -
  no driver /cpus/cpu@0                        arm,cortex-a53             -
  no driver /cpus/cpu@1                        arm,cortex-a53             -
  no driver /cpus/cpu@2                        arm,cortex-a53             -
  no driver /cpus/cpu@3                        arm,cortex-a53             -
  bound     /timer                             arm,armv8-timer            armv8-timer
  no driver /local_intc@40000000               brcm,bcm2836-l1-intc       -
  no driver /soc                               simple-bus                 -
  no driver /soc/intc@7e00b200                 brcm,bcm2836-armctrl-ic    -
  no driver /soc/cprman@7e101000               brcm,bcm2835-cprman        -
  bound     /soc/gpio@7e200000                 brcm,bcm2835-gpio          bcm2835-gpio
  bound     /soc/serial@7e201000               arm,pl011                  pl011-uart
  disabled  /soc/mmc@7e202000                  brcm,bcm2835-sdhost        -
  bound     /soc/mmc@7e300000                  brcm,bcm2835-sdhci         sdhci-bcm2835
DR403 kernel: done
