0000000000001420 <run>:
    1420:	endbr64
    1424:	mov    rax,QWORD PTR [rdi+0x8]
    1428:	mov    esi,0x1
    142d:	mov    edi,0x1
    1432:	xor    r10d,r10d
    1435:	mov    r8d,0xf4240
    143b:	lea    rdx,[rax+0x4]
    143f:	lea    r9,[rax+0x8]
    1443:	jmp    145c <run+0x3c>
    1445:	nop    DWORD PTR [rax]
    1448:	mov    ecx,DWORD PTR [r9]
    144b:	add    ecx,0x1
    144e:	mov    DWORD PTR [r9],ecx
    1451:	mov    ecx,r10d
    1454:	xchg   BYTE PTR [rax],cl
    1456:	sub    r8d,0x1
    145a:	je     1475 <run+0x55>
    145c:	mov    ecx,edi
    145e:	xchg   BYTE PTR [rax],cl
    1460:	mov    ecx,esi
    1462:	xchg   DWORD PTR [rdx],ecx
    1464:	movzx  ecx,BYTE PTR [rax+0x1]
    1468:	test   cl,cl
    146a:	je     1448 <run+0x28>
    146c:	mov    ecx,DWORD PTR [rdx]
    146e:	cmp    ecx,0x1
    1471:	jne    1448 <run+0x28>
    1473:	jmp    1464 <run+0x44>
    1475:	ret
    1476:	cs nop WORD PTR [rax+rax*1+0x0]

