00000000000013d0 <run>:
    13d0:	endbr64
    13d4:	mov    rdx,QWORD PTR [rdi+0x8]
    13d8:	mov    esi,0xf4240
    13dd:	lea    rax,[rdx+0x4]
    13e1:	lea    rdi,[rdx+0x8]
    13e5:	jmp    13ff <run+0x2f>
    13e7:	nop    WORD PTR [rax+rax*1+0x0]
    13f0:	mov    ecx,DWORD PTR [rdi]
    13f2:	add    ecx,0x1
    13f5:	mov    DWORD PTR [rdi],ecx
    13f7:	mov    BYTE PTR [rdx],0x0
    13fa:	sub    esi,0x1
    13fd:	je     1419 <run+0x49>
    13ff:	mov    BYTE PTR [rdx],0x1
    1402:	mov    DWORD PTR [rax],0x1
    1408:	movzx  ecx,BYTE PTR [rdx+0x1]
    140c:	test   cl,cl
    140e:	je     13f0 <run+0x20>
    1410:	mov    ecx,DWORD PTR [rax]
    1412:	cmp    ecx,0x1
    1415:	jne    13f0 <run+0x20>
    1417:	jmp    1408 <run+0x38>
    1419:	ret
    141a:	nop    WORD PTR [rax+rax*1+0x0]

