log: control period 0.010 s
   t (s)  sensor (mm)  P term (N)  D term (N)  force (N)
   0.300          137       6.904      -3.360      3.544
   0.310          145       6.840      -3.840      3.000
   0.320          153       6.776      -3.840      2.936
   0.330          161       6.712      -3.840      2.872
   0.340          169       6.648      -3.840      2.808
   0.350          178       6.576      -4.320      2.256

log: control period 0.001 s
   t (s)  sensor (mm)  P term (N)  D term (N)  force (N)
   0.300          135       6.920      -4.800      2.120
   0.301          136       6.912      -4.800      2.112
   0.302          137       6.904      -4.800      2.104
   0.303          137       6.904      -0.000      6.904
   0.304          138       6.896      -4.800      2.096
   0.305          139       6.888      -4.800      2.088
   0.306          140       6.880      -4.800      2.080
   0.307          140       6.880      -0.000      6.880
   0.308          141       6.872      -4.800      2.072
   0.309          142       6.864      -4.800      2.064
   0.310          143       6.856      -4.800      2.056
   0.311          144       6.848      -4.800      2.048
   0.312          144       6.848      -0.000      6.848
   0.313          145       6.840      -4.800      2.040
   0.314          146       6.832      -4.800      2.032
   0.315          147       6.824      -4.800      2.024
   0.316          147       6.824      -0.000      6.824
   0.317          148       6.816      -4.800      2.016
   0.318          149       6.808      -4.800      2.008
   0.319          150       6.800      -4.800      2.000
   0.320          151       6.792      -4.800      1.992
   0.321          151       6.792      -0.000      6.792
   0.322          152       6.784      -4.800      1.984
   0.323          153       6.776      -4.800      1.976

