derivative of the error:
  t (s)  setpoint   x (m)    P term   D term   asked (N)  applied (N)
   0.49       0.0  0.0000     0.000     0.00       0.00         0.00
   0.50       1.0  0.0000     8.000   480.00     488.00        10.00
   0.51       1.0  0.0003     7.998    -0.12       7.88         7.88
   0.52       1.0  0.0009     7.992    -0.33       7.66         7.66
   0.53       1.0  0.0020     7.984    -0.52       7.46         7.46
   0.54       1.0  0.0035     7.972    -0.70       7.27         7.27
   0.55       1.0  0.0053     7.958    -0.87       7.09         7.09
   0.56       1.0  0.0075     7.940    -1.04       6.90         6.90
derivative of the measurement:
  t (s)  setpoint   x (m)    P term   D term   asked (N)  applied (N)
   0.49       0.0  0.0000     0.000    -0.00       0.00         0.00
   0.50       1.0  0.0000     8.000    -0.00       8.00         8.00
   0.51       1.0  0.0002     7.998    -0.10       7.90         7.90
   0.52       1.0  0.0008     7.994    -0.29       7.71         7.71
   0.53       1.0  0.0018     7.986    -0.47       7.51         7.51
   0.54       1.0  0.0031     7.975    -0.65       7.32         7.32
   0.55       1.0  0.0049     7.961    -0.83       7.13         7.13
   0.56       1.0  0.0069     7.944    -1.00       6.95         6.95
