  t (s)   x with Kd=0 (m)   x with Kd=4.8 (m)
    0.0             0.000               0.000
    0.1             0.020               0.019
    0.2             0.077               0.067
    0.3             0.168               0.137
    0.4             0.289               0.221
    0.5             0.432               0.311
    0.6             0.593               0.403
    0.7             0.764               0.494
    0.8             0.937               0.580
    0.9             1.106               0.660
    1.0             1.265               0.732
    1.1             1.408               0.796
    1.2             1.529               0.851
    1.3             1.625               0.898
    1.4             1.693               0.937
    1.5             1.732               0.968
    1.6             1.740               0.993
    1.7             1.719               1.012
    1.8             1.671               1.026
    1.9             1.598               1.035
    2.0             1.505               1.041
    2.1             1.395               1.044
    2.2             1.274               1.045
    2.3             1.147               1.044
    2.4             1.019               1.041
    2.5             0.894               1.038
    2.6             0.779               1.034
    2.7             0.677               1.030
    2.8             0.591               1.026
    2.9             0.524               1.022
    3.0             0.478               1.018
    3.1             0.455               1.015
    3.2             0.453               1.011
    3.3             0.473               1.009
    3.4             0.513               1.006
    3.5             0.571               1.004
    3.6             0.643               1.003
    3.7             0.726               1.001
    3.8             0.817               1.000
    3.9             0.912               0.999
    4.0             1.007               0.999
    4.1             1.098               0.998
    4.2             1.181               0.998
    4.3             1.255               0.998
    4.4             1.315               0.998
    4.5             1.362               0.998
    4.6             1.392               0.998
    4.7             1.406               0.998
    4.8             1.403               0.999
    4.9             1.385               0.999
    5.0             1.352               0.999
    5.1             1.307               0.999
    5.2             1.252               0.999
    5.3             1.188               0.999
    5.4             1.120               1.000
    5.5             1.050               1.000
    5.6             0.980               1.000
    5.7             0.913               1.000
    5.8             0.853               1.000
    5.9             0.800               1.000
    6.0             0.758               1.000
    6.1             0.726               1.000
    6.2             0.706               1.000
    6.3             0.699               1.000
    6.4             0.703               1.000
    6.5             0.719               1.000
    6.6             0.746               1.000
    6.7             0.781               1.000
    6.8             0.824               1.000
    6.9             0.871               1.000
    7.0             0.923               1.000
    7.1             0.975               1.000
    7.2             1.026               1.000
    7.3             1.074               1.000
    7.4             1.118               1.000
    7.5             1.155               1.000
    7.6             1.185               1.000
    7.7             1.207               1.000
    7.8             1.220               1.000
    7.9             1.223               1.000
    8.0             1.218               1.000
