minute  config  up      leader  requests  errors  ratio   | events
t+00    v41     1,2,3   n1       1000         0    0.0 %  |
t+01    v41     1,2,3   n1       1000         0    0.0 %  |
t+02    v41     1,2,3   n1       1000         0    0.0 %  |
t+03    v41     1,2,3   n1       1000         0    0.0 %  |
t+04    v41     1,2,3   n1       1000         0    0.0 %  |
t+05    v41     1,2,3   n1       1000         0    0.0 %  |
t+06    v42     1,2,3   n1       1000       300   30.0 %  | deploy: config v42 pushed to n1 n2 n3 (the injected fault)
                                                          | PAGE to ana (primary): 5-min error ratio above 2 %
t+07    v42     1,2,3   n1       1000       300   30.0 %  | ana acknowledges the page
t+08    v42     1,2,3   n1       1000       300   30.0 %  | chat ana: error ratio 30 % on all replicas since t+06; config v42 went out at t+06
t+09    v42     1,2,3   n1       1000       300   30.0 %  | INCIDENT sev2 declared: IC ana, ops ben, comms chen, scribe dev
                                                          | chat ana: I am IC. ben: ops lead. chen: comms. dev: scribe. Nobody else changes production.
t+10    v42     1,2,3   n1       1000       300   30.0 %  | status page (chen): we are investigating failed requests on the key-value service; next update by t+25
t+11    v42     1,2,3   n1       1000       300   30.0 %  | chat ben: v42 is the only change in the last hour; proposing rollback to v41
                                                          | chat ana: approved: ben rolls back, everyone else hands off
t+12    v42     1,2,3   n1       1000       300   30.0 %  | ben starts rollback to v41
t+13    v42     1,2,3   n1       1000       300   30.0 %  |
t+14    v41     1,2,3   n1       1000         0    0.0 %  | deploy: rollback to v41 complete
t+15    v41     1,2,3   n1       1000         0    0.0 %  |
t+16    v41     1,2,3   n1       1000         0    0.0 %  | chat ben: 0 failed requests since t+14; holding
t+17    v41     1,2,3   n1       1000         0    0.0 %  | status page (chen): mitigated at t+14 by rolling back config v42; monitoring; next update by t+32
t+18    v41     1,2,3   n1       1000         0    0.0 %  |
t+19    v41     1,2,3   n1       1000         0    0.0 %  |
t+20    v41     1,2,3   n1       1000         0    0.0 %  |
t+21    v41     1,2,3   n1       1000         0    0.0 %  |
t+22    v41     1,2,3   n1       1000         0    0.0 %  |
t+23    v41     1,2,3   n1       1000         0    0.0 %  |
t+24    v41     1,2,3   n1       1000         0    0.0 %  |
t+25    v41     1,2,3   n1       1000         0    0.0 %  | chat ana: still clean for 11 minutes; resolving. Post-mortem owner: dev
                                                          | ana resolves the incident
t+26    v41     1,2,3   n1       1000         0    0.0 %  | status page (chen): resolved; a post-mortem will follow
t+27    v41     1,2,3   n1       1000         0    0.0 %  |
t+28    v41     1,2,3   n1       1000         0    0.0 %  |
t+29    v41     1,2,3   n1       1000         0    0.0 %  |
t+30    v41     1,2,3   n1       1000         0    0.0 %  |
t+31    v41     1,2,3   n1       1000         0    0.0 %  |

summary
  fault injected            t+6
  first page                t+6
  acknowledged              t+7
  incident declared         t+9
  errors stopped (for good) t+14
  resolved                  t+25
  failed requests           2400
  30-day error budget used  5.6 % (budget 43200 failed requests)
  stakeholder updates       3
  coordination notes        0
