minute  config  up      leader  requests  errors  ratio   | events
t+00    v41     1,2,3   n1       1000         0    0.0 %  |
t+01    v41     1,2,3   n1       1000         0    0.0 %  |
t+02    v41     1,2,3   n1       1000         0    0.0 %  |
t+03    v41     1,2,3   n1       1000         0    0.0 %  |
t+04    v41     1,2,3   n1       1000         0    0.0 %  |
t+05    v41     1,2,3   n1       1000         0    0.0 %  |
t+06    v42     1,2,3   n1       1000       300   30.0 %  | deploy: config v42 pushed to n1 n2 n3 (the injected fault)
                                                          | PAGE to ana (primary): 5-min error ratio above 2 %
t+07    v42     1,2,3   n1       1000       300   30.0 %  |
t+08    v42     1,2,3   n1       1000       300   30.0 %  |
t+09    v42     1,2,3   n1       1000       300   30.0 %  |
t+10    v42     1,2,3   n1       1000       300   30.0 %  |
t+11    v42     1,2,3   n1       1000       300   30.0 %  | PAGE escalated to ben (secondary): no acknowledgement
t+12    v42     1,2,3   n1       1000       300   30.0 %  | ben acknowledges the page
t+13    v42     2,3     n2       1000      1000  100.0 %  | chat ben: lots of errors, restarting n1
                                                          | NOTE change by ben with no incident declared: nobody coordinates
                                                          | ben restarts n1
                                                          | leader election
t+14    v42     3       none     1000      1000  100.0 %  | chat fatima: I see errors too, restarting n2 to be safe
                                                          | NOTE change by fatima with no incident declared: nobody coordinates
                                                          | NOTE concurrent changes by ben and fatima
                                                          | fatima restarts n2
                                                          | no quorum: every request fails
t+15    v42     3       none     1000      1000  100.0 %  | chat ben: everything is failing now?!
                                                          | no quorum: every request fails
t+16    v42     1,3     n1       1000      1000  100.0 %  | chat fatima: n2 is coming back
                                                          | leader election
t+17    v42     1,2,3   n1       1000       300   30.0 %  |
t+18    v42     1,2,3   n1       1000       300   30.0 %  | chat ben: still 30 %. what changed?
t+19    v42     1,2,3   n1       1000       300   30.0 %  |
t+20    v42     1,2,3   n1       1000       300   30.0 %  | chat gus: support here: customers ask if something is broken. Is there an incident?
t+21    v42     1,2,3   n1       1000       300   30.0 %  |
t+22    v42     1,2,3   n1       1000       300   30.0 %  | chat fatima: config v42 went out at t+06, maybe that?
t+23    v42     1,2,3   n1       1000       300   30.0 %  | NOTE change by ben with no incident declared: nobody coordinates
                                                          | ben starts rollback to v41
t+24    v42     1,2,3   n1       1000       300   30.0 %  | NOTE change by fatima with no incident declared: nobody coordinates
                                                          | NOTE concurrent changes by ben and fatima
                                                          | fatima starts rollback to v41
t+25    v42     1,2,3   n1       1000       300   30.0 %  |
t+26    v41     1,2,3   n1       1000         0    0.0 %  | deploy: rollback to v41 complete
t+27    v41     1,2,3   n1       1000         0    0.0 %  |
t+28    v41     1,2,3   n1       1000         0    0.0 %  |
t+29    v41     1,2,3   n1       1000         0    0.0 %  | chat ben: looks fine
                                                          | ben resolves the incident
t+30    v41     1,2,3   n1       1000         0    0.0 %  |
t+31    v41     1,2,3   n1       1000         0    0.0 %  |

summary
  fault injected            t+6
  first page                t+6
  acknowledged              t+12
  incident declared         never
  errors stopped (for good) t+26
  resolved                  t+29
  failed requests           8800
  30-day error budget used  20.4 % (budget 43200 failed requests)
  stakeholder updates       0
  coordination notes        6
