t= 0  user: desired replicas of web = 3
t= 0  replica-controller: want 3, create web-1
t= 0  replica-controller: want 3, create web-2
t= 0  replica-controller: want 3, create web-3
t= 0  scheduler: bind web-1 to k1
t= 0  scheduler: bind web-2 to k2
t= 0  scheduler: bind web-3 to k3
t= 1  agent on k1: start web-1
t= 1  agent on k2: start web-2
t= 1  agent on k3: start web-3
t= 4  user: desired replicas of web = 5
t= 4  replica-controller: want 5, create web-4
t= 4  replica-controller: want 5, create web-5
t= 4  scheduler: bind web-4 to k1
t= 4  scheduler: bind web-5 to k2
t= 5  agent on k1: start web-4
t= 5  agent on k2: start web-5
t= 7  world: k2 loses power, nobody is told
t= 9  node-controller: k2 NotReady (no heartbeat since t=6)
t= 9  node-controller: evict web-2
t= 9  node-controller: evict web-5
t= 9  replica-controller: want 5, create web-6
t= 9  replica-controller: want 5, create web-7
t= 9  scheduler: bind web-6 to k3
t= 9  scheduler: web-7 unschedulable: no Ready node has 1500m CPU free
t=10  agent on k3: start web-6
t=10  scheduler: web-7 unschedulable: no Ready node has 1500m CPU free
t=11  scheduler: web-7 unschedulable: no Ready node has 1500m CPU free
t=12  scheduler: web-7 unschedulable: no Ready node has 1500m CPU free
t=13  scheduler: web-7 unschedulable: no Ready node has 1500m CPU free
t=14  scheduler: web-7 unschedulable: no Ready node has 1500m CPU free
t=15  world: k2 is back
t=15  node-controller: k2 Ready again
t=15  scheduler: bind web-7 to k2
t=16  agent on k2: start web-7
final pods: web-1@k1(Running) web-3@k3(Running) web-4@k1(Running) web-6@k3(Running) web-7@k2(Running)
