map          |-D--D------D-------D-D--------|  (D = door)
step truth z     |belief, one character per cell|  best  p(best)  p(truth)
   1     9  wall  |. .. ...... ....... . ........|    0    0.039    0.039
   2    11  door  | #  #      #       # :        |    1    0.162    0.162
   3    12  wall  |. :. :. ... :. .... : :. .....|    2    0.148    0.148
   4    13  wall  |. .: .:.... .:..... ...:......|    3    0.145    0.145
   5    14  wall  |.  ....::..  .::...   .:::....|    7    0.144    0.144
   6    15  wall  |.    ..:::.   .::..    .:::...|    8    0.135    0.134
   7    16  wall  |.     ..:::   .:::.     .:::..|    9    0.127    0.127
   8    17  wall  |.      ..:: .  .:::      .:::.|   10    0.130    0.129
   9    18  wall  |.      ...:...  .::..    ..:::|   18    0.148    0.148
  10    19  door  |.#  .      #      .# .      ..|   19    0.407    0.407
  11    20  wall  |. :. .      #.      # .     ..|   20    0.385    0.385
  12    21  door  | : .:      . .     . #        |   21    0.756    0.756
  13    22  wall  |  :. :      . .     . #:      |   22    0.675    0.675
  14    22  wall  |   .  :.     ....     :#:.    |   23    0.564    0.079
  15    23  wall  |      ...     ....     :##.   |   24    0.491    0.124
  16    24  door  |    :  ... .    .. :   .:##.  |   25    0.345    0.122
  17    25  wall  |     :. ... .    .. .   .:##. |   26    0.315    0.138
  18    25  wall  |.    .:. ..       .      .###:|   27    0.302    0.037
  19    26  wall  |:     .:...               .###|   28    0.291    0.049
  20    27  wall  |#      .:..               .:##|   29    0.296    0.062
  21    29  wall  |#...    .:.                .:#|    0    0.345    0.228
  22     0  wall  |#.:.    .:: .   ..        ...:|    0    0.335    0.335
  23     1  door  |.#  :      #       .          |    1    0.612    0.612
  24     2  wall  |  #: :.     #.      .         |    2    0.555    0.555
