step truth reading  best p(best)  p(truth)  cells with p > 0
   1     9  wall      0   0.039     0.039      30
   2    10  wall      0   0.047     0.047      30
   3    11  door      1   0.243     0.243       5
   4    12  wall      2   0.219     0.219      14
   5    13  wall      3   0.223     0.223      20
   6    15  wall     14   0.230     0.082      26
   7    15  door      4   0.915     0.000       5
   8    17  wall      5   0.804     0.000      14
   9    17  wall      6   0.656     0.000      20
  10    18  wall      7   0.549     0.000      26
  11    18  wall      8   0.474     0.000      29
  12    19  door     11   0.997     0.003       5
  13    20  wall     12   0.877     0.003      14
  14    21  door     21   0.649     0.649       5
  15    21  door     21   0.649     0.649       5
  16    21  door     21   0.650     0.650       5
  17    22  wall     22   0.571     0.571      14
  18    23  wall     23   0.466     0.466      20
  19    24  wall     24   0.390     0.390      26
  20    25  wall     25   0.336     0.336      29
  21    26  wall     26   0.296     0.296      30
  22    27  wall     27   0.272     0.272      30
  23    29  wall     28   0.272     0.179      30
  24     0  wall     29   0.307     0.216      30
  25     1  door      1   0.644     0.644       5
  26     2  wall      2   0.582     0.582      14
  27     2  wall      3   0.661     0.089      20
  28     3  wall      3   0.284     0.284      26
  29     5  wall      6   0.188     0.172      29
  30     6  wall      7   0.180     0.167      30
