case             overshoot    settle      true w  measured w  saturated
simulator             0.4%     82 ms        60.0        60.0       1.1%
bench_robot           0.0%     never        30.0        60.0       0.7%
trace of bench_robot:
    t=   0 ms  command    2.45 V  measured   -6.14  true    0.00 rad/s
    t= 100 ms  command   12.00 V  measured   -6.14  true   -0.50 rad/s
    t= 200 ms  command    2.32 V  measured   61.36  true   29.34 rad/s
    t= 300 ms  command    5.11 V  measured   55.22  true   29.79 rad/s
    t= 400 ms  command    2.74 V  measured   61.36  true   30.17 rad/s
    t= 500 ms  command    2.74 V  measured   61.36  true   30.52 rad/s
    t= 600 ms  command    2.73 V  measured   61.36  true   30.44 rad/s
    t= 700 ms  command    5.23 V  measured   55.22  true   29.39 rad/s
    t= 800 ms  command    2.71 V  measured   61.36  true   29.80 rad/s
    t= 900 ms  command    0.35 V  measured   67.50  true   30.21 rad/s
    t=1000 ms  command    0.34 V  measured   67.50  true   30.14 rad/s
    t=1100 ms  command    7.60 V  measured   49.09  true   30.06 rad/s
    t=1200 ms  command    2.73 V  measured   61.36  true   30.48 rad/s
    t=1300 ms  command    5.23 V  measured   55.22  true   29.92 rad/s
    t=1400 ms  command    5.17 V  measured   55.22  true   30.33 rad/s
(target 60.0 rad/s; true w and measured w are means over t = 1.3..1.5 s; settle = within 5 %)
