rotor force limits: 0 to 10.0 N; hover thrust 9.81 N

A hover, small roll (fits): wanted T 9.81 tx 0.100 ty 0.000 tz 0.0000
  naive clip     f =  2.62  2.29  2.29  2.62 | T   9.81 tx  0.100 ty  0.000 tz 0.0000
  RP > T > Y     f =  2.62  2.29  2.29  2.62 | T   9.81 tx  0.100 ty  0.000 tz 0.0000
  RP > Y > T     f =  2.62  2.29  2.29  2.62 | T   9.81 tx  0.100 ty  0.000 tz 0.0000
B hover, hard yaw: wanted T 9.81 tx 0.000 ty 0.000 tz 0.2000
  naive clip     f =  5.79  0.00  5.79  0.00 | T  11.57 tx  0.000 ty  0.000 tz 0.1736
  RP > T > Y     f =  4.91  0.00  4.91  0.00 | T   9.81 tx  0.000 ty  0.000 tz 0.1472
  RP > Y > T     f =  6.67  0.00  6.67  0.00 | T  13.33 tx  0.000 ty  0.000 tz 0.2000
C hover, roll + hard yaw: wanted T 9.81 tx 0.500 ty 0.000 tz 0.2000
  naive clip     f =  6.62  0.00  4.95  0.00 | T  11.57 tx  0.250 ty -0.250 tz 0.1736
  RP > T > Y     f =  4.91  0.00  3.24  1.67 | T   9.81 tx  0.500 ty  0.000 tz 0.0972
  RP > Y > T     f =  8.33  0.00  6.67  1.67 | T  16.67 tx  0.500 ty  0.000 tz 0.2000
D punch-out (38 N) + roll: wanted T 38.00 tx 0.600 ty 0.000 tz 0.0000
  naive clip     f = 10.00  8.50  8.50 10.00 | T  37.00 tx  0.450 ty  0.000 tz 0.0000
  RP > T > Y     f = 10.00  8.00  8.00 10.00 | T  36.00 tx  0.600 ty -0.000 tz 0.0000
  RP > Y > T     f = 10.00  8.00  8.00 10.00 | T  36.00 tx  0.600 ty -0.000 tz 0.0000
E low throttle (2 N) + roll: wanted T 2.00 tx 0.400 ty 0.000 tz 0.0000
  naive clip     f =  1.17  0.00  0.00  1.17 | T   2.33 tx  0.350 ty  0.000 tz 0.0000
  RP > T > Y     f =  1.33  0.00  0.00  1.33 | T   2.67 tx  0.400 ty  0.000 tz 0.0000
  RP > Y > T     f =  1.33  0.00  0.00  1.33 | T   2.67 tx  0.400 ty  0.000 tz 0.0000
F large roll at hover: wanted T 9.81 tx 2.000 ty 0.000 tz 0.0000
  naive clip     f =  5.79  0.00  0.00  5.79 | T  11.57 tx  1.736 ty  0.000 tz 0.0000
  RP > T > Y     f =  6.67  0.00  0.00  6.67 | T  13.33 tx  2.000 ty  0.000 tz 0.0000
  RP > Y > T     f =  6.67  0.00  0.00  6.67 | T  13.33 tx  2.000 ty  0.000 tz 0.0000
G roll beyond authority: wanted T 9.81 tx 4.000 ty 0.000 tz 0.0000
  naive clip     f =  9.12  0.00  0.00  9.12 | T  18.24 tx  2.736 ty  0.000 tz 0.0000
  RP > T > Y     f = 10.00  0.00  0.00 10.00 | T  20.00 tx  3.000 ty  0.000 tz 0.0000
  RP > Y > T     f = 10.00  0.00  0.00 10.00 | T  20.00 tx  3.000 ty  0.000 tz 0.0000
