exit code 0
== stderr
warning: index out of order at "IMG_007.JPG"
warning: index out of order at "IMG_003.JPG"
warning: index out of order at "IMG_009.JPG"
warning: index out of order at "IMG_015.JPG"
== diff against the host listing (cat -v shows control characters)
8,10d7
< f /Photos/IMG_00^A3.JPG 16 126453b5
< f /Photos/IMG_00^A7.JPG 16 68866222
< f /Photos/IMG_00^A9.JPG 16 ff892400
36a34
> f /Photos/IMG_0027.JPG 16 68866222
71a70
> f /Photos/IMG_0063.JPG 16 126453b5
107c106
< f /Photos/IMG_01^A5.JPG 17 a9ddc091
---
> f /Photos/IMG_0099.JPG 16 ff892400
142a142
> f /Photos/IMG_0135.JPG 17 a9ddc091
159c159
< f /notes.txt 636 47f2c896
---
> f /notes.txt 636 67d53dd1
== notes.txt
- tree/notes.txt differ: char 223, line 5
0000216 20 30 34 3a 20 74 01 00 20 71 75 69 63 6b 20 62
0000232
== ntfsread check n.img (the same build)
183 records (171 in use), 129 clusters marked in use and owned, $MFTMirr checked: 0 problems
