d /Documents
f /Documents/fragmented.bin 40000 d0952a6e
f /Documents/report.pdf 50000 2b0067f5
f /Documents/sparse.vhd 1048576 4b28f9bd
f /Documents/Übersicht – Ελληνικά.txt 26 73f56a60
d /Empty folder
f /notes.txt 636 67d53dd1
d /Photos
f /Photos/IMG_0001.JPG 15 8bcaec1b
f /Photos/IMG_0002.JPG 15 997f43f5
f /Photos/IMG_0003.JPG 15 21c32490
f /Photos/IMG_0004.JPG 15 bc141c29
  ... (159 lines in all; the rest are IMG_0005.JPG ... IMG_0150.JPG and:)
f /Read me.txt 46 d4f1d539
== all 159 entries equal the host tree (names, sizes, CRC-32)
== ntfsread find
"Photos": record 5 $INDEX_ROOT -> INDX VCN 0 -> record 26
"IMG_0100.JPG": record 26 $INDEX_ROOT -> INDX VCN 2 -> record 128
"Documents": record 5 $INDEX_ROOT -> INDX VCN 0 -> record 24
"Übersicht – Ελληνικά.txt": record 24 $INDEX_ROOT -> record 182
cat Documents/sparse.vhd: identical (1 MiB, 2 clusters on disk)
