== Photos
record 26: flags 0x0003 (in use, directory), sequence 1, links 1, 952 of 1024 bytes used, update sequence 1 x 3 at 0x30
  0x10 $STANDARD_INFORMATION         resident, 72 bytes
  0x30 $FILE_NAME                    resident, 78 bytes
      name "Photos", namespace 1, parent record 5
  0x90 $INDEX_ROOT            $I30   resident, 536 bytes
  0xa0 $INDEX_ALLOCATION      $I30   non-resident, size 20480, flags 0x0000
      run: 5 clusters at LCN 85 (offset +85)
  0xb0 $BITMAP                $I30   resident, 8 bytes
== Documents/fragmented.bin
record 179: flags 0x0001 (in use), sequence 1, links 1, 360 of 1024 bytes used, update sequence 1 x 3 at 0x30
  0x10 $STANDARD_INFORMATION         resident, 72 bytes
  0x30 $FILE_NAME                    resident, 94 bytes
      name "fragmented.bin", namespace 1, parent record 24
  0x80 $DATA                         non-resident, size 40000, flags 0x0000
      run: 3 clusters at LCN 62 (offset +62)
      run: 3 clusters at LCN 59 (offset -3)
      run: 4 clusters at LCN 65 (offset +6)
== Documents/sparse.vhd
record 181: flags 0x0001 (in use), sequence 1, links 1, 352 of 1024 bytes used, update sequence 1 x 3 at 0x30
  0x10 $STANDARD_INFORMATION         resident, 72 bytes
  0x30 $FILE_NAME                    resident, 86 bytes
      name "sparse.vhd", namespace 1, parent record 24
  0x80 $DATA                         non-resident, size 1048576, flags 0x8000
      run: 1 clusters at LCN 82 (offset +82)
      run: 127 clusters, sparse (no offset field)
      run: 1 clusters at LCN 83 (offset +1)
      run: 127 clusters, sparse (no offset field)
== $MFT
record 0: flags 0x0001 (in use), sequence 1, links 1, 384 of 1024 bytes used, update sequence 1 x 3 at 0x30
  0x10 $STANDARD_INFORMATION         resident, 72 bytes
  0x30 $FILE_NAME                    resident, 74 bytes
      name "$MFT", namespace 1, parent record 5
  0x80 $DATA                         non-resident, size 187392, flags 0x0000
      run: 6 clusters at LCN 4 (offset +4)
      run: 40 clusters at LCN 1536 (offset +1532)
  0xb0 $BITMAP                       resident, 24 bytes
