F4-08 kernel: magic=0x2badb002
acpi: RSDP at 0xf52b0 revision 0, using RSDT at 0x3fe2337
madt: local APIC at 0xfee00000 (this CPU's APIC ID 0, version 0x14)
madt: IOAPIC at 0xfec00000, GSI base 0, 24 redirection entries
madt: override ISA IRQ 0 -> GSI 2, polarity bus default, trigger bus default
madt: override ISA IRQ 5 -> GSI 5, polarity high, trigger level
madt: override ISA IRQ 9 -> GSI 9, polarity high, trigger level
madt: override ISA IRQ 10 -> GSI 10, polarity high, trigger level
madt: override ISA IRQ 11 -> GSI 11, polarity high, trigger level
ioapic: pin 2 -> vector 0x20, edge, active high, destination APIC 0
edu: 00:01.0 id 0x010000ed, liveness(0x12345678) = 0xedcba987
msi: cap at 0x40 control 0x0080 (enable=0, 64-bit=1, per-vector mask=0, vectors capable=1)
msi: address 0x0000000000000000 data 0x0000
msi: cap at 0x40 control 0x0081 (enable=1, 64-bit=1, per-vector mask=0, vectors capable=1)
msi: address 0x00000000fee00000 data 0x0040
vtd: DMAR length 120, host address width 39 bits, flags 0x1
vtd: DRHD flags 0x0 (INCLUDE_PCI_ALL=0) segment 0 register base 0xfed90000
vtd:   scope IOAPIC, enumeration id 0, bus 255, path 00.0
vtd:   scope PCI endpoint, enumeration id 0, bus 0, path 00.0
vtd:   scope PCI endpoint, enumeration id 0, bus 0, path 01.0
vtd:   scope PCI endpoint, enumeration id 0, bus 0, path 02.0
vtd:   scope PCI endpoint, enumeration id 0, bus 0, path 1f.0
vtd:   scope PCI endpoint, enumeration id 0, bus 0, path 1f.2
vtd:   scope PCI endpoint, enumeration id 0, bus 0, path 1f.3
vtd: version 1.0 CAP 0xd2008c22260206 ECAP 0xf00f4a
vtd: SAGAW 0x2 (39-bit 3-level supported), MGAW 39, domains 2^16, caching mode 0, fault records 1 at +0x220, IOTLB regs at +0xf0
vtd: 00:01.0 -> domain 1, context entry 0x0000000000000101_000000000011a001
vtd: 00:02.0 -> domain 2, context entry 0x0000000000000201_000000000011b001
vtd: root table at 0x14b000, translation enabled (GSTS 0xc0000000)
edu: 5 raise requests -> 5 interrupts on vector 0x40, status bits seen 0x70
edu: factorial(10) = 3628800 (interrupt after the computation)
edu-rx: request 1 mapped rx buffer at IOVA 0x802000, t=115 ms
edu-rx: request 1 buffer released, t=116 ms
qemu-system-x86_64: vtd_iova_to_slpte: detected slpte permission error (iova=0x802000, level=0x1, slpte=0x0, write=1, pasid=0xffffffff)
qemu-system-x86_64: vtd_iommu_translate: detected translation failure (dev=00:01:00, iova=0x802000)
qemu-system-x86_64: New fault is not recorded due to compression of faults
DMAR fault: source 00:01.0 write at IOVA 0x802000, reason 5 (write to a page without write permission), t=216 ms
DMAR fault record (raw): high 0x80ffff0500000008 low 0x0000000000802000
edu-rx: request 1 complete, t=217 ms, payload fnv1a 0x76efddc5 (expected 0x01fbddc5)
edu-rx: request 2 mapped rx buffer at IOVA 0x804000, t=218 ms
edu-rx: request 2 buffer released, t=218 ms
DMAR fault: source 00:01.0 write at IOVA 0x804000, reason 5 (write to a page without write permission), t=318 ms
DMAR fault record (raw): high 0x80ffff0500000008 low 0x0000000000804000
edu-rx: request 2 complete, t=318 ms, payload fnv1a 0x76efddc5 (expected 0x01fbddc5)
interrupt counts: tick(0x20)=running edu(0x40)=9 xhci(0x41)=0 dmar-fault(0x42)=2
F4-08 done
