F4-08 kernel: magic=0x2badb002
acpi: RSDP at 0xf52b0 revision 0, using RSDT at 0x3fe22bf
madt: local APIC at 0xfee00000 (this CPU's APIC ID 0, version 0x14)
madt: IOAPIC at 0xfec00000, GSI base 0, 24 redirection entries
madt: override ISA IRQ 0 -> GSI 2, polarity bus default, trigger bus default
madt: override ISA IRQ 5 -> GSI 5, polarity high, trigger level
madt: override ISA IRQ 9 -> GSI 9, polarity high, trigger level
madt: override ISA IRQ 10 -> GSI 10, polarity high, trigger level
madt: override ISA IRQ 11 -> GSI 11, polarity high, trigger level
ioapic: pin 2 -> vector 0x20, edge, active high, destination APIC 0
edu: 00:01.0 id 0x010000ed, liveness(0x12345678) = 0xedcba987
msi: cap at 0x40 control 0x0080 (enable=0, 64-bit=1, per-vector mask=0, vectors capable=1)
msi: address 0x0000000000000000 data 0x0000
msi: cap at 0x40 control 0x0081 (enable=1, 64-bit=1, per-vector mask=0, vectors capable=1)
msi: address 0x00000000fee00000 data 0x0040
vtd: no DMAR table: no IOMMU on this machine
dma: identity mappings (IOVA = physical address)
edu: 5 raise requests -> 5 interrupts on vector 0x40, status bits seen 0x70
edu: factorial(10) = 3628800 (interrupt after the computation)
dma(identity): src buffer phys 0x15c000 -> IOVA 0x15c000; dst buffer phys 0x15b000 -> IOVA 0x15b000
dma(identity): 4096 bytes RAM -> device -> RAM, identical (fnv1a 0x400abdc5)
stray: device told to write 4096 bytes to 0x15a000 (the canary's physical address)
stray: device reported completion; canary bytes changed: 4080 of 4096
xhci: 00:02.0 version 1.00, 64 slots, 16 interrupters, 8 ports, 32-byte contexts, 0 scratchpad pages, 64-bit addressing 1
msix: cap at 0x90, 16 entries, table in BAR0+0x3000, PBA in BAR0+0x3800
msix: entry 0 address 0x00000000fee00000 data 0x00000041 control 0x0 (unmasked), PBA bit 0
xhci: no-op command 1 -> completion code 1, MSI-X interrupts so far 1 (vector 0x41 count 1)
xhci: no-op command 2 -> completion code 1, MSI-X interrupts so far 2 (vector 0x41 count 2)
xhci: no-op command 3 -> completion code 1, MSI-X interrupts so far 3 (vector 0x41 count 3)
xhci: entry 0 masked; no-op completes with code 1, vector count 3 -> 3, PBA bit 1
xhci: entry 0 unmasked; vector count now 4, PBA bit 0
interrupt counts: tick(0x20)=running edu(0x40)=10 xhci(0x41)=4 dmar-fault(0x42)=0
F4-08 done
