cap id MSI             ours 0x0005  linux 0x0005  ok
cap id MSI-X           ours 0x0011  linux 0x0011  ok
MSI flags              ours 0x0002  linux 0x0002  ok
MSI enable             ours 0x0001  linux 0x0001  ok
MSI multiple capable   ours 0x000e  linux 0x000e  ok
MSI multiple enable    ours 0x0070  linux 0x0070  ok
MSI 64-bit             ours 0x0080  linux 0x0080  ok
MSI per-vector mask    ours 0x0100  linux 0x0100  ok
MSI address low        ours 0x0004  linux 0x0004  ok
MSI address high       ours 0x0008  linux 0x0008  ok
MSI data (32-bit)      ours 0x0008  linux 0x0008  ok
MSI data (64-bit)      ours 0x000c  linux 0x000c  ok
MSI mask (64-bit)      ours 0x0010  linux 0x0010  ok
MSI-X flags            ours 0x0002  linux 0x0002  ok
MSI-X table size       ours 0x07ff  linux 0x07ff  ok
MSI-X function mask    ours 0x4000  linux 0x4000  ok
MSI-X enable           ours 0x8000  linux 0x8000  ok
MSI-X table offset     ours 0x0004  linux 0x0004  ok
MSI-X PBA offset       ours 0x0008  linux 0x0008  ok
MSI-X BIR mask         ours 0x0007  linux 0x0007  ok
MSI-X entry size       ours 0x0010  linux 0x0010  ok
entry data             ours 0x0008  linux 0x0008  ok
entry vector control   ours 0x000c  linux 0x000c  ok
entry mask bit         ours 0x0001  linux 0x0001  ok
PASS: 0 mismatches
