<li> For transfers from pageable host memory to device memory, a stream sync is performed
before the copy is initiated. The function will return once the pageable
buffer has been copied to the staging memory for DMA transfer to device memory,
but the DMA to final destination may not have completed.
<li> For transfers from pinned host memory to device memory, the function is synchronous
with respect to the host.
<li> For transfers from device to either pageable or pinned host memory, the function returns
only once the copy has completed.
<li> For transfers from device memory to device memory, no host-side synchronization is
performed.
<li> For transfers from any host memory to any host memory, the function is fully
synchronous with respect to the host.

\brief Allocates page-locked memory on the host

Allocates \p size bytes of host memory that is page-locked and accessible
to the device. The driver tracks the virtual memory ranges allocated with
this function and automatically accelerates calls to functions such as
::cudaMemcpy*(). Since the memory can be accessed directly by the device,
it can be read or written with much higher bandwidth than pageable memory
obtained with functions such as ::malloc(). Allocating excessive amounts of
memory with ::cudaMallocHost() may degrade system performance, since it
reduces the amount of memory available to the system for paging. As a
result, this function is best used sparingly to allocate staging areas for
data exchange between host and device.
