== replicated log, leader view (toy verbs model, DS401 F5-36) ==
[Leader] reg_mr: addr 0 len 4096 access 0x1 -> lkey 0x1000 rkey 0x1001
[F1] reg_mr: addr 0 len 2048 access 0x3 -> lkey 0x1100 rkey 0x1101
[F2] reg_mr: addr 0 len 2048 access 0x1 -> lkey 0x1200 rkey 0x1201
advertised: F1 log addr 0 len 2048 rkey 0x1101 access 0x3
advertised: F2 log addr 0 len 2048 rkey 0x1201 access 0x1
[Leader] qp 0x101 modify RESET -> INIT: ok
[Leader] qp 0x101 modify INIT -> RTR: ok
[Leader] qp 0x101 modify RTR -> RTS: ok
[Leader] qp 0x102 modify RESET -> INIT: ok
[Leader] qp 0x102 modify INIT -> RTR: ok
[Leader] qp 0x102 modify RTR -> RTS: ok
[F1] qp 0x201 modify RESET -> INIT: ok
[F1] qp 0x201 modify INIT -> RTR: ok
[F1] qp 0x201 modify RTR -> RTS: ok
[F2] qp 0x202 modify RESET -> INIT: ok
[F2] qp 0x202 modify INIT -> RTR: ok
[F2] qp 0x202 modify RTR -> RTS: ok
[Leader] qp 0x102: error REM_ACCESS_ERR on wr 201 -> state ERR
[Leader] completion: wr 101 RDMA_WRITE status SUCCESS bytes 64
[Leader] completion: wr 102 RDMA_WRITE status SUCCESS bytes 64
[Leader] completion: wr 103 RDMA_WRITE status SUCCESS bytes 64
[Leader] completion: wr 104 RDMA_WRITE status SUCCESS bytes 64
[Leader] completion: wr 201 RDMA_WRITE status REM_ACCESS_ERR bytes 0
[Leader] completion: wr 202 RDMA_WRITE status WR_FLUSH_ERR bytes 0
[Leader] completion: wr 203 RDMA_WRITE status WR_FLUSH_ERR bytes 0
[Leader] completion: wr 204 RDMA_WRITE status WR_FLUSH_ERR bytes 0
leader: entries written to F1: 4 of 4; to F2: 0 of 4
