$ cp ./history/check.sh ../check.sh
$ git bisect start HEAD $(git rev-list --max-parents=0 HEAD)
Bisecting: 1 revision left to test after this (roughly 1 step)
[1d441ccdbeef51ac26ec8723678592d52dd0c7df] stats: faster median with nth_element
$ git bisect run ../check.sh
running '../check.sh'
Errors while running CTest
Output from these tests are in: ./uni/build/bisect/Testing/Temporary/LastTest.log
Use "--rerun-failed --output-on-failure" to re-run the failed cases verbosely.
Bisecting: 0 revisions left to test after this (roughly 0 steps)
[d204d5d4e83776615604424ff2fc688f4fa87e61] docs: add README
running '../check.sh'
1d441ccdbeef51ac26ec8723678592d52dd0c7df is the first bad commit
commit 1d441ccdbeef51ac26ec8723678592d52dd0c7df
Author: Amara Okafor <amara@uni.invalid>
Date:   Sat Oct 3 10:00:00 2026 +0000

    stats: faster median with nth_element

 src/stats.cpp | 9 ++++-----
 1 file changed, 4 insertions(+), 5 deletions(-)
bisect found first bad commit
$ git bisect log | grep -E '^(git bisect|# first bad)'
git bisect start 'HEAD' 'c3e3f00bdbf71a57217ba17132552612742e8e6a'
git bisect bad 1d441ccdbeef51ac26ec8723678592d52dd0c7df
git bisect good d204d5d4e83776615604424ff2fc688f4fa87e61
# first bad commit: [1d441ccdbeef51ac26ec8723678592d52dd0c7df] stats: faster median with nth_element
$ git bisect reset
Previous HEAD position was d204d5d docs: add README
Switched to branch 'main'
