$ ./ci.sh 2>&1 | sed -n '/Start 1/,/tests failed/p'; echo "ci.sh exit status: ${PIPESTATUS[0]}"
    Start 1: stats.unit
1/2 Test #1: stats.unit .......................***Failed    0.01 sec
[ RUN  ] mean_of_three
[  OK  ] mean_of_three
[ RUN  ] mean_of_empty_has_no_value
[  OK  ] mean_of_empty_has_no_value
[ RUN  ] median_odd_count_is_middle_value
[  OK  ] median_odd_count_is_middle_value
[ RUN  ] median_even_count_averages_middle_pair
  ./uni/tests/test_stats.cpp:23: CHECK failed: *uni::median({4.0, 1.0, 3.0, 2.0}) near 2.5
[ FAIL ] median_even_count_averages_middle_pair
[ RUN  ] median_of_empty_has_no_value
[  OK  ] median_of_empty_has_no_value
5 test(s) run, 1 failed

    Start 2: stats.cli
2/2 Test #2: stats.cli ........................   Passed    0.01 sec

50% tests passed, 1 tests failed out of 2
ci.sh exit status: 8
$ git status --short
