$ git switch -q -c feature/units && sed -i 's/median %g\\n/median %g (ms)\\n/' app/main.cpp && git diff --stat
 app/main.cpp | 2 +-
 1 file changed, 1 insertion(+), 1 deletion(-)
$ git commit -q -am 'app: say that times are in ms'
$ git switch -q main && sed -i 's/"n=%zu mean/"runs=%zu mean/' app/main.cpp
$ git commit -q -am 'app: call the count runs'
$ git merge feature/units
Auto-merging app/main.cpp
CONFLICT (content): Merge conflict in app/main.cpp
Automatic merge failed; fix conflicts and then commit the result.
$ git status --short
UU app/main.cpp
$ grep -n -A6 '<<<<<<<' app/main.cpp
20:<<<<<<< HEAD
21-    std::printf("runs=%zu mean %g median %g\n", xs.size(), *m, *md);
22-=======
23-    std::printf("n=%zu mean %g median %g (ms)\n", xs.size(), *m, *md);
24->>>>>>> feature/units
25-    return 0;
26-}
$ sed -i '/^<<<<<<< /,/^>>>>>>> /c\    std::printf("runs=%zu mean %g median %g (ms)\\n", xs.size(), *m, *md);' app/main.cpp && grep -n 'printf("runs' app/main.cpp
20:    std::printf("runs=%zu mean %g median %g (ms)\n", xs.size(), *m, *md);
$ git add app/main.cpp && git commit -q --no-edit && git log --oneline --graph -n 4
*   3d537db Merge branch 'feature/units'
|\  
| * 404abed app: say that times are in ms
* | 6d19c81 app: call the count runs
|/  
* bb8140d Revert "stats: faster median with nth_element"
