$ git cat-file -t HEAD && git cat-file -p HEAD
commit
tree f54d2636d1de71f4e0169c453bce0f7070e44121
parent 6d19c8102a187cd4172f1e4d160a70fb95517ec3
parent 404abed63907e8d201e9ab0ef78ff7401aaa49bb
author Amara Okafor <amara@uni.invalid> 1791540000 +0000
committer Amara Okafor <amara@uni.invalid> 1791540000 +0000

Merge branch 'feature/units'

# Conflicts:
#	app/main.cpp
$ git cat-file -p 'HEAD^{tree}'
100644 blob 1a1e5de1ae1e5b85de947861acc8f0fe82aca41d	.gitignore
100644 blob 14ee8b4e480391d0c650a4b05e09cf9492c5512d	CMakeLists.txt
100644 blob 76b342fb919ea341c7424eeec03b00c5b003d0ab	README.md
040000 tree 84d49d17aa51e5c54cfc5668ae0b2fade729e333	app
100755 blob c6ab8f60c259d6bd7f8d2574987fd85e3e84fd81	ci.sh
040000 tree 1dbf5557280a8d9f52273a32acfc0a8339b9fe92	include
040000 tree 7d24bfb5d51629a14555ffb4b5fb5e4b6de51b20	src
040000 tree 001dae5945a7eb68df8818292790095d15bb2ec0	tests
$ git hash-object README.md && git rev-parse HEAD:README.md
76b342fb919ea341c7424eeec03b00c5b003d0ab
76b342fb919ea341c7424eeec03b00c5b003d0ab
$ printf 'hello\n' | git hash-object --stdin && printf 'blob 6\0hello\n' | sha1sum
ce013625030ba8dba906f756967f9e9ca394464a
ce013625030ba8dba906f756967f9e9ca394464a  -
