== image header: first 64 bytes of k_d1.bin (od -A x -t x1) ==
000000 10 00 00 14 00 00 00 00 00 00 08 00 00 00 00 00
000010 00 60 02 00 00 00 00 00 02 00 00 00 00 00 00 00
000020 00 00 00 00 00 00 00 00 00 00 00 00 00 00 00 00
000030 00 00 00 00 00 00 00 00 41 52 4d 64 00 00 00 00
000040
== ELF entry and sections (readelf) ==
  Machine:                           AArch64
  Entry point address:               0x40080000
  [ 1] .text             PROGBITS        0000000040080000 010000 004ba4 00  AX  0   0 2048
  [ 2] .rodata           PROGBITS        0000000040084bb0 014bb0 000c60 00  WA  0   0  8
  [ 3] .bss              NOBITS          0000000040085810 015810 0000f0 00  WA  0   0  8
== vector_table address (must be 2 KiB aligned) ==
0000000040080000 T _start
0000000040081f40 T kmain
0000000040080800 T vector_table
== sha256 of the F3-18 files compiled unchanged into this kernel ==
0f05480f59e5c62fba6c46c7eb88354eff26e1849465cfcfb6ed335e181f10a2  kformat.h
32c88a40dc7df302f3eae321cdee71cb57e349f1e7548125cc1756425be12b74  kprint.h
e3d856d699a5fc70e6149e1ddb3f6d0fbc55593987e8ec4d94b280e978d6d0da  serial.h
4f9765b9e48eb199eb169e266fe69d12aa32182834195284199c09d0ec30ba20  panic.h
37dfc7a46882eefd2b9f05b5a071c987b91d35c2868603e2f8cda493807e6ff7  kprint.cc
4de33cd1542310daa2e1533eaf0e996ac37f2237f8049bf9970be7049c1832c2  panic.cc
adfdedc4e7e274e34043e8ee6c2277e770a6a3c6618252f630d4c8d614316914  cxxrt.cc
