console: /pl011@9000000 (arm,pl011) at 0x9000000, from /chosen/stdout-path
D1: entered at EL2, running at EL2
devicetree at 0x0000000048000000, 1048576 bytes, version 17
MIDR_EL1 0x411fd070 (implementer 0x41, part number 0xd07)
VBAR_EL1 0x40080800, SCTLR_EL1 0xc50838 (bit 0 = MMU off)
PSCI through smc: version 1.1
neutral tests on aarch64: sizeof(void*) 8, sizeof(long) 8, page size 4096
  ok   global constructor ran before the tests
  ok   .bss reads as zero
  ok   kformat output identical to the x86-64 B1 line
  info this CPU is little-endian; be32(11 22 33 44) = 0x11223344
  ok   explicit byte-order reads
  ok   pointers round-trip through uintptr_t
  ok   frame allocator uses the arch page size
  ok   std::atomic fetch_add and CAS
  ok   devicetree header valid
  ok   devicetree memory node has a non-empty range
  info memory 0x40000000, 256 MiB
  ok   devicetree has /chosen
neutral tests on aarch64: 10 passed, 0 failed
test: read from 0x50000000 (just past the end of RAM)
qemu-system-aarch64: terminating on signal 15 from pid 2727 (timeout)
