== qemu -d int (first 30 lines; QEMU stopped when the pipe closed) ==
Taking exception 13 [Secure Monitor Call] on CPU 0
...from EL2 to EL3
...with ESR 0x17/0x5e000000
...handled as PSCI call
Taking exception 4 [Data Abort] on CPU 0
...from EL2 to EL2
...with ESR 0x25/0x96000010
...with FAR 0x50000000
...with ELR 0x40082368
...to EL2 PC 0x200 PSTATE 0x3c9
Taking exception 1 [Undefined Instruction] on CPU 0
...from EL2 to EL2
...with ESR 0x0/0x2000000
...with ELR 0x200
...to EL2 PC 0x200 PSTATE 0x3c9
Taking exception 1 [Undefined Instruction] on CPU 0
...from EL2 to EL2
...with ESR 0x0/0x2000000
...with ELR 0x200
...to EL2 PC 0x200 PSTATE 0x3c9
Taking exception 1 [Undefined Instruction] on CPU 0
...from EL2 to EL2
...with ESR 0x0/0x2000000
...with ELR 0x200
...to EL2 PC 0x200 PSTATE 0x3c9
Taking exception 1 [Undefined Instruction] on CPU 0
...from EL2 to EL2
...with ESR 0x0/0x2000000
...with ELR 0x200
...to EL2 PC 0x200 PSTATE 0x3c9
== addr2line for the first ELR (0x40082368) ==
kmain
d1_main.cc:71
== the instruction word at physical address 0x200 (QEMU monitor: xp /1wx 0x200) ==
0000000000000200: 0x00000000
