00:00.0 Host bridge: Intel Corporation Device 0d57
00:01.0 Unassigned class [ffff]: Red Hat, Inc. Virtio 1.0 memory balloon (rev 01)
00:02.0 Mass storage controller: Red Hat, Inc. Virtio 1.0 block device (rev 01)
00:03.0 Mass storage controller: Red Hat, Inc. Virtio 1.0 block device (rev 01)
00:04.0 Mass storage controller: Red Hat, Inc. Virtio 1.0 block device (rev 01)
00:05.0 Mass storage controller: Red Hat, Inc. Virtio 1.0 block device (rev 01)
00:06.0 Mass storage controller: Red Hat, Inc. Virtio 1.0 block device (rev 01)
00:07.0 Mass storage controller: Red Hat, Inc. Virtio 1.0 block device (rev 01)
00:08.0 Ethernet controller: Red Hat, Inc. Virtio 1.0 network device (rev 01)
00:09.0 Unassigned class [ffff]: Red Hat, Inc. Virtio 1.0 socket (rev 01)
00:0a.0 Unassigned class [ffff]: Red Hat, Inc. Virtio 1.0 RNG (rev 01)
00:08.0 Ethernet controller: Red Hat, Inc. Virtio 1.0 network device (rev 01)
	Subsystem: Red Hat, Inc. Virtio 1.0 network device
	Flags: bus master, fast devsel, latency 0
	Memory at 4000380000 (64-bit, non-prefetchable) [size=512K]
	Capabilities: [40] Vendor Specific Information: VirtIO: CommonCfg
	Capabilities: [50] Vendor Specific Information: VirtIO: ISR
	Capabilities: [60] Vendor Specific Information: VirtIO: DeviceCfg
	Capabilities: [70] Vendor Specific Information: VirtIO: Notify
	Capabilities: [84] Vendor Specific Information: VirtIO: <unknown>
	Capabilities: [98] MSI-X: Enable+ Count=3 Masked-
	Kernel driver in use: virtio-pci

