(qemu) info pci
  Bus  0, device   0, function 0:
    Host bridge: PCI device 8086:29c0
      PCI subsystem 1af4:1100
      id ""
  Bus  0, device   1, function 0:
    VGA controller: PCI device 1234:1111
      PCI subsystem 1af4:1100
      BAR0: 32 bit prefetchable memory at 0xfd000000 [0xfdffffff].
      BAR2: 32 bit memory at 0xfeab4000 [0xfeab4fff].
      BAR6: 32 bit memory at 0xffffffffffffffff [0x0000fffe].
      id ""
  Bus  0, device   2, function 0:
    Ethernet controller: PCI device 8086:100e
      PCI subsystem 1af4:1100
      IRQ 11, pin A
      BAR0: 32 bit memory at 0xfea80000 [0xfea9ffff].
      BAR1: I/O at 0xc000 [0xc03f].
      BAR6: 32 bit memory at 0xffffffffffffffff [0x0007fffe].
      id ""
  Bus  0, device   3, function 0:
    USB controller: PCI device 1b36:000d
      PCI subsystem 1af4:1100
      IRQ 11, pin A
      BAR0: 64 bit memory at 0xfeab0000 [0xfeab3fff].
      id ""
  Bus  0, device   4, function 0:
    PCI bridge: PCI device 1b36:000c
      IRQ 10, pin A
      BUS 0.
      secondary bus 1.
      subordinate bus 1.
      IO range [0xc000, 0xbfff]
      memory range [0xfe800000, 0xfe9fffff]
      prefetchable memory range [0xfe000000, 0xfe1fffff]
      BAR0: 32 bit memory at 0xfeab5000 [0xfeab5fff].
      id "rp1"
  Bus  1, device   0, function 0:
    Class 0255: PCI device 1af4:1044
      PCI subsystem 1af4:1100
      IRQ 10, pin A
      BAR1: 32 bit memory at 0xfe800000 [0xfe800fff].
      BAR4: 64 bit prefetchable memory at 0xfe000000 [0xfe003fff].
      id ""
  Bus  0, device  31, function 0:
    ISA bridge: PCI device 8086:2918
      PCI subsystem 1af4:1100
      id ""
  Bus  0, device  31, function 2:
    SATA controller: PCI device 8086:2922
      PCI subsystem 1af4:1100
      IRQ 10, pin A
      BAR4: I/O at 0xc080 [0xc09f].
      BAR5: 32 bit memory at 0xfeab6000 [0xfeab6fff].
      id ""
  Bus  0, device  31, function 3:
    SMBus: PCI device 8086:2930
      PCI subsystem 1af4:1100
      IRQ 10, pin A
      BAR4: I/O at 0x0700 [0x073f].
      id ""
