[tsc+499466] F4-20 bring-up: stage console (first sign of life)
[tsc+1782616] end console ticks 2027976
[tsc+2297566] stage cpu
  vendor AuthenticAMD max leaf 13 signature 0x00060fb1 hypervisor bit set
[tsc+3756276] end cpu ticks 1682296
[tsc+4050672] stage memory
  mem_lower KiB 639 mem_upper KiB 129920
  range 0x000000000 + 0x00009fc00 usable
  range 0x00009fc00 + 0x000000400 reserved (type 2)
  range 0x0000f0000 + 0x000010000 reserved (type 2)
  range 0x000100000 + 0x007ee0000 usable
  range 0x007fe0000 + 0x000020000 reserved (type 2)
  range 0x0b0000000 + 0x010000000 reserved (type 2)
  range 0x0fed1c000 + 0x000004000 reserved (type 2)
  range 0x0fffc0000 + 0x000040000 reserved (type 2)
  range 0xd00000000 + 0x300000000 reserved (type 2)
  usable RAM KiB 130559
[tsc+8654294] end memory ticks 4821198
[tsc+8950332] stage smbios
  entry _SM3_ at 0xf52f0 version 3.0 checksum ok
  type 0 firmware: vendor "SeaBIOS" version "1.16.3-debian-1.16.3-2" date "04/01/2014"
  type 1 system: maker "DR401-lab" product "spare-pc" version "1"
  structure types: 0 1 3 4 16 17 19 32 127 (9 structures)
[tsc+12562848] end smbios ticks 3840608
[tsc+12869018] stage acpi
acpi: RSDP at 0x000f52d0, RSDT at 0x07fe22ae
  tables: FACP APIC HPET MCFG WAET
[tsc+14626302] end acpi ticks 1992038
[tsc+14952452] stage legacy
  i8042 status port 0x64 reads 0x1c -> present; ready after ticks 70550
[tsc+16048900] end legacy ticks 1344976
[tsc+16381456] stage pci
  bound    00:00.0 8086:29c0 class 06 00 -> host-bridge (class, inventory only)
  NO DRIVER 00:01.0 1234:11e8 class 00 ff
  bound    00:1f.0 8086:2918 class 06 01 -> isa-bridge (class, inventory only)
  bound    00:1f.2 8086:2922 class 01 06 -> ahci (class)
  NO DRIVER 00:1f.3 8086:2930 class 0c 05
  functions bound 3, without a driver 2
[tsc+22975042] end pci ticks 6802794
[tsc+23258892] bring-up complete
