[tsc+430042] F4-20 bring-up: stage console (first sign of life)
[tsc+1390134] end console ticks 1625546
[tsc+1927050] stage cpu
  vendor AuthenticAMD max leaf 13 signature 0x00060fb1 hypervisor bit set
[tsc+3079476] end cpu ticks 1323624
[tsc+3317844] stage memory
  mem_lower KiB 639 mem_upper KiB 129920
  range 0x000000000 + 0x00009fc00 usable
  range 0x00009fc00 + 0x000000400 reserved (type 2)
  range 0x0000f0000 + 0x000010000 reserved (type 2)
  range 0x000100000 + 0x007ee0000 usable
  range 0x007fe0000 + 0x000020000 reserved (type 2)
  range 0x0b0000000 + 0x010000000 reserved (type 2)
  range 0x0fed1c000 + 0x000004000 reserved (type 2)
  range 0x0fffc0000 + 0x000040000 reserved (type 2)
  range 0xd00000000 + 0x300000000 reserved (type 2)
  usable RAM KiB 130559
[tsc+7240372] end memory ticks 4188286
[tsc+7590692] stage smbios
  entry _SM3_ at 0xf52e0 version 3.0 checksum ok
  type 0 firmware: vendor "SeaBIOS" version "1.16.3-debian-1.16.3-2" date "04/01/2014"
  type 1 system: maker "QEMU" product "Standard PC (Q35 + ICH9, 2009)" version "pc-q35-8.2"
  structure types: 0 1 3 4 16 17 19 32 127 (9 structures)
[tsc+10380868] end smbios ticks 2884134
[tsc+10496832] stage acpi
acpi: RSDP at 0x000f52c0, RSDT at 0x07fe2252
  tables: FACP APIC HPET MCFG WAET
[tsc+11540976] end acpi ticks 1111904
[tsc+11655270] stage legacy
  i8042: waiting for input buffer empty, stopped after ticks 4000185716
[tsc+4012487364] end legacy ticks 4000915102
[tsc+4012634438] stage pci
  bound    00:00.0 8086:29c0 class 06 00 -> host-bridge (class, inventory only)
  NO DRIVER 00:01.0 1234:11e8 class 00 ff
  bound    00:1f.0 8086:2918 class 06 01 -> isa-bridge (class, inventory only)
  bound    00:1f.2 8086:2922 class 01 06 -> ahci (class)
  NO DRIVER 00:1f.3 8086:2930 class 0c 05
  functions bound 3, without a driver 2
[tsc+4017220264] end pci ticks 4670594
[tsc+4017399838] bring-up complete
