after scan   1: known 1201, wrong 'O'  35 (far from walls  0), wrong '.' 0
after scan  20: known 3163, wrong 'O' 129 (far from walls  0), wrong '.' 1
after scan  60: known 3703, wrong 'O' 192 (far from walls  0), wrong '.' 1
route 25.75 m, 97 scans of 360 beams
final: known 4079 of 4800 cells, wrong 'O' 252 (far from walls 0), wrong '.' 1, correct 'O' 452
one wall cell (i=40,j=5):  log-odds +3.20  p=0.961
one floor cell (i=20,j=20): log-odds -4.00  p=0.018
map (each character = 2 x 2 cells = 0.2 m x 0.2 m; O occupied, . free, blank unknown):
|        OOOOOOOOOOOOOOOOOOOOOOOOOOOOOOOO|
|         O.........OO..................O|
|         O.........OO...............O.  |
|         O.........OO..............OO   |
|         O.........OO..............OO   |
|         O.........OO..............OO   |
|O        O.........OO..............OO   |
|OOOOOOOOOO.........OO..............OO   |
|O..................OO..............OO   |
|O..................OO..............OOOOO|
|O..................OO..................O|
|O..................OO..................O|
|OOOOOOOO....OOOOOOOOOOOOOOOO....OOOOOOOO|
|O.O..O......OO.....OO.O..OOO....O......O|
|O..................OO..................O|
|O..................OO..................O|
|O..................OO..................O|
|O..................OO..................O|
|O..................OO..................O|
|O..................OO..................O|
|O............................OOOOOO....O|
|O............................OO    ....O|
|O............................OO     ...O|
|O..................O.........OO     ...O|
|O..................OO.........O      ..O|
|O.OOOOOOOOOOO......OO.............   ..O|
|O..         O......OO................ .O|
|O.          O......OO..................O|
|O.          O......OO..................O|
|O         OOOOOOOOOOOOOOOOOOOOOOOOOOOOOO|
