scan 0 at x=1.00 y=1.90 th=-0.11; beams 20..40 (degrees from heading):
  beam  20: 2.000 m
  beam  24: 2.000 m
  beam  28: 2.000 m
  beam  32: 2.000 m
  beam  36: 2.000 m
  beam  40: 2.000 m
97 scans; known 3877 cells, wrong 'O' 165 (far from walls 0), wrong '.' 4
|        OOOOOOOOOOOOOOOOOOOOOOOOOOOOOOO |
|         O.........OO.................  |
|         O.........OO..............OO   |
|         O.........OO..............OO   |
|         O.........OO..............OO   |
|         O.........OO..............OO   |
|         O.........OO...............O   |
|OOOOOOOOOO.........OO..............OO   |
|O..................OO..............OO   |
|O..................OO...............OOO.|
|O..................OO..................O|
|O..................OO..................O|
|OOOOOOOO....OOOOOOOOOOOOOOOO...OOOOOOOOO|
|O.....O.....OO.....OOOOO.OO.....OO.....O|
|O..................OO..................O|
|O..................OO..................O|
|O..................OO..................O|
|O..................OO..................O|
|O..................OO...................|
|O..................OO...................|
|O............................OOOOOO.....|
|O............................OO     ... |
|O.............................O      .  |
|O.............................O         |
|O..................OO.........O         |
|O.OOOOOOOOOOO......OO...........        |
|O..         O......OO............       |
|O.          O......OO............       |
|O.          O......OO............       |
|O          OOOOOOOOOOOOOOOOOOO.         |
