ptxas warning : For profile sm_80 adjusting per thread register count of 16 to lower bound of 24
24 bytes stack frame, 68 bytes spill stores, 48 bytes spill loads
ptxas info    : Used 24 registers, 376 bytes cmem[0]
--- opcode counts
      4 BRA
     16 FADD
     16 FFMA
     16 FMUL
     16 LDG.E.CONSTANT
     12 LDL.LU
      1 STG.E
     17 STL
--- memory instructions and branches, in order
0090  @P0 BRA 0x160
00a0  STL [R1+0x10], RZ
00e0  STL [R1+0xc], RZ
0120  STL [R1+0x8], RZ
0130  STL [R1+0x4], RZ
0140  STL [R1], RZ
0150  BRA 0x6b0
0160  STL [R1+0x10], RZ
01a0  STL [R1+0xc], RZ
01e0  STL [R1+0x8], RZ
01f0  STL [R1+0x4], RZ
0200  STL [R1], RZ
0210  STL [R1+0x14], RZ
0260  LDL.LU R19, [R1+0x14]
02b0  LDG.E.CONSTANT R11, [R12.64]
02c0  LDG.E.CONSTANT R14, [R12.64+0x8]
02d0  LDG.E.CONSTANT R10, [R12.64+0xc]
02e0  LDG.E.CONSTANT R15, [R12.64+0x4]
02f0  LDG.E.CONSTANT R18, [R12.64+0x10]
0300  LDG.E.CONSTANT R17, [R12.64+0x14]
0310  LDG.E.CONSTANT R16, [R12.64+0x18]
0380  LDG.E.CONSTANT R19, [R12.64+0x2c]
0390  STL [R1+0x14], R11
03c0  LDG.E.CONSTANT R14, [R12.64+0x20]
03e0  LDG.E.CONSTANT R10, [R12.64+0x24]
03f0  LDG.E.CONSTANT R11, [R12.64+0x1c]
0400  LDG.E.CONSTANT R15, [R12.64+0x28]
0460  LDG.E.CONSTANT R18, [R12.64+0x30]
0480  LDG.E.CONSTANT R17, [R12.64+0x34]
0490  LDG.E.CONSTANT R16, [R12.64+0x38]
04c0  LDG.E.CONSTANT R12, [R12.64+0x3c]
04e0  LDL.LU R13, [R1+0x4]
0510  LDL.LU R11, [R1]
0540  LDL.LU R14, [R1+0x8]
0550  LDL.LU R10, [R1+0xc]
0560  LDL.LU R15, [R1+0x10]
05e0  STL [R1], R11
0640  STL [R1+0x4], R15
0650  STL [R1+0x8], R14
0660  STL [R1+0x10], R10
0670  STL [R1+0xc], R13
0680  @!P0 BRA 0x220
0690  LDL.LU R15, [R1+0x14]
06b0  LDL.LU R12, [R1]
06c0  LDL.LU R11, [R1+0x4]
06d0  LDL.LU R14, [R1+0x8]
06e0  LDL.LU R13, [R1+0xc]
06f0  LDL.LU R10, [R1+0x10]
0840  STG.E [R2.64], R5
0860  BRA 0x860
