0 bytes stack frame, 0 bytes spill stores, 0 bytes spill loads
ptxas info    : Used 31 registers, 376 bytes cmem[0]
--- opcode counts
      4 BRA
     16 FADD
     16 FFMA
     16 FMUL
     16 LDG.E.CONSTANT
      1 STG.E
--- memory instructions and branches, in order
0080  @P0 BRA 0x150
0140  BRA 0x5c0
0260  LDG.E.CONSTANT R13, [R2.64+-0x20]
0270  LDG.E.CONSTANT R26, [R2.64+-0x1c]
0280  LDG.E.CONSTANT R24, [R2.64+-0x18]
0290  LDG.E.CONSTANT R25, [R2.64+-0x14]
02b0  LDG.E.CONSTANT R22, [R2.64+-0x10]
02e0  LDG.E.CONSTANT R23, [R2.64+-0xc]
0320  LDG.E.CONSTANT R13, [R2.64+-0x8]
0350  LDG.E.CONSTANT R24, [R2.64+-0x4]
0360  LDG.E.CONSTANT R26, [R2.64]
0370  LDG.E.CONSTANT R25, [R2.64+0x4]
03a0  LDG.E.CONSTANT R22, [R2.64+0x8]
03f0  LDG.E.CONSTANT R23, [R2.64+0xc]
0440  LDG.E.CONSTANT R24, [R2.64+0x18]
0460  LDG.E.CONSTANT R26, [R2.64+0x10]
0480  LDG.E.CONSTANT R25, [R2.64+0x14]
0490  LDG.E.CONSTANT R13, [R2.64+0x1c]
05a0  @!P0 BRA 0x240
06d0  STG.E [R2.64], R11
06f0  BRA 0x6f0
