.text._Z12axpyRestrictifPKfPf:
	//## File "kernels.cu", line 18
        /*0000*/                   MOV R1, c[0x0][0x28]
	//## File "kernels.cu", line 20
        /*0010*/                   S2R R4, SR_CTAID.X
        /*0020*/                   S2R R3, SR_TID.X
        /*0030*/                   IMAD R4, R4, c[0x0][0x0], R3
	//## File "kernels.cu", line 21
        /*0040*/                   ISETP.GE.AND P0, PT, R4, c[0x0][0x160], PT
        /*0050*/               @P0 EXIT
	//## File "kernels.cu", line 22
        /*0060*/                   HFMA2.MMA R5, -RZ, RZ, 0, 2.384185791015625e-07
        /*0070*/                   ULDC.64 UR4, c[0x0][0x118]
        /*0080*/                   IMAD.WIDE R2, R4, R5, c[0x0][0x168]
        /*0090*/                   IMAD.WIDE R4, R4, R5, c[0x0][0x170]
        /*00a0*/                   LDG.E.CONSTANT R2, [R2.64]
        /*00b0*/                   LDG.E R7, [R4.64]
        /*00c0*/                   FFMA R7, R2, c[0x0][0x164], R7
        /*00d0*/                   STG.E [R4.64], R7
	//## File "kernels.cu", line 24
        /*00e0*/                   EXIT
