$ cmake --help-command add_library | sed -n '1,9p'
add_library
-----------

Add a library to the project using the specified source files.

Normal Libraries
^^^^^^^^^^^^^^^^

 add_library(<name> [STATIC | SHARED | MODULE]
$ cmake --help-command add_executable | sed -n '1,9p'
add_executable
--------------

Add an executable to the project using the specified source files.

Normal Executables
^^^^^^^^^^^^^^^^^^

 add_executable(<name> [WIN32] [MACOSX_BUNDLE]
$ cmake --help-command target_link_libraries | sed -n '1,9p'
target_link_libraries
---------------------

Specify libraries or flags to use when linking a given target and/or
its dependents.  :ref:`Usage requirements <Target Usage Requirements>`
from linked library targets will be propagated.  Usage requirements
of a target's dependencies affect compilation of its own sources.

Overview
$ cmake --help-command target_include_directories | sed -n '1,9p'
target_include_directories
--------------------------

Add include directories to a target.

 target_include_directories(<target> [SYSTEM] [AFTER|BEFORE]
   <INTERFACE|PUBLIC|PRIVATE> [items1...]
   [<INTERFACE|PUBLIC|PRIVATE> [items2...] ...])

$ cmake --help-command add_test | sed -n '1,9p'
add_test
--------

Add a test to the project to be run by ``ctest(1)``.

 add_test(NAME <name> COMMAND <command> [<arg>...]
          [CONFIGURATIONS <config>...]
          [WORKING_DIRECTORY <dir>]
          [COMMAND_EXPAND_LISTS])
$ cmake --help-command enable_testing | sed -n '1,9p'
enable_testing
--------------

Enable testing for current directory and below.

 enable_testing()

Enables testing for this directory and below.

$ cmake --help-variable CMAKE_BUILD_TYPE | sed -n '1,14p'
CMAKE_BUILD_TYPE
----------------

Specifies the build type on single-configuration generators (e.g.
:ref:`Makefile Generators` or ``Ninja``).  Typical values include
``Debug``, ``Release``, ``RelWithDebInfo`` and ``MinSizeRel``, but custom
build types can also be defined.

This variable is initialized by the first ``project()`` or
``enable_language()`` command called in a project when a new build
tree is first created.  If the ``CMAKE_BUILD_TYPE`` environment
variable is set, its value is used.  Otherwise, a toolchain-specific
default is chosen when a language is enabled.  The default value is often
an empty string, but this is usually not desirable and one of the other
$ cmake --help-command add_library | sed -n '/^Interface Libraries/,/^target using/p' | sed -n '1,12p'
Interface Libraries
^^^^^^^^^^^^^^^^^^^

 add_library(<name> INTERFACE)

Creates an :ref:`Interface Library <Interface Libraries>`.
An ``INTERFACE`` library target does not compile sources and does
not produce a library artifact on disk.  However, it may have
properties set on it and it may be installed and exported.
Typically, ``INTERFACE_*`` properties are populated on an interface
target using the commands:
$ cmake --help-command target_link_libraries | sed -n '/^Libraries and targets following/,/^used for linking/p'
Libraries and targets following ``PUBLIC`` are linked to, and are made
part of the link interface.  Libraries and targets following ``PRIVATE``
are linked to, but are not made part of the link interface.  Libraries
following ``INTERFACE`` are appended to the link interface and are not
used for linking ``<target>``.
Libraries and targets following ``LINK_PUBLIC`` are linked to, and are
made part of the ``INTERFACE_LINK_LIBRARIES``.  If policy
``CMP0022`` is not ``NEW``, they are also made part of the
``LINK_INTERFACE_LIBRARIES``.  Libraries and targets following
``LINK_PRIVATE`` are linked to, but are not made part of the
``INTERFACE_LINK_LIBRARIES`` (or ``LINK_INTERFACE_LIBRARIES``).

Libraries for Dependents Only (Legacy)
^^^^^^^^^^^^^^^^^^^^^^^^^^^^^^^^^^^^^^

 target_link_libraries(<target> LINK_INTERFACE_LIBRARIES <item>...)

The ``LINK_INTERFACE_LIBRARIES`` mode appends the libraries to the
``INTERFACE_LINK_LIBRARIES`` target property instead of using them
for linking.  If policy ``CMP0022`` is not ``NEW``, then this mode
also appends libraries to the ``LINK_INTERFACE_LIBRARIES`` and its
per-configuration equivalent.

This signature is for compatibility only.  Prefer the ``INTERFACE`` mode
instead.

Libraries specified as ``debug`` are wrapped in a generator expression to
correspond to debug builds.  If policy ``CMP0022`` is
not ``NEW``, the libraries are also appended to the
``LINK_INTERFACE_LIBRARIES_DEBUG``
property (or to the properties corresponding to configurations listed in
the ``DEBUG_CONFIGURATIONS`` global property if it is set).
Libraries specified as ``optimized`` are appended to the
``INTERFACE_LINK_LIBRARIES`` property.  If policy ``CMP0022``
is not ``NEW``, they are also appended to the
``LINK_INTERFACE_LIBRARIES`` property.  Libraries specified as
``general`` (or without any keyword) are treated as if specified for both
``debug`` and ``optimized``.

Linking Object Libraries
^^^^^^^^^^^^^^^^^^^^^^^^

.. versionadded:: 3.12

:ref:`Object Libraries` may be used as the ``<target>`` (first) argument
of ``target_link_libraries`` to specify dependencies of their sources
on other libraries.  For example, the code

 add_library(A SHARED a.c)
 target_compile_definitions(A PUBLIC A)

 add_library(obj OBJECT obj.c)
 target_compile_definitions(obj PUBLIC OBJ)
 target_link_libraries(obj PUBLIC A)

compiles ``obj.c`` with ``-DA -DOBJ`` and establishes usage requirements
for ``obj`` that propagate to its dependents.

Normal libraries and executables may link to :ref:`Object Libraries`
to get their objects and usage requirements.  Continuing the above
example, the code

 add_library(B SHARED b.c)
 target_link_libraries(B PUBLIC obj)

compiles ``b.c`` with ``-DA -DOBJ``, creates shared library ``B``
with object files from ``b.c`` and ``obj.c``, and links ``B`` to ``A``.
Furthermore, the code

 add_executable(main main.c)
 target_link_libraries(main B)

compiles ``main.c`` with ``-DA -DOBJ`` and links executable ``main``
to ``B`` and ``A``.  The object library's usage requirements are
propagated transitively through ``B``, but its object files are not.

:ref:`Object Libraries` may "link" to other object libraries to get
usage requirements, but since they do not have a link step nothing
is done with their object files.  Continuing from the above example,
the code:

 add_library(obj2 OBJECT obj2.c)
 target_link_libraries(obj2 PUBLIC obj)

 add_executable(main2 main2.c)
 target_link_libraries(main2 obj2)

compiles ``obj2.c`` with ``-DA -DOBJ``, creates executable ``main2``
with object files from ``main2.c`` and ``obj2.c``, and links ``main2``
to ``A``.

In other words, when :ref:`Object Libraries` appear in a target's
``INTERFACE_LINK_LIBRARIES`` property they will be
treated as :ref:`Interface Libraries`, but when they appear in
a target's ``LINK_LIBRARIES`` property their object files
will be included in the link too.

Linking Object Libraries via ``$<TARGET_OBJECTS>``
""""""""""""""""""""""""""""""""""""""""""""""""""

.. versionadded:: 3.21

The object files associated with an object library may be referenced
by the ``$<TARGET_OBJECTS>`` generator expression.  Such object
files are placed on the link line *before* all libraries, regardless
of their relative order.  Additionally, an ordering dependency will be
added to the build system to make sure the object library is up-to-date
before the dependent target links.  For example, the code

 add_library(obj3 OBJECT obj3.c)
 target_compile_definitions(obj3 PUBLIC OBJ3)

 add_executable(main3 main3.c)
 target_link_libraries(main3 PRIVATE a3 $<TARGET_OBJECTS:obj3> b3)

links executable ``main3`` with object files from ``main3.c``
and ``obj3.c`` followed by the ``a3`` and ``b3`` libraries.
``main3.c`` is *not* compiled with usage requirements from ``obj3``,
such as ``-DOBJ3``.

This approach can be used to achieve transitive inclusion of object
files in link lines as usage requirements.  Continuing the above
example, the code

 add_library(iface_obj3 INTERFACE)
 target_link_libraries(iface_obj3 INTERFACE obj3 $<TARGET_OBJECTS:obj3>)

creates an interface library ``iface_obj3`` that forwards the ``obj3``
usage requirements and adds the ``obj3`` object files to dependents'
link lines.  The code

 add_executable(use_obj3 use_obj3.c)
 target_link_libraries(use_obj3 PRIVATE iface_obj3)

compiles ``use_obj3.c`` with ``-DOBJ3`` and links executable ``use_obj3``
with object files from ``use_obj3.c`` and ``obj3.c``.

This also works transitively through a static library.  Since a static
library does not link, it does not consume the object files from
object libraries referenced this way.  Instead, the object files
become transitive link dependencies of the static library.
Continuing the above example, the code

 add_library(static3 STATIC static3.c)
 target_link_libraries(static3 PRIVATE iface_obj3)

 add_executable(use_static3 use_static3.c)
 target_link_libraries(use_static3 PRIVATE static3)

compiles ``static3.c`` with ``-DOBJ3`` and creates ``libstatic3.a``
using only its own object file.  ``use_static3.c`` is compiled *without*
``-DOBJ3`` because the usage requirement is not transitive through
the private dependency of ``static3``.  However, the link dependencies
of ``static3`` are propagated, including the ``iface_obj3`` reference
to ``$<TARGET_OBJECTS:obj3>``.  The ``use_static3`` executable is
created with object files from ``use_static3.c`` and ``obj3.c``, and
linked to library ``libstatic3.a``.

When using this approach, it is the project's responsibility to avoid
linking multiple dependent binaries to ``iface_obj3``, because they will
all get the ``obj3`` object files on their link lines.

.. note::

  Referencing ``$<TARGET_OBJECTS>`` in ``target_link_libraries``
  calls worked in versions of CMake prior to 3.21 for some cases,
  but was not fully supported:

  * It did not place the object files before libraries on link lines.
  * It did not add an ordering dependency on the object library.
  * It did not work in Xcode with multiple architectures.

Cyclic Dependencies of Static Libraries
^^^^^^^^^^^^^^^^^^^^^^^^^^^^^^^^^^^^^^^

The library dependency graph is normally acyclic (a DAG), but in the case
of mutually-dependent ``STATIC`` libraries CMake allows the graph to
contain cycles (strongly connected components).  When another target links
to one of the libraries, CMake repeats the entire connected component.
For example, the code

 add_library(A STATIC a.c)
 add_library(B STATIC b.c)
 target_link_libraries(A B)
 target_link_libraries(B A)
 add_executable(main main.c)
 target_link_libraries(main A)

links ``main`` to ``A B A B``.  While one repetition is usually
sufficient, pathological object file and symbol arrangements can require
more.  One may handle such cases by using the
``LINK_INTERFACE_MULTIPLICITY`` target property or by manually
repeating the component in the last ``target_link_libraries`` call.
However, if two archives are really so interdependent they should probably
be combined into a single archive, perhaps by using :ref:`Object Libraries`.

Creating Relocatable Packages
^^^^^^^^^^^^^^^^^^^^^^^^^^^^^


Note that it is not advisable to populate the
``INTERFACE_LINK_LIBRARIES`` of a target with absolute paths to dependencies.
That would hard-code into installed packages the library file paths
for dependencies **as found on the machine the package was made on**.

See the :ref:`Creating Relocatable Packages` section of the
``cmake-packages(7)`` manual for discussion of additional care
that must be taken when specifying usage requirements while creating
packages for redistribution.

See Also
^^^^^^^^

* ``target_compile_definitions()``
* ``target_compile_features()``
* ``target_compile_options()``
* ``target_include_directories()``
* ``target_link_directories()``
* ``target_link_options()``
* ``target_precompile_headers()``
* ``target_sources()``
$ cmake --help-command option | sed -n '1,9p'
option
------

Provide a boolean option that the user can optionally select.

 option(<variable> "<help_text>" [value])

If no initial ``<value>`` is provided, boolean ``OFF`` is the default value.
If ``<variable>`` is already set as a normal or cache variable,
$ cmake --help-variable CMAKE_EXPORT_COMPILE_COMMANDS | sed -n '1,10p'
CMAKE_EXPORT_COMPILE_COMMANDS
-----------------------------

.. versionadded:: 3.5

Enable/Disable output of compile commands during generation.

If enabled, generates a ``compile_commands.json`` file containing the exact
compiler calls for all translation units of the project in machine-readable
form.  The format of the JSON file looks like:
$ cmake --help-property PASS_REGULAR_EXPRESSION | sed -n '1,6p'
PASS_REGULAR_EXPRESSION
-----------------------

The output must match this regular expression for the test to pass.
The process exit code is ignored.

