$ CXX=g++-13 cmake -S . -B build -DCMAKE_BUILD_TYPE=Release -DCMAKE_CXX_FLAGS=-Werror
-- The CXX compiler identification is GNU 13.3.0
-- Detecting CXX compiler ABI info
-- Detecting CXX compiler ABI info - done
-- Check for working CXX compiler: /usr/bin/g++-13 - skipped
-- Detecting CXX compile features
-- Detecting CXX compile features - done
-- Configuring done (0.2s)
-- Generating done (0.0s)
-- Build files have been written to: <work>/f_ci/build
$ cmake --build build --verbose
Change Dir: '<work>/f_ci/build'

Run Build Command(s): /usr/bin/cmake -E env VERBOSE=1 /usr/bin/gmake -f Makefile
/usr/bin/cmake -S<work>/f_ci -B<work>/f_ci/build --check-build-system CMakeFiles/Makefile.cmake 0
/usr/bin/cmake -E cmake_progress_start <work>/f_ci/build/CMakeFiles <work>/f_ci/build//CMakeFiles/progress.marks
/usr/bin/gmake  -f CMakeFiles/Makefile2 all
gmake[1]: Entering directory '<work>/f_ci/build'
/usr/bin/gmake  -f CMakeFiles/packer.dir/build.make CMakeFiles/packer.dir/depend
gmake[2]: Entering directory '<work>/f_ci/build'
cd <work>/f_ci/build && /usr/bin/cmake -E cmake_depends "Unix Makefiles" <work>/f_ci <work>/f_ci <work>/f_ci/build <work>/f_ci/build <work>/f_ci/build/CMakeFiles/packer.dir/DependInfo.cmake "--color="
gmake[2]: Leaving directory '<work>/f_ci/build'
/usr/bin/gmake  -f CMakeFiles/packer.dir/build.make CMakeFiles/packer.dir/build
gmake[2]: Entering directory '<work>/f_ci/build'
[ 33%] Building CXX object CMakeFiles/packer.dir/src/main.cpp.o
/usr/bin/g++-13  -I<work>/f_ci/include -Werror -O3 -DNDEBUG -std=c++20 -Wall -Wextra -MD -MT CMakeFiles/packer.dir/src/main.cpp.o -MF CMakeFiles/packer.dir/src/main.cpp.o.d -o CMakeFiles/packer.dir/src/main.cpp.o -c <work>/f_ci/src/main.cpp
In file included from <work>/f_ci/src/main.cpp:1:
<work>/f_ci/include/checksum.h:5:6: error: 'uint32_t' in namespace 'std' does not name a type; did you mean 'wint_t'?
    5 | std::uint32_t checksum(const std::string& text);
      |      ^~~~~~~~
      |      wint_t
<work>/f_ci/src/main.cpp: In function 'int main()':
<work>/f_ci/src/main.cpp:7:48: error: 'checksum' was not declared in this scope
    7 |     std::printf("checksum(\"packer\") = %u\n", checksum("packer"));
      |                                                ^~~~~~~~
gmake[2]: *** [CMakeFiles/packer.dir/build.make:76: CMakeFiles/packer.dir/src/main.cpp.o] Error 1
gmake[2]: Leaving directory '<work>/f_ci/build'
gmake[1]: *** [CMakeFiles/Makefile2:83: CMakeFiles/packer.dir/all] Error 2
gmake[1]: Leaving directory '<work>/f_ci/build'
gmake: *** [Makefile:91: all] Error 2

