parameters: rc_timeout=1.0 s rc_action=RTL
   t[s] mode     rc_valid  rc_lq     ch5     x[m]     y[m]   home[m]
   5.00 TAKEOFF         1    100    1499     0.26     0.22      0.34
  10.00 MISSION         1    100    1502    12.95     0.38     12.96
  15.00 MISSION         1    100    1499    34.70     0.27     34.70
  20.00 MISSION         1    100    1500    40.60    12.84     42.58
  25.00 MISSION         1    100    1501    40.55    34.17     53.02
  30.00 MISSION         1    100    1500    29.05    40.31     49.68
  35.00 MISSION         1    100    1498     8.95    40.31     41.29
  39.00 MISSION         1    100    1502     0.41    36.44     36.44
  39.50 MISSION         1    100    1498     0.46    34.42     34.43
  40.00 MISSION         1    100    1499     0.52    32.38     32.38
  40.50 MISSION         1      0    1499     0.57    30.32     30.33
  41.00 MISSION         1      0    1499     0.62    28.28     28.28
  41.50 MISSION         1      0    1499     0.65    26.23     26.23
  42.00 MISSION         1      0    1499     0.69    24.17     24.18
  42.50 MISSION         1      0    1499     0.71    22.12     22.13
  45.00 MISSION         1      0    1499     0.70    11.86     11.88
  50.00 MISSION         1      0    1499     6.03     0.24      6.03
  55.00 MISSION         1      0    1499    27.77     0.35     27.78
  60.00 MISSION         1      0    1499    40.44     6.27     40.92
  65.00 MISSION         1      0    1499    40.70    27.60     49.18
  70.00 MISSION         1      0    1499    35.28    40.21     53.50
  75.00 MISSION         1      0    1499    15.17    40.37     43.12
  80.00 MISSION         1      0    1499     0.36    38.59     38.59
  85.00 MISSION         1      0    1499     0.72    18.43     18.44
  90.00 MISSION         1      0    1499     0.43     0.59      0.73
  95.00 MISSION         1      0    1499    20.48     0.36     20.48
 100.00 MISSION         1      0    1499    39.69     0.48     39.69
 105.00 MISSION         1      0    1499    40.70    20.46     45.56
 110.00 MISSION         1      0    1499    40.14    39.46     56.29
 115.00 MISSION         1      0    1499    21.87    40.36     45.91
 120.00 MISSION         1      0    1499     2.22    40.19     40.26
 125.00 MISSION         1      0    1499     0.63    25.02     25.02
 130.00 MISSION         1      0    1499     0.47     4.52      4.54
 135.00 LAND            1      0    1499     0.58     0.99      1.15
 140.00 LAND            1      0    1499     0.62     1.01      1.19
 145.00 LAND            1      0    1499     0.62     1.01      1.18
 150.00 LAND            1      0    1499     0.62     1.02      1.19
 155.00 LAND            1      0    1499     0.64     1.02      1.20
 160.00 LAND            1      0    1499     0.63     1.03      1.21
event    0.00 s  DISARMED -> TAKEOFF (armed)
event    6.34 s  TAKEOFF -> MISSION (take-off altitude reached)
event   16.22 s  waypoint 1 reached
event   26.39 s  waypoint 2 reached
event   37.32 s  waypoint 3 reached
event   47.90 s  waypoint 4 reached
event   57.76 s  waypoint 5 reached
event   67.94 s  waypoint 6 reached
event   78.92 s  waypoint 7 reached
event   89.57 s  waypoint 8 reached
event   99.43 s  waypoint 9 reached
event  109.61 s  waypoint 10 reached
event  120.52 s  waypoint 11 reached
event  131.14 s  waypoint 12 reached
event  131.14 s  MISSION -> RTL (mission complete)
event  134.51 s  RTL -> LAND (home reached)
event  160.24 s  LAND -> DISARMED (landed)
