worked: T_WR = [[0, -1, 3], [1, 0, 1], [0, 0, 1]]
worked: T_RS = [[1, 0, 0.5], [0, 1, 0], [0, 0, 1]]
worked: T_WS = T_WR*T_RS = [[0, -1, 3], [1, 0, 1.5], [0, 0, 1]]
worked: cup in world = (3, 3.5, 1)
worked: wrong order T_RS*T_WR = [[0, -1, 3.5], [1, 0, 1], [0, 0, 1]]
worked: wrong-order cup = (3.5, 3, 1)
worked: T_SW = inverse = [[0, 1, -1.5], [-1, 0, 3], [0, 0, 1]]
worked: T_SW * cupW = (2, 0, 1)
worked: forward direction (1,0,0) in world = (0, 1, 0)
Q2: pose (1,2,0) applied to (3,4,1) = (4, 6, 1)
Q3: translate(1,0)*rot90 applied to (1,0,1) = (1, 1, 1)
Q3: rot90*translate(1,0) applied to (1,0,1) = (0, 2, 1)
Q4: inverse of pose (3,1,90) = [[0, 1, -1], [-1, 0, 3], [0, 0, 1]]
Q4: check pose*inverse = [[1, 0, 0], [0, 1, 0], [0, 0, 1]]
Q5: direction (0,1,0) under pose (5,5,90) = (-1, 0, 0)
Q6: 3D, R = I, t = (1,2,3), point (1,1,1) -> (2, 3, 4)
multiply-adds: 4x4 times 4x4 = 64, 3x3 times point = 9, 4x4 times point = 16
forensic: robot at (0.5, 0): error (R_RS - I) t = (-0.06699, 0.25), estimate (3.933, 2.75)
forensic: robot at (1, 0): error (R_RS - I) t = (-0.134, 0.5), estimate (3.866, 3)
forensic: robot at (1.5, 0): error (R_RS - I) t = (-0.201, 0.75), estimate (3.799, 3.25)
