T_WR =
      0.8660  -0.5000   2.0000
      0.5000   0.8660   1.0000
      0.0000   0.0000   1.0000
T_RS =
      0.9848  -0.1736   0.2000
      0.1736   0.9848   0.0000
      0.0000   0.0000   1.0000
T_WS = T_WR * T_RS =
      0.7660  -0.6428   2.1732
      0.6428   0.7660   1.1000
      0.0000   0.0000   1.0000
cup in sensor frame = (1.5000, 0.0000, 1.0000)
cup in robot frame  = T_RS * cupS = (1.6772, 0.2605, 1.0000)
cup in world frame  = T_WS * cupS = (3.3223, 2.0642, 1.0000)
wrong order T_RS * T_WR * cupS = (3.1450, 2.2963, 1.0000)
sensor's forward direction in world (w = 0) = (0.7660, 0.6428, 0.0000)
T_SW = inverse of T_WS =
      0.7660   0.6428  -2.3718
     -0.6428   0.7660   0.5543
      0.0000   0.0000   1.0000
T_WS * T_SW =
      1.0000   0.0000   0.0000
      0.0000   1.0000   0.0000
      0.0000   0.0000   1.0000
cup back in sensor frame = T_SW * cupW = (1.5000, 0.0000, 1.0000)
T_WC = T_WB * T_BC =
      0.0000  -1.0000   0.0000   1.0000
      1.0000   0.0000   0.0000   2.1000
      0.0000   0.0000   1.0000   0.4500
      0.0000   0.0000   0.0000   1.0000
marker in world frame = (1.0000, 4.1000, 0.4500, 1.0000)
