balanced: copy in 4.204 ms, kernel 4.000 ms, copy out 4.204 ms, serial 12.409 ms
  copy engines 2, issue order depth
  chunks  formula ms    model ms  speed-up
       1      12.409      12.409     1.00x
       2       8.306       8.321     1.49x
       4       6.255       6.293     1.97x
       8       5.230       5.309     2.34x
      16       4.717       4.876     2.54x
      64       4.332       4.972     2.50x
     256       4.236       6.796     1.83x
    1024       4.212      14.452     0.86x
    4096       4.206      45.166     0.27x
kernel-bound: copy in 4.204 ms, kernel 20.000 ms, copy out 4.204 ms, serial 28.409 ms
  copy engines 2, issue order depth
  chunks  formula ms    model ms  speed-up
       1      28.409      28.409     1.00x
       2      24.204      24.214     1.17x
       4      22.102      22.117     1.28x
       8      21.051      21.069     1.35x
      16      20.526      20.544     1.38x
      64      20.131      20.151     1.41x
