model: 100 steps, launch call 5 us, kernel 20 us, host preparation 15 us per step
A: synchronize after every launch
  kernel   start_us   end_us   gap_before_us
  step0        20.0     40.0             0.0
  step1        60.0     80.0            20.0
  step2       100.0    120.0            20.0
  step3       140.0    160.0            20.0
  step4       180.0    200.0            20.0
  ... (100 kernels)
  span 3980.0 us, GPU busy 2000.0 us = 50.3 %, longest gap 20.0 us
B: queue all launches, synchronize once
  kernel   start_us   end_us   gap_before_us
  step0        20.0     40.0             0.0
  step1        40.0     60.0             0.0
  step2        60.0     80.0             0.0
  step3        80.0    100.0             0.0
  step4       100.0    120.0             0.0
  ... (100 kernels)
  span 2000.0 us, GPU busy 2000.0 us = 100.0 %, longest gap 0.0 us
C: as B, but tiny kernels of 3 us and no host preparation (launch-bound)
  span 498.0 us, GPU busy 300.0 us = 60.2 %, longest gap 2.0 us
