OS303 teaching kernel: cpu0 in 64-bit mode
memory map (from the boot loader):
  0000000000000000-000000000009fbff type 1 (usable RAM)
  000000000009fc00-000000000009ffff type 2
  00000000000f0000-00000000000fffff type 2
  0000000000100000-000000000ffdffff type 1 (usable RAM)
  000000000ffe0000-000000000fffffff type 2
  00000000fffc0000-00000000ffffffff type 2
  000000fd00000000-000000ffffffffff type 2
frames: 64760 free of 4 KiB (259040 KiB), kernel ends at 0x2c0000, 9 boot modules
command line: 'kernel32.elf test=stackoverflow'
calibration against the PIT: APIC timer 635166 ticks per 10 ms (divide 16), TSC 2121318 cycles per ms
syscall: SYSCALL/SYSRET enabled; SMEP off, SMAP off
=== test stackoverflow ===
parser: depth 7

KERNEL CRASH: double fault (vector 8) on cpu0, thread 3 'parser'
  CR2 (address of the last page fault) = 0000000100005f68
  rip=0000000000101cc0 cs=8 rflags=202 rsp=0000000100005f70 ss=10
  rax=0000000000000028 rbx=0000000000000000 rcx=0000000000000000 rdx=0000000000000000
  rsi=0000000100009fc8 rdi=000000000012754e rbp=0000000100006770 r8 =0000000000000000
  r12=0000000000101d10 r13=0000000000127540 r14=0000000000000000 r15=0000000000000000
  thread stack: guard page 0000000100005000-0000000100005fff, stack 0000000100006000-0000000100009fff
  backtrace (return addresses; use addr2line -e kernel.elf):
    0000000000101cc0
    0000000000101d01
    0000000000101d01
    0000000000101d01
    0000000000101d01
    0000000000101d01
    0000000000101d01
    0000000000101d01
    0000000000101d1d
PANIC on cpu0: unrecoverable double fault in the kernel
