OS303 teaching kernel: cpu0 in 64-bit mode
memory map (from the boot loader):
  0000000000000000-000000000009fbff type 1 (usable RAM)
  000000000009fc00-000000000009ffff type 2
  00000000000f0000-00000000000fffff type 2
  0000000000100000-000000000ffdffff type 1 (usable RAM)
  000000000ffe0000-000000000fffffff type 2
  00000000fffc0000-00000000ffffffff type 2
  000000fd00000000-000000ffffffffff type 2
frames: 64760 free of 4 KiB (259040 KiB), kernel ends at 0x2c0000, 9 boot modules
command line: 'kernel32.elf test=threads'
calibration against the PIT: APIC timer 633883 ticks per 10 ms (divide 16), TSC 2120433 cycles per ms
syscall: SYSCALL/SYSRET enabled; SMEP off, SMAP off
=== test threads ===
fairness: 100 threads, 599 ticks of 10 ms; counters min 21282367, max 33445606, mean 27530814
fairness: max/min = 1.57 (bound: all non-zero and max/min <= 2.00)
preemption: main woke at tick 687 while 'spinner' loops (switched in 2 times so far)
preemption: main woke at tick 707 while 'spinner' loops (switched in 3 times so far)
preemption: main woke at tick 727 while 'spinner' loops (switched in 4 times so far)
preemption: main woke at tick 747 while 'spinner' loops (switched in 5 times so far)
preemption: main woke at tick 767 while 'spinner' loops (switched in 6 times so far)
preemption: the 10 'quick' threads finished too
preemption: spinner killed at a preemption point
baseline: free frames 64753, heap objects 1, stack slots 1, live threads 1
after 100000 create/exit: free frames 64753, heap objects 1, stack slots 1, live threads 1
create/exit: no leaked stacks, frames or heap objects
=== test threads: PASS ===
