0000  IMAD.MOV.U32 R1, RZ, RZ, c[0x0][0x28]
0010  S2R R0, SR_CTAID.X
0020  S2R R3, SR_TID.X
0030  IMAD R0, R0, c[0x0][0x0], R3
0040  ISETP.GE.AND P0, PT, R0, c[0x0][0x170], PT
0050  @P0 EXIT
0060  IMAD.MOV.U32 R3, RZ, RZ, 0x4
0070  ULDC.64 UR4, c[0x0][0x118]
0080  IMAD.WIDE R2, R0, R3, c[0x0][0x160]
0090  LDG.E R2, [R2.64]
00a0  SHF.R.S32.HI R7, RZ, 0x1f, R0
00b0  LOP3.LUT R4, R2, 0x1, RZ, 0xc0, !PT
00c0  ISETP.NE.U32.AND P0, PT, R4, 0x1, PT
00d0  @!P0 IMAD.MOV.U32 R5, RZ, RZ, 0x3
00e0  @P0 LEA.HI R4, R2, R2, RZ, 0x1
00f0  @!P0 IMAD R5, R2, R5, 0x1
0100  @P0 SHF.R.S32.HI R5, RZ, 0x1, R4
0110  ISETP.GT.AND P0, PT, R5, 0xa, PT
0120  VOTE.ANY R4, PT, P0
0130  LEA R2, P0, R0, c[0x0][0x168], 0x2
0140  POPC R4, R4
0150  LEA.HI.X R3, R0, c[0x0][0x16c], R7, 0x2, P0
0160  IADD3 R5, R4, 0x20, R5
0170  STG.E [R2.64], R5
0180  EXIT
0190  BRA 0x190
