Width 8, drawn lane by lane (# = lane active, . = lane masked off):
  path A (v = 3v + 1)    ........  skipped (no lane active)
  path B (v = v / 2)     ########  1 instr x 8 lanes
  reconverged (out = v)  ########  1 instr x 8 lanes
all even                   width  8: issued 2, useful lane-slots  16 of  16, SIMD efficiency 100.0 %
  path A (v = 3v + 1)    .#.#.#.#  2 instr x 4 lanes
  path B (v = v / 2)     #.#.#.#.  1 instr x 4 lanes
  reconverged (out = v)  ########  1 instr x 8 lanes
alternating odd/even       width  8: issued 4, useful lane-slots  20 of  32, SIMD efficiency  62.5 %
  path A (v = 3v + 1)    #.......  2 instr x 1 lanes
  path B (v = v / 2)     .#######  1 instr x 7 lanes
  reconverged (out = v)  ########  1 instr x 8 lanes
only lane 0 odd            width  8: issued 4, useful lane-slots  17 of  32, SIMD efficiency  53.1 %

The same patterns at the widths seen in the toolchain evidence (32 and 64):
all even                   width 32: issued 2, useful lane-slots  64 of  64, SIMD efficiency 100.0 %
alternating odd/even       width 32: issued 4, useful lane-slots  80 of 128, SIMD efficiency  62.5 %
only lane 0 odd            width 32: issued 4, useful lane-slots  65 of 128, SIMD efficiency  50.8 %
lanes 0-31 even, rest odd  width 32: issued 2, useful lane-slots  64 of  64, SIMD efficiency 100.0 %
all even                   width 64: issued 2, useful lane-slots 128 of 128, SIMD efficiency 100.0 %
alternating odd/even       width 64: issued 4, useful lane-slots 160 of 256, SIMD efficiency  62.5 %
only lane 0 odd            width 64: issued 4, useful lane-slots 129 of 256, SIMD efficiency  50.4 %
lanes 0-31 even, rest odd  width 64: issued 4, useful lane-slots 160 of 256, SIMD efficiency  62.5 %
