bag: duration 9.980 s, start 0.000 s, end 9.980 s, messages 600
  topic /imu          count 500
  topic /wheel_speed  count 100
plot /wheel_speed (one column per 0.2 s, '#' = 0.05 m/s)
  0.50 |####################                              
  0.45 |####################                              
  0.40 |####################                              
  0.35 |####################                              
  0.30 |####################                              
  0.25 |########################################          
  0.20 |########################################          
  0.15 |########################################          
  0.10 |########################################          
  0.05 |########################################          
       +--------------------------------------------------> t (0..10 s)
replay rate 1.0, node integrates with header stamps: distance 3.000 m
replay rate 2.0, node integrates with header stamps: distance 3.000 m
replay rate 1.0, node integrates with arrival time: distance 3.000 m
trace: 600 callbacks, cost 3000 us each: latency median 0 us, p99 3000 us, max 3000 us
trace: 600 callbacks, cost 15000 us each: latency median 0 us, p99 15000 us, max 15000 us
trace: 600 callbacks, cost 17000 us each: latency median 108000 us, p99 209000 us, max 215000 us
