encoders: cart 1 mm/count, pole 2048 counts/turn; controller 100 Hz
config        observer |z| (from the boot log)            rms th(mrad)  rms dF(N)  peak|F|(N)
last week     0.960 0.960 0.815 0.815          1.432      0.102        0.66
this week     0.960 0.960 0.116 0.241          1.402      2.854        5.84
this week's L =
  [     1.6781    -0.3394 ]
  [    97.2751   -20.6010 ]
  [    -3.1986     0.7600 ]
  [  -194.5146    41.6247 ]
this week, 5.00-5.29 s:
  t(s)   x_count  th_count   th_est   w_est      F(N)
   5.00        -5          0    0.0015      0.045     0.60
   5.01        -5          0    0.0013      0.003    -0.09
   5.02        -5          0    0.0009     -0.016    -0.45
   5.03        -5          0    0.0009      0.008    -0.08
   5.04        -5          0    0.0007     -0.003    -0.28
   5.05        -5          0    0.0006     -0.001    -0.27
   5.06        -5          0    0.0005      0.001    -0.26
   5.07        -5          0    0.0004     -0.000    -0.30
   5.08        -5          0    0.0003      0.001    -0.31
   5.09        -5          1    0.0003      0.001    -0.32
   5.10        -6          1    0.0025      0.129     2.00
   5.11        -6          1    0.0039      0.106     1.87
   5.12        -6          1    0.0017     -0.112    -1.77
   5.13        -6          1    0.0028      0.042     0.76
   5.14        -6          1    0.0026     -0.008    -0.03
   5.15        -6          1    0.0025     -0.012    -0.09
   5.16        -6          1    0.0027      0.003     0.18
   5.17        -5          1    0.0026     -0.006     0.05
   5.18        -5          1   -0.0006     -0.198    -3.35
   5.19        -6          1    0.0024      0.136     2.24
   5.20        -6          1    0.0046      0.151     2.81
   5.21        -6          1    0.0018     -0.143    -2.11
   5.22        -5          1    0.0032      0.053     1.12
   5.23        -5          0   -0.0002     -0.202    -3.28
   5.24        -5          0    0.0003     -0.004    -0.17
   5.25        -6          1    0.0012      0.056     0.86
   5.26        -6          1    0.0059      0.289     5.17
   5.27        -6          1    0.0014     -0.217    -3.24
   5.28        -5          1    0.0033      0.069     1.44
   5.29        -5          0   -0.0000     -0.195    -3.08
