L (observer gain) =
  [     0.3636 ]
  [     4.9991 ]
  [   -19.0012 ]
  [   -93.7958 ]
eig(Ad - L C):  0.9231  0.9139  0.9048  0.8958
   t(s)   th_true   th_est    w_true    w_est    |error|     F(N)
   0.00    0.0500    0.0000    0.0000    0.0000   5.00e-02    -0.00
   0.20    0.0309    0.0184   -0.4420   -0.4083   3.61e-02     2.16
   0.40   -0.0673   -0.0490   -0.2696   -0.1442   1.27e-01    -2.67
   0.60   -0.0571   -0.0448    0.2751    0.3485   7.45e-02    -1.15
   0.80   -0.0013    0.0037    0.2160    0.2446   2.91e-02     0.46
   1.00    0.0241    0.0259    0.0522    0.0626   1.05e-02     0.56
   1.20    0.0257    0.0263   -0.0231   -0.0198   3.34e-03     0.39
   1.40    0.0186    0.0188   -0.0415   -0.0406   9.73e-04     0.22
   1.60    0.0107    0.0107   -0.0361   -0.0358   2.20e-04     0.10
   1.80    0.0045    0.0046   -0.0249   -0.0249   2.61e-05     0.03
   2.00    0.0006    0.0006   -0.0146   -0.0146   3.29e-06    -0.01
   2.20   -0.0015   -0.0015   -0.0071   -0.0071   2.50e-06    -0.03
   2.40   -0.0024   -0.0024   -0.0022   -0.0022   7.17e-07    -0.03
   2.60   -0.0025   -0.0025    0.0006    0.0006   1.85e-07    -0.03
   2.80   -0.0022   -0.0022    0.0019    0.0019   5.91e-08    -0.03
   3.00   -0.0018   -0.0018    0.0023    0.0023   1.08e-08    -0.02
