release 1.3
  steady-state gain K                      0.1979
  claimed position sd sqrt(P)  (m)         0.0373
  predicted innovation sd sqrt(S)  (m)     0.0937
  measured innovation sd  (m)              0.0876
  mean innovation  (m)                     -0.0005
  mean NIS (innovation^2 / S)              0.8690
  innovations outside +-2 sqrt(S)          6 of 190
  lag-1 autocorrelation of innovations     0.0496
  sd of the estimate while parked (m)      0.0255 over 29 samples
release 1.4
  steady-state gain K                      0.8618
  claimed position sd sqrt(P)  (m)         0.0074
  predicted innovation sd sqrt(S)  (m)     0.0215
  measured innovation sd  (m)              0.1037
  mean innovation  (m)                     -0.0001
  mean NIS (innovation^2 / S)              23.0787
  innovations outside +-2 sqrt(S)          129 of 190
  lag-1 autocorrelation of innovations     -0.3556
  sd of the estimate while parked (m)      0.0689 over 29 samples
