$ lldb -b -s ./session.lldb ./streak
(lldb) target create "./streak"
Current executable set to './streak' (x86_64).
(lldb) command source -s 0 './session.lldb'
Executing commands in './session.lldb'.
(lldb) breakpoint set --name longest_rise
Breakpoint 1: where = streak`longest_rise(std::vector<int, std::allocator<int>> const&) + 17 at streak.cc:9:9, address = 0x000000000000127a
(lldb) run
Process <pid> launched: './streak' (x86_64)
Process <pid> stopped
* thread #1, name = 'streak', stop reason = breakpoint 1.1
    frame #0: 0x000055555555527a streak`longest_rise(temps=size=8) at streak.cc:9:9
   6   	
   7   	int longest_rise(const std::vector<int>& temps)
   8   	{
-> 9   	    int best = 0;
    	        ^
   10  	    int run = 0;
   11  	    for (std::size_t i = 1; i < temps.size(); ++i) {
   12  	        if (temps[i] > temps[i - 1]) {
(lldb) frame variable temps
(const std::vector<int> &) temps = size=8: {
  [0] = 3
  [1] = 4
  [2] = 5
  [3] = 2
  [4] = 3
  [5] = 4
  [6] = 5
  [7] = 6
}
(lldb) watchpoint set variable best
Watchpoint created: Watchpoint 1: addr = 0x7fffffffbda0 size = 4 state = enabled type = m
    declare @ './streak.cc:9:9'
    watchpoint spec = 'best'
Watchpoint 1 hit:
    
new value: -16520
(lldb) continue

Watchpoint 1 hit:
old value: -16520
new value: 0
Process <pid> resuming
Process <pid> stopped
* thread #1, name = 'streak', stop reason = watchpoint 1
    frame #0: 0x0000555555555281 streak`longest_rise(temps=size=8) at streak.cc:10:9
   7   	int longest_rise(const std::vector<int>& temps)
   8   	{
   9   	    int best = 0;
-> 10  	    int run = 0;
    	        ^
   11  	    for (std::size_t i = 1; i < temps.size(); ++i) {
   12  	        if (temps[i] > temps[i - 1]) {
   13  	            ++run;
(lldb) continue

Watchpoint 1 hit:
old value: 0
new value: 2
Process <pid> resuming
Process <pid> stopped
* thread #1, name = 'streak', stop reason = watchpoint 1
    frame #0: 0x00005555555552dd streak`longest_rise(temps=size=8) at streak.cc:18:17
   15  	            if (run > best) {
   16  	                best = run;
   17  	            }
-> 18  	            run = 0;
    	                ^
   19  	        }
   20  	    }
   21  	    return best;
(lldb) frame variable i run best
(std::size_t) i = 3
(int) run = 2
(int) best = 2
(lldb) watchpoint delete 1
1 watchpoints deleted.
(lldb) breakpoint set --file streak.cc --line 21
Breakpoint 2: where = streak`longest_rise(std::vector<int, std::allocator<int>> const&) + 151 at streak.cc:21:12, address = 0x0000555555555300
(lldb) continue
Process <pid> resuming
Process <pid> stopped
* thread #1, name = 'streak', stop reason = breakpoint 2.1
    frame #0: 0x0000555555555300 streak`longest_rise(temps=size=8) at streak.cc:21:12
   18  	            run = 0;
   19  	        }
   20  	    }
-> 21  	    return best;
    	           ^
   22  	}
   23  	
   24  	int main()
(lldb) frame variable run best
(int) run = 4
(int) best = 2
(lldb) thread backtrace --count 2
* thread #1, name = 'streak', stop reason = breakpoint 2.1
  * frame #0: 0x0000555555555300 streak`longest_rise(temps=size=8) at streak.cc:21:12
    frame #1: 0x0000555555555396 streak`main at streak.cc:27:16
(lldb) continue
longest rise: 2
Process <pid> resuming
Process <pid> exited with status = 0 (0x00000000)
