photos written until the card was full: 49; deleting every other one
-      60000  cluster 5     contiguous  MOVIE.MP4
-      40000  cluster 15    contiguous  IMG01.JPG
-      40000  cluster 35    contiguous  IMG03.JPG
- movie.mp4 differ: char 40961, line 164
== the entry set of MOVIE.MP4 (File, Stream Extension, File Name)
slot   3: 85 02 ff 3d 20 00 00 00 00 00 6e 59 00 00 6e 59 00 00 6e 59 00 00 00 00 00 00 00 00 00 00 00 00
slot   4: c0 03 00 09 3b 73 00 00 60 ea 00 00 00 00 00 00 00 00 00 00 05 00 00 00 60 ea 00 00 00 00 00 00
slot   5: c1 00 4d 00 4f 00 56 00 49 00 45 00 2e 00 4d 00 50 00 34 00 00 00 00 00 00 00 00 00 00 00 00 00
== FAT entries of clusters 5-16
FAT[5] = 6
FAT[6] = 7
FAT[7] = 8
FAT[8] = 9
FAT[9] = 10
FAT[10] = 11
FAT[11] = 12
FAT[12] = 13
FAT[13] = 14
FAT[14] = 25
FAT[15] = 0 (no chain entry)
FAT[16] = 0 (no chain entry)
check: 25 files, 0 directories, 254 clusters in use; boot checksum 0x0d1c25a2 ok
  PROBLEM: cluster 15 used twice (again by /IMG01.JPG)
  PROBLEM: cluster 16 used twice (again by /IMG01.JPG)
  PROBLEM: cluster 17 used twice (again by /IMG01.JPG)
  PROBLEM: cluster 18 used twice (again by /IMG01.JPG)
  PROBLEM: cluster 19 used twice (again by /IMG01.JPG)
  PROBLEM: 5 clusters where the bitmap disagrees with the tree
check: 6 problem(s)
