# oscillating motor: step command 1.000 rad at t = 0; columns: time (s), angle (rad)
0.000 0.0000
0.010 0.0307
0.020 0.1135
0.030 0.2408
0.040 0.3973
0.050 0.5706
0.060 0.7486
0.070 0.9204
0.080 1.0769
0.090 1.2103
0.100 1.3162
0.110 1.3898
0.120 1.4327
0.130 1.4435
0.140 1.4281
0.150 1.3898
0.160 1.3315
0.170 1.2609
0.180 1.1842
0.190 1.1045
0.200 1.0293
0.210 0.9603
0.220 0.9020
0.230 0.8560
0.240 0.8237
0.250 0.8069
0.260 0.8023
0.270 0.8115
0.280 0.8283
0.290 0.8560
0.300 0.8866
0.310 0.9219
0.320 0.9572
0.330 0.9894
0.340 1.0201
0.350 1.0462
0.360 1.0661
0.370 1.0784
0.380 1.0861
0.390 1.0876
0.400 1.0830
0.410 1.0753
0.420 1.0630
0.430 1.0492
0.440 1.0339
0.450 1.0186
0.460 1.0032
0.470 0.9894
0.480 0.9787
0.490 0.9710
0.500 0.9649
0.510 0.9618
0.520 0.9618
0.530 0.9633
0.540 0.9664
0.550 0.9725
0.560 0.9787
0.570 0.9863
0.580 0.9925
0.590 0.9986
0.600 1.0048
