0000000000000000 <add(int, int)>:
   0:	add	w0, w0, w1
   4:	ret
   8:	nop
   c:	nop

0000000000000010 <maxOf(int, int)>:
  10:	cmp	w0, w1
  14:	csel	w0, w0, w1, ge	// ge = tcont
  18:	ret
  1c:	nop

0000000000000020 <sumArray(int const*, int)>:
  20:	cmp	w1, #0x0
  24:	b.le	4c <sumArray(int const*, int)+0x2c>
  28:	mov	x2, x0
  2c:	mov	w0, #0x0                   	// #0
  30:	add	x3, x2, w1, sxtw #2
  34:	nop
  38:	ldr	w1, [x2], #4
  3c:	add	w0, w0, w1
  40:	cmp	x2, x3
  44:	b.ne	38 <sumArray(int const*, int)+0x18>  // b.any
  48:	ret
  4c:	mov	w0, #0x0                   	// #0
  50:	ret
