0000000000000000 <add(int, int)>:
   0:	sub	sp, sp, #0x10
   4:	str	w0, [sp, #12]
   8:	str	w1, [sp, #8]
   c:	ldr	w1, [sp, #12]
  10:	ldr	w0, [sp, #8]
  14:	add	w0, w1, w0
  18:	add	sp, sp, #0x10
  1c:	ret

0000000000000020 <maxOf(int, int)>:
  20:	sub	sp, sp, #0x10
  24:	str	w0, [sp, #12]
  28:	str	w1, [sp, #8]
  2c:	ldr	w1, [sp, #12]
  30:	ldr	w0, [sp, #8]
  34:	cmp	w1, w0
  38:	b.le	44 <maxOf(int, int)+0x24>
  3c:	ldr	w0, [sp, #12]
  40:	b	48 <maxOf(int, int)+0x28>
  44:	ldr	w0, [sp, #8]
  48:	add	sp, sp, #0x10
  4c:	ret

0000000000000050 <sumArray(int const*, int)>:
  50:	sub	sp, sp, #0x20
  54:	str	x0, [sp, #8]
  58:	str	w1, [sp, #4]
  5c:	str	wzr, [sp, #24]
  60:	str	wzr, [sp, #28]
  64:	b	94 <sumArray(int const*, int)+0x44>
  68:	ldrsw	x0, [sp, #28]
  6c:	lsl	x0, x0, #2
  70:	ldr	x1, [sp, #8]
  74:	add	x0, x1, x0
  78:	ldr	w0, [x0]
  7c:	ldr	w1, [sp, #24]
  80:	add	w0, w1, w0
  84:	str	w0, [sp, #24]
  88:	ldr	w0, [sp, #28]
  8c:	add	w0, w0, #0x1
  90:	str	w0, [sp, #28]
  94:	ldr	w1, [sp, #28]
  98:	ldr	w0, [sp, #4]
  9c:	cmp	w1, w0
  a0:	b.lt	68 <sumArray(int const*, int)+0x18>  // b.tstop
  a4:	ldr	w0, [sp, #24]
  a8:	add	sp, sp, #0x20
  ac:	ret
