0000000000000000 <add(int, int)>:
   0:	lea    eax,[rdi+rsi*1]
   3:	ret
   4:	data16 data16 cs nop WORD PTR [rax+rax*1+0x0]

0000000000000010 <maxOf(int, int)>:
  10:	mov    eax,esi
  12:	cmp    edi,esi
  14:	cmovg  eax,edi
  17:	ret
  18:	nop    DWORD PTR [rax+rax*1+0x0]

0000000000000020 <sumArray(int const*, int)>:
  20:	test   esi,esi
  22:	jle    31 <sumArray(int const*, int)+0x11>
  24:	mov    ecx,esi
  26:	cmp    esi,0x8
  29:	jae    34 <sumArray(int const*, int)+0x14>
  2b:	xor    edx,edx
  2d:	xor    eax,eax
  2f:	jmp    a0 <sumArray(int const*, int)+0x80>
  31:	xor    eax,eax
  33:	ret
  34:	mov    edx,ecx
  36:	and    edx,0x7ffffff8
  3c:	mov    eax,ecx
  3e:	shr    eax,0x3
  41:	and    eax,0xfffffff
  46:	shl    rax,0x5
  4a:	pxor   xmm0,xmm0
  4e:	xor    esi,esi
  50:	pxor   xmm1,xmm1
  54:	data16 data16 cs nop WORD PTR [rax+rax*1+0x0]
  60:	movdqu xmm2,XMMWORD PTR [rdi+rsi*1]
  65:	paddd  xmm0,xmm2
  69:	movdqu xmm2,XMMWORD PTR [rdi+rsi*1+0x10]
  6f:	paddd  xmm1,xmm2
  73:	add    rsi,0x20
  77:	cmp    rax,rsi
  7a:	jne    60 <sumArray(int const*, int)+0x40>
  7c:	paddd  xmm1,xmm0
  80:	pshufd xmm0,xmm1,0xee
  85:	paddd  xmm0,xmm1
  89:	pshufd xmm1,xmm0,0x55
  8e:	paddd  xmm1,xmm0
  92:	movd   eax,xmm1
  96:	cmp    rdx,rcx
  99:	je     ab <sumArray(int const*, int)+0x8b>
  9b:	nop    DWORD PTR [rax+rax*1+0x0]
  a0:	add    eax,DWORD PTR [rdi+rdx*4]
  a3:	inc    rdx
  a6:	cmp    rcx,rdx
  a9:	jne    a0 <sumArray(int const*, int)+0x80>
  ab:	ret
