0000000000000000 <add(int, int)>:
   0:	addi	sp,sp,-32
   2:	sd	s0,24(sp)
   4:	addi	s0,sp,32
   6:	mv	a5,a0
   8:	mv	a4,a1
   a:	sw	a5,-20(s0)
   e:	mv	a5,a4
  10:	sw	a5,-24(s0)
  14:	lw	a5,-20(s0)
  18:	mv	a4,a5
  1a:	lw	a5,-24(s0)
  1e:	addw	a5,a5,a4
  20:	sext.w	a5,a5
  22:	mv	a0,a5
  24:	ld	s0,24(sp)
  26:	addi	sp,sp,32
  28:	ret

000000000000002a <maxOf(int, int)>:
  2a:	addi	sp,sp,-32
  2c:	sd	s0,24(sp)
  2e:	addi	s0,sp,32
  30:	mv	a5,a0
  32:	mv	a4,a1
  34:	sw	a5,-20(s0)
  38:	mv	a5,a4
  3a:	sw	a5,-24(s0)
  3e:	lw	a5,-20(s0)
  42:	mv	a4,a5
  44:	lw	a5,-24(s0)
  48:	sext.w	a4,a4
  4a:	sext.w	a5,a5
  4c:	bge	a5,a4,56 <.L4>
  50:	lw	a5,-20(s0)
  54:	j	5a <.L5>

0000000000000056 <.L4>:
  56:	lw	a5,-24(s0)

000000000000005a <.L5>:
  5a:	mv	a0,a5
  5c:	ld	s0,24(sp)
  5e:	addi	sp,sp,32
  60:	ret

0000000000000062 <sumArray(int const*, int)>:
  62:	addi	sp,sp,-48
  64:	sd	s0,40(sp)
  66:	addi	s0,sp,48
  68:	sd	a0,-40(s0)
  6c:	mv	a5,a1
  6e:	sw	a5,-44(s0)
  72:	sw	zero,-24(s0)
  76:	sw	zero,-20(s0)
  7a:	j	9e <.L7>

000000000000007c <.L8>:
  7c:	lw	a5,-20(s0)
  80:	slli	a5,a5,0x2
  82:	ld	a4,-40(s0)
  86:	add	a5,a5,a4
  88:	lw	a5,0(a5)
  8a:	lw	a4,-24(s0)
  8e:	addw	a5,a5,a4
  90:	sw	a5,-24(s0)
  94:	lw	a5,-20(s0)
  98:	addiw	a5,a5,1
  9a:	sw	a5,-20(s0)

000000000000009e <.L7>:
  9e:	lw	a5,-20(s0)
  a2:	mv	a4,a5
  a4:	lw	a5,-44(s0)
  a8:	sext.w	a4,a4
  aa:	sext.w	a5,a5
  ac:	blt	a4,a5,7c <.L8>
  b0:	lw	a5,-24(s0)
  b4:	mv	a0,a5
  b6:	ld	s0,40(sp)
  b8:	addi	sp,sp,48
  ba:	ret
