0000000000000000 <add(int, int)>:
   0:	addw	a0,a0,a1
   2:	ret

0000000000000004 <maxOf(int, int)>:
   4:	mv	a5,a0
   6:	bge	a0,a1,c <.L4>
   a:	mv	a5,a1

000000000000000c <.L4>:
   c:	sext.w	a0,a5
  10:	ret

0000000000000012 <sumArray(int const*, int)>:
  12:	blez	a1,2c <.L8>
  16:	slli	a1,a1,0x2
  18:	mv	a5,a0
  1a:	add	a3,a0,a1
  1e:	li	a0,0

0000000000000020 <.L7>:
  20:	lw	a4,0(a5)
  22:	addi	a5,a5,4
  24:	addw	a0,a0,a4
  26:	bne	a5,a3,20 <.L7>
  2a:	ret

000000000000002c <.L8>:
  2c:	li	a0,0
  2e:	ret
