0000000000000000 <add(int, int)>:
   0:	endbr64
   4:	push   rbp
   5:	mov    rbp,rsp
   8:	mov    DWORD PTR [rbp-0x4],edi
   b:	mov    DWORD PTR [rbp-0x8],esi
   e:	mov    edx,DWORD PTR [rbp-0x4]
  11:	mov    eax,DWORD PTR [rbp-0x8]
  14:	add    eax,edx
  16:	pop    rbp
  17:	ret

0000000000000018 <maxOf(int, int)>:
  18:	endbr64
  1c:	push   rbp
  1d:	mov    rbp,rsp
  20:	mov    DWORD PTR [rbp-0x4],edi
  23:	mov    DWORD PTR [rbp-0x8],esi
  26:	mov    eax,DWORD PTR [rbp-0x4]
  29:	cmp    eax,DWORD PTR [rbp-0x8]
  2c:	jle    33 <maxOf(int, int)+0x1b>
  2e:	mov    eax,DWORD PTR [rbp-0x4]
  31:	jmp    36 <maxOf(int, int)+0x1e>
  33:	mov    eax,DWORD PTR [rbp-0x8]
  36:	pop    rbp
  37:	ret

0000000000000038 <sumArray(int const*, int)>:
  38:	endbr64
  3c:	push   rbp
  3d:	mov    rbp,rsp
  40:	mov    QWORD PTR [rbp-0x18],rdi
  44:	mov    DWORD PTR [rbp-0x1c],esi
  47:	mov    DWORD PTR [rbp-0x8],0x0
  4e:	mov    DWORD PTR [rbp-0x4],0x0
  55:	jmp    74 <sumArray(int const*, int)+0x3c>
  57:	mov    eax,DWORD PTR [rbp-0x4]
  5a:	cdqe
  5c:	lea    rdx,[rax*4+0x0]
  64:	mov    rax,QWORD PTR [rbp-0x18]
  68:	add    rax,rdx
  6b:	mov    eax,DWORD PTR [rax]
  6d:	add    DWORD PTR [rbp-0x8],eax
  70:	add    DWORD PTR [rbp-0x4],0x1
  74:	mov    eax,DWORD PTR [rbp-0x4]
  77:	cmp    eax,DWORD PTR [rbp-0x1c]
  7a:	jl     57 <sumArray(int const*, int)+0x1f>
  7c:	mov    eax,DWORD PTR [rbp-0x8]
  7f:	pop    rbp
  80:	ret
