0000000000000000 <add(int, int)>:
   0:	endbr64
   4:	lea    (%rdi,%rsi,1),%eax
   7:	ret
   8:	nopl   0x0(%rax,%rax,1)

0000000000000010 <maxOf(int, int)>:
  10:	endbr64
  14:	cmp    %esi,%edi
  16:	mov    %esi,%eax
  18:	cmovge %edi,%eax
  1b:	ret
  1c:	nopl   0x0(%rax)

0000000000000020 <sumArray(int const*, int)>:
  20:	endbr64
  24:	test   %esi,%esi
  26:	jle    48 <sumArray(int const*, int)+0x28>
  28:	movslq %esi,%rsi
  2b:	xor    %eax,%eax
  2d:	lea    (%rdi,%rsi,4),%rdx
  31:	nopl   0x0(%rax)
  38:	add    (%rdi),%eax
  3a:	add    $0x4,%rdi
  3e:	cmp    %rdx,%rdi
  41:	jne    38 <sumArray(int const*, int)+0x18>
  43:	ret
  44:	nopl   0x0(%rax)
  48:	xor    %eax,%eax
  4a:	ret
