0000000000000000 <add(int, int)>:
   0:	endbr64
   4:	lea    eax,[rdi+rsi*1]
   7:	ret
   8:	nop    DWORD PTR [rax+rax*1+0x0]

0000000000000010 <maxOf(int, int)>:
  10:	endbr64
  14:	cmp    edi,esi
  16:	mov    eax,esi
  18:	cmovge eax,edi
  1b:	ret
  1c:	nop    DWORD PTR [rax+0x0]

0000000000000020 <sumArray(int const*, int)>:
  20:	endbr64
  24:	test   esi,esi
  26:	jle    48 <sumArray(int const*, int)+0x28>
  28:	movsxd rsi,esi
  2b:	xor    eax,eax
  2d:	lea    rdx,[rdi+rsi*4]
  31:	nop    DWORD PTR [rax+0x0]
  38:	add    eax,DWORD PTR [rdi]
  3a:	add    rdi,0x4
  3e:	cmp    rdi,rdx
  41:	jne    38 <sumArray(int const*, int)+0x18>
  43:	ret
  44:	nop    DWORD PTR [rax+0x0]
  48:	xor    eax,eax
  4a:	ret
