0000000000000000 <add(int, int)>:
   0:	endbr64
   4:	lea    eax,[rdi+rsi*1]
   7:	ret

0000000000000008 <maxOf(int, int)>:
   8:	endbr64
   c:	cmp    edi,esi
   e:	mov    eax,esi
  10:	cmovge eax,edi
  13:	ret

0000000000000014 <sumArray(int const*, int)>:
  14:	endbr64
  18:	test   esi,esi
  1a:	jle    39 <sumArray(int const*, int)+0x25>
  1c:	mov    rax,rdi
  1f:	movsxd rsi,esi
  22:	lea    rcx,[rdi+rsi*4]
  26:	mov    edx,0x0
  2b:	add    edx,DWORD PTR [rax]
  2d:	add    rax,0x4
  31:	cmp    rax,rcx
  34:	jne    2b <sumArray(int const*, int)+0x17>
  36:	mov    eax,edx
  38:	ret
  39:	mov    edx,0x0
  3e:	jmp    36 <sumArray(int const*, int)+0x22>
