F2  200 dependent ops x 8 cycles = 1600 cycles; 200 independent = 200 cycles (+ last latency = 207)
F2  Little: rate 1/3 per cycle x 300 cycles = 100 accesses in flight
F5  grid 700: slots 180, waves 4, last wave 160 of 180, busy 97.2 %, idle slots in last wave 20
F5  grid 150: slots 180, waves 1, last wave 150 of 180, busy 83.3 %, idle slots in last wave 30
F7  all 32 lanes true            width 32: issued 17, useful 544 of 544 lane-slots = 100.0 %
F7  30 of 32 true                width 32: issued 20, useful 526 of 640 lane-slots = 82.2 %
F7  62 of 64 true                width 64: issued 20, useful 1070 of 1280 lane-slots = 83.6 %
F10 TG-1 32 regs / 8192 B / 192 thr: warps/block 6; byRegs 2, bySmem 4, byWarps 2, byBlocks 4 -> 2 blocks, 12 warps, 75.0 %
F10 same kernel with 128 threads: byRegs 4, bySmem 4, byWarps 4 -> 4 blocks, 100.0 %
F12 pitch 32: column-read degree 32
F12 pitch 33: column-read degree 1
F12 pitch 48: column-read degree 16
F12 pitch 64: column-read degree 32
F13 peak 400.0 GB/s = 372.5 GiB/s; bytes 2147483648 = 2147.484 MB; bound 5.369 ms; a 4.1 ms run would be 1.31 x faster than the bound
F15 loads in flight = 300 / 12 = 25; warps with 1 load each: 25; with 4 loads each: 7
F17 MACs 8589934592 = 2^33; HMMA.16816 (2048 each) 4194304 = 2^22; v_mfma 16x16x4 (1024 each) 8388608 = 2^23; warp FFMA (32 each) 268435456 = 2^28
F19 2000 copies of 32 KB: each 12.048 us, total 24.10 ms; one 64 MB copy: 4.204 ms; ratio 5.73
F19 job: copy 128 MB 8.01 ms + kernel 1 ms + copy 8.01 ms = 17.02 ms, GPU busy 5.9 %
D   block   64: byRegs 12 byWarps 8 byBlocks 4 -> 4 blocks, 50.0 %; grid 1024 blocks, slots 16, waves 64, busy 100.0 %
D   block  128: byRegs 6 byWarps 4 byBlocks 4 -> 4 blocks, 100.0 %; grid 512 blocks, slots 16, waves 32, busy 100.0 %
D   block  256: byRegs 3 byWarps 2 byBlocks 4 -> 2 blocks, 100.0 %; grid 256 blocks, slots 8, waves 32, busy 100.0 %
D   block  512: byRegs 1 byWarps 1 byBlocks 4 -> 1 blocks, 100.0 %; grid 128 blocks, slots 4, waves 32, busy 100.0 %
D   block 1024: does not fit
P   EX-1 stencil: warps/block 8; byRegs 6 bySmem 999 byWarps 6 -> 6 blocks, 100.0 %; grid 3907, slots 144, waves 28, last 19, busy 96.9 %; last block active 64
P   EX-1 memory: 192/8 x 12 = 288.0 GB/s; 48 MB -> 166.667 us; copy 256 MB over 20 GB/s + 8 us = 12.808 ms
