  self-check FAIL warps per block, 256 threads of 32 (F1-57) got 0, expected 8
  self-check FAIL warps per block, 100 threads of 32 (F1-57) got 0, expected 4
  self-check FAIL wavefronts per block, 100 threads of 64 (F1-57) got 0, expected 2
  self-check FAIL F1-63 worked example: blocks per SM      got 0, expected 2
  self-check FAIL F1-63 worked example: limiter            got '', expected 'regs warps '
  self-check FAIL F1-63 worked example: occupancy %        got 0.0000, expected 100.0000
  self-check FAIL F1-58 worked example: blocks per SM      got 0, expected 3
  self-check FAIL F1-58 worked example: limiter            got '', expected 'regs '
  self-check FAIL F1-58 worked example: occupancy %        got 0.0000, expected 75.0000
  self-check FAIL F1-58 shared_heavy: blocks per SM        got 0, expected 2
  self-check FAIL F1-58 shared_heavy: limiter              got '', expected 'smem '
  self-check FAIL F1-56 tg1_grid_9: waves                  got 0, expected 2
  self-check FAIL F1-56 tg1_grid_9: last wave              got 0, expected 1
  self-check FAIL F1-56 tg1_grid_9: busy %                 got 0.0000, expected 56.2500
  self-check FAIL F1-56 tg1_grid_100: waves                got 0, expected 13
  self-check FAIL F1-56 tg1_grid_100: last wave            got 0, expected 4
  self-check FAIL F1-63 worked example: grid blocks        got 0, expected 40
  self-check FAIL F1-63 worked example: active in last block got 0, expected 16
  self-check FAIL F1-63 worked example: idle lanes in last block got 0, expected 240
  self-check FAIL F1-59 TG-1 peak GB/s (256 bits, 8 GT/s)  got 0.0000, expected 256.0000
  self-check FAIL F1-59 SAXPY bound us (805.306 MB)        got 0.0000, expected 3145.7280
  self-check FAIL F1-62 copy ms (256 MB, 16 GB/s, 10 us)   got 0.0000, expected 16.0100
self-check: 22 failures
sheet EX-1 (exercise values): 24 SMs, warp 32, per SM 48 warps / 16 blocks / 65536 regs / 65536 B shared; memory 192 bits x 12.0 GT/s = 0.0 GB/s; host link 20.0 GB/s, alpha 8 us
stencil: 256 threads/block = 0 warps; grid 1000000 threads = 0 blocks (last block: 0 active, 0 idle lanes)
  per SM: byRegs 0, bySmem 0, byWarps 0, byBlocks 16 -> 0 block(s), limited by (does not fit)
  cannot launch on EX-1: not even one block fits an SM (registers)
  memory: 48.000 MB at 0.0 GB/s peak -> at least 0.000 us; host copy 256.000 MB -> 0.000 ms
histogram: 128 threads/block = 0 warps; grid 50000 threads = 0 blocks (last block: 0 active, 0 idle lanes)
  per SM: byRegs 0, bySmem 0, byWarps 0, byBlocks 16 -> 0 block(s), limited by (does not fit)
  cannot launch on EX-1: not even one block fits an SM (registers)
  memory: 0.200 MB at 0.0 GB/s peak -> at least 0.000 us; host copy 0.200 MB -> 0.000 ms
bigblock: 1024 threads/block = 0 warps; grid 1048576 threads = 0 blocks (last block: 0 active, 0 idle lanes)
  per SM: byRegs 0, bySmem 0, byWarps 0, byBlocks 16 -> 0 block(s), limited by (does not fit)
  cannot launch on EX-1: not even one block fits an SM (registers)
  memory: 8.000 MB at 0.0 GB/s peak -> at least 0.000 us; host copy 8.000 MB -> 0.000 ms
tiny: 64 threads/block = 0 warps; grid 4096 threads = 0 blocks (last block: 0 active, 0 idle lanes)
  per SM: byRegs 0, bySmem 0, byWarps 0, byBlocks 16 -> 0 block(s), limited by (does not fit)
  cannot launch on EX-1: not even one block fits an SM (registers)
  memory: 0.050 MB at 0.0 GB/s peak -> at least 0.000 us; host copy 0.000 MB -> 0.000 ms
