line  6  ok                                                            product name (as printed on the whitepaper) = AMD Instinct MI210
line  7  ok                                                            compiler target = gfx90a
line  8  ok                                                            wavefront size (threads) = 64
line  9  ok                                                            wavefront size cross-check (ISA definition) = 64 work-items
line 10  ok                                                            compute units (MI210) = 104
line 11  ok                                                            SIMD units per CU = 4 x 16-wide
line 12  ok                                                            matrix core units per CU = 4
line 13  ok                                                            matrix instructions available = v_mfma (MAI)
line 14  ok                                                            LDS per CU (bytes) = 65536
line 15  ok                                                            LDS banks = 32 banks x 512 entries x 4 bytes
line 16  ok                                                            VGPRs per wave (unified pool) = up to 512 (256 of each type)
line 17  ok                                                            memory type and interface width (bits) = HBM2e, 4096
line 18  ok                                                            memory size (GB) = 64
line 19  ok                                                            peak memory bandwidth (GB/s) = 1600 (= 4096/8 B x ~3.1 GT/s)
line 20  ok                                                            peak clock condition = 1700 MHz peak boost engine clock
line 21  ok                                                            host link = PCIe Gen 4 x16, 64 GB/s
line 22  ok                                                            GPU-to-GPU links (MI210) = 3 Infinity Fabric links, 300 GB/s
line 23  open (TBD)                                                    max resident wavefronts per CU = TBD
line 24  open (TBD)                                                    measured copy bandwidth (GB/s) = TBD
line 25  open (TBD)                                                    measured device bandwidth (GB/s) = TBD
line 26  open (TBD)                                                    device query excerpt (gcnArchName, CU count) = TBD
summary: 17 ok, 4 open, 0 problems -> passport consistent, not complete
