=== client.log (box office) ===
19:30:00.184 client: OK ticket 1041
19:30:00.401 client: OK ticket 1042
19:30:00.655 client: OK ticket 1043
19:30:00.856 client: OK ticket 1044
19:30:01.094 client: OK ticket 1045
19:30:01.279 client: OK ticket 1046
19:30:01.501 client: OK ticket 1047
19:30:01.760 client: OK ticket 1048
19:30:01.966 client: OK ticket 1049
19:30:02.209 client: OK ticket 1050
19:30:02.399 client: OK ticket 1051
19:30:02.626 client: OK ticket 1052
19:30:02.890 client: OK ticket 1053
19:30:03.101 client: OK ticket 1054
19:30:04.871 client: OK ticket 1051
19:30:05.081 client: OK ticket 1052
19:30:05.291 client: OK ticket 1053

=== primary.log ===
19:30:00.180 primary: sold ticket 1041 (seat 271)
19:30:00.397 primary: sold ticket 1042 (seat 272)
19:30:00.651 primary: sold ticket 1043 (seat 273)
19:30:00.852 primary: sold ticket 1044 (seat 274)
19:30:01.090 primary: sold ticket 1045 (seat 275)
19:30:01.096 primary: shipped tickets 1041..1045 to backup
19:30:01.275 primary: sold ticket 1046 (seat 276)
19:30:01.497 primary: sold ticket 1047 (seat 277)
19:30:01.756 primary: sold ticket 1048 (seat 278)
19:30:01.962 primary: sold ticket 1049 (seat 279)
19:30:02.205 primary: sold ticket 1050 (seat 280)
19:30:02.211 primary: shipped tickets 1046..1050 to backup
19:30:02.395 primary: sold ticket 1051 (seat 281)
19:30:02.622 primary: sold ticket 1052 (seat 282)
19:30:02.886 primary: sold ticket 1053 (seat 283)
19:30:03.097 primary: sold ticket 1054 (seat 284)
19:30:03.167 primary: (log ends)

=== backup.log ===
19:30:01.105 backup: applied tickets 1041..1045
19:30:02.220 backup: applied tickets 1046..1050
19:30:04.677 backup: promoted to primary; next ticket 1051
19:30:04.867 backup: sold ticket 1051 (seat 281)
19:30:05.077 backup: sold ticket 1052 (seat 282)
19:30:05.287 backup: sold ticket 1053 (seat 283)

=== monitor.log ===
19:30:04.667 monitor: primary missed heartbeats for 1500 ms -> DEAD
19:30:04.670 monitor: promoting backup (last applied ticket 1050)

=== replication.conf (excerpt) ===
mode = async
ship_every_n_changes = 5
acknowledge_client_after = local_write
