   t s   true cnt/s   true cnt    decoded  invalid
  0.00            0          0          0        0
  0.10          400         20         20        0
  0.20          800         80         80        0
  0.30         1200        180        180        0
  0.40         1600        320        320        0
  0.50         2000        500        500        0
  0.60         2400        720        680       20
  0.70         2800        980        820       80
  0.80         3200       1280        920      180
  0.90         3600       1620        980      320
  1.00         4000       2000       1000      500
  1.10         4400       2420        980      680
  1.20         4800       2880        920      820
  1.30         5200       3380        820      920
  1.40         5600       3920        680      980
  1.50         6000       4500        500     1000
  1.60         6400       5120        320     1000
  1.70         6800       5780        180     1000
  1.80         7200       6480         80     1000
  1.90         7600       7220         20     1000
  2.00         8000       8000          0     1000
