1420  BPT.TRAP 0x1
1430  S2R R3, SR_TID.Y
1440  BSSY B0, 0x16d0
1450  S2R R4, SR_TID.Z
1460  BAR.SYNC 0x0
1470  IMAD.IADD R3, R2, 0x1, R3
1480  IMAD.MOV R4, RZ, RZ, -R4
1490  ISETP.NE.AND P0, PT, R3, R4, PT
14a0  @P0 BRA 0x16c0
14b0  S2UR UR4, SR_CTAID.Z
14c0  S2R R5, SR_LANEID
14d0  IMAD.MOV.U32 R3, RZ, RZ, c[0x0][0xc]
14e0  S2UR UR5, SR_CTAID.Y
14f0  UIADD3 UR4, -UR4, URZ, URZ
1500  IADD3 R4, R0, UR5, RZ
1510  ISETP.NE.AND P0, PT, R4, UR4, PT
1520  MEMBAR.ALL.GPU
1530  VOTEU.ANY UR4, UPT, PT
1540  IMAD.MOV R3, RZ, RZ, -R3
1550  FLO.U32 R6, UR4
1560  IMAD.MOV.U32 R4, RZ, RZ, c[0x0][0x14]
1570  UPOPC UR5, UR4
1580  IMAD R3, R3, c[0x0][0x10], RZ
1590  ERRBAR
15a0  IMAD R3, R3, R4, -0x7fffffff
15b0  IMAD.MOV.U32 R4, RZ, RZ, c[0x0][0x90]
15c0  SEL R3, R3, 0x1, !P0
15d0  ISETP.EQ.U32.AND P1, PT, R6, R5, PT
15e0  IMAD R7, R3, UR5, RZ
15f0  IMAD.MOV.U32 R5, RZ, RZ, c[0x0][0x8c]
1600  @P1 ATOM.E.ADD.STRONG.GPU PT, R7, [R4.64+0x4], R7
1610  S2R R8, SR_LTMASK
1620  LOP3.LUT R8, R8, UR4, RZ, 0xc0, !PT
1630  POPC R8, R8
1640  SHFL.IDX PT, R6, R7, R6, 0x1f
1650  IMAD R3, R3, R8, R6
1660  LD.E.STRONG.GPU R6, [R4.64+0x4]
1670  YIELD
1680  LOP3.LUT R7, R6, R3, RZ, 0x3c, !PT
1690  CCTL.IVALL
16a0  ISETP.GT.AND P0, PT, R7, -0x1, PT
16b0  @P0 BRA 0x1660
16c0  BSYNC B0
16d0  BRA.CONV ~URZ, 0x1710
