Evidence 1: trace around the H-off / L-on transition, firmware as shipped
  t= 24.98 us  cmdH=1 cmdL=0   H=ON  L=off
  t= 24.99 us  cmdH=1 cmdL=0   H=ON  L=off
  t= 25.00 us  cmdH=0 cmdL=1   H=ON  L=off
  t= 25.01 us  cmdH=0 cmdL=1   H=ON  L=off
  t= 25.02 us  cmdH=0 cmdL=1   H=ON  L=ON   <== both ON
  t= 25.03 us  cmdH=0 cmdL=1   H=ON  L=ON   <== both ON
  t= 25.04 us  cmdH=0 cmdL=1   H=ON  L=ON   <== both ON
  t= 25.05 us  cmdH=0 cmdL=1   H=ON  L=ON   <== both ON
  t= 25.06 us  cmdH=0 cmdL=1   H=off L=ON 
  t= 25.07 us  cmdH=0 cmdL=1   H=off L=ON 
  t= 25.08 us  cmdH=0 cmdL=1   H=off L=ON 
  t= 25.09 us  cmdH=0 cmdL=1   H=off L=ON 
  t= 25.10 us  cmdH=0 cmdL=1   H=off L=ON 
  t= 25.11 us  cmdH=0 cmdL=1   H=off L=ON 
  t= 25.12 us  cmdH=0 cmdL=1   H=off L=ON 
  dead time   0 ns: both switches ON for 80 ns per PWM period

Evidence 2: same leg, other dead-time settings tried on the bench model
  dead time  20 ns: both switches ON for 40 ns per PWM period

  dead time  40 ns: both switches ON for 0 ns per PWM period

  dead time  60 ns: both switches ON for 0 ns per PWM period

  dead time 100 ns: both switches ON for 0 ns per PWM period

