== scenario 1_best_effort_with_loss
  discovery: participant robot   domain 0 knows: laptop
  discovery: participant laptop  domain 0 knows: robot
  writer robot/scan [LaserScan] best-effort depth 8; reader laptop/scan [LaserScan] best-effort -> MATCHED
  t3   DATA seq=3 lost on the network
  t6   DATA seq=6 lost on the network
  application received 6 of 8: 1 2 4 5 7 8
  packets sent 8 (of which resent 0); permanently lost: 3 6
== scenario 2_reliable_with_loss
  discovery: participant robot   domain 0 knows: laptop
  discovery: participant laptop  domain 0 knows: robot
  writer robot/scan [LaserScan] reliable depth 8; reader laptop/scan [LaserScan] reliable -> MATCHED
  t3   DATA seq=3 lost on the network
  t4   HEARTBEAT first=1 last=4 -> ACKNACK missing: 3
       resend DATA seq=3 (still in history)
  t6   DATA seq=6 lost on the network
  t8   HEARTBEAT first=1 last=8 -> ACKNACK missing: 6
       resend DATA seq=6 (still in history)
  application received 8 of 8: 1 2 3 4 5 6 7 8
  packets sent 10 (of which resent 2); permanently lost: none
== scenario 3_reliable_short_history
  discovery: participant robot   domain 0 knows: laptop
  discovery: participant laptop  domain 0 knows: robot
  writer robot/scan [LaserScan] reliable depth 2; reader laptop/scan [LaserScan] reliable -> MATCHED
  t2   DATA seq=2 lost on the network
  t3   DATA seq=3 lost on the network
  t4   HEARTBEAT first=3 last=4 -> ACKNACK missing: 2 3
       GAP seq=2 (no longer in history: overwritten)
       resend DATA seq=3 (still in history)
  t8   HEARTBEAT first=7 last=8 -> ACKNACK missing: none
  application received 7 of 8: 1 3 4 5 6 7 8
  packets sent 9 (of which resent 1); permanently lost: 2
