Compiling entry function '_Z12sgemmRegTileILi128ELi128ELi8ELi8ELi8ELb0ELi1EEvPKfS1_Pfiii' for 'sm_80'
0 bytes stack frame, 0 bytes spill stores, 0 bytes spill loads
Used 121 registers, 8192 bytes smem, 388 bytes cmem[0]
Compiling entry function '_Z12sgemmRegTileILi128ELi128ELi8ELi8ELi8ELb1ELi1EEvPKfS1_Pfiii' for 'sm_80'
0 bytes stack frame, 0 bytes spill stores, 0 bytes spill loads
Used 124 registers, 8192 bytes smem, 388 bytes cmem[0]
Compiling entry function '_Z12sgemmRegTileILi64ELi64ELi8ELi4ELi4ELb1ELi1EEvPKfS1_Pfiii' for 'sm_80'
0 bytes stack frame, 0 bytes spill stores, 0 bytes spill loads
Used 78 registers, 4096 bytes smem, 388 bytes cmem[0]
Compiling entry function '_Z12sgemmRegTileILi64ELi64ELi8ELi4ELi4ELb0ELi1EEvPKfS1_Pfiii' for 'sm_80'
0 bytes stack frame, 0 bytes spill stores, 0 bytes spill loads
Used 75 registers, 4096 bytes smem, 388 bytes cmem[0]
Compiling entry function '_Z12sgemmRegTileILi64ELi64ELi8ELi8ELi1ELb0ELi1EEvPKfS1_Pfiii' for 'sm_80'
0 bytes stack frame, 0 bytes spill stores, 0 bytes spill loads
Used 77 registers, 4096 bytes smem, 388 bytes cmem[0]
Compiling entry function '_Z10sgemmTiledILi32EEvPKfS1_Pfiii' for 'sm_80'
0 bytes stack frame, 0 bytes spill stores, 0 bytes spill loads
Used 32 registers, 8192 bytes smem, 388 bytes cmem[0]
Compiling entry function '_Z10sgemmNaivePKfS0_Pfiii' for 'sm_80'
0 bytes stack frame, 0 bytes spill stores, 0 bytes spill loads
Used 32 registers, 388 bytes cmem[0]
