   t(s)  target  left_vel right_vel  left_u right_u   (rad/s, effort -1..1)
   0.00    0.00     0.000     0.000   0.000   0.000
   0.10   10.00     0.000     0.000   0.210   0.210
   0.20   10.00     8.839     8.097   0.575   0.656
   0.30   10.00    10.711    10.764   0.518   0.608
   0.40   10.00    10.049    10.475   0.497   0.548
   0.50   10.00    10.056    10.056   0.496   0.547
   0.60   10.00     9.995    10.056   0.500   0.553
   0.70   10.00    10.058     9.887   0.499   0.559
   0.80   10.00    10.057    10.144   0.499   0.553
   0.90   10.00    10.060    10.092   0.499   0.553
   1.00    5.00    10.066    10.144   0.394   0.448
   1.10    5.00     5.681     6.012   0.211   0.227
   1.20    5.00     4.619     4.602   0.241   0.252
   1.30    5.00     4.842     5.005   0.254   0.276
   1.40    5.00     5.180     5.064   0.247   0.280
   1.50    5.00     4.937     5.133   0.251   0.276
   1.60    5.00     4.937     4.935   0.251   0.279
   1.70    5.00     4.949     5.018   0.251   0.277
   1.80    5.00     5.018     5.021   0.250   0.277
   1.90    5.00     5.019     5.025   0.250   0.277
   2.00    5.00     5.021     5.060   0.250   0.276
largest speed error in the last 0.1 s: 0.175 rad/s -> PASS (tolerance 0.2)
