write-back + write-allocate:
  W   0  miss
  W   4  hit
  W   8  hit
  R   0  hit
  W  40  miss, dirty victim written back
  R   4  miss, dirty victim written back
  W   c  hit
  W   0  hit
  R  80  miss, dirty victim written back
  W  84  hit
  W  88  hit
  R   0  miss, dirty victim written back
  block reads 5, block write-backs 4, single writes 0
write-through + no-write-allocate:
  W   0  miss
  W   4  miss
  W   8  miss
  R   0  miss
  W  40  miss
  R   4  hit
  W   c  hit
  W   0  hit
  R  80  miss
  W  84  hit
  W  88  hit
  R   0  miss
  block reads 3, block write-backs 0, single writes 8
