  t (ms)  encoder counts  angle (rad)  D term (V)
      20               4     0.006136       0.000
      21               4     0.006136       0.000
      22               4     0.006136       0.000
      23               4     0.006136       0.000
      24               5     0.007670       0.077
      25               5     0.007670       0.000
      26               5     0.007670       0.000
      27               5     0.007670       0.000
      28               5     0.007670       0.000
      29               6     0.009204       0.077
      30               6     0.009204       0.000
      31               6     0.009204       0.000
      32               6     0.009204       0.000
      33               6     0.009204       0.000
      34               7     0.010738       0.077
      35               7     0.010738       0.000
      36               7     0.010738       0.000
      37               7     0.010738       0.000
      38               7     0.010738       0.000
      39               8     0.012272       0.077
      40               8     0.012272       0.000
