encoder 4096 counts/rev: one count per sample = 1.534 rad/s
  low-pass tau =  2 ms: RMS error 0.1520 rad/s, lag  2 ms
  low-pass tau =  5 ms: RMS error 0.0825 rad/s, lag  5 ms
  low-pass tau = 10 ms: RMS error 0.0831 rad/s, lag 10 ms
  low-pass tau = 20 ms: RMS error 0.1442 rad/s, lag 20 ms
  low-pass tau = 50 ms: RMS error 0.3481 rad/s, lag 50 ms
  window W =  5 samples: RMS error 0.1198 rad/s, lag  3 ms
  window W = 10 samples: RMS error 0.0696 rad/s, lag  5 ms
  window W = 16 samples: RMS error 0.0670 rad/s, lag  8 ms
  window W = 20 samples: RMS error 0.0759 rad/s, lag 10 ms
  window W = 50 samples: RMS error 0.1747 rad/s, lag 25 ms
encoder 1024 counts/rev: one count per sample = 6.136 rad/s
  low-pass tau =  2 ms: RMS error 0.6535 rad/s, lag  2 ms
  low-pass tau =  5 ms: RMS error 0.3120 rad/s, lag  5 ms
  low-pass tau = 10 ms: RMS error 0.1812 rad/s, lag 10 ms
  low-pass tau = 20 ms: RMS error 0.1667 rad/s, lag 20 ms
  low-pass tau = 50 ms: RMS error 0.3498 rad/s, lag 50 ms
  window W =  5 samples: RMS error 0.5217 rad/s, lag  2 ms
  window W = 10 samples: RMS error 0.2423 rad/s, lag  5 ms
  window W = 16 samples: RMS error 0.1671 rad/s, lag  8 ms
  window W = 20 samples: RMS error 0.1470 rad/s, lag 10 ms
  window W = 50 samples: RMS error 0.1817 rad/s, lag 25 ms
