OS303 teaching kernel: cpu0 in 64-bit mode
memory map (from the boot loader):
  0000000000000000-000000000009fbff type 1 (usable RAM)
  000000000009fc00-000000000009ffff type 2
  00000000000f0000-00000000000fffff type 2
  0000000000100000-000000000ffdffff type 1 (usable RAM)
  000000000ffe0000-000000000fffffff type 2
  00000000fffc0000-00000000ffffffff type 2
  000000fd00000000-000000ffffffffff type 2
frames: 64761 free of 4 KiB (259044 KiB), kernel ends at 0x2c0000, 9 boot modules
command line: 'kernel32.elf test=user nosmap=1'
calibration against the PIT: APIC timer 633175 ticks per 10 ms (divide 16), TSC 2115262 cycles per ms
syscall: SYSCALL/SYSRET enabled; SMEP off, SMAP off
=== test user ===
boot modules: u_args.elf (24544 bytes) u_badptr.elf (18976 bytes) u_child.elf (12064 bytes) u_hello.elf (17184 bytes) u_init.elf (23992 bytes) u_nop.elf (11760 bytes) u_peek.elf (14480 bytes) u_priv.elf (13584 bytes) u_spin.elf (11768 bytes)
hello from ring 3: pid 1, CS = 0x0000000000000023 (low two bits = privilege level 3)
kernel: process 1 'u_hello.elf' exited with status 0x2a
ok
badptr: valid buffer, 3 bytes       -> 3 (as expected)

KERNEL CRASH: page fault (vector 14) on cpu0, thread 3 'u_badptr.elf'
  faulting address (CR2) = 0000009000000000
  error code 0x0: page not present, read, supervisor mode
  rip=00000000001002a0 cs=8 rflags=2 rsp=0000000100009f30 ss=10
  rax=0000000000000000 rbx=0000009000000000 rcx=00000000000003fd rdx=0000000000000010
  rsi=0000000000000027 rdi=0000009000000000 rbp=0000000100009f50 r8 =0000009000000010
  r12=0000000000000010 r13=0000000000000246 r14=0000000000000000 r15=0000000000000000
  thread stack: guard page 0000000100005000-0000000100005fff, stack 0000000100006000-0000000100009fff
  backtrace (return addresses; use addr2line -e kernel.elf):
    00000000001002a0
    00000000001069e4
    0000000000106fe1
    0000000000107204
PANIC on cpu0: unrecoverable page fault in the kernel
