OS303 teaching kernel: cpu0 in 64-bit mode
memory map (from the boot loader):
  0000000000000000-000000000009fbff type 1 (usable RAM)
  000000000009fc00-000000000009ffff type 2
  00000000000f0000-00000000000fffff type 2
  0000000000100000-000000000ffdffff type 1 (usable RAM)
  000000000ffe0000-000000000fffffff type 2
  00000000fffc0000-00000000ffffffff type 2
  000000fd00000000-000000ffffffffff type 2
frames: 64761 free of 4 KiB (259044 KiB), kernel ends at 0x2c0000, 9 boot modules
command line: 'kernel32.elf test=user'
calibration against the PIT: APIC timer 630231 ticks per 10 ms (divide 16), TSC 2109140 cycles per ms
syscall: SYSCALL/SYSRET enabled; SMEP on, SMAP on
=== test user ===
boot modules: u_args.elf (24544 bytes) u_badptr.elf (18976 bytes) u_child.elf (12064 bytes) u_hello.elf (17184 bytes) u_init.elf (23992 bytes) u_nop.elf (11760 bytes) u_peek.elf (14480 bytes) u_priv.elf (13584 bytes) u_spin.elf (11768 bytes)

KERNEL CRASH: page fault (vector 14) on cpu0, thread 2 'u_hello.elf'
  faulting address (CR2) = 0000008000402000
  error code 0x1: protection violation, read, supervisor mode
  rip=00000000001002a0 cs=8 rflags=6 rsp=0000000100009f30 ss=10
  rax=0000000000000000 rbx=0000008000402000 rcx=00000000000003fd rdx=0000000000000017
  rsi=0000000000000019 rdi=0000008000402000 rbp=0000000100009f50 r8 =0000008000402017
  r12=0000000000000017 r13=0000000000000246 r14=0000000000000000 r15=0000000000000000
  thread stack: guard page 0000000100005000-0000000100005fff, stack 0000000100006000-0000000100009fff
  backtrace (return addresses; use addr2line -e kernel.elf):
    00000000001002a0
    00000000001069e4
    0000000000106fe1
    0000000000107204
PANIC on cpu0: unrecoverable page fault in the kernel
