ELF Header:
  Magic:   7f 45 4c 46 02 01 01 00 00 00 00 00 00 00 00 00 
  Class:                             ELF64
  Data:                              2's complement, little endian
  Version:                           1 (current)
  OS/ABI:                            UNIX - System V
  ABI Version:                       0
  Type:                              EXEC (Executable file)
  Machine:                           Advanced Micro Devices X86-64
  Version:                           0x1
  Entry point address:               0x800040113f
  Start of program headers:          64 (bytes into file)
  Start of section headers:          16160 (bytes into file)
  Flags:                             0x0
  Size of this header:               64 (bytes)
  Size of program headers:           56 (bytes)
  Number of program headers:         4
  Size of section headers:           64 (bytes)
  Number of section headers:         16
  Section header string table index: 15

Program Headers:
  Type           Offset             VirtAddr           PhysAddr
                 FileSiz            MemSiz              Flags  Align
  LOAD           0x0000000000000000 0x0000008000400000 0x0000008000400000
                 0x0000000000000120 0x0000000000000120  R      0x1000
  LOAD           0x0000000000001000 0x0000008000401000 0x0000008000401000
                 0x0000000000000234 0x0000000000000234  R E    0x1000
  LOAD           0x0000000000002000 0x0000008000402000 0x0000008000402000
                 0x00000000000000d8 0x00000000000000d8  R      0x1000
  GNU_STACK      0x0000000000000000 0x0000000000000000 0x0000000000000000
                 0x0000000000000000 0x0000000000000000  RW     0x10

 Section to Segment mapping:
  Segment Sections...
   00     
   01     .text 
   02     .rodata .eh_frame 
   03     
