OS303 teaching kernel: cpu0 in 64-bit mode
memory map (from the boot loader):
  0000000000000000-000000000009fbff type 1 (usable RAM)
  000000000009fc00-000000000009ffff type 2
  00000000000f0000-00000000000fffff type 2
  0000000000100000-000000000ffdffff type 1 (usable RAM)
  000000000ffe0000-000000000fffffff type 2
  00000000fffc0000-00000000ffffffff type 2
  000000fd00000000-000000ffffffffff type 2
frames: 64761 free of 4 KiB (259044 KiB), kernel ends at 0x2c0000, 9 boot modules
command line: 'kernel32.elf test=user'
calibration against the PIT: APIC timer 635415 ticks per 10 ms (divide 16), TSC 2121930 cycles per ms
syscall: SYSCALL/SYSRET enabled; SMEP on, SMAP on
=== test user ===
boot modules: u_args.elf (24544 bytes) u_badptr.elf (18976 bytes) u_child.elf (12064 bytes) u_hello.elf (17184 bytes) u_init.elf (23992 bytes) u_nop.elf (11760 bytes) u_peek.elf (14480 bytes) u_priv.elf (13584 bytes) u_spin.elf (11768 bytes)
hello from ring 3: pid 1, CS = 0x0000000000000023 (low two bits = privilege level 3)
kernel: process 1 'u_hello.elf' exited with status 0x2a
ok
badptr: valid buffer, 3 bytes       -> 3 (as expected)
badptr: unmapped user address       -> -2 (as expected)
badptr: kernel address 0x100000     -> -2 (as expected)
badptr: length past mapped memory   -> -2 (as expected)
badptr: length that wraps past 2^64 -> -2 (as expected)
badptr: bad file descriptor         -> -3 (as expected)
kernel: process 2 'u_badptr.elf' exited with status 0x0
priv: executing HLT in ring 3
USER FAULT: pid 3 'u_priv.elf': general protection (vector 13) at rip=0000008000401024: process killed, the kernel continues
kernel: process 3 'u_priv.elf' exited with status 0x10d
peek: reading kernel address 0x100000
USER FAULT: pid 4 'u_peek.elf': page fault (vector 14) at rip=0000008000401033, address 0000000000100000 (protection read): process killed, the kernel continues
kernel: process 4 'u_peek.elf' exited with status 0x10e
kernel: still running after the faults; free frames 64754 before, 64754 after
=== test user: PASS ===
