n = 1: eggs 2n = 2, flour 150n = 150
n = 2: eggs 2n = 4, flour 150n = 300
n = 3: eggs 2n = 6, flour 150n = 450
n = 4: eggs 2n = 8, flour 150n = 600
3n + 2 with n = 5: 17
2(n + 3) with n = 4: 14; 2n + 3 with n = 4: 11
4a + 3a with a = 2: 14 = 7a = 14
tickets with 4 seats per table:
  table 0: 0 1 2 3
  table 1: 4 5 6 7
  table 2: 8 9 10 11
table 2 seat 3: 11; table 0 seat 0: 0; table 5 seat 1: 21
256 seats, table 3 seat 10: 778
price 3p + 5 with p = 4: 17
x + x + x with x = 6: 18 = 3x = 18
5b - 2b + 1 with b = 3: 10 = 3b + 1 = 10
perimeter 2l + 2w with l = 7, w = 3: 20
ticket 14 with 4 seats: table 3, seat 2
3n with n = -2: -6; n + 3 + 2 with n = 4: 9; 2 x 4 x 3 = 24
2n + 6 with n = 4: 14; 3 x 4 = 12 tickets for 3 tables of 4
3a + 2b with a = 1, b = 10: 23; 5ab: 50; 3n + 2 with n = 1: 5; 15 - 6 + 1 = 10
