F4-12 kernel: magic=0x2badb002
acpi: RSDP at 0xf52c0 revision 0, using RSDT at 0x3fe231e
vtd: DMAR length 112, host address width 39 bits, flags 0x1
vtd: DRHD flags 0x0 (INCLUDE_PCI_ALL=0) segment 0 register base 0xfed90000
vtd:   scope IOAPIC, enumeration id 0, bus 255, path 00.0
vtd:   scope PCI endpoint, enumeration id 0, bus 0, path 00.0
vtd:   scope PCI endpoint, enumeration id 0, bus 0, path 01.0
vtd:   scope PCI endpoint, enumeration id 0, bus 0, path 1f.0
vtd:   scope PCI endpoint, enumeration id 0, bus 0, path 1f.2
vtd:   scope PCI endpoint, enumeration id 0, bus 0, path 1f.3
vtd: version 1.0 CAP 0xd2008c22260206 ECAP 0xf00f4a
vtd: SAGAW 0x2 (39-bit 3-level supported), MGAW 39, domains 2^16, caching mode 0, fault records 1 at +0x220, IOTLB regs at +0xf0
vtd: 00:01.0 -> domain 1, context entry 0x0000000000000101_000000000011b001
vtd: root table at 0x14c000, translation enabled (GSTS 0xc0000000)
hda: interrupts by MSI, DMA through VT-d
hda: 00:01.0 BAR0 0xfebf8000, version 1.0, GCAP 0x4401: 4 input, 4 output, 0 bidirectional streams, 64-bit yes
hda: reset done, STATESTS 0x0001 (one bit per codec address)
hda: CORB 256 entries at 0x800300, RIRB 256 entries at 0x802b00, both running
codec 0: vendor 0x1af4 device 0x0012, revision 0x00100101; root node: 1 function group(s) from node 1
  node 1: audio function group, widgets 2..3, PCM rates/sizes 0x000201fc, formats 0x1
    widget 2: audio output, caps 0x0000001d, stereo, output amp
    widget 3: pin complex, caps 0x00400101, stereo, inputs from: 2, pin caps 0x00000010, default device: line out
  path: converter (DAC) 2 -> pin 3
pcm: 353280 bytes = 88320 frames of 2-channel 16-bit at 44100 Hz (left 440 Hz, right 660 Hz), fnv1a 0x087fc05e
stream: SD4 (first output), tag 1, 8 periods of 44160 bytes, BDL at 0x85d900, format 0x4011 = 44100 Hz, 16-bit, 2 ch; converter reads back 0x4011 = 44100 Hz, 16-bit, 2 ch; DAC amp cap 0x80034a4a -> gain step 74, reads back left 0x4a right 0x4a
stream: 8 of 8 buffer completions in 1966 ms (PIT clock), 8 interrupts, LPIB 0 at stop, FIFO error 0
F4-12 done
