kernel _Z3dotPK15HIP_vector_typeIfLj4EES2_Pfi: 100 instructions
    EXEC mask change                        6
    LDS and cross-lane (ds_)                6
    branch                                  4
    scalar ALU (other s_)                   7
    scalar memory (s_load)                  6
    vector ALU (other v_)                  58
    vector memory (global/buffer/flat)      3
    wait (s_waitcnt)                       10
  loop .LBB0_2 (body): 23 instructions
    EXEC mask change                        1
    branch                                  1
    scalar ALU (other s_)                   1
    vector ALU (other v_)                  16
    vector memory (global/buffer/flat)      2
    wait (s_waitcnt)                        2
  loop .LBB0_6 (body): 8 instructions
    EXEC mask change                        1
    branch                                  1
    scalar ALU (other s_)                   1
    vector ALU (other v_)                   3
    vector memory (global/buffer/flat)      1
    wait (s_waitcnt)                        1
kernel _Z6dotFmaPK15HIP_vector_typeIfLj4EES2_Pfi: 98 instructions
    EXEC mask change                        6
    LDS and cross-lane (ds_)                6
    branch                                  4
    scalar ALU (other s_)                   7
    scalar memory (s_load)                  6
    vector ALU (other v_)                  52
    vector FMA / matrix                     4
    vector memory (global/buffer/flat)      3
    wait (s_waitcnt)                       10
  loop .LBB1_2 (body): 21 instructions
    EXEC mask change                        1
    branch                                  1
    scalar ALU (other s_)                   1
    vector ALU (other v_)                  10
    vector FMA / matrix                     4
    vector memory (global/buffer/flat)      2
    wait (s_waitcnt)                        2
  loop .LBB1_6 (body): 8 instructions
    EXEC mask change                        1
    branch                                  1
    scalar ALU (other s_)                   1
    vector ALU (other v_)                   3
    vector memory (global/buffer/flat)      1
    wait (s_waitcnt)                        1
