ELF 64-bit LSB shared object, AMD GPU architecture version 1, dynamically linked, not stripped
--- symbols
     1: 0000000000001a00   524 FUNC    GLOBAL PROTECTED   7 _Z3dotPK15HIP_vector_typeIfLj4EES2_Pfi
     2: 00000000000008c0    64 OBJECT  GLOBAL PROTECTED   6 _Z3dotPK15HIP_vector_typeIfLj4EES2_Pfi.kd
     2: 0000000000001a00   524 FUNC    GLOBAL PROTECTED   7 _Z3dotPK15HIP_vector_typeIfLj4EES2_Pfi
     3: 00000000000008c0    64 OBJECT  GLOBAL PROTECTED   6 _Z3dotPK15HIP_vector_typeIfLj4EES2_Pfi.kd
--- first instructions of dot() with their encodings
	s_load_dword s12, s[4:5], 0x4  // 000000001A00: C0020302 00000004
	s_load_dword s9, s[6:7], 0x18  // 000000001A08: C0020243 00000018
	s_load_dwordx4 s[0:3], s[6:7], 0x0  // 000000001A10: C00A0003 00000000
	s_load_dwordx2 s[10:11], s[6:7], 0x10  // 000000001A18: C0060283 00000010
	v_mov_b32_e32 v2, 0  // 000000001A20: 7E040280
	s_waitcnt lgkmcnt(0)  // 000000001A24: BF8CC07F
	s_and_b32 s6, s12, 0xffff  // 000000001A28: 8606FF0C 0000FFFF
	s_mul_i32 s8, s8, s6  // 000000001A30: 92080608
	v_add_u32_e32 v0, s8, v0  // 000000001A34: 68000008
	v_cmp_gt_i32_e32 vcc, s9, v0  // 000000001A38: 7D880009
	s_and_saveexec_b64 s[6:7], vcc  // 000000001A3C: BE86206A
	s_cbranch_execz 33  // 000000001A40: BF880021 <_Z3dotPK15HIP_vector_typeIfLj4EES2_Pfi+0xc8>
--- selected metadata of dot()
  - .agpr_count:     0
    .group_segment_fixed_size: 0
    .kernarg_segment_size: 28
    .max_flat_workgroup_size: 1024
    .name:           _Z3dotPK15HIP_vector_typeIfLj4EES2_Pfi
    .private_segment_fixed_size: 0
    .sgpr_count:     17
    .sgpr_spill_count: 0
    .vgpr_count:     16
    .vgpr_spill_count: 0
    .wavefront_size: 64
