.LBB1_2:
	v_ashrrev_i32_e32 v1, 31, v0
	v_lshlrev_b64 v[8:9], 4, v[0:1]
	v_mov_b32_e32 v1, s1
	v_add_co_u32_e32 v4, vcc, s0, v8
	v_addc_co_u32_e32 v5, vcc, v1, v9, vcc
	v_mov_b32_e32 v1, s3
	v_add_co_u32_e32 v8, vcc, s2, v8
	v_addc_co_u32_e32 v9, vcc, v1, v9, vcc
	global_load_dwordx4 v[4:7], v[4:5], off
	s_waitcnt lgkmcnt(0)
	v_add_u32_e32 v0, s8, v0
	global_load_dwordx4 v[8:11], v[8:9], off
	v_cmp_le_i32_e32 vcc, s9, v0
	s_or_b64 s[4:5], vcc, s[4:5]
	s_waitcnt vmcnt(0)
	v_fmac_f32_e32 v2, v4, v8
	v_fmac_f32_e32 v2, v5, v9
	v_fmac_f32_e32 v2, v6, v10
	v_fmac_f32_e32 v2, v7, v11
	s_andn2_b64 exec, exec, s[4:5]
	s_cbranch_execnz .LBB1_2
