volts  speed(rad/s)  thrust(N)  current(A)  power in(W)  thrust per watt(N/W)
  2.0         194.3      0.378        0.57         1.13               0.3333
  4.0         378.5      1.433        2.15         8.60               0.1667
  6.0         554.0      3.069        4.60        27.62               0.1111
  8.0         721.8      5.211        7.82        62.53               0.0833
 10.0         883.0      7.798       11.70       116.96               0.0667
 12.0        1038.3     10.781       16.17       194.05               0.0556
hover: 495.2 rad/s per rotor needs 5.320 V
step +1 V: speed goes from 495.2 to 581.3 rad/s
  t(ms)  speed(rad/s)
    0.0         495.2
   10.0         533.2
   20.0         554.5
   30.0         566.4
   40.0         573.0
   50.0         576.7
   60.0         578.8
   70.0         579.9
   80.0         580.5
   90.0         580.9
  100.0         581.1
time to 63.2 % of the change: 17.14 ms (linearised model: 17.41 ms)
