execve("./hello_plain", ["./hello_plain"], 0x7ffc05c95a40 /* 177 vars */) = 0
brk(NULL)                               = 0x564505641000
mmap(NULL, 8192, PROT_READ|PROT_WRITE, MAP_PRIVATE|MAP_ANONYMOUS, -1, 0) = 0x7ff1ea65a000
access("/etc/ld.so.preload", R_OK)      = -1 ENOENT (No such file or directory)
openat(AT_FDCWD, "/etc/ld.so.cache", O_RDONLY|O_CLOEXEC) = 3
fstat(3, {st_mode=S_IFREG|0644, st_size=59187, ...}) = 0
mmap(NULL, 59187, PROT_READ, MAP_PRIVATE, 3, 0) = 0x7ff1ea64b000
close(3)                                = 0
openat(AT_FDCWD, "/lib/x86_64-linux-gnu/libc.so.6", O_RDONLY|O_CLOEXEC) = 3
read(3, "\177ELF\2\1\1\3\0\0\0\0\0\0\0\0\3\0>\0\1\0\0\0\220\243\2\0\0\0\0\0"..., 832) = 832
pread64(3, "\6\0\0\0\4\0\0\0@\0\0\0\0\0\0\0@\0\0\0\0\0\0\0@\0\0\0\0\0\0\0"..., 784, 64) = 784
fstat(3, {st_mode=S_IFREG|0755, st_size=2129424, ...}) = 0
pread64(3, "\6\0\0\0\4\0\0\0@\0\0\0\0\0\0\0@\0\0\0\0\0\0\0@\0\0\0\0\0\0\0"..., 784, 64) = 784
mmap(NULL, 2174352, PROT_READ, MAP_PRIVATE|MAP_DENYWRITE, 3, 0) = 0x7ff1ea400000
mmap(0x7ff1ea428000, 1609728, PROT_READ|PROT_EXEC, MAP_PRIVATE|MAP_FIXED|MAP_DENYWRITE, 3, 0x28000) = 0x7ff1ea428000
mmap(0x7ff1ea5b1000, 323584, PROT_READ, MAP_PRIVATE|MAP_FIXED|MAP_DENYWRITE, 3, 0x1b1000) = 0x7ff1ea5b1000
mmap(0x7ff1ea600000, 24576, PROT_READ|PROT_WRITE, MAP_PRIVATE|MAP_FIXED|MAP_DENYWRITE, 3, 0x1ff000) = 0x7ff1ea600000
mmap(0x7ff1ea606000, 52624, PROT_READ|PROT_WRITE, MAP_PRIVATE|MAP_FIXED|MAP_ANONYMOUS, -1, 0) = 0x7ff1ea606000
close(3)                                = 0
mmap(NULL, 12288, PROT_READ|PROT_WRITE, MAP_PRIVATE|MAP_ANONYMOUS, -1, 0) = 0x7ff1ea648000
arch_prctl(ARCH_SET_FS, 0x7ff1ea648740) = 0
set_tid_address(0x7ff1ea648a10)         = 6391
set_robust_list(0x7ff1ea648a20, 24)     = 0
rseq(0x7ff1ea649060, 0x20, 0, 0x53053053) = 0
mprotect(0x7ff1ea600000, 16384, PROT_READ) = 0
mprotect(0x5644e3592000, 4096, PROT_READ) = 0
mprotect(0x7ff1ea69a000, 8192, PROT_READ) = 0
prlimit64(0, RLIMIT_STACK, NULL, {rlim_cur=8192*1024, rlim_max=RLIM64_INFINITY}) = 0
munmap(0x7ff1ea64b000, 59187)           = 0
fstat(1, {st_mode=S_IFCHR|0666, st_rdev=makedev(0x1, 0x3), ...}) = 0
ioctl(1, TCGETS, 0x7ffef4ef9a20)        = -1 ENOTTY (Inappropriate ioctl for device)
getrandom("\xe2\xd9\xfe\xf2\x92\xda\x90\x22", 8, GRND_NONBLOCK) = 8
brk(NULL)                               = 0x564505641000
brk(0x564505662000)                     = 0x564505662000
write(1, "Hello from a process!\n", 22) = 22
exit_group(0)                           = ?
+++ exited with 0 +++
