  t s  current A  raw V  per cell  corrected/cell  used mAh  event
    0       12.0  15.92     3.980           4.100         0  
   60       12.0  15.65     3.913           4.033       200  
  100       45.0  14.16     3.539           3.989       333  raw-voltage warning
  101       45.0  14.14     3.535           3.985       346  
  102       45.0  14.12     3.531           3.981       358  
  103       45.0  14.11     3.526           3.976       371  
  104       45.0  14.09     3.522           3.972       383  
  105       45.0  14.07     3.518           3.968       396  
  106       12.0  15.38     3.844           3.964       408  
  107       12.0  15.37     3.843           3.963       412  
  120       12.0  15.31     3.828           3.948       455  
  180       12.0  15.08     3.771           3.891       655  
  240       12.0  14.91     3.728           3.848       910  
  300       12.0  14.78     3.695           3.815      1110  
  360       12.0  14.61     3.652           3.772      1365  
  420       12.0  14.48     3.619           3.739      1565  
  480       12.0  14.31     3.577           3.697      1820  
  540       12.0  14.17     3.543           3.663      2020  
  564       12.0  14.12     3.530           3.650      2100  corrected-voltage warning
  600       12.0  14.00     3.501           3.621      2275  
  638       12.0  13.92     3.479           3.599      2402  used-charge warning (80 %)
  660       12.0  13.77     3.442           3.562      2475  
