RBR offset     ours 0x00  linux 0x00  same
THR offset     ours 0x00  linux 0x00  same
DLL offset     ours 0x00  linux 0x00  same
DLM offset     ours 0x01  linux 0x01  same
IER offset     ours 0x01  linux 0x01  same
IIR offset     ours 0x02  linux 0x02  same
FCR offset     ours 0x02  linux 0x02  same
LCR offset     ours 0x03  linux 0x03  same
MCR offset     ours 0x04  linux 0x04  same
LSR offset     ours 0x05  linux 0x05  same
MSR offset     ours 0x06  linux 0x06  same
SCR offset     ours 0x07  linux 0x07  same
IER_RDI        ours 0x01  linux 0x01  same
IER_THRI       ours 0x02  linux 0x02  same
IIR_NO_INT     ours 0x01  linux 0x01  same
IIR_RLSI       ours 0x06  linux 0x06  same
IIR_RDI        ours 0x04  linux 0x04  same
IIR_THRI       ours 0x02  linux 0x02  same
IIR_TIMEOUT    ours 0x0c  linux 0x0c  same
FCR_ENABLE     ours 0x01  linux 0x01  same
FCR_CLEAR_RX   ours 0x02  linux 0x02  same
FCR_CLEAR_TX   ours 0x04  linux 0x04  same
FCR_TRIGGER_14 ours 0xc0  linux 0xc0  same
LCR_DLAB       ours 0x80  linux 0x80  same
LCR_8N1        ours 0x03  linux 0x03  same
MCR_DTR        ours 0x01  linux 0x01  same
MCR_RTS        ours 0x02  linux 0x02  same
MCR_OUT2       ours 0x08  linux 0x08  same
MCR_LOOP       ours 0x10  linux 0x10  same
LSR_DR         ours 0x01  linux 0x01  same
LSR_OE         ours 0x02  linux 0x02  same
LSR_THRE       ours 0x20  linux 0x20  same
LSR_TEMT       ours 0x40  linux 0x40  same
0 difference(s)
