named modules: 127 in OVMF_CODE_4M.fd.txt, 137 in OVMF_CODE_4M.secboot.fd.txt
only in OVMF_CODE_4M.fd.txt (8):
  APPLICATION            Shell
  DRIVER                 EmuVariableFvbRuntimeDxe
  DRIVER                 FaultTolerantWriteDxe
  DRIVER                 FvbServicesRuntimeDxe
  DRIVER                 LinuxInitrdDynamicShellCommand
  DRIVER                 VariableRuntimeDxe
  DRIVER                 httpDynamicCommand
  DRIVER                 tftpDynamicCommand
only in OVMF_CODE_4M.secboot.fd.txt (18):
  DRIVER                 CpuS3DataDxe
  DRIVER                 FirmwareSecvarUpdater
  DRIVER                 PiSmmIpl
  DRIVER                 SecureBootConfigDxe
  DRIVER                 SmmAccess2Dxe
  DRIVER                 SmmControl2Dxe
  DRIVER                 VariableSmmRuntimeDxe
  MM                     CpuHotplugSmm
  MM                     CpuIo2Smm
  MM                     FvbServicesSmm
  MM                     PiSmmCpuDxeSmm
  MM                     SmmFaultTolerantWriteDxe
  MM                     SmmLockBox
  MM                     VariableSmm
  MM_CORE                PiSmmCore
  PEIM                   FaultTolerantWritePei
  PEIM                   PeiVariable
  PEIM                   SmmAccessPei
per type:                              A      B
           APPLICATION                 2      1
           DRIVER                    109    109
           DXE_CORE                    1      1
           MM                          0      7
           MM_CORE                     0      1
           PEIM                       13     16
           PEI_CORE                    1      1
           SECURITY_CORE               1      1
