named modules: 127 in OVMF_CODE_4M.fd.txt, 97 in OVMF.amdsev.fd.txt
only in OVMF_CODE_4M.fd.txt (31):
  APPLICATION            Shell
  DRIVER                 ArpDxe
  DRIVER                 Dhcp4Dxe
  DRIVER                 Dhcp6Dxe
  DRIVER                 DnsDxe
  DRIVER                 DpcDxe
  DRIVER                 HttpBootDxe
  DRIVER                 HttpDxe
  DRIVER                 HttpUtilitiesDxe
  DRIVER                 IScsiDxe
  DRIVER                 Ip4Dxe
  DRIVER                 Ip6Dxe
  DRIVER                 LinuxInitrdDynamicShellCommand
  DRIVER                 MnpDxe
  DRIVER                 Mtftp4Dxe
  DRIVER                 Mtftp6Dxe
  DRIVER                 SnpDxe
  DRIVER                 TcpDxe
  DRIVER                 TdTcg2Dxe
  DRIVER                 TdxDxe
  DRIVER                 TlsAuthConfigDxe
  DRIVER                 TlsDxe
  DRIVER                 Udp4Dxe
  DRIVER                 Udp6Dxe
  DRIVER                 UefiPxeBcDxe
  DRIVER                 VirtioFsDxe
  DRIVER                 VirtioNetDxe
  DRIVER                 VirtioSerialDxe
  DRIVER                 VlanConfigDxe
  DRIVER                 httpDynamicCommand
  DRIVER                 tftpDynamicCommand
only in OVMF.amdsev.fd.txt (3):
  APPLICATION            Grub
  DRIVER                 SecretDxe
  PEIM                   SecretPei
per type:                              A      B
           APPLICATION                 2      2
           DRIVER                    109     79
           DXE_CORE                    1      1
           PEIM                       13     13
           PEI_CORE                    1      1
           SECURITY_CORE               1      1
