=== METRICS (requests per minute; a row every 5 minutes and at every change) ===
time   kv-1 disk  leader  writes  write err  reads  read err
01:58     78.0 %  kv-1      600          0   2400         0
02:00     79.5 %  kv-1      600          0   2400         0
02:05     87.0 %  kv-1      600          0   2400         0
02:10     94.5 %  kv-1      600          0   2400         0
02:11     96.0 %  kv-1      600          0   2400         0
02:14    100.0 %  kv-1      600        600   2400         0
02:15    100.0 %  kv-1      600        600   2400         0
02:20    100.0 %  kv-1      600        600   2400         0
02:25    100.0 %  kv-1      600        600   2400         0
02:30    100.0 %  kv-1      600        600   2400         0
02:34    100.0 %  kv-2      600        600   2400         0
02:35    100.0 %  kv-2      600          0   2400         0
02:40    100.0 %  kv-2      600          0   2400         0
02:45    100.0 %  kv-2      600          0   2400         0
02:50    100.0 %  kv-2      600          0   2400         0
02:55    100.0 %  kv-2      600          0   2400         0
03:00    100.0 %  kv-2      600          0   2400         0
03:01     80.0 %  kv-2      600          0   2400         0
03:05     80.0 %  kv-2      600          0   2400         0

=== ALERTS ===
02:11 TICKET  kv-1 disk above 95 % (queue: storage-tickets, business hours)
02:14 PAGE    kv write error ratio above 2 % over 5 min (primary on-call: rui)
02:21 ACK     page acknowledged by rui
02:39 CLEARED kv write error ratio back to 0 % over 5 min

=== LOGS (kv-1, kv-2; selected lines, in time order) ===
02:00:00 kv-1 compaction: start (writes new segment file before deleting old ones)
02:14:02 kv-1 wal.append: error ENOSPC (no space left on device)
02:14:09 kv-1 compaction: failed: ENOSPC; temp file compact-0412.tmp not removed
02:34:05 kv-1 shutdown requested (signal from operator)
02:34:06 kv-2 election timeout; term 19 -> 20; elected leader (votes kv-2, kv-3)
02:37:12 kv-1 started; joined as follower of kv-2 (term 20)
02:40:15 kv-2 replicate to kv-1: rejected (follower append ENOSPC); kv-1 lagging
02:50:15 kv-2 replicate to kv-1: rejected (follower append ENOSPC); kv-1 lagging
03:00:15 kv-2 replicate to kv-1: rejected (follower append ENOSPC); kv-1 lagging
03:01:30 kv-1 compact-0412.tmp deleted by operator; disk 80 %
03:01:48 kv-2 replicate to kv-1: caught up

=== TRACES (three sampled requests) ===
02:18:22 trace 7f3a  PUT /kv/user:1832  client -> kv-2 (follower) -> leader kv-1
                     kv-1 wal.append 2 ms ERROR ENOSPC -> response 503 after 9 ms
02:18:22 trace 7f3b  GET /kv/user:1832  client -> kv-3 (follower read) 3 ms -> 200
02:41:09 trace 91c0  PUT /kv/user:1832  client -> kv-2 (leader) wal.append 4 ms,
                     replicate kv-3 ok, kv-1 rejected -> committed (2 of 3) -> 200

=== CHAT (#kv-incident; the scenario script, merged by time) ===
02:21 rui: ack. kv write errors 100 %, reads fine. Looking.
02:24 rui: kv-1 is leader, wal.append ENOSPC in its log. disk 100 % on kv-1
02:26 rui: declaring SEV2. I am IC for now. Paging mia as ops.
02:29 mia: here. Taking ops. Runbook "kv writes failing" step 1 says restart the leader.
02:31 rui: risk check: kv-2 and kv-3 healthy and in sync? mia: yes, both at commit index 88412.
02:32 rui: ok, restart kv-1 to move leadership. Then we look at the disk.
02:35 mia: kv-2 is leader (term 20). writes succeeding.
02:36 rui: comms: posted to status channel: writes failed 02:14-02:34, recovered 02:35.
02:40 mia: kv-1 back but rejecting appends, disk still 100 %. compact-0412.tmp is 22 GB.
02:43 rui: we are on 2 of 3 replicas. If kv-2 or kv-3 fails now we lose writes again.
02:52 mia: compaction log says it writes the new segment before deleting old ones. The temp file is a leftover from the failed run.
02:58 rui: approved: delete compact-0412.tmp on kv-1 only. mia does it, nobody else.
03:02 mia: kv-1 disk 80 %, caught up with kv-2.
03:05 rui: resolved. Post-mortem owner: mia. Draft by Thursday.

=== CHANGE LOG (last 7 days) ===
3 days before  kv config: wal retention 4 -> 8 segments (reviewed; disk 60 % -> 78 %)
daily 02:00    kv-1 compaction job (unchanged for 5 months)
