line   5: blame or hindsight wording "should have": describe what the system allowed
line   5: blame or hindsight wording "obviously": describe what the system allowed
line  11: timeline entry without a [source] (alert, log, chat, metric, trace)
line  12: timeline entry without a [source] (alert, log, chat, metric, trace)
line  13: timeline entry without a [source] (alert, log, chat, metric, trace)
line  15: timeline entry without a [source] (alert, log, chat, metric, trace)
line  18: blame or hindsight wording "forgot": describe what the system allowed
line  18: blame or hindsight wording "human error": describe what the system allowed
line  24: action item without owner:
line  24: action item without due:
line  24: action item without a type: (prevent), (detect), (mitigate) or (process)
line  25: action item without owner:
line  25: action item without due:
line  25: action item without a type: (prevent), (detect), (mitigate) or (process)
line  26: action item without a type: (prevent), (detect), (mitigate) or (process)
line   0: missing section "## detection"
line   0: missing section "## response and recovery"
line   0: missing section "## what went wrong"
line   0: missing section "## where we got lucky"
line   0: missing section "## lessons"
20 finding(s) in 26 lines
