frame	URB	type	endpoint	bmRequestType	bRequest	descriptor	wIndex	wLength	URB length	status
1	'S'	0x02	0x80	0x80	6	0x01		8	0	0
2	'C'	0x02	0x80			0x01			8	0
3	'S'	0x02	0x80	0x80	6	0x02		9	0	0
4	'C'	0x02	0x80			0x02			9	0
5	'S'	0x02	0x80	0x80	6	0x02		34	0	0
6	'C'	0x02	0x80			0x02,0x04,0x21,0x05			34	0
7	'S'	0x02	0x00	0x00	9		0	0	0	0
8	'C'	0x02	0x00						0	0
9	'S'	0x02	0x00	0x21					0	0
10	'C'	0x02	0x00						0	0
11	'S'	0x02	0x00	0x21					0	0
12	'C'	0x02	0x00						0	0
13	'S'	0x01	0x81						0	0
14	'C'	0x01	0x81						8	0
15	'S'	0x02	0x80	0x80	6	0x01		8	0	0
16	'C'	0x02	0x80			0x01			8	0
17	'S'	0x02	0x80	0x80	6	0x01		18	0	0
18	'C'	0x02	0x80			0x01			18	0
19	'S'	0x02	0x80	0x80	6	0x02		9	0	0
20	'C'	0x02	0x80			0x02			9	0
21	'S'	0x02	0x80	0x80	6	0x02		34	0	0
22	'C'	0x02	0x80			0x02,0x04,0x21,0x05			34	0
23	'S'	0x02	0x00	0x00	9		0	0	0	0
24	'C'	0x02	0x00						0	0
25	'S'	0x02	0x00	0x21					0	0
26	'C'	0x02	0x00						0	0
27	'S'	0x02	0x00	0x21					0	0
28	'C'	0x02	0x00						0	0
29	'S'	0x01	0x81						0	0
30	'S'	0x01	0x81						0	0
31	'C'	0x01	0x81						8	0
32	'S'	0x01	0x81						0	0
33	'S'	0x01	0x81						0	0
34	'C'	0x01	0x81						8	0
35	'S'	0x01	0x81						0	0
36	'S'	0x01	0x81						0	0
37	'C'	0x01	0x81						8	0
38	'S'	0x01	0x81						0	0
39	'S'	0x01	0x81						0	0
40	'C'	0x01	0x81						8	0
41	'S'	0x01	0x81						0	0
42	'S'	0x01	0x81						0	0
43	'C'	0x01	0x81						8	0
44	'S'	0x01	0x81						0	0

== frame 18 in detail (device descriptor) ==
DEVICE DESCRIPTOR
bLength: 18
bDescriptorType: 0x01 (DEVICE)
bcdUSB: 0x0200
bDeviceClass: Device (0x00)
bDeviceSubClass: 0
bDeviceProtocol: 0 (Use class code info from Interface Descriptors)
bMaxPacketSize0: 64
idVendor: Adomax Technology Co., Ltd (0x0627)
idProduct: QEMU Tablet (0x0001)
bcdDevice: 0x0000
iManufacturer: 1
iProduct: 4
iSerialNumber: 11
bNumConfigurations: 1

