F4-09 kernel: magic=0x2badb002
acpi: RSDP at 0xf52c0 revision 0, using RSDT at 0x3fe231e
vtd: DMAR length 112, host address width 39 bits, flags 0x1
vtd: DRHD flags 0x0 (INCLUDE_PCI_ALL=0) segment 0 register base 0xfed90000
vtd:   scope IOAPIC, enumeration id 0, bus 255, path 00.0
vtd:   scope PCI endpoint, enumeration id 0, bus 0, path 00.0
vtd:   scope PCI endpoint, enumeration id 0, bus 0, path 01.0
vtd:   scope PCI endpoint, enumeration id 0, bus 0, path 1f.0
vtd:   scope PCI endpoint, enumeration id 0, bus 0, path 1f.2
vtd:   scope PCI endpoint, enumeration id 0, bus 0, path 1f.3
vtd: version 1.0 CAP 0xd2008c22260206 ECAP 0xf00f4a
vtd: SAGAW 0x2 (39-bit 3-level supported), MGAW 39, domains 2^16, caching mode 0, fault records 1 at +0x220, IOTLB regs at +0xf0
vtd: 00:01.0 -> domain 1, context entry 0x0000000000000101_000000000011d001
qemu-system-x86_64: vtd_iova_to_slpte: detected slpte permission error (iova=0x3fdec60, level=0x3, slpte=0x0, write=0, pasid=0xffffffff)
qemu-system-x86_64: Interrupt Mask set, irq is not generated
qemu-system-x86_64: vtd_iommu_translate: detected translation failure (dev=00:01:00, iova=0x3fdec60)
qemu-system-x86_64: New fault is not recorded due to compression of faults
vtd: root table at 0x14e000, translation enabled (GSTS 0xc0000000)
xhci: 00:01.0 version 1.00, 64 slots, 16 interrupters, 8 ports, 32-byte contexts, 0 scratchpad pages, 64-bit addressing 1
msix: cap at 0x90, 16 entries, table in BAR0+0x3000, PBA in BAR0+0x3800
xhci: protocol "USB " 2.00 on ports 5-8
xhci: protocol "USB " 3.00 on ports 1-4
usb: port 2: super-speed device, slot 1, USB address 1 (slot state 2)
  device: USB 3.00 class 0/0/0, EP0 max packet 512, vendor 0x46f4 product 0x0001, bcdDevice 0.00, 1 configuration(s)
  config 1: 1 interface(s), total length 44, attributes 0xc0, max power 0 mA
  interface 0: class 8 subclass 6 protocol 80, 2 endpoint(s)
  endpoint 0x81: bulk IN, max packet 1024, interval 0
  endpoint 0x02: bulk OUT, max packet 1024, interval 0
usb: port 5: high-speed device, slot 2, USB address 2 (slot state 2)
  device: USB 2.00 class 0/0/0, EP0 max packet 64, vendor 0x0627 product 0x0001, bcdDevice 0.00, 1 configuration(s)
  config 1: 1 interface(s), total length 34, attributes 0xa0, max power 100 mA
  interface 0: class 3 subclass 1 protocol 1, 1 endpoint(s)
  HID descriptor: HID 1.11, report descriptor length 63
  endpoint 0x81: interrupt IN, max packet 8, interval 7
usb: slot 2 endpoint 0x81 interrupt IN, max packet 8, interval field 6 -> DCI 3
hid: SET_PROTOCOL(boot) -> 0, SET_IDLE(0) -> 0
hid: ready, type a line
hid: report 00 00 0b 00 00 00 00 00
hid: report 00 00 00 00 00 00 00 00
hid: report 00 00 08 00 00 00 00 00
hid: report 00 00 00 00 00 00 00 00
hid: report 00 00 0f 00 00 00 00 00
hid: report 00 00 00 00 00 00 00 00
hid: report 00 00 0f 00 00 00 00 00
hid: report 00 00 00 00 00 00 00 00
hid: report 00 00 12 00 00 00 00 00
hid: report 00 00 00 00 00 00 00 00
hid: report 00 00 2c 00 00 00 00 00
hid: report 00 00 00 00 00 00 00 00
hid: report 00 00 18 00 00 00 00 00
hid: report 00 00 00 00 00 00 00 00
hid: report 00 00 16 00 00 00 00 00
hid: report 00 00 00 00 00 00 00 00
hid: report 00 00 05 00 00 00 00 00
hid: report 00 00 00 00 00 00 00 00
hid: report 00 00 2c 00 00 00 00 00
hid: report 00 00 00 00 00 00 00 00
hid: report 00 00 21 00 00 00 00 00
hid: report 00 00 00 00 00 00 00 00
hid: report 00 00 1f 00 00 00 00 00
hid: report 00 00 00 00 00 00 00 00
hid: report 00 00 28 00 00 00 00 00
hid: line typed: "hello usb 42" (12 characters)
usb: slot 1 endpoint 0x81 bulk IN, max packet 1024, interval field 0 -> DCI 3
usb: slot 1 endpoint 0x02 bulk OUT, max packet 1024, interval field 0 -> DCI 4
scsi: INQUIRY status 0, peripheral type 0, removable 0, vendor "QEMU    " product "QEMU HARDDISK   "
scsi: TEST UNIT READY status 0
scsi: READ CAPACITY(10): last LBA 131071, block size 512 (64 MiB)
fat: OEM "mkfs.fat", type "FAT32   ", label "DR302STICK ", 512 bytes/sector, 1 sectors/cluster, 32 reserved, 2 FATs of 1009 sectors, root cluster 2, signature 0xaa55
fat: root directory cluster 2 at LBA 2050
fat: entry "DR302STICK " attributes 0x08, first cluster 0, 0 bytes
fat: entry "HELLO   TXT" attributes 0x20, first cluster 3, 52 bytes
fat: HELLO.TXT says: Hello from the host, read through USB mass storage.
scsi: WRITE(10) LBA 131071 status 0, READ(10) back status 0, fnv1a 0x2879b9b2, starts "DR302 F4-09 wrote this block"
hotplug: waiting for a new device
hotplug: event for port 2 (already enumerated), ignored
hotplug: event for port 5 (already enumerated), ignored
usb: port 7: high-speed device, slot 3, USB address 3 (slot state 2)
  device: USB 2.00 class 0/0/0, EP0 max packet 64, vendor 0x0627 product 0x0001, bcdDevice 0.00, 1 configuration(s)
  config 1: 1 interface(s), total length 34, attributes 0xa0, max power 100 mA
  interface 0: class 3 subclass 1 protocol 2, 1 endpoint(s)
  HID descriptor: HID 0.01, report descriptor length 52
  endpoint 0x81: interrupt IN, max packet 4, interval 7
hotplug: remove it now
hotplug: port 7 changed, connected=1
hotplug: port 7 changed, connected=0
usb: slot 3 disabled (code 1)
xhci: 78 MSI-X interrupts on vector 0x40
F4-09 done
== QMP driver (host side) ==
qmp: typed 'hello usb 42' on the keyboard (input-send-event, qcodes)
qmp: device_add usb-mouse -> {'return': {}}
qmp: device_del mouse0 -> {'return': {}}
