USB_DIR_IN                         ours  128  linux  128  ok
USB_TYPE_CLASS                     ours   32  linux   32  ok
USB_RECIP_INTERFACE                ours    1  linux    1  ok
USB_REQ_SET_ADDRESS                ours    5  linux    5  ok
USB_REQ_GET_DESCRIPTOR             ours    6  linux    6  ok
USB_REQ_SET_CONFIGURATION          ours    9  linux    9  ok
USB_DT_DEVICE                      ours    1  linux    1  ok
USB_DT_CONFIG                      ours    2  linux    2  ok
USB_DT_STRING                      ours    3  linux    3  ok
USB_DT_INTERFACE                   ours    4  linux    4  ok
USB_DT_ENDPOINT                    ours    5  linux    5  ok
USB_ENDPOINT_XFER_BULK             ours    2  linux    2  ok
USB_ENDPOINT_XFER_INT              ours    3  linux    3  ok
USB_CLASS_HID                      ours    3  linux    3  ok
USB_CLASS_MASS_STORAGE             ours    8  linux    8  ok
sizeof device descriptor           ours   18  linux   18  ok
sizeof config descriptor           ours    9  linux    9  ok
sizeof interface descriptor        ours    9  linux    9  ok
sizeof endpoint descriptor         ours    7  linux    7  ok
offsetof idVendor                  ours    8  linux    8  ok
offsetof bMaxPacketSize0           ours    7  linux    7  ok
offsetof wTotalLength              ours    2  linux    2  ok
offsetof wMaxPacketSize            ours    4  linux    4  ok
offsetof setup wLength             ours    6  linux    6  ok
SCSI TEST UNIT READY               ours    0  linux    0  ok
SCSI REQUEST SENSE                 ours    3  linux    3  ok
SCSI INQUIRY                       ours   18  linux   18  ok
SCSI READ CAPACITY(10)             ours   37  linux   37  ok
SCSI READ(10)                      ours   40  linux   40  ok
SCSI WRITE(10)                     ours   42  linux   42  ok
PASS: 0 mismatches
