0000000 4f 53 33 30 34 46 41 54 20 20 20 08 00 00 a2 a5  >OS304FAT   .....<
0000016 49 5d 49 5d 00 00 a2 a5 49 5d 00 00 00 00 00 00  >I]I]....I]......<
0000032 41 44 00 6f 00 63 00 73 00 00 00 0f 00 60 ff ff  >AD.o.c.s.....`..<
0000048 ff ff ff ff ff ff ff ff ff ff 00 00 ff ff ff ff  >................<
0000064 44 4f 43 53 20 20 20 20 20 20 20 10 00 00 a2 a5  >DOCS       .....<
0000080 49 5d 49 5d 00 00 a2 a5 49 5d 03 00 00 00 00 00  >I]I]....I]......<
0000096 42 2e 00 74 00 78 00 74 00 00 00 0f 00 6b ff ff  >B..t.x.t.....k..<
0000112 ff ff ff ff ff ff ff ff ff ff 00 00 ff ff ff ff  >................<
0000128 01 52 00 65 00 61 00 64 00 20 00 0f 00 6b 6d 00  >.R.e.a.d. ...km.<
0000144 65 00 20 00 66 00 69 00 72 00 00 00 73 00 74 00  >e. .f.i.r...s.t.<
0000160 52 45 41 44 4d 45 7e 31 54 58 54 20 00 00 a2 a5  >README~1TXT ....<
0000176 49 5d 49 5d 00 00 a2 a5 49 5d 04 00 15 00 00 00  >I]I]....I]......<
0000192 42 72 00 6e 00 65 00 6c 00 2e 00 0f 00 ca 74 00  >Br.n.e.l......t.<
0000208 78 00 74 00 00 00 ff ff ff ff 00 00 ff ff ff ff  >x.t.............<
0000224 01 57 00 72 00 69 00 74 00 74 00 0f 00 ca 65 00  >.W.r.i.t.t....e.<
0000240 6e 00 20 00 42 00 79 00 20 00 00 00 4b 00 65 00  >n. .B.y. ...K.e.<
0000256 57 52 49 54 54 45 7e 31 54 58 54 20 00 00 00 60  >WRITTE~1TXT ...`<
0000272 49 5d 49 5d 00 00 00 60 49 5d 34 00 17 00 00 00  >I]I]...`I]4.....<
0000288 00 00 00 00 00 00 00 00 00 00 00 00 00 00 00 00  >................<
0000304 00 00 00 00 00 00 00 00 00 00 00 00 00 00 00 00  >................<
