fsck.fat 4.2 (2021-01-31)
Checking we can access the last sector of the filesystem
Boot sector contents:
System ID "mkfs.fat"
Media byte 0xf8 (hard disk)
       512 bytes per logical sector
       512 bytes per cluster
        32 reserved sectors
First FAT starts at byte 16384 (sector 32)
         2 FATs, 32 bit entries
    322560 bytes per FAT (= 630 sectors)
Root directory start at cluster 2 (arbitrary size)
Data area starts at byte 661504 (sector 1292)
     80628 data clusters (41281536 bytes)
32 sectors/track, 8 heads
         0 hidden sectors
     81920 sectors total
Checking for unused clusters.
Checking free cluster summary.
fat.img: 6 files, 98/80628 clusters
