 Volume in drive : is OS304FAT   
 Volume Serial Number is 3043-0430
Directory for ::/

DOCS         <DIR>     2026-10-09  20:45  Docs
README~1 TXT        21 2026-10-09  20:45  Read me first.txt
WRITTE~1 TXT        23 2026-10-09  12:00  Written By Kernel.txt
        3 files                  44 bytes
                         41 231 360 bytes free

 Volume in drive : is OS304FAT   
 Volume Serial Number is 3043-0430
Directory for ::/Docs

.            <DIR>     2026-10-09  20:45 
..           <DIR>     2026-10-09  20:45 
numbers  txt     23893 2026-10-09  20:45 
SECOND~1 TXT     23893 2026-10-09  12:00  Second file with a quite long name.txt
        4 files              47 786 bytes
                         41 231 360 bytes free

== mtype "::/Written By Kernel.txt" ==
Written by our driver.
== mtype "::/Docs/Second file with a quite long name.txt" | cmp with the source file ==
identical
