long name                    short name     lossy  recased  checksum
README.TXT                   README.TXT     no     no       0x73
readme.txt                   README.TXT     no     yes      0x73
Read me first.txt            README~1.TXT   yes    yes      0x6B
Specification notes.txt      SPECIF~1.TXT   yes    yes      0xAE
archive.tar.gz               ARCHIV~1.GZ    yes    yes      0x11
a+b=c.txt                    A_B_C~1.TXT    yes    yes      0x99
Quarterly Report Draft.txt   QUARTE~1.TXT   yes    yes      0x6E

checksum of "README~1.TXT" stored as "README~1TXT":
  byte  0 'R' 0x52: rotate 0x00 -> 0x00, add -> 0x52
  byte  1 'E' 0x45: rotate 0x52 -> 0x29, add -> 0x6E
  byte  2 'A' 0x41: rotate 0x6E -> 0x37, add -> 0x78
  byte  3 'D' 0x44: rotate 0x78 -> 0x3C, add -> 0x80
  byte  4 'M' 0x4D: rotate 0x80 -> 0x40, add -> 0x8D
  byte  5 'E' 0x45: rotate 0x8D -> 0xC6, add -> 0x0B
  byte  6 '~' 0x7E: rotate 0x0B -> 0x85, add -> 0x03
  byte  7 '1' 0x31: rotate 0x03 -> 0x81, add -> 0xB2
  byte  8 'T' 0x54: rotate 0xB2 -> 0x59, add -> 0xAD
  byte  9 'X' 0x58: rotate 0xAD -> 0xD6, add -> 0x2E
  byte 10 'T' 0x54: rotate 0x2E -> 0x17, add -> 0x6B
