bad.cc:16:13: warning: 'atoi' used to convert a string to an integer value, but function will not report conversion errors; consider using 'strtol' instead [cert-err34-c]
   16 |     int n = std::atoi(text);                         // ERR34-C: silent on bad input
      |             ^
bad.cc:17:11: warning: Value stored to 'p' during its initialization is never read [clang-analyzer-deadcode.DeadStores]
   17 |     char* p = static_cast<char*>(std::malloc(static_cast<size_t>(n)));
      |           ^   ~~~~~~~~~~~~~~~~~~~~~~~~~~~~~~~~~~~~~~~~~~~~~~~~~~~~~~~
bad.cc:17:11: note: Value stored to 'p' during its initialization is never read
   17 |     char* p = static_cast<char*>(std::malloc(static_cast<size_t>(n)));
      |           ^   ~~~~~~~~~~~~~~~~~~~~~~~~~~~~~~~~~~~~~~~~~~~~~~~~~~~~~~~
bad.cc:18:11: warning: an assignment within an 'if' condition is bug-prone [bugprone-assignment-in-if-condition]
   18 |     if (p = nullptr) std::printf("allocation failed\n");  // '=' not '==' (bugprone)
      |         ~~^~~~~~~~~
bad.cc:18:11: note: if it should be an assignment, move it out of the 'if' condition
bad.cc:18:11: note: if it is meant to be an equality check, change '=' to '=='
bad.cc:20:5: warning: 3rd function call argument is an uninitialized value [clang-analyzer-core.CallAndMessage]
   20 |     std::printf("count=%d chosen=%d\n", n, chosen);  // uses uninitialised 'chosen'
      |     ^
bad.cc:28:24: note: Assuming 'argc' is <= 1
   28 |     return parse_count(argc > 1 ? argv[1] : "0");
      |                        ^~~~~~~~
bad.cc:28:24: note: '?' condition is false
bad.cc:28:12: note: Calling 'parse_count'
   28 |     return parse_count(argc > 1 ? argv[1] : "0");
      |            ^~~~~~~~~~~~~~~~~~~~~~~~~~~~~~~~~~~~~
bad.cc:18:9: note: Assuming 'p' is null
   18 |     if (p = nullptr) std::printf("allocation failed\n");  // '=' not '==' (bugprone)
      |         ^
bad.cc:18:5: note: Taking false branch
   18 |     if (p = nullptr) std::printf("allocation failed\n");  // '=' not '==' (bugprone)
      |     ^
bad.cc:19:5: note: 'chosen' declared without an initial value
   19 |     int chosen;                                      // never initialised
      |     ^~~~~~~~~~
bad.cc:20:5: note: 3rd function call argument is an uninitialized value
   20 |     std::printf("count=%d chosen=%d\n", n, chosen);  // uses uninitialised 'chosen'
      |     ^                                      ~~~~~~

(4 clang-tidy warnings)
