0000  MOV R1, c[0x0][0x28]
0010  S2R R4, SR_CTAID.X
0020  S2R R3, SR_TID.X
0030  IMAD R4, R4, c[0x0][0x0], R3
0040  ISETP.GE.AND P0, PT, R4, c[0x0][0x160], PT
0050  @P0 EXIT
0060  HFMA2.MMA R9, -RZ, RZ, 0, 2.384185791015625e-07
0070  ULDC.64 UR4, c[0x0][0x118]
0080  IMAD.WIDE R2, R4, R9, c[0x0][0x168]
0090  LDG.E.CONSTANT R0, [R2.64]
00a0  MOV R6, c[0x0][0x164]
00b0  FSETP.GEU.AND P1, PT, |R6|.reuse, 1.175494350822287508e-38, PT
00c0  FMUL R5, R6.reuse, 0.25
00d0  FSETP.GT.AND P0, PT, |R6|, 8.50705917302346158658e+37, PT
00e0  FSEL R6, R5, c[0x0][0x164], P0
00f0  IMAD.WIDE R4, R4, R9, c[0x0][0x170]
0100  @!P1 FMUL R6, R6, 16777216
0110  MUFU.RCP R7, R6
0120  @P0 FMUL R0, R0, 0.25
0130  @!P1 FMUL R0, R0, 16777216
0140  FMUL R7, R7, R0
0150  STG.E [R4.64], R7
0160  EXIT
0170  BRA 0x170
