--- _Z15multiplyInverseifPKfPf
0000  MOV R1, c[0x0][0x28]
0010  S2R R4, SR_CTAID.X
0020  S2R R3, SR_TID.X
0030  IMAD R4, R4, c[0x0][0x0], R3
0040  ISETP.GE.AND P0, PT, R4, c[0x0][0x160], PT
0050  @P0 EXIT
0060  HFMA2.MMA R5, -RZ, RZ, 0, 2.384185791015625e-07
0070  ULDC.64 UR4, c[0x0][0x118]
0080  IMAD.WIDE R2, R4, R5, c[0x0][0x168]
0090  LDG.E.CONSTANT R2, [R2.64]
00a0  IMAD.WIDE R4, R4, R5, c[0x0][0x170]
00b0  FMUL R7, R2, c[0x0][0x164]
00c0  STG.E [R4.64], R7
00d0  EXIT
00e0  BRA 0xe0
--- _Z10divideEachifPKfPf
0000  IMAD.MOV.U32 R1, RZ, RZ, c[0x0][0x28]
0010  S2R R0, SR_CTAID.X
0020  S2R R3, SR_TID.X
0030  IMAD R0, R0, c[0x0][0x0], R3
0040  ISETP.GE.AND P0, PT, R0, c[0x0][0x160], PT
0050  @P0 EXIT
0060  IMAD.MOV.U32 R3, RZ, RZ, 0x4
0070  ULDC.64 UR4, c[0x0][0x118]
0080  IMAD.WIDE R2, R0, R3, c[0x0][0x168]
0090  LDG.E.CONSTANT R3, [R2.64]
00a0  MUFU.RCP R4, c[0x0][0x164]
00b0  IMAD.MOV.U32 R5, RZ, RZ, c[0x0][0x164]
00c0  BSSY B0, 0x170
00d0  FFMA R5, R4, -R5, 1
00e0  FFMA R4, R4, R5, R4
00f0  FCHK P0, R3, c[0x0][0x164]
0100  FFMA R5, R3, R4, RZ
0110  FFMA R6, R5, -c[0x0][0x164], R3
0120  FFMA R5, R4, R6, R5
0130  @!P0 BRA 0x160
0140  MOV R2, 0x160
0150  CALL.REL.NOINC 0x1b0
0160  BSYNC B0
0170  IMAD.MOV.U32 R3, RZ, RZ, 0x4
0180  IMAD.WIDE R2, R0, R3, c[0x0][0x170]
0190  STG.E [R2.64], R5
01a0  EXIT
