Cachegrind, a high-precision tracing profiler
Copyright (C) 2002-2017, and GNU GPL'd, by Nicholas Nethercote et al.
Using Valgrind-3.22.0 and LibVEX; rerun with -h for copyright info
Command: ./traversal 2048 cols

--2987-- warning: L3 cache found, using its data for the LL simulation.
--2987-- warning: specified LL cache: line_size 64  assoc 20  total_size 272,629,760
--2987-- warning: simulated LL cache: line_size 64  assoc 33  total_size 276,824,064
matrix 2048 x 2048 doubles = 32 MiB
cols: sum 4194304 in 264.9 ms

I refs:        37,660,394
I1  misses:         2,222
LLi misses:         2,127
I1  miss rate:       0.01%
LLi miss rate:       0.01%

D refs:         9,079,282  (4,714,871 rd   + 4,364,411 wr)
D1  misses:     4,733,317  (4,206,815 rd   +   526,502 wr)
LLd misses:       533,305  (    7,606 rd   +   525,699 wr)
D1  miss rate:       52.1% (     89.2%     +      12.1%  )
LLd miss rate:        5.9% (      0.2%     +      12.0%  )

LL refs:        4,735,539  (4,209,037 rd   +   526,502 wr)
LL misses:        535,432  (    9,733 rd   +   525,699 wr)
LL miss rate:         1.1% (      0.0%     +      12.0%  )
