Cachegrind, a high-precision tracing profiler
Copyright (C) 2002-2017, and GNU GPL'd, by Nicholas Nethercote et al.
Using Valgrind-3.22.0 and LibVEX; rerun with -h for copyright info
Command: ./traversal 2048 rows

--2964-- warning: L3 cache found, using its data for the LL simulation.
--2964-- warning: specified LL cache: line_size 64  assoc 20  total_size 272,629,760
--2964-- warning: simulated LL cache: line_size 64  assoc 33  total_size 276,824,064
matrix 2048 x 2048 doubles = 32 MiB
rows: sum 4194304 in 40.9 ms

I refs:        22,978,052
I1  misses:         2,225
LLi misses:         2,185
I1  miss rate:       0.01%
LLi miss rate:       0.01%

D refs:         9,079,179  (4,714,810 rd   + 4,364,369 wr)
D1  misses:     1,063,302  (  536,800 rd   +   526,502 wr)
LLd misses:     1,058,074  (  532,293 rd   +   525,781 wr)
D1  miss rate:       11.7% (     11.4%     +      12.1%  )
LLd miss rate:       11.7% (     11.3%     +      12.0%  )

LL refs:        1,065,527  (  539,025 rd   +   526,502 wr)
LL misses:      1,060,259  (  534,478 rd   +   525,781 wr)
LL miss rate:         3.3% (      1.9%     +      12.0%  )
