Cachegrind, a high-precision tracing profiler
Copyright (C) 2002-2017, and GNU GPL'd, by Nicholas Nethercote et al.
Using Valgrind-3.22.0 and LibVEX; rerun with -h for copyright info
Command: ./traversal 2048 cols

--2969-- warning: L3 cache found, using its data for the LL simulation.
--2969-- warning: specified LL cache: line_size 64  assoc 20  total_size 272,629,760
--2969-- warning: simulated LL cache: line_size 64  assoc 33  total_size 276,824,064
matrix 2048 x 2048 doubles = 32 MiB
cols: sum 4194304 in 294.6 ms

I refs:        37,660,385
I1  misses:         2,222
LLi misses:         2,182
I1  miss rate:       0.01%
LLi miss rate:       0.01%

D refs:         9,079,278  (4,714,870 rd   + 4,364,408 wr)
D1  misses:     4,733,317  (4,206,815 rd   +   526,502 wr)
LLd misses:     4,728,089  (4,202,308 rd   +   525,781 wr)
D1  miss rate:       52.1% (     89.2%     +      12.1%  )
LLd miss rate:       52.1% (     89.1%     +      12.0%  )

LL refs:        4,735,539  (4,209,037 rd   +   526,502 wr)
LL misses:      4,730,271  (4,204,490 rd   +   525,781 wr)
LL miss rate:        10.1% (      9.9%     +      12.0%  )
