$ lld-link /subsystem:efi_application /entry:efi_main /nodefaultlib /Brepro /fixed /out:fixed.efi app.obj
$ ./pe_read fixed.efi | grep -E '^(Characteristics|ImageBase|DllCharacteristics|BaseReloc|Section)'
SectionCount 3
Characteristics 0x23
ImageBase 0x140000000
SectionAlignment 4096
DllCharacteristics 0x8120
BaseRelocationTableRVA 0x0
BaseRelocationTableSize 0x0
Section 1 Name .text VirtualSize 0x1e3 VirtualAddress 0x1000 RawDataSize 512 PointerToRawData 0x400 PointerToRelocations 0x0 RelocationCount 0 Characteristics 0x60000020
Section 2 Name .rdata VirtualSize 0x98 VirtualAddress 0x2000 RawDataSize 512 PointerToRawData 0x600 PointerToRelocations 0x0 RelocationCount 0 Characteristics 0x40000040
Section 3 Name .data VirtualSize 0x18 VirtualAddress 0x3000 RawDataSize 512 PointerToRawData 0x800 PointerToRelocations 0x0 RelocationCount 0 Characteristics 0xc0000040
$ ./pe_read app.efi | grep -E '^(Characteristics|ImageBase|DllCharacteristics|BaseReloc|Section)'
SectionCount 4
Characteristics 0x22
ImageBase 0x140000000
SectionAlignment 4096
DllCharacteristics 0x8160
BaseRelocationTableRVA 0x4000
BaseRelocationTableSize 0xc
Section 1 Name .text VirtualSize 0x1e3 VirtualAddress 0x1000 RawDataSize 512 PointerToRawData 0x400 PointerToRelocations 0x0 RelocationCount 0 Characteristics 0x60000020
Section 2 Name .rdata VirtualSize 0x98 VirtualAddress 0x2000 RawDataSize 512 PointerToRawData 0x600 PointerToRelocations 0x0 RelocationCount 0 Characteristics 0x40000040
Section 3 Name .data VirtualSize 0x18 VirtualAddress 0x3000 RawDataSize 512 PointerToRawData 0x800 PointerToRelocations 0x0 RelocationCount 0 Characteristics 0xc0000040
Section 4 Name .reloc VirtualSize 0xc VirtualAddress 0x4000 RawDataSize 512 PointerToRawData 0xa00 PointerToRelocations 0x0 RelocationCount 0 Characteristics 0x42000040
BaseReloc Type 10 Address 0x3000
BaseReloc Type 10 Address 0x3008
$ boot_esp fixed.efi 25
qemu-system-x86_64: terminating on signal 15 from pid 23566 (timeout)
(exit code: 124)
$ cat debug.txt
$ sed 's/\x1b\[[0-9;=]*[A-Za-z]//g' serial.txt | tr -d '\r' | grep -E 'BdsDxe|Shell>|UEFI Interactive' | sed 's/Shell>.*/Shell>/' || true
BdsDxe: loading Boot0001 "UEFI Non-Block Boot Device" from PciRoot(0x0)/Pci(0x1,0x0)
BdsDxe: failed to load Boot0001 "UEFI Non-Block Boot Device" from PciRoot(0x0)/Pci(0x1,0x0): Not Found
BdsDxe: loading Boot0002 "EFI Internal Shell" from Fv(7CB8BDC9-F8EB-4F34-AAEA-3EE4AF6516A1)/FvFile(7C04A583-9E3E-4F1C-AD65-E05268D0B4D1)
BdsDxe: starting Boot0002 "EFI Internal Shell" from Fv(7CB8BDC9-F8EB-4F34-AAEA-3EE4AF6516A1)/FvFile(7C04A583-9E3E-4F1C-AD65-E05268D0B4D1)
UEFI Interactive Shell v2.2
Shell>
