$ ./pe_read app.efi
Format image
Machine 0x8664
SectionCount 4
TimeDateStamp 0x62980131
PointerToSymbolTable 0x0
SymbolCount 0
OptionalHeaderSize 240
Characteristics 0x22
Magic 0x20b
AddressOfEntryPoint 0x1000
ImageBase 0x140000000
SectionAlignment 4096
FileAlignment 512
SizeOfImage 20480
SizeOfHeaders 1024
Subsystem 0xa
DllCharacteristics 0x8160
NumberOfRvaAndSize 16
BaseRelocationTableRVA 0x4000
BaseRelocationTableSize 0xc
Section 1 Name .text VirtualSize 0x1e3 VirtualAddress 0x1000 RawDataSize 512 PointerToRawData 0x400 PointerToRelocations 0x0 RelocationCount 0 Characteristics 0x60000020
Section 2 Name .rdata VirtualSize 0x98 VirtualAddress 0x2000 RawDataSize 512 PointerToRawData 0x600 PointerToRelocations 0x0 RelocationCount 0 Characteristics 0x40000040
Section 3 Name .data VirtualSize 0x18 VirtualAddress 0x3000 RawDataSize 512 PointerToRawData 0x800 PointerToRelocations 0x0 RelocationCount 0 Characteristics 0xc0000040
Section 4 Name .reloc VirtualSize 0xc VirtualAddress 0x4000 RawDataSize 512 PointerToRawData 0xa00 PointerToRelocations 0x0 RelocationCount 0 Characteristics 0x42000040
BaseReloc Type 10 Address 0x3000
BaseReloc Type 10 Address 0x3008
$ od -A x -t x1 -N 64 app.efi
000000 4d 5a 78 00 01 00 00 00 04 00 00 00 00 00 00 00
000010 00 00 00 00 00 00 00 00 40 00 00 00 00 00 00 00
000020 00 00 00 00 00 00 00 00 00 00 00 00 00 00 00 00
000030 00 00 00 00 00 00 00 00 00 00 00 00 78 00 00 00
000040
$ od -A x -t x1 -j $(od -A n -t u4 -j 60 -N 4 app.efi) -N 24 app.efi
000078 50 45 00 00 64 86 04 00 31 01 98 62 00 00 00 00
000088 00 00 00 00 f0 00 22 00
000090
