$ llvm-readobj -r app.obj

File: app.obj
Format: COFF-x86-64
Arch: x86_64
AddressSize: 64bit
Relocations [
  Section (1) .text {
    0x3 IMAGE_REL_AMD64_REL32 ?g_lines@@3PAPEBDA (21)
    0xF IMAGE_REL_AMD64_REL32 ?g_lines@@3PAPEBDA (21)
    0xDD IMAGE_REL_AMD64_REL32 efi_main (20)
    0xEB IMAGE_REL_AMD64_REL32 ??_C@_0BB@JCEFLFJE@0123456789abcdef?$AA@ (14)
  }
  Section (2) .data {
    0x0 IMAGE_REL_AMD64_ADDR64 ??_C@_0CE@LOBAEOMB@PE32?$CL?5app?3?5started?5by?5the?5firmwa@ (8)
    0x8 IMAGE_REL_AMD64_ADDR64 ??_C@_0EF@MOBAAENN@PE32?$CL?5app?3?5absolute?5pointers?5in?5@ (11)
  }
]
$ readelf -rW app.o

Relocation section '.rela.text' at offset 0x3a8 contains 34 entries:
    Offset             Info             Type               Symbol's Value  Symbol's Name + Addend
0000000000000007  0000000400000002 R_X86_64_PC32          0000000000000000 g_lines - 4
0000000000000011  000000040000000a R_X86_64_32            0000000000000000 g_lines + 0
00000000000000db  000000030000000a R_X86_64_32            0000000000000000 efi_main + 0
00000000000000e0  000000030000000a R_X86_64_32            0000000000000000 efi_main + 0
00000000000000eb  000000020000000b R_X86_64_32S           0000000000000000 .rodata.str1.1 + 69
00000000000000f2  000000030000000a R_X86_64_32            0000000000000000 efi_main + 0
0000000000000100  000000020000000b R_X86_64_32S           0000000000000000 .rodata.str1.1 + 69
0000000000000107  000000030000000a R_X86_64_32            0000000000000000 efi_main + 0
0000000000000115  000000020000000b R_X86_64_32S           0000000000000000 .rodata.str1.1 + 69
000000000000011c  000000030000000a R_X86_64_32            0000000000000000 efi_main + 0
000000000000012a  000000020000000b R_X86_64_32S           0000000000000000 .rodata.str1.1 + 69
0000000000000131  000000030000000a R_X86_64_32            0000000000000000 efi_main + 0
000000000000013f  000000020000000b R_X86_64_32S           0000000000000000 .rodata.str1.1 + 69
0000000000000146  000000030000000a R_X86_64_32            0000000000000000 efi_main + 0
0000000000000154  000000020000000b R_X86_64_32S           0000000000000000 .rodata.str1.1 + 69
000000000000015b  000000030000000a R_X86_64_32            0000000000000000 efi_main + 0
0000000000000169  000000020000000b R_X86_64_32S           0000000000000000 .rodata.str1.1 + 69
0000000000000170  000000030000000a R_X86_64_32            0000000000000000 efi_main + 0
000000000000017e  000000020000000b R_X86_64_32S           0000000000000000 .rodata.str1.1 + 69
0000000000000185  000000030000000a R_X86_64_32            0000000000000000 efi_main + 0
000000000000018f  000000020000000b R_X86_64_32S           0000000000000000 .rodata.str1.1 + 69
0000000000000196  000000030000000a R_X86_64_32            0000000000000000 efi_main + 0
00000000000001a3  000000020000000b R_X86_64_32S           0000000000000000 .rodata.str1.1 + 69
00000000000001aa  000000030000000a R_X86_64_32            0000000000000000 efi_main + 0
00000000000001b7  000000020000000b R_X86_64_32S           0000000000000000 .rodata.str1.1 + 69
00000000000001be  000000030000000a R_X86_64_32            0000000000000000 efi_main + 0
00000000000001cb  000000020000000b R_X86_64_32S           0000000000000000 .rodata.str1.1 + 69
00000000000001d2  000000030000000a R_X86_64_32            0000000000000000 efi_main + 0
00000000000001df  000000020000000b R_X86_64_32S           0000000000000000 .rodata.str1.1 + 69
00000000000001e6  000000030000000a R_X86_64_32            0000000000000000 efi_main + 0
00000000000001f3  000000020000000b R_X86_64_32S           0000000000000000 .rodata.str1.1 + 69
00000000000001fa  000000030000000a R_X86_64_32            0000000000000000 efi_main + 0
0000000000000207  000000020000000b R_X86_64_32S           0000000000000000 .rodata.str1.1 + 69
0000000000000213  000000020000000b R_X86_64_32S           0000000000000000 .rodata.str1.1 + 69

Relocation section '.rela.data' at offset 0x6d8 contains 2 entries:
    Offset             Info             Type               Symbol's Value  Symbol's Name + Addend
0000000000000000  0000000200000001 R_X86_64_64            0000000000000000 .rodata.str1.1 + 0
0000000000000008  0000000200000001 R_X86_64_64            0000000000000000 .rodata.str1.1 + 24
$ llvm-objdump -d --no-show-raw-insn -r app.obj | sed -n '/<efi_main>:/,/^$/p' | head -n 12
0000000000000000 <efi_main>:
       0:      	movq	(%rip), %rcx            # 0x7 <efi_main+0x7>
		0000000000000003:  IMAGE_REL_AMD64_REL32	?g_lines@@3PAPEBDA
       7:      	testq	%rcx, %rcx
       a:      	je	0x4e <efi_main+0x4e>
       c:      	leaq	(%rip), %rdx            # 0x13 <efi_main+0x13>
		000000000000000f:  IMAGE_REL_AMD64_REL32	?g_lines@@3PAPEBDA
      13:      	jmp	0x2d <efi_main+0x2d>
      15:      	nopw	%cs:(%rax,%rax)
      20:      	movq	0x8(%rdx), %rcx
      24:      	addq	$0x8, %rdx
      28:      	testq	%rcx, %rcx
$ llvm-readobj --coff-basereloc app.efi | sed -n '/BaseReloc/,$p'
BaseReloc [
  Entry {
    Type: DIR64
    Address: 0x3000
  }
  Entry {
    Type: DIR64
    Address: 0x3008
  }
]
