ok    PkgLength 1 byte: 0x3F -> 63
ok    PkgLength 2 bytes: 4B 02 -> 43
ok    PkgLength 3 bytes: 81 34 12 -> 0x12341
ok    \_S5_ -> \_S5 (root prefix, '_' trimmed)
ok    ^LNKA inside \_SB.PCI0 -> \_SB.LNKA (parent prefix)
ok    DualNamePrefix _SB_ PCI0 -> \_SB.PCI0
ok    MultiNamePrefix (3 segments) -> \_SB.PCI0.S08
ok    find \_S5
ok    \_S5 is a Package of 4
ok    element 0: BytePrefix 0x05 -> 5
ok    element 0 took 2 bytes (0x0A, 0x05)
      walk: Scope \_SB; Device \_SB.DEV0; Name \_SB.DEV0._CRS; OperationRegion \_SB.DEV0.REG0; Field \_SB.PWRS @8+1; Field \_SB.SLPS @9+1; Method \_SB.DOIT; 
ok    walk complete, one If block skipped
ok    Device \_SB.DEV0 found
ok    field unit PWRS at bit 8, 1 bit
ok    field unit SLPS at bit 9, 1 bit
ok    Method \_SB.DOIT found
ok    find \_SB.DEV0._CRS
ok    _CRS is a Buffer of 11 bytes
ok    Extended Interrupt descriptor -> GSI 21, consumer, level, active high, shared (flags 0x09)
ok    Store at definition level: walk stops at 0x24, opcode 0x70
PASS: 0 failure(s)
