DSDT: 8294 bytes (file 8294), revision 1, checksum ok, OEM "BOCHS " "BXPC    "
walk: 257 named objects, 0 If/Else/While blocks at definition level skipped, complete
      Scope 15  Device 33  Method 69  Name 106  OperationRegion 7  Field 24  Processor 1  Mutex 2  
\_S5 at offset 0x1eaa: Package of 4 elements: 0x0 0x0 0x0 0x0   (SLP_TYPa, SLP_TYPb, reserved...)
  raw bytes: 08 5f 53 35 5f 12 06 04 00 00 00 00
\_SB.PCI0._PRT: a Method (0 args): only an interpreter can say what it returns
\_SB.PCI0.PRTA: Package of 128 routing entries; the first 8 (device, pin -> source):
  address 0x0000ffff = device 0, pin A (0) -> GSIE, index 0
  address 0x0000ffff = device 0, pin B (1) -> GSIF, index 0
  address 0x0000ffff = device 0, pin C (2) -> GSIG, index 0
  address 0x0000ffff = device 0, pin D (3) -> GSIH, index 0
  address 0x0001ffff = device 1, pin A (0) -> GSIF, index 0
  address 0x0001ffff = device 1, pin B (1) -> GSIG, index 0
  address 0x0001ffff = device 1, pin C (2) -> GSIH, index 0
  address 0x0001ffff = device 1, pin D (3) -> GSIE, index 0
\_SB.GSIA: _HID PNP0C0F, _PRS offers interrupt 16, level, active high, shared
\_SB.GSIB: _HID PNP0C0F, _PRS offers interrupt 17, level, active high, shared
\_SB.GSIC: _HID PNP0C0F, _PRS offers interrupt 18, level, active high, shared
\_SB.GSID: _HID PNP0C0F, _PRS offers interrupt 19, level, active high, shared
\_SB.GSIE: _HID PNP0C0F, _PRS offers interrupt 20, level, active high, shared
\_SB.GSIF: _HID PNP0C0F, _PRS offers interrupt 21, level, active high, shared
\_SB.GSIG: _HID PNP0C0F, _PRS offers interrupt 22, level, active high, shared
\_SB.GSIH: _HID PNP0C0F, _PRS offers interrupt 23, level, active high, shared
== the namespace tree ==
offset  kind            path
   24 Scope           \
   29   OperationRegion \DBG  SystemIO 0x402, 1 bytes
   34   Field           \DBGB  bits 0+8 of \DBG
   41   Method          \DBUG  (1 args)
   6e Scope           \_SB
   75   Device          \_SB.PCI0
   7d     Name            \_SB.PCI0._HID  = 0x80ad041
   87     Name            \_SB.PCI0._CID  = 0x30ad041
   91     Name            \_SB.PCI0._UID  = 0x0
   97     Method          \_SB.PCI0._OSC  (4 args)
  114     Method          \_SB.PCI0.EDSM  (5 args)
  170   Device          \_SB.DRAC
  177     Name            \_SB.DRAC._HID  = "PNP0C01"
  185     Name            \_SB.DRAC._CRS  = Buffer, 28 bytes
  1aa Scope           \_SB.PCI0
  1b6   OperationRegion \_SB.PCI0.PCST  SystemIO 0xcc0, 8 bytes
  1c2   Field           \_SB.PCI0.PCIU  bits 0+32 of \_SB.PCI0.PCST
  1c2   Field           \_SB.PCI0.PCID  bits 32+32 of \_SB.PCI0.PCST
  1d4   OperationRegion \_SB.PCI0.SEJ  SystemIO 0xcc8, 4 bytes
  1e0   Field           \_SB.PCI0.B0EJ  bits 0+32 of \_SB.PCI0.SEJ
  1ed   OperationRegion \_SB.PCI0.BNMR  SystemIO 0xcd0, 8 bytes
  1f9   Field           \_SB.PCI0.BNUM  bits 0+32 of \_SB.PCI0.BNMR
  1f9   Field           \_SB.PCI0.PIDX  bits 32+32 of \_SB.PCI0.BNMR
  20b   Mutex           \_SB.PCI0.BLCK
  212   Method          \_SB.PCI0.PCEJ  (2 args)
  238   Method          \_SB.PCI0.AIDX  (2 args)
  264   Method          \_SB.PCI0.PDSM  (5 args)
  309 Name            \PICF  = 0x0
  30f Method          \_PIC  (1 args)
  31c Scope           \_SB
  324   Scope           \_SB.PCI0
  32b     Name            \_SB.PCI0.PRTP  = Package, 128 elements
  a6c     Name            \_SB.PCI0.PRTA  = Package, 128 elements
 11ad     Method          \_SB.PCI0._PRT  (0 args)
 11c8   Method          \_SB.IQST  (1 args)
 11dc   Method          \_SB.IQCR  (1 args)
 1211   Device          \_SB.LNKA
 1219     Name            \_SB.LNKA._HID  = 0xf0cd041
 1223     Name            \_SB.LNKA._UID  = 0x0
 1229     Name            \_SB.LNKA._PRS  = Buffer, 19 bytes
 1245     Method          \_SB.LNKA._STA  (0 args)
 1255     Method          \_SB.LNKA._DIS  (0 args)
 1267     Method          \_SB.LNKA._CRS  (0 args)
 1277     Method          \_SB.LNKA._SRS  (1 args)
 128f   Device          \_SB.LNKB
 1297     Name            \_SB.LNKB._HID  = 0xf0cd041
 12a1     Name            \_SB.LNKB._UID  = 0x1
 12a7     Name            \_SB.LNKB._PRS  = Buffer, 19 bytes
 12c3     Method          \_SB.LNKB._STA  (0 args)
 12d3     Method          \_SB.LNKB._DIS  (0 args)
 12e5     Method          \_SB.LNKB._CRS  (0 args)
 12f5     Method          \_SB.LNKB._SRS  (1 args)
 130d   Device          \_SB.LNKC
 1315     Name            \_SB.LNKC._HID  = 0xf0cd041
 131f     Name            \_SB.LNKC._UID  = 0x2
 1326     Name            \_SB.LNKC._PRS  = Buffer, 19 bytes
 1342     Method          \_SB.LNKC._STA  (0 args)
 1352     Method          \_SB.LNKC._DIS  (0 args)
 1364     Method          \_SB.LNKC._CRS  (0 args)
 1374     Method          \_SB.LNKC._SRS  (1 args)
 138c   Device          \_SB.LNKD
 1394     Name            \_SB.LNKD._HID  = 0xf0cd041
 139e     Name            \_SB.LNKD._UID  = 0x3
 13a5     Name            \_SB.LNKD._PRS  = Buffer, 19 bytes
 13c1     Method          \_SB.LNKD._STA  (0 args)
 13d1     Method          \_SB.LNKD._DIS  (0 args)
 13e3     Method          \_SB.LNKD._CRS  (0 args)
 13f3     Method          \_SB.LNKD._SRS  (1 args)
 140b   Device          \_SB.LNKE
 1413     Name            \_SB.LNKE._HID  = 0xf0cd041
 141d     Name            \_SB.LNKE._UID  = 0x4
 1424     Name            \_SB.LNKE._PRS  = Buffer, 19 bytes
 1440     Method          \_SB.LNKE._STA  (0 args)
 1450     Method          \_SB.LNKE._DIS  (0 args)
 1462     Method          \_SB.LNKE._CRS  (0 args)
 1472     Method          \_SB.LNKE._SRS  (1 args)
 148a   Device          \_SB.LNKF
 1492     Name            \_SB.LNKF._HID  = 0xf0cd041
 149c     Name            \_SB.LNKF._UID  = 0x5
 14a3     Name            \_SB.LNKF._PRS  = Buffer, 19 bytes
 14bf     Method          \_SB.LNKF._STA  (0 args)
 14cf     Method          \_SB.LNKF._DIS  (0 args)
 14e1     Method          \_SB.LNKF._CRS  (0 args)
 14f1     Method          \_SB.LNKF._SRS  (1 args)
 1509   Device          \_SB.LNKG
 1511     Name            \_SB.LNKG._HID  = 0xf0cd041
 151b     Name            \_SB.LNKG._UID  = 0x6
 1522     Name            \_SB.LNKG._PRS  = Buffer, 19 bytes
 153e     Method          \_SB.LNKG._STA  (0 args)
 154e     Method          \_SB.LNKG._DIS  (0 args)
 1560     Method          \_SB.LNKG._CRS  (0 args)
 1570     Method          \_SB.LNKG._SRS  (1 args)
 1588   Device          \_SB.LNKH
 1590     Name            \_SB.LNKH._HID  = 0xf0cd041
 159a     Name            \_SB.LNKH._UID  = 0x7
 15a1     Name            \_SB.LNKH._PRS  = Buffer, 19 bytes
 15bd     Method          \_SB.LNKH._STA  (0 args)
 15cd     Method          \_SB.LNKH._DIS  (0 args)
 15df     Method          \_SB.LNKH._CRS  (0 args)
 15ef     Method          \_SB.LNKH._SRS  (1 args)
 1607   Device          \_SB.GSIA
 160f     Name            \_SB.GSIA._HID  = 0xf0cd041
 1619     Name            \_SB.GSIA._UID  = 0x10
 1620     Name            \_SB.GSIA._PRS  = Buffer, 11 bytes
 1634     Name            \_SB.GSIA._CRS  = Buffer, 11 bytes
 1648     Method          \_SB.GSIA._DIS  (0 args)
 164f     Method          \_SB.GSIA._SRS  (1 args)
 1656   Device          \_SB.GSIB
 165e     Name            \_SB.GSIB._HID  = 0xf0cd041
 1668     Name            \_SB.GSIB._UID  = 0x11
 166f     Name            \_SB.GSIB._PRS  = Buffer, 11 bytes
 1683     Name            \_SB.GSIB._CRS  = Buffer, 11 bytes
 1697     Method          \_SB.GSIB._DIS  (0 args)
 169e     Method          \_SB.GSIB._SRS  (1 args)
 16a5   Device          \_SB.GSIC
 16ad     Name            \_SB.GSIC._HID  = 0xf0cd041
 16b7     Name            \_SB.GSIC._UID  = 0x12
 16be     Name            \_SB.GSIC._PRS  = Buffer, 11 bytes
 16d2     Name            \_SB.GSIC._CRS  = Buffer, 11 bytes
 16e6     Method          \_SB.GSIC._DIS  (0 args)
 16ed     Method          \_SB.GSIC._SRS  (1 args)
 16f4   Device          \_SB.GSID
 16fc     Name            \_SB.GSID._HID  = 0xf0cd041
 1706     Name            \_SB.GSID._UID  = 0x13
 170d     Name            \_SB.GSID._PRS  = Buffer, 11 bytes
 1721     Name            \_SB.GSID._CRS  = Buffer, 11 bytes
 1735     Method          \_SB.GSID._DIS  (0 args)
 173c     Method          \_SB.GSID._SRS  (1 args)
 1743   Device          \_SB.GSIE
 174b     Name            \_SB.GSIE._HID  = 0xf0cd041
 1755     Name            \_SB.GSIE._UID  = 0x14
 175c     Name            \_SB.GSIE._PRS  = Buffer, 11 bytes
 1770     Name            \_SB.GSIE._CRS  = Buffer, 11 bytes
 1784     Method          \_SB.GSIE._DIS  (0 args)
 178b     Method          \_SB.GSIE._SRS  (1 args)
 1792   Device          \_SB.GSIF
 179a     Name            \_SB.GSIF._HID  = 0xf0cd041
 17a4     Name            \_SB.GSIF._UID  = 0x15
 17ab     Name            \_SB.GSIF._PRS  = Buffer, 11 bytes
 17bf     Name            \_SB.GSIF._CRS  = Buffer, 11 bytes
 17d3     Method          \_SB.GSIF._DIS  (0 args)
 17da     Method          \_SB.GSIF._SRS  (1 args)
 17e1   Device          \_SB.GSIG
 17e9     Name            \_SB.GSIG._HID  = 0xf0cd041
 17f3     Name            \_SB.GSIG._UID  = 0x16
 17fa     Name            \_SB.GSIG._PRS  = Buffer, 11 bytes
 180e     Name            \_SB.GSIG._CRS  = Buffer, 11 bytes
 1822     Method          \_SB.GSIG._DIS  (0 args)
 1829     Method          \_SB.GSIG._SRS  (1 args)
 1830   Device          \_SB.GSIH
 1838     Name            \_SB.GSIH._HID  = 0xf0cd041
 1842     Name            \_SB.GSIH._UID  = 0x17
 1849     Name            \_SB.GSIH._PRS  = Buffer, 11 bytes
 185d     Name            \_SB.GSIH._CRS  = Buffer, 11 bytes
 1871     Method          \_SB.GSIH._DIS  (0 args)
 1878     Method          \_SB.GSIH._SRS  (1 args)
 187f Scope           \_SB
 1886   Device          \_SB.HPET
 188e     Name            \_SB.HPET._HID  = 0x301d041
 1898     Name            \_SB.HPET._UID  = 0x0
 189e     OperationRegion \_SB.HPET.HPTM  SystemMemory 0xfed00000, 1024 bytes
 18ad     Field           \_SB.HPET.VEND  bits 0+32 of \_SB.HPET.HPTM
 18ad     Field           \_SB.HPET.PRD  bits 32+32 of \_SB.HPET.HPTM
 18bf     Method          \_SB.HPET._STA  (0 args)
 18f6     Name            \_SB.HPET._CRS  = Buffer, 14 bytes
 190d Scope           \_GPE
 1913   Name            \_GPE._HID  = "ACPI0006"
 1922 Scope           \_SB
 1929   Device          \_SB.PCI0.PRES
 193c     Name            \_SB.PCI0.PRES._HID  = 0x60ad041
 1946     Name            \_SB.PCI0.PRES._UID  = "CPU Hotplug resources"
 1962     Mutex           \_SB.PCI0.PRES.CPLK
 1969     Name            \_SB.PCI0.PRES._CRS  = Buffer, 10 bytes
 197c     OperationRegion \_SB.PCI0.PRES.PRST  SystemIO 0xcd8, 12 bytes
 1988     Field           \_SB.PCI0.PRES.CPEN  bits 32+1 of \_SB.PCI0.PRES.PRST
 1988     Field           \_SB.PCI0.PRES.CINS  bits 33+1 of \_SB.PCI0.PRES.PRST
 1988     Field           \_SB.PCI0.PRES.CRMV  bits 34+1 of \_SB.PCI0.PRES.PRST
 1988     Field           \_SB.PCI0.PRES.CEJ0  bits 35+1 of \_SB.PCI0.PRES.PRST
 1988     Field           \_SB.PCI0.PRES.CEJF  bits 36+1 of \_SB.PCI0.PRES.PRST
 1988     Field           \_SB.PCI0.PRES.CCMD  bits 40+8 of \_SB.PCI0.PRES.PRST
 19b2     Field           \_SB.PCI0.PRES.CSEL  bits 0+32 of \_SB.PCI0.PRES.PRST
 19b2     Field           \_SB.PCI0.PRES.CDAT  bits 64+32 of \_SB.PCI0.PRES.PRST
 19c6     Method          \_SB.PCI0.PRES._INI  (0 args)
 19d3   Device          \_SB.CPUS
 19e1     Name            \_SB.CPUS._HID  = "ACPI0010"
 19f0     Name            \_SB.CPUS._CID  = 0x50ad041
 19fa     Method          \_SB.CPUS.CTFY  (2 args)
 1a0c     Method          \_SB.CPUS.CSTA  (1 args)
 1a75     Method          \_SB.CPUS.CEJ0  (1 args)
 1ad3     Method          \_SB.CPUS.CSCN  (0 args)
 1c3a     Method          \_SB.CPUS.COST  (4 args)
 1cd8     Processor       \_SB.CPUS.C000
 1ce5       Method          \_SB.CPUS.C000._STA  (0 args)
 1cf2       Name            \_SB.CPUS.C000._MAT  = Buffer, 8 bytes
 1d03       Method          \_SB.CPUS.C000._OST  (3 args)
 1d12 Method          \_GPE._E02  (0 args)
 1d2e Scope           \_SB.PCI0
 1d3b   Name            \_SB.PCI0._CRS  = Buffer, 182 bytes
 1dfb   Device          \_SB.PCI0.GPE0
 1e03     Name            \_SB.PCI0.GPE0._HID  = "PNP0A06"
 1e11     Name            \_SB.PCI0.GPE0._UID  = "GPE0 resources"
 1e26     Name            \_SB.PCI0.GPE0._STA  = 0xb
 1e2d     Name            \_SB.PCI0.GPE0._CRS  = Buffer, 10 bytes
 1e40   Device          \_SB.PCI0.PHPR
 1e48     Name            \_SB.PCI0.PHPR._HID  = "PNP0A06"
 1e56     Name            \_SB.PCI0.PHPR._UID  = "PCI Hotplug resources"
 1e72     Name            \_SB.PCI0.PHPR._STA  = 0xb
 1e79     Name            \_SB.PCI0.PHPR._CRS  = Buffer, 10 bytes
 1e8c Scope           \
 1e90   Name            \_S3  = Package, 4 elements
 1e9c   Name            \_S4  = Package, 4 elements
 1eaa   Name            \_S5  = Package, 4 elements
 1eb6 Scope           \_SB.PCI0
 1ec2   Device          \_SB.PCI0.FWCF
 1ec9     Name            \_SB.PCI0.FWCF._HID  = "QEMU0002"
 1ed8     Name            \_SB.PCI0.FWCF._STA  = 0xb
 1edf     Name            \_SB.PCI0.FWCF._CRS  = Buffer, 10 bytes
 1ef2 Scope           \_SB
 1efa   Scope           \_SB.PCI0
 1f01     Device          \_SB.PCI0.S00
 1f08       Name            \_SB.PCI0.S00._ADR  = 0x0
 1f0e     Device          \_SB.PCI0.S08
 1f15       Name            \_SB.PCI0.S08._ADR  = 0x10000
 1f1f     Device          \_SB.PCI0.SF8
 1f27       Name            \_SB.PCI0.SF8._ADR  = 0x1f0000
 1f31       OperationRegion \_SB.PCI0.SF8.PIRQ  PCI_Config 0x60, 12 bytes
 1f3c       Scope           \_SB
 1f44         Field           \_SB.PRQA  bits 0+8 of \_SB.PCI0.SF8.PIRQ
 1f44         Field           \_SB.PRQB  bits 8+8 of \_SB.PCI0.SF8.PIRQ
 1f44         Field           \_SB.PRQC  bits 16+8 of \_SB.PCI0.SF8.PIRQ
 1f44         Field           \_SB.PRQD  bits 24+8 of \_SB.PCI0.SF8.PIRQ
 1f44         Field           \_SB.PRQE  bits 64+8 of \_SB.PCI0.SF8.PIRQ
 1f44         Field           \_SB.PRQF  bits 72+8 of \_SB.PCI0.SF8.PIRQ
 1f44         Field           \_SB.PRQG  bits 80+8 of \_SB.PCI0.SF8.PIRQ
 1f44         Field           \_SB.PRQH  bits 88+8 of \_SB.PCI0.SF8.PIRQ
 1f80       Device          \_SB.PCI0.SF8.KBD
 1f87         Name            \_SB.PCI0.SF8.KBD._HID  = 0x303d041
 1f91         Name            \_SB.PCI0.SF8.KBD._STA  = 0xf
 1f98         Name            \_SB.PCI0.SF8.KBD._CRS  = Buffer, 21 bytes
 1fb6       Device          \_SB.PCI0.SF8.MOU
 1fbd         Name            \_SB.PCI0.SF8.MOU._HID  = 0x130fd041
 1fc7         Name            \_SB.PCI0.SF8.MOU._STA  = 0xf
 1fce         Name            \_SB.PCI0.SF8.MOU._CRS  = Buffer, 5 bytes
 1fdc       Device          \_SB.PCI0.SF8.COM1
 1fe3         Name            \_SB.PCI0.SF8.COM1._HID  = 0x105d041
 1fed         Name            \_SB.PCI0.SF8.COM1._UID  = 0x1
 1ff3         Name            \_SB.PCI0.SF8.COM1._STA  = 0xf
 1ffa         Name            \_SB.PCI0.SF8.COM1._CRS  = Buffer, 13 bytes
 2010       Device          \_SB.PCI0.SF8.RTC
 2017         Name            \_SB.PCI0.SF8.RTC._HID  = 0xbd041
 2021         Name            \_SB.PCI0.SF8.RTC._CRS  = Buffer, 13 bytes
 2037     Device          \_SB.PCI0.SFA
 203e       Name            \_SB.PCI0.SFA._ADR  = 0x1f0002
 2048     Device          \_SB.PCI0.SFB
 204f       Name            \_SB.PCI0.SFB._ADR  = 0x1f0003
 2059 Scope           \_GPE
 205f   Method          \_GPE._E01  (0 args)
walk: 257 named objects, 0 If/Else/While blocks at definition level skipped, complete
      Scope 15  Device 33  Method 69  Name 106  OperationRegion 7  Field 24  Processor 1  Mutex 2  
