F4-11 kernel: magic=0x2badb002
acpi: RSDP at 0xf52c0 revision 0, using RSDT at 0x3fe22ae
fadt: DSDT at 0x3fe0040, SCI interrupt 9, SMI_CMD port 0xb2 (ACPI_ENABLE 0x2, ACPI_DISABLE 0x3)
fadt: PM1a_EVT 0x600 (4 bytes: status, then enable)  PM1b_EVT 0x0  PM1a_CNT 0x604 (2 bytes)  PM1b_CNT 0x0
fadt: PM_TMR 0x608 (24 bits)  GPE0 0x620 (16 bytes)  flags 0x84a5
acpi: SCI_EN set after writing 0x2 to port 0xb2
pmtimer: 722648 ticks in 200 ms of the PIT clock -> 3613240 ticks per second (nominal 3579545)
dsdt: signature DSDT, 8294 bytes, checksum ok
aml: device \_SB.PCI0
aml: device \_SB.DRAC
aml: device \_SB.LNKA
aml: device \_SB.LNKB
aml: device \_SB.LNKC
aml: device \_SB.LNKD
aml: device \_SB.LNKE
aml: device \_SB.LNKF
aml: device \_SB.LNKG
aml: device \_SB.LNKH
aml: device \_SB.GSIA
aml: device \_SB.GSIB
aml: device \_SB.GSIC
aml: device \_SB.GSID
aml: device \_SB.GSIE
aml: device \_SB.GSIF
aml: device \_SB.GSIG
aml: device \_SB.GSIH
aml: device \_SB.HPET
aml: device \_SB.PCI0.PRES
aml: device \_SB.CPUS
aml: device \_SB.PCI0.GPE0
aml: device \_SB.PCI0.PHPR
aml: device \_SB.PCI0.FWCF
aml: device \_SB.PCI0.S00
aml: device \_SB.PCI0.S08
aml: device \_SB.PCI0.SF8
aml: device \_SB.PCI0.SF8.KBD
aml: device \_SB.PCI0.SF8.MOU
aml: device \_SB.PCI0.SF8.COM1
aml: device \_SB.PCI0.SF8.RTC
aml: device \_SB.PCI0.SFA
aml: device \_SB.PCI0.SFB
aml: 257 named objects (33 devices, 69 methods, 106 names), walk complete
aml: \_S5 = Package(4) { SLP_TYPa 0, SLP_TYPb 0, ... }
route: e1000 at 00:01.0, interrupt pin 1 (INTA#), interrupt line register 10 (written by the BIOS)
route: PRTA entry 4: address 0x0001ffff pin 0 -> GSIF; \_SB.GSIF._PRS offers interrupt 21 (level, active high)
route: 3 interrupt-cause writes -> 3 interrupts on vector 0x40 (GSI 21 via GSIF), ICR bits seen 0x00000004
sci: ISA IRQ 9 -> GSI 9 (level, active high) -> vector 0x41; PWRBTN_EN set
madt: local APIC at 0xfee00000 (this CPU's APIC ID 0, version 0x14)
madt: IOAPIC at 0xfec00000, GSI base 0, 24 redirection entries
madt: override ISA IRQ 0 -> GSI 2, polarity bus default, trigger bus default
madt: override ISA IRQ 5 -> GSI 5, polarity high, trigger level
madt: override ISA IRQ 9 -> GSI 9, polarity high, trigger level
madt: override ISA IRQ 10 -> GSI 10, polarity high, trigger level
madt: override ISA IRQ 11 -> GSI 11, polarity high, trigger level
ioapic: pin 2 -> vector 0x20, edge, active high, destination APIC 0
ioapic: pin 9 -> vector 0x41, level, active high, destination APIC 0
ioapic: pin 21 -> vector 0x40, level, active high, destination APIC 0
acpi: press the power button (t=218 ms)
sci: power button at t=424 ms: 1 SCI(s), PM1 status bits seen 0x0101, now 0x0001
acpi: shutting down (S5, SLP_TYPa 0)
acpi: S5: writing 0x2001 to PM1a_CNT (port 0x604)
acpi: still running 2000 ms after the S5 request; PM1a_CNT reads 0x0001
F4-11 FAILED
== QMP (host side) ==
qmp: +0.001 s event POWERDOWN {}
qmp: system_powerdown -> {'return': {}}
qmp: monitor connection closed after 2.007 s
