=== store configuration (excerpt) ===
N = 3   R = 2   W = 2   sloppy_quorum = on   conflict_resolution = return_siblings_to_client
app: on_siblings = mergeSiblings   # "union of the item sets, so that no added item is lost"

=== network.log ===
18:00:00 partition: {A,B} cannot reach {C}
18:20:00 partition healed; anti-entropy and hinted handoff exchange versions

=== app.log ===
17:40:00 leila: put list {lamp,map,stove,tent} -> ok [A:3]
17:50:00 leila: get list -> 1 version [A:3]; remove lamp; put -> ok [A:4]
18:01:10 leila: get list -> 1 version [A:4]; remove stove; put via A -> ok [A:5]
18:02:30 omar: get list -> 1 version [A:4]; add rope; put via C (sloppy quorum, hinted copy on D) -> ok [A:4 C:1]
18:30:00 leila: get list -> 2 versions: [A:5] {map,tent} [A:4 C:1] {map,rope,stove,tent}
18:30:01 leila: mergeSiblings -> {map,rope,stove,tent}; put via A -> ok [A:6 C:1]
18:31:40 leila: (support ticket) 'I removed the stove at 18:01 and it is back on the list'

=== replica-A.log ===
17:40:00 A: store [A:3] {lamp,map,stove,tent} -> holds [A:3]
17:50:00 A: store [A:4] {map,stove,tent} -> holds [A:4]
18:01:10 A: store [A:5] {map,tent} -> holds [A:5]
18:20:05 A: store [A:4 C:1] {map,rope,stove,tent} -> holds [A:5] [A:4 C:1]
18:30:01 A: store [A:6 C:1] {map,rope,stove,tent} -> holds [A:6 C:1]

=== replica-C.log ===
17:40:00 C: store [A:3] {lamp,map,stove,tent} -> holds [A:3]
17:50:00 C: store [A:4] {map,stove,tent} -> holds [A:4]
18:02:30 C: store [A:4 C:1] {map,rope,stove,tent} -> holds [A:4 C:1]
18:20:05 C: store [A:5] {map,tent} -> holds [A:4 C:1] [A:5]
18:30:01 C: store [A:6 C:1] {map,rope,stove,tent} -> holds [A:6 C:1]
