camera: 16 rows x 40 columns, row read time 1.0 ms

Image A: robot standing still
  row  0 (t= 0.0 ms) ..........#.............................
  row  1 (t= 1.0 ms) ..........#.............................
  row  2 (t= 2.0 ms) ..........#.............................
  row  3 (t= 3.0 ms) ..........#.............................
  row  4 (t= 4.0 ms) ..........#.............................
  row  5 (t= 5.0 ms) ..........#.............................
  row  6 (t= 6.0 ms) ..........#.............................
  row  7 (t= 7.0 ms) ..........#.............................
  row  8 (t= 8.0 ms) ..........#.............................
  row  9 (t= 9.0 ms) ..........#.............................
  row 10 (t=10.0 ms) ..........#.............................
  row 11 (t=11.0 ms) ..........#.............................
  row 12 (t=12.0 ms) ..........#.............................
  row 13 (t=13.0 ms) ..........#.............................
  row 14 (t=14.0 ms) ..........#.............................
  row 15 (t=15.0 ms) ..........#.............................

Image B: robot turning left
  row  0 (t= 0.0 ms) ..........#.............................
  row  1 (t= 1.0 ms) ..........##............................
  row  2 (t= 2.0 ms) ...........##...........................
  row  3 (t= 3.0 ms) ............##..........................
  row  4 (t= 4.0 ms) .............##.........................
  row  5 (t= 5.0 ms) ..............#.........................
  row  6 (t= 6.0 ms) ..............##........................
  row  7 (t= 7.0 ms) ...............##.......................
  row  8 (t= 8.0 ms) ................##......................
  row  9 (t= 9.0 ms) .................##.....................
  row 10 (t=10.0 ms) ..................#.....................
  row 11 (t=11.0 ms) ..................##....................
  row 12 (t=12.0 ms) ...................##...................
  row 13 (t=13.0 ms) ....................##..................
  row 14 (t=14.0 ms) .....................##.................
  row 15 (t=15.0 ms) ......................#.................

