ROM holds the digest of bl1: 025af3e9 (cannot be changed)

1. Factory image
    ROM -> bl1: digest 025af3e9  matches 025af3e9, runs
    bl1 -> bl2: digest 9936f894  matches 9936f894, runs
    bl2 -> os: digest 1bb637f3  matches 1bb637f3, runs
    os -> app: digest b84970af  matches b84970af, runs
    result: all four stages ran
2. Attacker changes the app
    ROM -> bl1: digest 025af3e9  matches 025af3e9, runs
    bl1 -> bl2: digest 9936f894  matches 9936f894, runs
    bl2 -> os: digest 1bb637f3  matches 1bb637f3, runs
    os -> app: digest 41978b03  expected b84970af  REFUSED: boot stops
3. Attacker changes the os and patches bl2's expected digest to match
    ROM -> bl1: digest 025af3e9  matches 025af3e9, runs
    bl1 -> bl2: digest b1742ac8  expected 9936f894  REFUSED: boot stops
4. Attacker rebuilds bl1, bl2, os and app consistently
    ROM -> bl1: digest 169f23f2  expected 025af3e9  REFUSED: boot stops
5. Devices made with a bl2 whose check was left out (a debug build shipped by mistake)
    ROM -> bl1: digest 310366d5  matches 310366d5, runs
    bl1 -> bl2: digest 68c65094  matches 68c65094, runs
    bl2 -> os: digest 1bb637f3  NOT CHECKED (chain broken at bl2), runs
    os -> app: digest b84970af  NOT CHECKED (chain broken at bl2), runs
    result: all four stages ran
   ... and now the os is replaced on such a device
    ROM -> bl1: digest 310366d5  matches 310366d5, runs
    bl1 -> bl2: digest 68c65094  matches 68c65094, runs
    bl2 -> os: digest 8486ab29  NOT CHECKED (chain broken at bl2), runs
    os -> app: digest b84970af  NOT CHECKED (chain broken at bl2), runs
    result: all four stages ran
6. The vendor ships a legitimate app v2
    bl1 digest v1 025af3e9  v2 7e71f839  CHANGED
    bl2 digest v1 9936f894  v2 cf7fde93  CHANGED
    os digest v1 1bb637f3  v2 d1d87ef3  CHANGED
    app digest v1 b84970af  v2 67cf799b  CHANGED
    ROM -> bl1: digest 7e71f839  expected 025af3e9  REFUSED: boot stops
7. Self-test: SHA-256("abc") = ba7816bf8f01cfea414140de5dae2223b00361a396177a9cb410ff61f20015ad
