x        (1 - cos x)/x^2          2 sin^2(x/2)/x^2        
1e-01    0.49958347219741783      0.49958347219742333     
1e-02    0.49999583334736641      0.49999583334722214     
1e-03    0.49999995832550326      0.49999995833333472     
1e-04    0.49999999696126451      0.49999999958333341     
1e-05    0.50000004137018539      0.49999999999583328     
1e-06    0.50004445029117028      0.49999999999995831     
1e-07    0.49960036108132022      0.49999999999999961     
1e-08    0                        0.5                     
1e-09    0                        0.5                     

h        forward difference       abs. error  
1e-01    0.49736375253538911      0.0429      
1e-02    0.53608598101186899      0.00422     
1e-03    0.5398814803603269       0.000421    
1e-04    0.54026023141862112      4.21e-05    
1e-05    0.54029809850586474      4.21e-06    
1e-06    0.54030188512133037      4.21e-07    
1e-07    0.54030226404044868      4.18e-08    
1e-08    0.54030230289825454      2.97e-09    
1e-09    0.54030235840940577      5.25e-08    
1e-10    0.54030224738710331      5.85e-08    
1e-11    0.54030113716407868      1.17e-06    
1e-12    0.54034554608506369      4.32e-05    
1e-13    0.53956838996782608      0.000734    
1e-14    0.5440092820663267       0.00371     
1e-15    0.55511151231257827      0.0148      
