=== policy: priority ===
t=   0  start  A on n1 n2
t=   0  start  B on n3
t=   5  pend   C: waiting for resources
t=  10  pend   D: waiting: a higher-priority job is first in line
t=  10  pend   E: waiting: a higher-priority job is first in line
t=  15  pend   F: waiting: a higher-priority job is first in line
t=  20  end    B
t=  50  end    A
t=  50  start  C on n1 n2 n3 n4
t=  50  pend   D: waiting for resources
t=  90  end    C
t=  90  start  D on n1
t=  90  start  E on n2
t=  90  start  F on n2
t= 110  end    F  (killed: time limit reached)
t= 120  end    D
t= 120  end    E
job  submit start   end  wait
   A      0     0    50     0
   B      0     0    20     0
   C      5    50    90    45
   D     10    90   120    80
   E     10    90   120    80
   F     15    90   110    75
finished jobs 6, average wait 46 min, last job ended at t=120
node states at the end (capacity: CPUs/GiB/GPUs):
  n1  32/128/0  idle
  n2  32/128/0  idle
  n3  32/128/0  idle
  n4  32/128/0  idle

=== policy: backfill ===
t=   0  start  A on n1 n2
t=   0  start  B on n3
t=   5  pend   C: waiting for resources
t=  10  start  D on n4  (backfilled)
t=  10  pend   E: waiting: higher-priority job holds a reservation
t=  15  start  F on n3  (backfilled)
t=  20  end    B
t=  35  end    F  (killed: time limit reached)
t=  40  end    D
t=  50  end    A
t=  50  start  C on n1 n2 n3 n4
t=  50  pend   E: waiting for resources
t=  90  end    C
t=  90  start  E on n1
t= 120  end    E
job  submit start   end  wait
   A      0     0    50     0
   B      0     0    20     0
   C      5    50    90    45
   D     10    10    40     0
   E     10    90   120    80
   F     15    15    35     0
finished jobs 6, average wait 20 min, last job ended at t=120
node states at the end (capacity: CPUs/GiB/GPUs):
  n1  32/128/0  idle
  n2  32/128/0  idle
  n3  32/128/0  idle
  n4  32/128/0  idle

