=== policy: priority ===
t=   0  start  s1 on c1
t=   0  start  s2 on c1 c2
t=  20  pend   p7: waiting for resources
t=  25  end    s1
t=  25  pend   s3: waiting: a higher-priority job is first in line
t=  30  pend   t4: waiting: a higher-priority job is first in line
t=  40  pend   s5: waiting: a higher-priority job is first in line
t=  45  end    s2
job  submit start   end  wait
  s1      0     0    25     0
  s2      0     0    45     0
  p7     20  never started (still pending)
  s3     25  never started (still pending)
  t4     30  never started (still pending)
  s5     40  never started (still pending)
finished jobs 2, average wait 0 min, last job ended at t=45
node states at the end (capacity: CPUs/GiB/GPUs):
  c1  32/128/0  idle
  c2  32/128/0  idle
  c3  32/128/0  idle
  g1  32/256/4  idle
  g2  32/256/4  idle

