Ethernet II, Src: 02:00:00:00:00:01 (02:00:00:00:00:01), Dst: 02:00:00:00:00:02 (02:00:00:00:00:02)
    Destination: 02:00:00:00:00:02 (02:00:00:00:00:02)
        Address: 02:00:00:00:00:02 (02:00:00:00:00:02)
        .... ..1. .... .... .... .... = LG bit: Locally administered address (this is NOT the factory default)
        .... ...0 .... .... .... .... = IG bit: Individual address (unicast)
    Source: 02:00:00:00:00:01 (02:00:00:00:00:01)
        Address: 02:00:00:00:00:01 (02:00:00:00:00:01)
        .... ..1. .... .... .... .... = LG bit: Locally administered address (this is NOT the factory default)
        .... ...0 .... .... .... .... = IG bit: Individual address (unicast)
    Type: IPv4 (0x0800)
Internet Protocol Version 4, Src: 192.0.2.1, Dst: 192.0.2.2
    0100 .... = Version: 4
    .... 0101 = Header Length: 20 bytes (5)
    Differentiated Services Field: 0x00 (DSCP: CS0, ECN: Not-ECT)
        0000 00.. = Differentiated Services Codepoint: Default (0)
        .... ..00 = Explicit Congestion Notification: Not ECN-Capable Transport (0)
    Total Length: 41
    Identification: 0x0001 (1)
    010. .... = Flags: 0x2, Don't fragment
        0... .... = Reserved bit: Not set
        .1.. .... = Don't fragment: Set
        ..0. .... = More fragments: Not set
    ...0 0000 0000 0000 = Fragment Offset: 0
    Time to Live: 64
    Protocol: UDP (17)
    Header Checksum: 0xb6bf [correct]
    Source Address: 192.0.2.1
    Destination Address: 192.0.2.2
User Datagram Protocol, Src Port: 40000, Dst Port: 5000
    Source Port: 40000
    Destination Port: 5000
    Length: 21
    Checksum: 0x86f5 [correct]
    UDP payload (13 bytes)
Data (13 bytes)

