Ethernet II, Src: 00:00:00_00:00:00 (00:00:00:00:00:00), Dst: 00:00:00_00:00:00 (00:00:00:00:00:00)
    Destination: 00:00:00_00:00:00 (00:00:00:00:00:00)
        Address: 00:00:00_00:00:00 (00:00:00:00:00:00)
        .... ..0. .... .... .... .... = LG bit: Globally unique address (factory default)
        .... ...0 .... .... .... .... = IG bit: Individual address (unicast)
    Source: 00:00:00_00:00:00 (00:00:00:00:00:00)
        Address: 00:00:00_00:00:00 (00:00:00:00:00:00)
        .... ..0. .... .... .... .... = LG bit: Globally unique address (factory default)
        .... ...0 .... .... .... .... = IG bit: Individual address (unicast)
    Type: IPv4 (0x0800)
Internet Protocol Version 4, Src: 127.0.0.1, Dst: 127.0.0.1
    0100 .... = Version: 4
    .... 0101 = Header Length: 20 bytes (5)
    Differentiated Services Field: 0x00 (DSCP: CS0, ECN: Not-ECT)
        0000 00.. = Differentiated Services Codepoint: Default (0)
        .... ..00 = Explicit Congestion Notification: Not ECN-Capable Transport (0)
    Total Length: 41
    Identification: 0x71f2 (29170)
    010. .... = Flags: 0x2, Don't fragment
        0... .... = Reserved bit: Not set
        .1.. .... = Don't fragment: Set
        ..0. .... = More fragments: Not set
    ...0 0000 0000 0000 = Fragment Offset: 0
    Time to Live: 64
    Protocol: UDP (17)
    Header Checksum: 0xcacf [correct]
    [Header checksum status: Good]
    [Calculated Checksum: 0xcacf]
    Source Address: 127.0.0.1
    Destination Address: 127.0.0.1
User Datagram Protocol, Src Port: 43346, Dst Port: 5000
    Source Port: 43346
    Destination Port: 5000
    Length: 21
    Checksum: 0xfe28 [correct] (matches partial checksum, not 0xffe4, likely caused by "UDP checksum offload")
        [Expert Info (Note/Checksum): Partial (pseudo header) checksum (likely caused by "UDP checksum offload")]
            [Partial (pseudo header) checksum (likely caused by "UDP checksum offload")]
            [Severity level: Note]
            [Group: Checksum]
        [Calculated Checksum: 0xffe4]
    [Checksum Status: Good]
    UDP payload (13 bytes)
Data (13 bytes)

