User Datagram Protocol, Src Port: 40000, Dst Port: 53
    Source Port: 40000
    Destination Port: 53
    Length: 21
    Checksum: 0x9a48 [correct]
        [Calculated Checksum: 0x9a48]
    [Checksum Status: Good]
    UDP payload (13 bytes)
Domain Name System (query)
    Transaction ID: 0x4865
    Flags: 0x6c6c Unknown operation
        0... .... .... .... = Response: Message is a query
        .110 1... .... .... = Opcode: Unknown (13)
        .... ..0. .... .... = Truncated: Message is not truncated
        .... ...0 .... .... = Recursion desired: Don't do query recursively
        .... .... .1.. .... = Z: reserved - incorrect!
        .... .... ..1. .... = AD bit: Set
        .... .... ...0 .... = Non-authenticated data: Unacceptable
    Questions: 28460
    Answer RRs: 8257
    Authority RRs: 28001
    Additional RRs: 29281
    Queries
[Malformed Packet: DNS]
    [Expert Info (Error/Malformed): Malformed Packet (Exception occurred)]
        [Malformed Packet (Exception occurred)]
        [Severity level: Error]
        [Group: Malformed]

