tray has 4 cups
table cleared
=================================================================
==20821==ERROR: AddressSanitizer: attempting double-free on 0x502000000010 in thread T0:
    #0 0x7f2da68ff5e8 in operator delete(void*, unsigned long) ../../../../src/libsanitizer/asan/asan_new_delete.cpp:164
    #1 0x55eafb9c96b7 in main double_delete.cpp:20
    #2 0x7f2da582a1c9 in __libc_start_call_main ../sysdeps/nptl/libc_start_call_main.h:58
    #3 0x7f2da582a28a in __libc_start_main_impl ../csu/libc-start.c:360
    #4 0x55eafb9c9244 in _start (.bin_double_delete+0x2244) (BuildId: 7201a3e38cdf69179f032a3d5d233878b5c46d46)

0x502000000010 is located 0 bytes inside of 4-byte region [0x502000000010,0x502000000014)
freed by thread T0 here:
    #0 0x7f2da68ff5e8 in operator delete(void*, unsigned long) ../../../../src/libsanitizer/asan/asan_new_delete.cpp:164
    #1 0x55eafb9c932e in clearTable(Tray*) double_delete.cpp:10
    #2 0x55eafb9c9668 in main double_delete.cpp:18
    #3 0x7f2da582a1c9 in __libc_start_call_main ../sysdeps/nptl/libc_start_call_main.h:58
    #4 0x7f2da582a28a in __libc_start_main_impl ../csu/libc-start.c:360
    #5 0x55eafb9c9244 in _start (.bin_double_delete+0x2244) (BuildId: 7201a3e38cdf69179f032a3d5d233878b5c46d46)

previously allocated by thread T0 here:
    #0 0x7f2da68fe548 in operator new(unsigned long) ../../../../src/libsanitizer/asan/asan_new_delete.cpp:95
    #1 0x55eafb9c943d in main double_delete.cpp:16
    #2 0x7f2da582a1c9 in __libc_start_call_main ../sysdeps/nptl/libc_start_call_main.h:58
    #3 0x7f2da582a28a in __libc_start_main_impl ../csu/libc-start.c:360
    #4 0x55eafb9c9244 in _start (.bin_double_delete+0x2244) (BuildId: 7201a3e38cdf69179f032a3d5d233878b5c46d46)

SUMMARY: AddressSanitizer: double-free ../../../../src/libsanitizer/asan/asan_new_delete.cpp:164 in operator delete(void*, unsigned long)
==20821==ABORTING
