table 3: pay 12.5
table 4: nothing to pay
table 5: pay 8

=================================================================
==20927==ERROR: LeakSanitizer: detected memory leaks

Direct leak of 16 byte(s) in 1 object(s) allocated from:
    #0 0x7fdee9efe548 in operator new(unsigned long) ../../../../src/libsanitizer/asan/asan_new_delete.cpp:95
    #1 0x55f56d5fa387 in printBill(int, double) leak_q5.cpp:13
    #2 0x55f56d5fab27 in main leak_q5.cpp:29
    #3 0x7fdee8e2a1c9 in __libc_start_call_main ../sysdeps/nptl/libc_start_call_main.h:58
    #4 0x7fdee8e2a28a in __libc_start_main_impl ../csu/libc-start.c:360
    #5 0x55f56d5fa2a4 in _start (.bin_leak_q5+0x32a4) (BuildId: 72949bf9ac0e5ea32b1a64d0ba5c3a46ca191a17)

Direct leak of 16 byte(s) in 1 object(s) allocated from:
    #0 0x7fdee9efe548 in operator new(unsigned long) ../../../../src/libsanitizer/asan/asan_new_delete.cpp:95
    #1 0x55f56d5fa387 in printBill(int, double) leak_q5.cpp:13
    #2 0x55f56d5faafb in main leak_q5.cpp:27
    #3 0x7fdee8e2a1c9 in __libc_start_call_main ../sysdeps/nptl/libc_start_call_main.h:58
    #4 0x7fdee8e2a28a in __libc_start_main_impl ../csu/libc-start.c:360
    #5 0x55f56d5fa2a4 in _start (.bin_leak_q5+0x32a4) (BuildId: 72949bf9ac0e5ea32b1a64d0ba5c3a46ca191a17)

SUMMARY: AddressSanitizer: 32 byte(s) leaked in 2 allocation(s).
