/ {
    #address-cells = <0x2>;
    #size-cells = <0x2>;
    compatible = "riscv-virtio";
    model = "riscv-virtio,qemu";
    poweroff {
        value = <0x5555>;
        offset = <0x0>;
        regmap = <0xa>;
        compatible = "syscon-poweroff";
    };
    reboot {
        value = <0x7777>;
        offset = <0x0>;
        regmap = <0xa>;
        compatible = "syscon-reboot";
    };
    platform-bus@4000000 {
        interrupt-parent = <0x9>;
        ranges = <0x0 0x0 0x4000000 0x2000000>;
        #address-cells = <0x1>;
        #size-cells = <0x1>;
        compatible = "qemu,platform", "simple-bus";
    };
    memory@80000000 {
        device_type = "memory";
        reg = <0x0 0x80000000 0x0 0x10000000>;
    };
    cpus {
        #address-cells = <0x1>;
        #size-cells = <0x0>;
        timebase-frequency = <0x989680>;
        cpu@0 {
            phandle = <0x7>;
            device_type = "cpu";
            reg = <0x0>;
            status = "okay";
            compatible = "riscv";
            riscv,cboz-block-size = <0x40>;
            riscv,cbom-block-size = <0x40>;
            riscv,isa = "rv64imafdch_zicbom_zicboz_zicntr_zicsr_zifencei_zihintntl_zihintpause_zihpm_zawrs_zfa_zca_zcd_zba_zbb_zbc_zbs_sstc_svadu";
            mmu-type = "riscv,sv57";
            interrupt-controller {
                #interrupt-cells = <0x1>;
                interrupt-controller = (empty);
                compatible = "riscv,cpu-intc";
                phandle = <0x8>;
            };
        };
        cpu@1 {
            phandle = <0x5>;
            device_type = "cpu";
            reg = <0x1>;
            status = "okay";
            compatible = "riscv";
            riscv,cboz-block-size = <0x40>;
            riscv,cbom-block-size = <0x40>;
            riscv,isa = "rv64imafdch_zicbom_zicboz_zicntr_zicsr_zifencei_zihintntl_zihintpause_zihpm_zawrs_zfa_zca_zcd_zba_zbb_zbc_zbs_sstc_svadu";
            mmu-type = "riscv,sv57";
            interrupt-controller {
                #interrupt-cells = <0x1>;
                interrupt-controller = (empty);
                compatible = "riscv,cpu-intc";
                phandle = <0x6>;
            };
        };
        cpu@2 {
            phandle = <0x3>;
            device_type = "cpu";
            reg = <0x2>;
            status = "okay";
            compatible = "riscv";
            riscv,cboz-block-size = <0x40>;
            riscv,cbom-block-size = <0x40>;
            riscv,isa = "rv64imafdch_zicbom_zicboz_zicntr_zicsr_zifencei_zihintntl_zihintpause_zihpm_zawrs_zfa_zca_zcd_zba_zbb_zbc_zbs_sstc_svadu";
            mmu-type = "riscv,sv57";
            interrupt-controller {
                #interrupt-cells = <0x1>;
                interrupt-controller = (empty);
                compatible = "riscv,cpu-intc";
                phandle = <0x4>;
            };
        };
        cpu@3 {
            phandle = <0x1>;
            device_type = "cpu";
            reg = <0x3>;
            status = "okay";
            compatible = "riscv";
            riscv,cboz-block-size = <0x40>;
            riscv,cbom-block-size = <0x40>;
            riscv,isa = "rv64imafdch_zicbom_zicboz_zicntr_zicsr_zifencei_zihintntl_zihintpause_zihpm_zawrs_zfa_zca_zcd_zba_zbb_zbc_zbs_sstc_svadu";
            mmu-type = "riscv,sv57";
            interrupt-controller {
                #interrupt-cells = <0x1>;
                interrupt-controller = (empty);
                compatible = "riscv,cpu-intc";
                phandle = <0x2>;
            };
        };
        cpu-map {
            cluster0 {
                core0 {
                    cpu = <0x7>;
                };
                core1 {
                    cpu = <0x5>;
                };
                core2 {
                    cpu = <0x3>;
                };
                core3 {
                    cpu = <0x1>;
                };
            };
        };
    };
    pmu {
        riscv,event-to-mhpmcounters = <0x1 0x1 0x7fff9 0x2 0x2 0x7fffc 0x10019 0x10019 0x7fff8 0x1001b 0x1001b 0x7fff8 ... (15 cells)>;
        compatible = "riscv,pmu";
    };
    fw-cfg@10100000 {
        dma-coherent = (empty);
        reg = <0x0 0x10100000 0x0 0x18>;
        compatible = "qemu,fw-cfg-mmio";
    };
    flash@20000000 {
        bank-width = <0x4>;
        reg = <0x0 0x20000000 0x0 0x2000000 0x0 0x22000000 0x0 0x2000000>;
        compatible = "cfi-flash";
    };
    chosen {
        stdout-path = "/soc/serial@10000000";
        rng-seed = <0x1f996633 0x4f841a8a 0x276752e7 0xaa7550da 0xfd87247a 0x600a2d57 0x7bd3b01 0xf1dda395>;
    };
    soc {
        #address-cells = <0x2>;
        #size-cells = <0x2>;
        compatible = "simple-bus";
        ranges = (empty);
        rtc@101000 {
            interrupts = <0xb>;
            interrupt-parent = <0x9>;
            reg = <0x0 0x101000 0x0 0x1000>;
            compatible = "google,goldfish-rtc";
        };
        serial@10000000 {
            interrupts = <0xa>;
            interrupt-parent = <0x9>;
            clock-frequency = <0x384000>;
            reg = <0x0 0x10000000 0x0 0x100>;
            compatible = "ns16550a";
        };
        test@100000 {
            phandle = <0xa>;
            reg = <0x0 0x100000 0x0 0x1000>;
            compatible = "sifive,test1", "sifive,test0", "syscon";
        };
        pci@30000000 {
            interrupt-map-mask = <0x1800 0x0 0x0 0x7>;
            interrupt-map = <0x0 0x0 0x0 0x1 0x9 0x20 0x0 0x0 0x0 0x2 0x9 0x21 ... (96 cells)>;
            ranges = <0x1000000 0x0 0x0 0x0 0x3000000 0x0 0x10000 0x2000000 0x0 0x40000000 0x0 0x40000000 ... (21 cells)>;
            reg = <0x0 0x30000000 0x0 0x10000000>;
            dma-coherent = (empty);
            bus-range = <0x0 0xff>;
            linux,pci-domain = <0x0>;
            device_type = "pci";
            compatible = "pci-host-ecam-generic";
            #size-cells = <0x2>;
            #interrupt-cells = <0x1>;
            #address-cells = <0x3>;
        };
        virtio_mmio@10008000 {
            interrupts = <0x8>;
            interrupt-parent = <0x9>;
            reg = <0x0 0x10008000 0x0 0x1000>;
            compatible = "virtio,mmio";
        };
        virtio_mmio@10007000 {
            interrupts = <0x7>;
            interrupt-parent = <0x9>;
            reg = <0x0 0x10007000 0x0 0x1000>;
            compatible = "virtio,mmio";
        };
        virtio_mmio@10006000 {
            interrupts = <0x6>;
            interrupt-parent = <0x9>;
            reg = <0x0 0x10006000 0x0 0x1000>;
            compatible = "virtio,mmio";
        };
        virtio_mmio@10005000 {
            interrupts = <0x5>;
            interrupt-parent = <0x9>;
            reg = <0x0 0x10005000 0x0 0x1000>;
            compatible = "virtio,mmio";
        };
        virtio_mmio@10004000 {
            interrupts = <0x4>;
            interrupt-parent = <0x9>;
            reg = <0x0 0x10004000 0x0 0x1000>;
            compatible = "virtio,mmio";
        };
        virtio_mmio@10003000 {
            interrupts = <0x3>;
            interrupt-parent = <0x9>;
            reg = <0x0 0x10003000 0x0 0x1000>;
            compatible = "virtio,mmio";
        };
        virtio_mmio@10002000 {
            interrupts = <0x2>;
            interrupt-parent = <0x9>;
            reg = <0x0 0x10002000 0x0 0x1000>;
            compatible = "virtio,mmio";
        };
        virtio_mmio@10001000 {
            interrupts = <0x1>;
            interrupt-parent = <0x9>;
            reg = <0x0 0x10001000 0x0 0x1000>;
            compatible = "virtio,mmio";
        };
        plic@c000000 {
            phandle = <0x9>;
            riscv,ndev = <0x5f>;
            reg = <0x0 0xc000000 0x0 0x600000>;
            interrupts-extended = <0x8 0xb 0x8 0x9 0x6 0xb 0x6 0x9 0x4 0xb 0x4 0x9 ... (16 cells)>;
            interrupt-controller = (empty);
            compatible = "sifive,plic-1.0.0", "riscv,plic0";
            #address-cells = <0x0>;
            #interrupt-cells = <0x1>;
        };
        clint@2000000 {
            interrupts-extended = <0x8 0x3 0x8 0x7 0x6 0x3 0x6 0x7 0x4 0x3 0x4 0x7 ... (16 cells)>;
            reg = <0x0 0x2000000 0x0 0x10000>;
            compatible = "sifive,clint0", "riscv,clint0";
        };
    };
};
