replaying 168 bytes through the parser
=================================================================
==16023==ERROR: AddressSanitizer: heap-buffer-overflow on address 0x50f00000026f at pc 0x55caddab22ab bp 0x7ffffe6d5ca0 sp 0x7ffffe6d5c90
READ of size 1 at 0x50f00000026f thread T0
    #0 0x55caddab22aa in fuzz_one(unsigned char const*, unsigned long) elf_target.cc:85
    #1 0x55caddaadfef in main repro.cc:22
    #2 0x7f5fd562a1c9 in __libc_start_call_main ../sysdeps/nptl/libc_start_call_main.h:58
    #3 0x7f5fd562a28a in __libc_start_main_impl ../csu/libc-start.c:360
    #4 0x55caddaad544 in _start (repro_elf+0x9544) (BuildId: 970823eee3d51e2e95e0adb5142abc393a9e693e)

0x50f00000026f is located 151 bytes after 168-byte region [0x50f000000130,0x50f0000001d8)
allocated by thread T0 here:
    #0 0x7f5fd66fe548 in operator new(unsigned long) ../../../../src/libsanitizer/asan/asan_new_delete.cpp:95
    #1 0x55caddab1924 in std::__new_allocator<unsigned char>::allocate(unsigned long, void const*) /usr/include/c++/13/bits/new_allocator.h:151
    #2 0x55caddab1924 in std::allocator<unsigned char>::allocate(unsigned long) /usr/include/c++/13/bits/allocator.h:198
    #3 0x55caddab1924 in std::allocator_traits<std::allocator<unsigned char> >::allocate(std::allocator<unsigned char>&, unsigned long) /usr/include/c++/13/bits/alloc_traits.h:482
    #4 0x55caddab1924 in std::_Vector_base<unsigned char, std::allocator<unsigned char> >::_M_allocate(unsigned long) /usr/include/c++/13/bits/stl_vector.h:381
    #5 0x55caddab1924 in void std::vector<unsigned char, std::allocator<unsigned char> >::_M_range_initialize<unsigned char const*>(unsigned char const*, unsigned char const*, std::forward_iterator_tag) /usr/include/c++/13/bits/stl_vector.h:1692
    #6 0x55caddab1924 in std::vector<unsigned char, std::allocator<unsigned char> >::vector<unsigned char const*, void>(unsigned char const*, unsigned char const*, std::allocator<unsigned char> const&) /usr/include/c++/13/bits/stl_vector.h:711
    #7 0x55caddab1924 in fuzz_one(unsigned char const*, unsigned long) elf_target.cc:43

SUMMARY: AddressSanitizer: heap-buffer-overflow elf_target.cc:85 in fuzz_one(unsigned char const*, unsigned long)
Shadow bytes around the buggy address:
  0x50efffffff80: 00 00 00 00 00 00 00 00 00 00 00 00 00 00 00 00
  0x50f000000000: fa fa fa fa fa fa fa fa 00 00 00 00 00 00 00 00
  0x50f000000080: 00 00 00 00 00 00 00 00 00 00 00 00 00 fa fa fa
  0x50f000000100: fa fa fa fa fa fa 00 00 00 00 00 00 00 00 00 00
  0x50f000000180: 00 00 00 00 00 00 00 00 00 00 00 fa fa fa fa fa
=>0x50f000000200: fa fa fa fa fa fa fa fa fa fa fa fa fa[fa]fa fa
  0x50f000000280: fa fa fa fa fa fa fa fa fa fa fa fa fa fa fa fa
  0x50f000000300: fa fa fa fa fa fa fa fa fa fa fa fa fa fa fa fa
  0x50f000000380: fa fa fa fa fa fa fa fa fa fa fa fa fa fa fa fa
  0x50f000000400: fa fa fa fa fa fa fa fa fa fa fa fa fa fa fa fa
  0x50f000000480: fa fa fa fa fa fa fa fa fa fa fa fa fa fa fa fa
Shadow byte legend (one shadow byte represents 8 application bytes):
  Addressable:           00
  Partially addressable: 01 02 03 04 05 06 07 
  Heap left redzone:       fa
  Freed heap region:       fd
  Stack left redzone:      f1
  Stack mid redzone:       f2
  Stack right redzone:     f3
  Stack after return:      f5
  Stack use after scope:   f8
  Global redzone:          f9
  Global init order:       f6
  Poisoned by user:        f7
  Container overflow:      fc
  Array cookie:            ac
  Intra object redzone:    bb
  ASan internal:           fe
  Left alloca redzone:     ca
  Right alloca redzone:    cb
==16023==ABORTING
