pci q35 00:00.0  8086:29c0  class 060000
    UNDETERMINED: vendor documents not searched yet (step 2 comes before steps 3-6)
    next step: search for the vendor's public documents first
pci q35 00:01.0  8086:100e  class 020000
    tier 2: the vendor publishes documentation
    first document: the vendor's datasheet or PRM, and its errata
    plan: follow the datasheet's initialization chapter; keep the errata at hand
pci q35 00:02.0  1234:11e8  class 00ff00
    UNDETERMINED: vendor documents not searched yet (step 2 comes before steps 3-6)
    next step: search for the vendor's public documents first
pci q35 00:03.0  1b36:0010  class 010802
    tier 1: an open class standard applies
    first document: NVM Express Base Specification (NVM Express, Inc.)
    plan: write the class driver once; collect quirks per device
pci q35 00:04.0  1b36:000d  class 0c0330
    tier 1: an open class standard applies
    first document: xHCI Specification (Intel)
    plan: write the class driver once; collect quirks per device
pci q35 00:05.0  8086:2668  class 040300
    tier 1: an open class standard applies
    first document: High Definition Audio Specification (Intel)
    plan: write the class driver once; collect quirks per device
pci q35 00:06.0  1af4:1005  class 00ff00
    tier 1: an open class standard applies
    first document: OASIS VIRTIO Specification (vendor 1AF4 marks virtio)
    plan: write the class driver once; collect quirks per device
pci q35 00:1f.2  8086:2922  class 010601
    tier 1: an open class standard applies
    first document: Serial ATA AHCI Specification (Intel)
    plan: write the class driver once; collect quirks per device
pci q35 00:1f.3  8086:2930  class 0c0500
    tier 2: the vendor publishes documentation
    first document: the vendor's datasheet or PRM, and its errata
    plan: follow the datasheet's initialization chapter; keep the errata at hand
pci build VM 00:00.0  8086:0d57  class 060000
    UNDETERMINED: vendor documents not searched yet (step 2 comes before steps 3-6)
    next step: search for the vendor's public documents first
pci build VM 00:08.0  1af4:1041  class 020000
    tier 1: an open class standard applies
    first document: OASIS VIRTIO Specification (vendor 1AF4 marks virtio)
    plan: write the class driver once; collect quirks per device
acpi build VM \_SB_.COM1  PNP0501  class -
    tier 2: the vendor publishes documentation
    first document: the vendor's datasheet or PRM, and its errata
    plan: follow the datasheet's initialization chapter; keep the errata at hand
acpi build VM \_SB_.VCLK  AMZNC10C  class -
    UNDETERMINED: vendor documents not searched yet (step 2 comes before steps 3-6)
    next step: search for the vendor's public documents first
usb curriculum example 2a  (VID:PID not recorded)  class 02
    tier 1: an open class standard applies
    first document: Class Definitions for Communications Devices (USB-IF)
    plan: write the class driver once; collect quirks per device
usb curriculum example 2b  (VID:PID not recorded)  class ff
    tier 4: only open-source drivers exist
    first document: the Linux driver, then the BSD drivers
    plan: read the drivers, write your own specification, implement from it
usb hypothetical gadget  (VID:PID not recorded)  class ff
    tier 5: only a closed driver exists
    first document: your own observation of that driver (stage c)
    plan: lawful observation; publish your specification, not their code
pci hypothetical locked device  (IDs not recorded)  class 028000
    tier 6: locked
    first document: none
    plan: record "unsupported, reason" in the device report and move on
summary: tier 1: 7; tier 2: 3; tier 3: 0; tier 4: 1; tier 5: 1; tier 6: 1; undetermined: 4
